#
# There is insufficient memory for the Java Runtime Environment to continue.
# Native memory allocation (malloc) failed to allocate 334592 bytes. Error detail: Chunk::new
# Possible reasons:
#   The system is out of physical RAM or swap space
#   This process is running with CompressedOops enabled, and the Java Heap may be blocking the growth of the native heap
# Possible solutions:
#   Reduce memory load on the system
#   Increase physical memory or swap space
#   Check if swap backing store is full
#   Decrease Java heap size (-Xmx/-Xms)
#   Decrease number of Java threads
#   Decrease Java thread stack sizes (-Xss)
#   Set larger code cache with -XX:ReservedCodeCacheSize=
#   JVM is running with Zero Based Compressed Oops mode in which the Java heap is
#     placed in the first 32GB address space. The Java Heap base address is the
#     maximum limit for the native heap growth. Please use -XX:HeapBaseMinAddress
#     to set the Java Heap base and to place the Java Heap above 32GB virtual address.
# This output file may be truncated or incomplete.
#
#  Out of Memory Error (arena.cpp:191), pid=2164, tid=11060
#
# JRE version: OpenJDK Runtime Environment (17.0.11) (build 17.0.11+0--11852314)
# Java VM: OpenJDK 64-Bit Server VM (17.0.11+0--11852314, mixed mode, tiered, compressed oops, compressed class ptrs, g1 gc, windows-amd64)
# No core dump will be written. Minidumps are not enabled by default on client versions of Windows
#

---------------  S U M M A R Y ------------

Command Line: -Dorg.gradle.appname=gradlew org.gradle.wrapper.GradleWrapperMain -q -Ptarget-platform=android-x64 -Ptarget=D:\DOCUMENTOS\PROJETO_FLUTTER\dmega\lib\main.dart -Pbase-application-name=android.app.Application -Pdart-obfuscation=false -Ptrack-widget-creation=true -Ptree-shake-icons=false -Pfilesystem-scheme=org-dartlang-root assembleDebug

Host: AMD Ryzen 5 1600 Six-Core Processor            , 12 cores, 15G,  Windows 10 , 64 bit Build 19041 (10.0.19041.4842)
Time: Sat Sep 21 21:20:45 2024 Hora oficial do Brasil elapsed time: 0.352544 seconds (0d 0h 0m 0s)

---------------  T H R E A D  ---------------

Current thread (0x0000020d6bc69830):  JavaThread "C2 CompilerThread0" daemon [_thread_in_native, id=11060, stack(0x0000004e62e00000,0x0000004e62f00000)]


Current CompileTask:
C2:    352  464       4       java.util.HashMap::putVal (300 bytes)

Stack: [0x0000004e62e00000,0x0000004e62f00000]
Native frames: (J=compiled Java code, j=interpreted, Vv=VM code, C=native code)
V  [jvm.dll+0x687bb9]
V  [jvm.dll+0x84142a]
V  [jvm.dll+0x8430ae]
V  [jvm.dll+0x843713]
V  [jvm.dll+0x24a35f]
V  [jvm.dll+0xac544]
V  [jvm.dll+0xacb8c]
V  [jvm.dll+0x369c37]
V  [jvm.dll+0x33416a]
V  [jvm.dll+0x33360a]
V  [jvm.dll+0x21bed1]
V  [jvm.dll+0x21b311]
V  [jvm.dll+0x1a63ed]
V  [jvm.dll+0x22b1ee]
V  [jvm.dll+0x229375]
V  [jvm.dll+0x7f5647]
V  [jvm.dll+0x7efa4a]
V  [jvm.dll+0x686a35]
C  [ucrtbase.dll+0x21bb2]
C  [KERNEL32.DLL+0x17374]
C  [ntdll.dll+0x4cc91]


---------------  P R O C E S S  ---------------

Threads class SMR info:
_java_thread_list=0x0000020d7021fcc0, length=13, elements={
0x0000020d4cc212f0, 0x0000020d6bc14420, 0x0000020d6bc162b0, 0x0000020d6bc63a30,
0x0000020d6bc65600, 0x0000020d6bc680d0, 0x0000020d6bc68a90, 0x0000020d6bc69830,
0x0000020d6bc86b50, 0x0000020d6bc8a480, 0x0000020d6bdf55b0, 0x0000020d6be05d50,
0x0000020d70254110
}

Java Threads: ( => current thread )
  0x0000020d4cc212f0 JavaThread "main" [_thread_in_vm, id=12688, stack(0x0000004e62100000,0x0000004e62200000)]
  0x0000020d6bc14420 JavaThread "Reference Handler" daemon [_thread_blocked, id=9972, stack(0x0000004e62800000,0x0000004e62900000)]
  0x0000020d6bc162b0 JavaThread "Finalizer" daemon [_thread_blocked, id=11460, stack(0x0000004e62900000,0x0000004e62a00000)]
  0x0000020d6bc63a30 JavaThread "Signal Dispatcher" daemon [_thread_blocked, id=11220, stack(0x0000004e62a00000,0x0000004e62b00000)]
  0x0000020d6bc65600 JavaThread "Attach Listener" daemon [_thread_blocked, id=3056, stack(0x0000004e62b00000,0x0000004e62c00000)]
  0x0000020d6bc680d0 JavaThread "Service Thread" daemon [_thread_blocked, id=13812, stack(0x0000004e62c00000,0x0000004e62d00000)]
  0x0000020d6bc68a90 JavaThread "Monitor Deflation Thread" daemon [_thread_blocked, id=14168, stack(0x0000004e62d00000,0x0000004e62e00000)]
=>0x0000020d6bc69830 JavaThread "C2 CompilerThread0" daemon [_thread_in_native, id=11060, stack(0x0000004e62e00000,0x0000004e62f00000)]
  0x0000020d6bc86b50 JavaThread "C1 CompilerThread0" daemon [_thread_in_native, id=6228, stack(0x0000004e62f00000,0x0000004e63000000)]
  0x0000020d6bc8a480 JavaThread "Sweeper thread" daemon [_thread_blocked, id=4832, stack(0x0000004e63000000,0x0000004e63100000)]
  0x0000020d6bdf55b0 JavaThread "Notification Thread" daemon [_thread_blocked, id=4648, stack(0x0000004e63100000,0x0000004e63200000)]
  0x0000020d6be05d50 JavaThread "Common-Cleaner" daemon [_thread_blocked, id=13692, stack(0x0000004e63300000,0x0000004e63400000)]
  0x0000020d70254110 JavaThread "C2 CompilerThread1" daemon [_thread_in_native, id=1560, stack(0x0000004e63400000,0x0000004e63500000)]

Other Threads:
  0x0000020d6bc12710 VMThread "VM Thread" [stack: 0x0000004e62700000,0x0000004e62800000] [id=12516]
  0x0000020d6bdf5a90 WatcherThread [stack: 0x0000004e63200000,0x0000004e63300000] [id=6804]
  0x0000020d4cc8c7f0 GCTaskThread "GC Thread#0" [stack: 0x0000004e62200000,0x0000004e62300000] [id=2848]
  0x0000020d4cc9d610 ConcurrentGCThread "G1 Main Marker" [stack: 0x0000004e62300000,0x0000004e62400000] [id=10856]
  0x0000020d4cc9e7d0 ConcurrentGCThread "G1 Conc#0" [stack: 0x0000004e62400000,0x0000004e62500000] [id=12956]
  0x0000020d4ccd8460 ConcurrentGCThread "G1 Refine#0" [stack: 0x0000004e62500000,0x0000004e62600000] [id=10476]
  0x0000020d4ccd8ca0 ConcurrentGCThread "G1 Service" [stack: 0x0000004e62600000,0x0000004e62700000] [id=12408]

Threads with active compile tasks:
C2 CompilerThread0      367  464       4       java.util.HashMap::putVal (300 bytes)
C1 CompilerThread0      367  497   !   3       java.net.URL::<init> (543 bytes)
C2 CompilerThread1      367  465       4       java.util.HashMap::put (13 bytes)

VM state: not at safepoint (normal execution)

VM Mutex/Monitor currently owned by a thread: None

Heap address: 0x0000000701200000, size: 4078 MB, Compressed Oops mode: Zero based, Oop shift amount: 3

CDS archive(s) not mapped
Compressed class space mapped at: 0x0000000800000000-0x0000000840000000, reserved size: 1073741824
Narrow klass base: 0x0000000800000000, Narrow klass shift: 0, Narrow klass range: 0x40000000

GC Precious Log:
 CPUs: 12 total, 12 available
 Memory: 16308M
 Large Page Support: Disabled
 NUMA Support: Disabled
 Compressed Oops: Enabled (Zero based)
 Heap Region Size: 2M
 Heap Min Capacity: 8M
 Heap Initial Capacity: 256M
 Heap Max Capacity: 4078M
 Pre-touch: Disabled
 Parallel Workers: 10
 Concurrent Workers: 3
 Concurrent Refinement Workers: 10
 Periodic GC: Disabled

Heap:
 garbage-first heap   total 262144K, used 10240K [0x0000000701200000, 0x0000000800000000)
  region size 2048K, 6 young (12288K), 0 survivors (0K)
 Metaspace       used 8363K, committed 8448K, reserved 1114112K
  class space    used 736K, committed 768K, reserved 1048576K

Heap Regions: E=young(eden), S=young(survivor), O=old, HS=humongous(starts), HC=humongous(continues), CS=collection set, F=free, OA=open archive, CA=closed archive, TAMS=top-at-mark-start (previous, next)
|   0|0x0000000701200000, 0x0000000701200000, 0x0000000701400000|  0%| F|  |TAMS 0x0000000701200000, 0x0000000701200000| Untracked 
|   1|0x0000000701400000, 0x0000000701400000, 0x0000000701600000|  0%| F|  |TAMS 0x0000000701400000, 0x0000000701400000| Untracked 
|   2|0x0000000701600000, 0x0000000701600000, 0x0000000701800000|  0%| F|  |TAMS 0x0000000701600000, 0x0000000701600000| Untracked 
|   3|0x0000000701800000, 0x0000000701800000, 0x0000000701a00000|  0%| F|  |TAMS 0x0000000701800000, 0x0000000701800000| Untracked 
|   4|0x0000000701a00000, 0x0000000701a00000, 0x0000000701c00000|  0%| F|  |TAMS 0x0000000701a00000, 0x0000000701a00000| Untracked 
|   5|0x0000000701c00000, 0x0000000701c00000, 0x0000000701e00000|  0%| F|  |TAMS 0x0000000701c00000, 0x0000000701c00000| Untracked 
|   6|0x0000000701e00000, 0x0000000701e00000, 0x0000000702000000|  0%| F|  |TAMS 0x0000000701e00000, 0x0000000701e00000| Untracked 
|   7|0x0000000702000000, 0x0000000702000000, 0x0000000702200000|  0%| F|  |TAMS 0x0000000702000000, 0x0000000702000000| Untracked 
|   8|0x0000000702200000, 0x0000000702200000, 0x0000000702400000|  0%| F|  |TAMS 0x0000000702200000, 0x0000000702200000| Untracked 
|   9|0x0000000702400000, 0x0000000702400000, 0x0000000702600000|  0%| F|  |TAMS 0x0000000702400000, 0x0000000702400000| Untracked 
|  10|0x0000000702600000, 0x0000000702600000, 0x0000000702800000|  0%| F|  |TAMS 0x0000000702600000, 0x0000000702600000| Untracked 
|  11|0x0000000702800000, 0x0000000702800000, 0x0000000702a00000|  0%| F|  |TAMS 0x0000000702800000, 0x0000000702800000| Untracked 
|  12|0x0000000702a00000, 0x0000000702a00000, 0x0000000702c00000|  0%| F|  |TAMS 0x0000000702a00000, 0x0000000702a00000| Untracked 
|  13|0x0000000702c00000, 0x0000000702c00000, 0x0000000702e00000|  0%| F|  |TAMS 0x0000000702c00000, 0x0000000702c00000| Untracked 
|  14|0x0000000702e00000, 0x0000000702e00000, 0x0000000703000000|  0%| F|  |TAMS 0x0000000702e00000, 0x0000000702e00000| Untracked 
|  15|0x0000000703000000, 0x0000000703000000, 0x0000000703200000|  0%| F|  |TAMS 0x0000000703000000, 0x0000000703000000| Untracked 
|  16|0x0000000703200000, 0x0000000703200000, 0x0000000703400000|  0%| F|  |TAMS 0x0000000703200000, 0x0000000703200000| Untracked 
|  17|0x0000000703400000, 0x0000000703400000, 0x0000000703600000|  0%| F|  |TAMS 0x0000000703400000, 0x0000000703400000| Untracked 
|  18|0x0000000703600000, 0x0000000703600000, 0x0000000703800000|  0%| F|  |TAMS 0x0000000703600000, 0x0000000703600000| Untracked 
|  19|0x0000000703800000, 0x0000000703800000, 0x0000000703a00000|  0%| F|  |TAMS 0x0000000703800000, 0x0000000703800000| Untracked 
|  20|0x0000000703a00000, 0x0000000703a00000, 0x0000000703c00000|  0%| F|  |TAMS 0x0000000703a00000, 0x0000000703a00000| Untracked 
|  21|0x0000000703c00000, 0x0000000703c00000, 0x0000000703e00000|  0%| F|  |TAMS 0x0000000703c00000, 0x0000000703c00000| Untracked 
|  22|0x0000000703e00000, 0x0000000703e00000, 0x0000000704000000|  0%| F|  |TAMS 0x0000000703e00000, 0x0000000703e00000| Untracked 
|  23|0x0000000704000000, 0x0000000704000000, 0x0000000704200000|  0%| F|  |TAMS 0x0000000704000000, 0x0000000704000000| Untracked 
|  24|0x0000000704200000, 0x0000000704200000, 0x0000000704400000|  0%| F|  |TAMS 0x0000000704200000, 0x0000000704200000| Untracked 
|  25|0x0000000704400000, 0x0000000704400000, 0x0000000704600000|  0%| F|  |TAMS 0x0000000704400000, 0x0000000704400000| Untracked 
|  26|0x0000000704600000, 0x0000000704600000, 0x0000000704800000|  0%| F|  |TAMS 0x0000000704600000, 0x0000000704600000| Untracked 
|  27|0x0000000704800000, 0x0000000704800000, 0x0000000704a00000|  0%| F|  |TAMS 0x0000000704800000, 0x0000000704800000| Untracked 
|  28|0x0000000704a00000, 0x0000000704a00000, 0x0000000704c00000|  0%| F|  |TAMS 0x0000000704a00000, 0x0000000704a00000| Untracked 
|  29|0x0000000704c00000, 0x0000000704c00000, 0x0000000704e00000|  0%| F|  |TAMS 0x0000000704c00000, 0x0000000704c00000| Untracked 
|  30|0x0000000704e00000, 0x0000000704e00000, 0x0000000705000000|  0%| F|  |TAMS 0x0000000704e00000, 0x0000000704e00000| Untracked 
|  31|0x0000000705000000, 0x0000000705000000, 0x0000000705200000|  0%| F|  |TAMS 0x0000000705000000, 0x0000000705000000| Untracked 
|  32|0x0000000705200000, 0x0000000705200000, 0x0000000705400000|  0%| F|  |TAMS 0x0000000705200000, 0x0000000705200000| Untracked 
|  33|0x0000000705400000, 0x0000000705400000, 0x0000000705600000|  0%| F|  |TAMS 0x0000000705400000, 0x0000000705400000| Untracked 
|  34|0x0000000705600000, 0x0000000705600000, 0x0000000705800000|  0%| F|  |TAMS 0x0000000705600000, 0x0000000705600000| Untracked 
|  35|0x0000000705800000, 0x0000000705800000, 0x0000000705a00000|  0%| F|  |TAMS 0x0000000705800000, 0x0000000705800000| Untracked 
|  36|0x0000000705a00000, 0x0000000705a00000, 0x0000000705c00000|  0%| F|  |TAMS 0x0000000705a00000, 0x0000000705a00000| Untracked 
|  37|0x0000000705c00000, 0x0000000705c00000, 0x0000000705e00000|  0%| F|  |TAMS 0x0000000705c00000, 0x0000000705c00000| Untracked 
|  38|0x0000000705e00000, 0x0000000705e00000, 0x0000000706000000|  0%| F|  |TAMS 0x0000000705e00000, 0x0000000705e00000| Untracked 
|  39|0x0000000706000000, 0x0000000706000000, 0x0000000706200000|  0%| F|  |TAMS 0x0000000706000000, 0x0000000706000000| Untracked 
|  40|0x0000000706200000, 0x0000000706200000, 0x0000000706400000|  0%| F|  |TAMS 0x0000000706200000, 0x0000000706200000| Untracked 
|  41|0x0000000706400000, 0x0000000706400000, 0x0000000706600000|  0%| F|  |TAMS 0x0000000706400000, 0x0000000706400000| Untracked 
|  42|0x0000000706600000, 0x0000000706600000, 0x0000000706800000|  0%| F|  |TAMS 0x0000000706600000, 0x0000000706600000| Untracked 
|  43|0x0000000706800000, 0x0000000706800000, 0x0000000706a00000|  0%| F|  |TAMS 0x0000000706800000, 0x0000000706800000| Untracked 
|  44|0x0000000706a00000, 0x0000000706a00000, 0x0000000706c00000|  0%| F|  |TAMS 0x0000000706a00000, 0x0000000706a00000| Untracked 
|  45|0x0000000706c00000, 0x0000000706c00000, 0x0000000706e00000|  0%| F|  |TAMS 0x0000000706c00000, 0x0000000706c00000| Untracked 
|  46|0x0000000706e00000, 0x0000000706e00000, 0x0000000707000000|  0%| F|  |TAMS 0x0000000706e00000, 0x0000000706e00000| Untracked 
|  47|0x0000000707000000, 0x0000000707000000, 0x0000000707200000|  0%| F|  |TAMS 0x0000000707000000, 0x0000000707000000| Untracked 
|  48|0x0000000707200000, 0x0000000707200000, 0x0000000707400000|  0%| F|  |TAMS 0x0000000707200000, 0x0000000707200000| Untracked 
|  49|0x0000000707400000, 0x0000000707400000, 0x0000000707600000|  0%| F|  |TAMS 0x0000000707400000, 0x0000000707400000| Untracked 
|  50|0x0000000707600000, 0x0000000707600000, 0x0000000707800000|  0%| F|  |TAMS 0x0000000707600000, 0x0000000707600000| Untracked 
|  51|0x0000000707800000, 0x0000000707800000, 0x0000000707a00000|  0%| F|  |TAMS 0x0000000707800000, 0x0000000707800000| Untracked 
|  52|0x0000000707a00000, 0x0000000707a00000, 0x0000000707c00000|  0%| F|  |TAMS 0x0000000707a00000, 0x0000000707a00000| Untracked 
|  53|0x0000000707c00000, 0x0000000707c00000, 0x0000000707e00000|  0%| F|  |TAMS 0x0000000707c00000, 0x0000000707c00000| Untracked 
|  54|0x0000000707e00000, 0x0000000707e00000, 0x0000000708000000|  0%| F|  |TAMS 0x0000000707e00000, 0x0000000707e00000| Untracked 
|  55|0x0000000708000000, 0x0000000708000000, 0x0000000708200000|  0%| F|  |TAMS 0x0000000708000000, 0x0000000708000000| Untracked 
|  56|0x0000000708200000, 0x0000000708200000, 0x0000000708400000|  0%| F|  |TAMS 0x0000000708200000, 0x0000000708200000| Untracked 
|  57|0x0000000708400000, 0x0000000708400000, 0x0000000708600000|  0%| F|  |TAMS 0x0000000708400000, 0x0000000708400000| Untracked 
|  58|0x0000000708600000, 0x0000000708600000, 0x0000000708800000|  0%| F|  |TAMS 0x0000000708600000, 0x0000000708600000| Untracked 
|  59|0x0000000708800000, 0x0000000708800000, 0x0000000708a00000|  0%| F|  |TAMS 0x0000000708800000, 0x0000000708800000| Untracked 
|  60|0x0000000708a00000, 0x0000000708a00000, 0x0000000708c00000|  0%| F|  |TAMS 0x0000000708a00000, 0x0000000708a00000| Untracked 
|  61|0x0000000708c00000, 0x0000000708c00000, 0x0000000708e00000|  0%| F|  |TAMS 0x0000000708c00000, 0x0000000708c00000| Untracked 
|  62|0x0000000708e00000, 0x0000000708e00000, 0x0000000709000000|  0%| F|  |TAMS 0x0000000708e00000, 0x0000000708e00000| Untracked 
|  63|0x0000000709000000, 0x0000000709000000, 0x0000000709200000|  0%| F|  |TAMS 0x0000000709000000, 0x0000000709000000| Untracked 
|  64|0x0000000709200000, 0x0000000709200000, 0x0000000709400000|  0%| F|  |TAMS 0x0000000709200000, 0x0000000709200000| Untracked 
|  65|0x0000000709400000, 0x0000000709400000, 0x0000000709600000|  0%| F|  |TAMS 0x0000000709400000, 0x0000000709400000| Untracked 
|  66|0x0000000709600000, 0x0000000709600000, 0x0000000709800000|  0%| F|  |TAMS 0x0000000709600000, 0x0000000709600000| Untracked 
|  67|0x0000000709800000, 0x0000000709800000, 0x0000000709a00000|  0%| F|  |TAMS 0x0000000709800000, 0x0000000709800000| Untracked 
|  68|0x0000000709a00000, 0x0000000709a00000, 0x0000000709c00000|  0%| F|  |TAMS 0x0000000709a00000, 0x0000000709a00000| Untracked 
|  69|0x0000000709c00000, 0x0000000709c00000, 0x0000000709e00000|  0%| F|  |TAMS 0x0000000709c00000, 0x0000000709c00000| Untracked 
|  70|0x0000000709e00000, 0x0000000709e00000, 0x000000070a000000|  0%| F|  |TAMS 0x0000000709e00000, 0x0000000709e00000| Untracked 
|  71|0x000000070a000000, 0x000000070a000000, 0x000000070a200000|  0%| F|  |TAMS 0x000000070a000000, 0x000000070a000000| Untracked 
|  72|0x000000070a200000, 0x000000070a200000, 0x000000070a400000|  0%| F|  |TAMS 0x000000070a200000, 0x000000070a200000| Untracked 
|  73|0x000000070a400000, 0x000000070a400000, 0x000000070a600000|  0%| F|  |TAMS 0x000000070a400000, 0x000000070a400000| Untracked 
|  74|0x000000070a600000, 0x000000070a600000, 0x000000070a800000|  0%| F|  |TAMS 0x000000070a600000, 0x000000070a600000| Untracked 
|  75|0x000000070a800000, 0x000000070a800000, 0x000000070aa00000|  0%| F|  |TAMS 0x000000070a800000, 0x000000070a800000| Untracked 
|  76|0x000000070aa00000, 0x000000070aa00000, 0x000000070ac00000|  0%| F|  |TAMS 0x000000070aa00000, 0x000000070aa00000| Untracked 
|  77|0x000000070ac00000, 0x000000070ac00000, 0x000000070ae00000|  0%| F|  |TAMS 0x000000070ac00000, 0x000000070ac00000| Untracked 
|  78|0x000000070ae00000, 0x000000070ae00000, 0x000000070b000000|  0%| F|  |TAMS 0x000000070ae00000, 0x000000070ae00000| Untracked 
|  79|0x000000070b000000, 0x000000070b000000, 0x000000070b200000|  0%| F|  |TAMS 0x000000070b000000, 0x000000070b000000| Untracked 
|  80|0x000000070b200000, 0x000000070b200000, 0x000000070b400000|  0%| F|  |TAMS 0x000000070b200000, 0x000000070b200000| Untracked 
|  81|0x000000070b400000, 0x000000070b400000, 0x000000070b600000|  0%| F|  |TAMS 0x000000070b400000, 0x000000070b400000| Untracked 
|  82|0x000000070b600000, 0x000000070b600000, 0x000000070b800000|  0%| F|  |TAMS 0x000000070b600000, 0x000000070b600000| Untracked 
|  83|0x000000070b800000, 0x000000070b800000, 0x000000070ba00000|  0%| F|  |TAMS 0x000000070b800000, 0x000000070b800000| Untracked 
|  84|0x000000070ba00000, 0x000000070ba00000, 0x000000070bc00000|  0%| F|  |TAMS 0x000000070ba00000, 0x000000070ba00000| Untracked 
|  85|0x000000070bc00000, 0x000000070bc00000, 0x000000070be00000|  0%| F|  |TAMS 0x000000070bc00000, 0x000000070bc00000| Untracked 
|  86|0x000000070be00000, 0x000000070be00000, 0x000000070c000000|  0%| F|  |TAMS 0x000000070be00000, 0x000000070be00000| Untracked 
|  87|0x000000070c000000, 0x000000070c000000, 0x000000070c200000|  0%| F|  |TAMS 0x000000070c000000, 0x000000070c000000| Untracked 
|  88|0x000000070c200000, 0x000000070c200000, 0x000000070c400000|  0%| F|  |TAMS 0x000000070c200000, 0x000000070c200000| Untracked 
|  89|0x000000070c400000, 0x000000070c400000, 0x000000070c600000|  0%| F|  |TAMS 0x000000070c400000, 0x000000070c400000| Untracked 
|  90|0x000000070c600000, 0x000000070c600000, 0x000000070c800000|  0%| F|  |TAMS 0x000000070c600000, 0x000000070c600000| Untracked 
|  91|0x000000070c800000, 0x000000070c800000, 0x000000070ca00000|  0%| F|  |TAMS 0x000000070c800000, 0x000000070c800000| Untracked 
|  92|0x000000070ca00000, 0x000000070ca00000, 0x000000070cc00000|  0%| F|  |TAMS 0x000000070ca00000, 0x000000070ca00000| Untracked 
|  93|0x000000070cc00000, 0x000000070cc00000, 0x000000070ce00000|  0%| F|  |TAMS 0x000000070cc00000, 0x000000070cc00000| Untracked 
|  94|0x000000070ce00000, 0x000000070ce00000, 0x000000070d000000|  0%| F|  |TAMS 0x000000070ce00000, 0x000000070ce00000| Untracked 
|  95|0x000000070d000000, 0x000000070d000000, 0x000000070d200000|  0%| F|  |TAMS 0x000000070d000000, 0x000000070d000000| Untracked 
|  96|0x000000070d200000, 0x000000070d200000, 0x000000070d400000|  0%| F|  |TAMS 0x000000070d200000, 0x000000070d200000| Untracked 
|  97|0x000000070d400000, 0x000000070d400000, 0x000000070d600000|  0%| F|  |TAMS 0x000000070d400000, 0x000000070d400000| Untracked 
|  98|0x000000070d600000, 0x000000070d600000, 0x000000070d800000|  0%| F|  |TAMS 0x000000070d600000, 0x000000070d600000| Untracked 
|  99|0x000000070d800000, 0x000000070d800000, 0x000000070da00000|  0%| F|  |TAMS 0x000000070d800000, 0x000000070d800000| Untracked 
| 100|0x000000070da00000, 0x000000070da00000, 0x000000070dc00000|  0%| F|  |TAMS 0x000000070da00000, 0x000000070da00000| Untracked 
| 101|0x000000070dc00000, 0x000000070dc00000, 0x000000070de00000|  0%| F|  |TAMS 0x000000070dc00000, 0x000000070dc00000| Untracked 
| 102|0x000000070de00000, 0x000000070de00000, 0x000000070e000000|  0%| F|  |TAMS 0x000000070de00000, 0x000000070de00000| Untracked 
| 103|0x000000070e000000, 0x000000070e000000, 0x000000070e200000|  0%| F|  |TAMS 0x000000070e000000, 0x000000070e000000| Untracked 
| 104|0x000000070e200000, 0x000000070e200000, 0x000000070e400000|  0%| F|  |TAMS 0x000000070e200000, 0x000000070e200000| Untracked 
| 105|0x000000070e400000, 0x000000070e400000, 0x000000070e600000|  0%| F|  |TAMS 0x000000070e400000, 0x000000070e400000| Untracked 
| 106|0x000000070e600000, 0x000000070e600000, 0x000000070e800000|  0%| F|  |TAMS 0x000000070e600000, 0x000000070e600000| Untracked 
| 107|0x000000070e800000, 0x000000070e800000, 0x000000070ea00000|  0%| F|  |TAMS 0x000000070e800000, 0x000000070e800000| Untracked 
| 108|0x000000070ea00000, 0x000000070ea00000, 0x000000070ec00000|  0%| F|  |TAMS 0x000000070ea00000, 0x000000070ea00000| Untracked 
| 109|0x000000070ec00000, 0x000000070ec00000, 0x000000070ee00000|  0%| F|  |TAMS 0x000000070ec00000, 0x000000070ec00000| Untracked 
| 110|0x000000070ee00000, 0x000000070ee00000, 0x000000070f000000|  0%| F|  |TAMS 0x000000070ee00000, 0x000000070ee00000| Untracked 
| 111|0x000000070f000000, 0x000000070f000000, 0x000000070f200000|  0%| F|  |TAMS 0x000000070f000000, 0x000000070f000000| Untracked 
| 112|0x000000070f200000, 0x000000070f200000, 0x000000070f400000|  0%| F|  |TAMS 0x000000070f200000, 0x000000070f200000| Untracked 
| 113|0x000000070f400000, 0x000000070f400000, 0x000000070f600000|  0%| F|  |TAMS 0x000000070f400000, 0x000000070f400000| Untracked 
| 114|0x000000070f600000, 0x000000070f600000, 0x000000070f800000|  0%| F|  |TAMS 0x000000070f600000, 0x000000070f600000| Untracked 
| 115|0x000000070f800000, 0x000000070f800000, 0x000000070fa00000|  0%| F|  |TAMS 0x000000070f800000, 0x000000070f800000| Untracked 
| 116|0x000000070fa00000, 0x000000070fa00000, 0x000000070fc00000|  0%| F|  |TAMS 0x000000070fa00000, 0x000000070fa00000| Untracked 
| 117|0x000000070fc00000, 0x000000070fc00000, 0x000000070fe00000|  0%| F|  |TAMS 0x000000070fc00000, 0x000000070fc00000| Untracked 
| 118|0x000000070fe00000, 0x000000070fe00000, 0x0000000710000000|  0%| F|  |TAMS 0x000000070fe00000, 0x000000070fe00000| Untracked 
| 119|0x0000000710000000, 0x0000000710000000, 0x0000000710200000|  0%| F|  |TAMS 0x0000000710000000, 0x0000000710000000| Untracked 
| 120|0x0000000710200000, 0x0000000710200000, 0x0000000710400000|  0%| F|  |TAMS 0x0000000710200000, 0x0000000710200000| Untracked 
| 121|0x0000000710400000, 0x0000000710400000, 0x0000000710600000|  0%| F|  |TAMS 0x0000000710400000, 0x0000000710400000| Untracked 
| 122|0x0000000710600000, 0x0000000710753fe8, 0x0000000710800000| 66%| E|  |TAMS 0x0000000710600000, 0x0000000710600000| Complete 
| 123|0x0000000710800000, 0x0000000710a00000, 0x0000000710a00000|100%| E|CS|TAMS 0x0000000710800000, 0x0000000710800000| Complete 
| 124|0x0000000710a00000, 0x0000000710c00000, 0x0000000710c00000|100%| E|CS|TAMS 0x0000000710a00000, 0x0000000710a00000| Complete 
| 125|0x0000000710c00000, 0x0000000710e00000, 0x0000000710e00000|100%| E|CS|TAMS 0x0000000710c00000, 0x0000000710c00000| Complete 
| 126|0x0000000710e00000, 0x0000000711000000, 0x0000000711000000|100%| E|CS|TAMS 0x0000000710e00000, 0x0000000710e00000| Complete 
| 127|0x0000000711000000, 0x0000000711200000, 0x0000000711200000|100%| E|CS|TAMS 0x0000000711000000, 0x0000000711000000| Complete 

Card table byte_map: [0x0000020d5fe50000,0x0000020d60650000] _byte_map_base: 0x0000020d5c647000

Marking Bits (Prev, Next): (CMBitMap*) 0x0000020d4cc8ce10, (CMBitMap*) 0x0000020d4cc8ce50
 Prev Bits: [0x0000020d60e50000, 0x0000020d64e08000)
 Next Bits: [0x0000020d64e10000, 0x0000020d68dc8000)

Polling page: 0x0000020d4abd0000

Metaspace:

Usage:
  Non-class:      7.45 MB used.
      Class:    736.62 KB used.
       Both:      8.17 MB used.

Virtual space:
  Non-class space:       64.00 MB reserved,       7.50 MB ( 12%) committed,  1 nodes.
      Class space:        1.00 GB reserved,     768.00 KB ( <1%) committed,  1 nodes.
             Both:        1.06 GB reserved,       8.25 MB ( <1%) committed. 

Chunk freelists:
   Non-Class:  8.31 MB
       Class:  15.20 MB
        Both:  23.51 MB

MaxMetaspaceSize: unlimited
CompressedClassSpaceSize: 1.00 GB
Initial GC threshold: 21.00 MB
Current GC threshold: 21.00 MB
CDS: off
MetaspaceReclaimPolicy: balanced
 - commit_granule_bytes: 65536.
 - commit_granule_words: 8192.
 - virtual_space_node_default_size: 8388608.
 - enlarge_chunks_in_place: 1.
 - new_chunks_are_fully_committed: 0.
 - uncommit_free_chunks: 1.
 - use_allocation_guard: 0.
 - handle_deallocations: 1.


Internal statistics:

num_allocs_failed_limit: 0.
num_arena_births: 14.
num_arena_deaths: 0.
num_vsnodes_births: 2.
num_vsnodes_deaths: 0.
num_space_committed: 132.
num_space_uncommitted: 0.
num_chunks_returned_to_freelist: 0.
num_chunks_taken_from_freelist: 53.
num_chunk_merges: 0.
num_chunk_splits: 23.
num_chunks_enlarged: 18.
num_inconsistent_stats: 0.

CodeHeap 'non-profiled nmethods': size=120000Kb used=151Kb max_used=151Kb free=119848Kb
 bounds [0x0000020d57bd0000, 0x0000020d57e40000, 0x0000020d5f100000]
CodeHeap 'profiled nmethods': size=120000Kb used=756Kb max_used=756Kb free=119243Kb
 bounds [0x0000020d50100000, 0x0000020d50370000, 0x0000020d57630000]
CodeHeap 'non-nmethods': size=5760Kb used=1123Kb max_used=1140Kb free=4636Kb
 bounds [0x0000020d57630000, 0x0000020d578a0000, 0x0000020d57bd0000]
 total_blobs=900 nmethods=494 adapters=319
 compilation: enabled
              stopped_count=0, restarted_count=0
 full_count=0

Compilation events (20 events):
Event: 0.345 Thread 0x0000020d6bc86b50  466       3       jdk.internal.jimage.ImageStringsReader::unmaskedHashCode (166 bytes)
Event: 0.345 Thread 0x0000020d6bc86b50 nmethod 466 0x0000020d501afb10 code [0x0000020d501afd60, 0x0000020d501b0958]
Event: 0.345 Thread 0x0000020d6bc86b50  467       3       jdk.internal.module.ModuleReferenceImpl::hashCode (56 bytes)
Event: 0.345 Thread 0x0000020d6bc86b50 nmethod 467 0x0000020d501b0e90 code [0x0000020d501b1080, 0x0000020d501b1508]
Event: 0.346 Thread 0x0000020d6bc86b50  468       3       java.io.File::isDirectory (34 bytes)
Event: 0.346 Thread 0x0000020d6bc86b50 nmethod 468 0x0000020d501b1690 code [0x0000020d501b1880, 0x0000020d501b1dc8]
Event: 0.347 Thread 0x0000020d6bc86b50  471       3       java.net.URI$Parser::scan (76 bytes)
Event: 0.348 Thread 0x0000020d6bc86b50 nmethod 471 0x0000020d501b1f90 code [0x0000020d501b21c0, 0x0000020d501b2a58]
Event: 0.348 Thread 0x0000020d6bc86b50  472       1       java.net.URL::getPath (5 bytes)
Event: 0.348 Thread 0x0000020d6bc86b50 nmethod 472 0x0000020d57bf3590 code [0x0000020d57bf3720, 0x0000020d57bf37f8]
Event: 0.348 Thread 0x0000020d6bc86b50  473       1       java.net.URL::getRef (5 bytes)
Event: 0.348 Thread 0x0000020d6bc86b50 nmethod 473 0x0000020d57bf3890 code [0x0000020d57bf3a20, 0x0000020d57bf3af8]
Event: 0.348 Thread 0x0000020d6bc86b50  474       3       java.net.URI$Parser::at (23 bytes)
Event: 0.348 Thread 0x0000020d6bc86b50 nmethod 474 0x0000020d501b2e10 code [0x0000020d501b3000, 0x0000020d501b3638]
Event: 0.348 Thread 0x0000020d6bc86b50  475       1       java.net.URL::getAuthority (5 bytes)
Event: 0.348 Thread 0x0000020d6bc86b50 nmethod 475 0x0000020d57bf3b90 code [0x0000020d57bf3d20, 0x0000020d57bf3df8]
Event: 0.348 Thread 0x0000020d6bc86b50  476       1       java.net.URL::getQuery (5 bytes)
Event: 0.348 Thread 0x0000020d6bc86b50 nmethod 476 0x0000020d57bf3e90 code [0x0000020d57bf4020, 0x0000020d57bf40f8]
Event: 0.348 Thread 0x0000020d6bc86b50  477       1       java.net.URL::getPort (5 bytes)
Event: 0.348 Thread 0x0000020d6bc86b50 nmethod 477 0x0000020d57bf4190 code [0x0000020d57bf4320, 0x0000020d57bf43f8]

GC Heap History (0 events):
No events

Dll operation events (2 events):
Event: 0.005 Loaded shared library C:\Program Files\Android\Android Studio\jbr\bin\java.dll
Event: 0.095 Loaded shared library C:\Program Files\Android\Android Studio\jbr\bin\verify.dll

Deoptimization events (20 events):
Event: 0.225 Thread 0x0000020d4cc212f0 DEOPT PACKING pc=0x0000020d5012d27e sp=0x0000004e621fd4b0
Event: 0.225 Thread 0x0000020d4cc212f0 DEOPT UNPACKING pc=0x0000020d57687143 sp=0x0000004e621fc920 mode 0
Event: 0.229 Thread 0x0000020d4cc212f0 DEOPT PACKING pc=0x0000020d5012d27e sp=0x0000004e621fd4b0
Event: 0.229 Thread 0x0000020d4cc212f0 DEOPT UNPACKING pc=0x0000020d57687143 sp=0x0000004e621fc920 mode 0
Event: 0.229 Thread 0x0000020d4cc212f0 DEOPT PACKING pc=0x0000020d5012d27e sp=0x0000004e621fd4b0
Event: 0.229 Thread 0x0000020d4cc212f0 DEOPT UNPACKING pc=0x0000020d57687143 sp=0x0000004e621fc920 mode 0
Event: 0.233 Thread 0x0000020d4cc212f0 DEOPT PACKING pc=0x0000020d50147e3e sp=0x0000004e621fd440
Event: 0.233 Thread 0x0000020d4cc212f0 DEOPT UNPACKING pc=0x0000020d57687143 sp=0x0000004e621fc8b8 mode 0
Event: 0.233 Thread 0x0000020d4cc212f0 DEOPT PACKING pc=0x0000020d5012d27e sp=0x0000004e621fd410
Event: 0.233 Thread 0x0000020d4cc212f0 DEOPT UNPACKING pc=0x0000020d57687143 sp=0x0000004e621fc880 mode 0
Event: 0.233 Thread 0x0000020d4cc212f0 DEOPT PACKING pc=0x0000020d50147e3e sp=0x0000004e621fd440
Event: 0.233 Thread 0x0000020d4cc212f0 DEOPT UNPACKING pc=0x0000020d57687143 sp=0x0000004e621fc8b8 mode 0
Event: 0.233 Thread 0x0000020d4cc212f0 DEOPT PACKING pc=0x0000020d5012d27e sp=0x0000004e621fd410
Event: 0.233 Thread 0x0000020d4cc212f0 DEOPT UNPACKING pc=0x0000020d57687143 sp=0x0000004e621fc880 mode 0
Event: 0.236 Thread 0x0000020d4cc212f0 DEOPT PACKING pc=0x0000020d50147e3e sp=0x0000004e621fd3a0
Event: 0.236 Thread 0x0000020d4cc212f0 DEOPT UNPACKING pc=0x0000020d57687143 sp=0x0000004e621fc818 mode 0
Event: 0.276 Thread 0x0000020d4cc212f0 DEOPT PACKING pc=0x0000020d50155c02 sp=0x0000004e621fd130
Event: 0.276 Thread 0x0000020d4cc212f0 DEOPT UNPACKING pc=0x0000020d57687143 sp=0x0000004e621fc5f0 mode 0
Event: 0.283 Thread 0x0000020d4cc212f0 DEOPT PACKING pc=0x0000020d50155c02 sp=0x0000004e621fd200
Event: 0.283 Thread 0x0000020d4cc212f0 DEOPT UNPACKING pc=0x0000020d57687143 sp=0x0000004e621fc6c0 mode 0

Classes unloaded (0 events):
No events

Classes redefined (0 events):
No events

Internal exceptions (1 events):
Event: 0.193 Thread 0x0000020d4cc212f0 Exception <a 'java/lang/NoSuchMethodError'{0x0000000710f80a30}: 'int java.lang.invoke.DirectMethodHandle$Holder.invokeStaticInit(java.lang.Object, java.lang.Object)'> (0x0000000710f80a30) 
thrown [s\src\hotspot\share\interpreter\linkResolver.cpp, line 771]

VM Operations (2 events):
Event: 0.092 Executing VM operation: HandshakeAllThreads
Event: 0.092 Executing VM operation: HandshakeAllThreads done

Events (20 events):
Event: 0.196 loading class java/io/FileFilter
Event: 0.196 loading class java/io/FileFilter done
Event: 0.210 loading class java/util/Collections$UnmodifiableList
Event: 0.210 loading class java/util/Collections$UnmodifiableList done
Event: 0.210 loading class java/util/Collections$UnmodifiableRandomAccessList
Event: 0.210 loading class java/util/Collections$UnmodifiableRandomAccessList done
Event: 0.213 loading class java/util/AbstractList$Itr
Event: 0.214 loading class java/util/AbstractList$Itr done
Event: 0.214 loading class java/util/zip/ZipException
Event: 0.215 loading class java/util/zip/ZipException done
Event: 0.215 loading class java/util/ArrayList$SubList
Event: 0.215 loading class java/util/ArrayList$SubList done
Event: 0.222 loading class java/util/Collections$UnmodifiableCollection$1
Event: 0.222 loading class java/util/Collections$UnmodifiableCollection$1 done
Event: 0.226 loading class java/util/Collections$SingletonSet
Event: 0.226 loading class java/util/Collections$SingletonSet done
Event: 0.226 loading class java/util/Collections$1
Event: 0.227 loading class java/util/Collections$1 done
Event: 0.230 loading class java/lang/invoke/DirectMethodHandle$Special
Event: 0.230 loading class java/lang/invoke/DirectMethodHandle$Special done


Dynamic libraries:
0x00007ff679b70000 - 0x00007ff679b7a000 	C:\Program Files\Android\Android Studio\jbr\bin\java.exe
0x00007ffe1f1b0000 - 0x00007ffe1f3a8000 	C:\WINDOWS\SYSTEM32\ntdll.dll
0x00007ffe1d440000 - 0x00007ffe1d501000 	C:\WINDOWS\System32\KERNEL32.DLL
0x00007ffe1ceb0000 - 0x00007ffe1d1ad000 	C:\WINDOWS\System32\KERNELBASE.dll
0x00007ffe1cac0000 - 0x00007ffe1cbc0000 	C:\WINDOWS\System32\ucrtbase.dll
0x00007ffe19d60000 - 0x00007ffe19d77000 	C:\Program Files\Android\Android Studio\jbr\bin\jli.dll
0x00007ffde3c70000 - 0x00007ffde3c8b000 	C:\Program Files\Android\Android Studio\jbr\bin\VCRUNTIME140.dll
0x00007ffe1d2a0000 - 0x00007ffe1d43d000 	C:\WINDOWS\System32\USER32.dll
0x00007ffe1d1b0000 - 0x00007ffe1d1d2000 	C:\WINDOWS\System32\win32u.dll
0x00007ffe083c0000 - 0x00007ffe0865a000 	C:\WINDOWS\WinSxS\amd64_microsoft.windows.common-controls_6595b64144ccf1df_6.0.19041.4355_none_60b8b9eb71f62e16\COMCTL32.dll
0x00007ffe1db60000 - 0x00007ffe1db8b000 	C:\WINDOWS\System32\GDI32.dll
0x00007ffe1c860000 - 0x00007ffe1c977000 	C:\WINDOWS\System32\gdi32full.dll
0x00007ffe1d720000 - 0x00007ffe1d7be000 	C:\WINDOWS\System32\msvcrt.dll
0x00007ffe1c9b0000 - 0x00007ffe1ca4d000 	C:\WINDOWS\System32\msvcp_win.dll
0x00007ffe1ee50000 - 0x00007ffe1ee7f000 	C:\WINDOWS\System32\IMM32.DLL
0x00007ffe197d0000 - 0x00007ffe197dc000 	C:\Program Files\Android\Android Studio\jbr\bin\vcruntime140_1.dll
0x00007ffdbf090000 - 0x00007ffdbf11d000 	C:\Program Files\Android\Android Studio\jbr\bin\msvcp140.dll
0x00007ffdba850000 - 0x00007ffdbb4d3000 	C:\Program Files\Android\Android Studio\jbr\bin\server\jvm.dll
0x00007ffe1d600000 - 0x00007ffe1d6b0000 	C:\WINDOWS\System32\ADVAPI32.dll
0x00007ffe1d1e0000 - 0x00007ffe1d280000 	C:\WINDOWS\System32\sechost.dll
0x00007ffe1d850000 - 0x00007ffe1d973000 	C:\WINDOWS\System32\RPCRT4.dll
0x00007ffe1c980000 - 0x00007ffe1c9a7000 	C:\WINDOWS\System32\bcrypt.dll
0x00007ffdfdf40000 - 0x00007ffdfdf49000 	C:\WINDOWS\SYSTEM32\WSOCK32.dll
0x00007ffe1c2b0000 - 0x00007ffe1c2fb000 	C:\WINDOWS\SYSTEM32\POWRPROF.dll
0x00007ffe12de0000 - 0x00007ffe12e07000 	C:\WINDOWS\SYSTEM32\WINMM.dll
0x00007ffe1ef00000 - 0x00007ffe1ef6b000 	C:\WINDOWS\System32\WS2_32.dll
0x00007ffe16470000 - 0x00007ffe1647a000 	C:\WINDOWS\SYSTEM32\VERSION.dll
0x00007ffe1c250000 - 0x00007ffe1c262000 	C:\WINDOWS\SYSTEM32\UMPDC.dll
0x00007ffe1a700000 - 0x00007ffe1a712000 	C:\WINDOWS\SYSTEM32\kernel.appcore.dll
0x00007ffde3c60000 - 0x00007ffde3c6a000 	C:\Program Files\Android\Android Studio\jbr\bin\jimage.dll
0x00007ffe17090000 - 0x00007ffe17274000 	C:\WINDOWS\SYSTEM32\DBGHELP.DLL
0x00007ffe0c980000 - 0x00007ffe0c9b4000 	C:\WINDOWS\SYSTEM32\dbgcore.DLL
0x00007ffe1ce20000 - 0x00007ffe1cea2000 	C:\WINDOWS\System32\bcryptPrimitives.dll
0x00007ffde3c30000 - 0x00007ffde3c55000 	C:\Program Files\Android\Android Studio\jbr\bin\java.dll
0x00007ffde3c10000 - 0x00007ffde3c28000 	C:\Program Files\Android\Android Studio\jbr\bin\zip.dll
0x00007ffe1db90000 - 0x00007ffe1e2ff000 	C:\WINDOWS\System32\SHELL32.dll
0x00007ffe1a900000 - 0x00007ffe1b0a3000 	C:\WINDOWS\SYSTEM32\windows.storage.dll
0x00007ffe1eaf0000 - 0x00007ffe1ee43000 	C:\WINDOWS\System32\combase.dll
0x00007ffe1c220000 - 0x00007ffe1c24e000 	C:\WINDOWS\SYSTEM32\Wldp.dll
0x00007ffe1ef70000 - 0x00007ffe1f03d000 	C:\WINDOWS\System32\OLEAUT32.dll
0x00007ffe1d980000 - 0x00007ffe1da2d000 	C:\WINDOWS\System32\SHCORE.dll
0x00007ffe1ea90000 - 0x00007ffe1eae5000 	C:\WINDOWS\System32\shlwapi.dll
0x00007ffe1c790000 - 0x00007ffe1c7b4000 	C:\WINDOWS\SYSTEM32\profapi.dll
0x00007ffdbf070000 - 0x00007ffdbf089000 	C:\Program Files\Android\Android Studio\jbr\bin\net.dll
0x00007ffe16140000 - 0x00007ffe1624d000 	C:\WINDOWS\SYSTEM32\WINHTTP.dll
0x00007ffe1bf20000 - 0x00007ffe1bf8a000 	C:\WINDOWS\system32\mswsock.dll
0x00007ffdbf050000 - 0x00007ffdbf066000 	C:\Program Files\Android\Android Studio\jbr\bin\nio.dll
0x00007ffde3bc0000 - 0x00007ffde3bd0000 	C:\Program Files\Android\Android Studio\jbr\bin\verify.dll

dbghelp: loaded successfully - version: 4.0.5 - missing functions: none
symbol engine: initialized successfully - sym options: 0x614 - pdb path: .;C:\Program Files\Android\Android Studio\jbr\bin;C:\WINDOWS\SYSTEM32;C:\WINDOWS\WinSxS\amd64_microsoft.windows.common-controls_6595b64144ccf1df_6.0.19041.4355_none_60b8b9eb71f62e16;C:\Program Files\Android\Android Studio\jbr\bin\server

VM Arguments:
jvm_args: -Dorg.gradle.appname=gradlew 
java_command: org.gradle.wrapper.GradleWrapperMain -q -Ptarget-platform=android-x64 -Ptarget=D:\DOCUMENTOS\PROJETO_FLUTTER\dmega\lib\main.dart -Pbase-application-name=android.app.Application -Pdart-obfuscation=false -Ptrack-widget-creation=true -Ptree-shake-icons=false -Pfilesystem-scheme=org-dartlang-root assembleDebug
java_class_path (initial): D:\DOCUMENTOS\PROJETO_FLUTTER\dmega\android\\gradle\wrapper\gradle-wrapper.jar
Launcher Type: SUN_STANDARD

[Global flags]
     intx CICompilerCount                          = 4                                         {product} {ergonomic}
     uint ConcGCThreads                            = 3                                         {product} {ergonomic}
     uint G1ConcRefinementThreads                  = 10                                        {product} {ergonomic}
   size_t G1HeapRegionSize                         = 2097152                                   {product} {ergonomic}
    uintx GCDrainStackTargetSize                   = 64                                        {product} {ergonomic}
   size_t InitialHeapSize                          = 268435456                                 {product} {ergonomic}
   size_t MarkStackSize                            = 4194304                                   {product} {ergonomic}
   size_t MaxHeapSize                              = 4276092928                                {product} {ergonomic}
   size_t MaxNewSize                               = 2564816896                                {product} {ergonomic}
   size_t MinHeapDeltaBytes                        = 2097152                                   {product} {ergonomic}
   size_t MinHeapSize                              = 8388608                                   {product} {ergonomic}
    uintx NonNMethodCodeHeapSize                   = 5839372                                {pd product} {ergonomic}
    uintx NonProfiledCodeHeapSize                  = 122909434                              {pd product} {ergonomic}
    uintx ProfiledCodeHeapSize                     = 122909434                              {pd product} {ergonomic}
    uintx ReservedCodeCacheSize                    = 251658240                              {pd product} {ergonomic}
     bool SegmentedCodeCache                       = true                                      {product} {ergonomic}
   size_t SoftMaxHeapSize                          = 4276092928                             {manageable} {ergonomic}
     bool UseCompressedClassPointers               = true                           {product lp64_product} {ergonomic}
     bool UseCompressedOops                        = true                           {product lp64_product} {ergonomic}
     bool UseG1GC                                  = true                                      {product} {ergonomic}
     bool UseLargePagesIndividualAllocation        = false                                  {pd product} {ergonomic}

Logging:
Log output configuration:
 #0: stdout all=warning uptime,level,tags
 #1: stderr all=off uptime,level,tags

Environment Variables:
JAVA_HOME=C:\Program Files\Android\Android Studio\jbr
CLASSPATH=D:\DOCUMENTOS\PROJETO_FLUTTER\dmega\android\\gradle\wrapper\gradle-wrapper.jar
PATH=C:\Program Files\Android\Android Studio\jbr\bin;C:\WINDOWS\system32;C:\WINDOWS;C:\WINDOWS\System32\Wbem;C:\WINDOWS\System32\WindowsPowerShell\v1.0\;C:\WINDOWS\System32\OpenSSH\;C:\Program Files\Git\cmd;C:\Users\DAVID\AppData\Local\Microsoft\WindowsApps;C:\Users\DAVID\AppData\Local\Programs\Microsoft VS Code\bin;C:\src\flutter\bin;;C:\src\flutter\bin\mingit\cmd;C:\src\flutter\bin\mingit\cmd
USERNAME=DAVID
OS=Windows_NT
PROCESSOR_IDENTIFIER=AMD64 Family 23 Model 8 Stepping 2, AuthenticAMD
TMP=C:\Users\DAVID\AppData\Local\Temp
TEMP=C:\Users\DAVID\AppData\Local\Temp



Periodic native trim disabled

JNI global refs:
JNI global refs: 8, weak refs: 0

JNI global refs memory usage: 843, weak refs: 841

Process memory usage:
Resident Set Size: 52268K (0% of 16699980K total physical memory with 4054444K free physical memory)

OOME stack traces (most recent first):
Classloader memory used:
Loader bootstrap                                                                       : 1001K
Loader java.net.URLClassLoader                                                         : 26124B
Loader jdk.internal.loader.ClassLoaders$AppClassLoader                                 : 18431B
Loader org.gradle.internal.classloader.VisitableURLClassLoader                         : 86B


---------------  S Y S T E M  ---------------

OS:
 Windows 10 , 64 bit Build 19041 (10.0.19041.4842)
OS uptime: 0 days 0:28 hours

CPU: total 12 (initial active 12) (12 cores per cpu, 2 threads per core) family 23 model 8 stepping 2 microcode 0x0, cx8, cmov, fxsr, ht, mmx, 3dnowpref, sse, sse2, sse3, ssse3, sse4a, sse4.1, sse4.2, popcnt, lzcnt, tsc, tscinvbit, avx, avx2, aes, clmul, bmi1, bmi2, adx, sha, fma, vzeroupper, clflush, clflushopt
Processor Information for all 12 processors :
  Max Mhz: 3200, Current Mhz: 3200, Mhz Limit: 3200

Memory: 4k page, system-wide physical 16308M (3968M free)
TotalPageFile size 18356M (AvailPageFile size 88M)
current process WorkingSet (physical memory assigned to process): 51M, peak: 51M
current process commit charge ("private bytes"): 348M, peak: 349M

vm_info: OpenJDK 64-Bit Server VM (17.0.11+0--11852314) for windows-amd64 JRE (17.0.11+0--11852314), built on May 16 2024 21:29:20 by "androidbuild" with MS VC++ 16.10 / 16.11 (VS2019)

END.
