#
# There is insufficient memory for the Java Runtime Environment to continue.
# Native memory allocation (malloc) failed to allocate 32744 bytes. Error detail: ChunkPool::allocate
# Possible reasons:
#   The system is out of physical RAM or swap space
#   This process is running with CompressedOops enabled, and the Java Heap may be blocking the growth of the native heap
# Possible solutions:
#   Reduce memory load on the system
#   Increase physical memory or swap space
#   Check if swap backing store is full
#   Decrease Java heap size (-Xmx/-Xms)
#   Decrease number of Java threads
#   Decrease Java thread stack sizes (-Xss)
#   Set larger code cache with -XX:ReservedCodeCacheSize=
#   JVM is running with Zero Based Compressed Oops mode in which the Java heap is
#     placed in the first 32GB address space. The Java Heap base address is the
#     maximum limit for the native heap growth. Please use -XX:HeapBaseMinAddress
#     to set the Java Heap base and to place the Java Heap above 32GB virtual address.
# This output file may be truncated or incomplete.
#
#  Out of Memory Error (arena.cpp:79), pid=12568, tid=12320
#
# JRE version: OpenJDK Runtime Environment (17.0.11) (build 17.0.11+0--11852314)
# Java VM: OpenJDK 64-Bit Server VM (17.0.11+0--11852314, mixed mode, tiered, compressed oops, compressed class ptrs, g1 gc, windows-amd64)
# No core dump will be written. Minidumps are not enabled by default on client versions of Windows
#

---------------  S U M M A R Y ------------

Command Line: -Dorg.gradle.appname=gradlew org.gradle.wrapper.GradleWrapperMain -q -Ptarget-platform=android-arm,android-arm64,android-x64 -Ptarget=lib\main.dart -Pbase-application-name=android.app.Application -Pdart-obfuscation=false -Ptrack-widget-creation=true -Ptree-shake-icons=true assembleRelease

Host: AMD Ryzen 5 1600 Six-Core Processor            , 12 cores, 15G,  Windows 10 , 64 bit Build 19041 (10.0.19041.4842)
Time: Sat Sep 21 19:31:35 2024 Hora oficial do Brasil elapsed time: 6.344607 seconds (0d 0h 0m 6s)

---------------  T H R E A D  ---------------

Current thread (0x000001659348ef80):  JavaThread "main" [_thread_in_vm, id=12320, stack(0x0000000c95300000,0x0000000c95400000)]

Stack: [0x0000000c95300000,0x0000000c95400000]
Native frames: (J=compiled Java code, j=interpreted, Vv=VM code, C=native code)
V  [jvm.dll+0x687bb9]
V  [jvm.dll+0x84142a]
V  [jvm.dll+0x8430ae]
V  [jvm.dll+0x843713]
V  [jvm.dll+0x24a35f]
V  [jvm.dll+0xac741]
V  [jvm.dll+0xacb8c]
V  [jvm.dll+0x1ec661]
V  [jvm.dll+0x1ed435]
V  [jvm.dll+0x1eddd5]
V  [jvm.dll+0x1e328c]
V  [jvm.dll+0x54c5bc]
V  [jvm.dll+0x7ba5e5]
V  [jvm.dll+0x7ba6fe]
V  [jvm.dll+0x41465a]
V  [jvm.dll+0x41a7e9]
C  [java.dll+0x17ec]

Java frames: (J=compiled Java code, j=interpreted, Vv=VM code)
J 739  java.lang.ClassLoader.defineClass1(Ljava/lang/ClassLoader;Ljava/lang/String;[BIILjava/security/ProtectionDomain;Ljava/lang/String;)Ljava/lang/Class; java.base@17.0.11 (0 bytes) @ 0x000001659fc4d6e3 [0x000001659fc4d620+0x00000000000000c3]
J 849 c1 java.lang.ClassLoader.defineClass(Ljava/lang/String;[BIILjava/security/ProtectionDomain;)Ljava/lang/Class; java.base@17.0.11 (43 bytes) @ 0x00000165982ce5dc [0x00000165982ce280+0x000000000000035c]
J 841 c1 java.security.SecureClassLoader.defineClass(Ljava/lang/String;[BIILjava/security/CodeSource;)Ljava/lang/Class; java.base@17.0.11 (16 bytes) @ 0x00000165982cb00c [0x00000165982caf40+0x00000000000000cc]
J 769 c1 java.net.URLClassLoader.defineClass(Ljava/lang/String;Ljdk/internal/loader/Resource;)Ljava/lang/Class; java.base@17.0.11 (224 bytes) @ 0x000001659829d11c [0x000001659829b640+0x0000000000001adc]
J 734 c1 java.net.URLClassLoader$1.run()Ljava/lang/Class; java.base@17.0.11 (81 bytes) @ 0x000001659828871c [0x0000016598287aa0+0x0000000000000c7c]
J 689 c1 java.net.URLClassLoader$1.run()Ljava/lang/Object; java.base@17.0.11 (5 bytes) @ 0x00000165982721c4 [0x0000016598272140+0x0000000000000084]
J 613 c1 java.security.AccessController.doPrivileged(Ljava/security/PrivilegedExceptionAction;Ljava/security/AccessControlContext;)Ljava/lang/Object; java.base@17.0.11 (26 bytes) @ 0x0000016598239ffc [0x0000016598239e20+0x00000000000001dc]
J 687 c1 java.net.URLClassLoader.findClass(Ljava/lang/String;)Ljava/lang/Class; java.base@17.0.11 (47 bytes) @ 0x0000016598271424 [0x0000016598271280+0x00000000000001a4]
J 580 c1 java.lang.ClassLoader.loadClass(Ljava/lang/String;Z)Ljava/lang/Class; java.base@17.0.11 (121 bytes) @ 0x000001659822d474 [0x000001659822cec0+0x00000000000005b4]
J 571 c1 java.lang.ClassLoader.loadClass(Ljava/lang/String;)Ljava/lang/Class; java.base@17.0.11 (7 bytes) @ 0x00000165982261cc [0x00000165982260c0+0x000000000000010c]
v  ~StubRoutines::call_stub
j  org.gradle.internal.remote.internal.inet.SocketConnection.stop()V+6
j  org.gradle.launcher.daemon.client.DaemonClientConnection.stop()V+23
j  org.gradle.launcher.daemon.client.DaemonClient.execute(Lorg/gradle/internal/invocation/BuildAction;Lorg/gradle/launcher/exec/BuildActionParameters;Lorg/gradle/initialization/BuildRequestContext;)Lorg/gradle/launcher/exec/BuildActionResult;+187
j  org.gradle.launcher.daemon.client.DaemonClient.execute(Lorg/gradle/internal/invocation/BuildAction;Ljava/lang/Object;Ljava/lang/Object;)Lorg/gradle/launcher/exec/BuildActionResult;+10
j  org.gradle.launcher.cli.RunBuildAction.run()V+74
j  org.gradle.internal.Actions$RunnableActionAdapter.execute(Ljava/lang/Object;)V+4
j  org.gradle.launcher.cli.DefaultCommandLineActionFactory$ParseAndBuildAction.execute(Lorg/gradle/launcher/bootstrap/ExecutionListener;)V+60
j  org.gradle.launcher.cli.DefaultCommandLineActionFactory$ParseAndBuildAction.execute(Ljava/lang/Object;)V+5
j  org.gradle.launcher.cli.DebugLoggerWarningAction.execute(Lorg/gradle/launcher/bootstrap/ExecutionListener;)V+9
j  org.gradle.launcher.cli.DebugLoggerWarningAction.execute(Ljava/lang/Object;)V+5
j  org.gradle.launcher.cli.WelcomeMessageAction.execute(Lorg/gradle/launcher/bootstrap/ExecutionListener;)V+218
j  org.gradle.launcher.cli.WelcomeMessageAction.execute(Ljava/lang/Object;)V+5
j  org.gradle.launcher.cli.NativeServicesInitializingAction.execute(Lorg/gradle/launcher/bootstrap/ExecutionListener;)V+35
j  org.gradle.launcher.cli.NativeServicesInitializingAction.execute(Ljava/lang/Object;)V+5
j  org.gradle.launcher.cli.ExceptionReportingAction.execute(Lorg/gradle/launcher/bootstrap/ExecutionListener;)V+5
j  org.gradle.launcher.cli.ExceptionReportingAction.execute(Ljava/lang/Object;)V+5
j  org.gradle.launcher.cli.DefaultCommandLineActionFactory$WithLogging.execute(Lorg/gradle/launcher/bootstrap/ExecutionListener;)V+299
j  org.gradle.launcher.Main.doAction([Ljava/lang/String;Lorg/gradle/launcher/bootstrap/ExecutionListener;)V+14
j  org.gradle.launcher.bootstrap.EntryPoint.run([Ljava/lang/String;)V+12
v  ~StubRoutines::call_stub
j  jdk.internal.reflect.NativeMethodAccessorImpl.invoke0(Ljava/lang/reflect/Method;Ljava/lang/Object;[Ljava/lang/Object;)Ljava/lang/Object;+0 java.base@17.0.11
j  jdk.internal.reflect.NativeMethodAccessorImpl.invoke(Ljava/lang/Object;[Ljava/lang/Object;)Ljava/lang/Object;+133 java.base@17.0.11
j  jdk.internal.reflect.DelegatingMethodAccessorImpl.invoke(Ljava/lang/Object;[Ljava/lang/Object;)Ljava/lang/Object;+6 java.base@17.0.11
j  java.lang.reflect.Method.invoke(Ljava/lang/Object;[Ljava/lang/Object;)Ljava/lang/Object;+59 java.base@17.0.11
j  org.gradle.launcher.bootstrap.ProcessBootstrap.runNoExit(Ljava/lang/String;[Ljava/lang/String;)V+159
j  org.gradle.launcher.bootstrap.ProcessBootstrap.run(Ljava/lang/String;[Ljava/lang/String;)V+2
v  ~StubRoutines::call_stub
j  jdk.internal.reflect.NativeMethodAccessorImpl.invoke0(Ljava/lang/reflect/Method;Ljava/lang/Object;[Ljava/lang/Object;)Ljava/lang/Object;+0 java.base@17.0.11
j  jdk.internal.reflect.NativeMethodAccessorImpl.invoke(Ljava/lang/Object;[Ljava/lang/Object;)Ljava/lang/Object;+133 java.base@17.0.11
j  jdk.internal.reflect.DelegatingMethodAccessorImpl.invoke(Ljava/lang/Object;[Ljava/lang/Object;)Ljava/lang/Object;+6 java.base@17.0.11
j  java.lang.reflect.Method.invoke(Ljava/lang/Object;[Ljava/lang/Object;)Ljava/lang/Object;+59 java.base@17.0.11
j  org.gradle.launcher.GradleMain.main([Ljava/lang/String;)V+100
v  ~StubRoutines::call_stub
j  jdk.internal.reflect.NativeMethodAccessorImpl.invoke0(Ljava/lang/reflect/Method;Ljava/lang/Object;[Ljava/lang/Object;)Ljava/lang/Object;+0 java.base@17.0.11
j  jdk.internal.reflect.NativeMethodAccessorImpl.invoke(Ljava/lang/Object;[Ljava/lang/Object;)Ljava/lang/Object;+133 java.base@17.0.11
j  jdk.internal.reflect.DelegatingMethodAccessorImpl.invoke(Ljava/lang/Object;[Ljava/lang/Object;)Ljava/lang/Object;+6 java.base@17.0.11
j  java.lang.reflect.Method.invoke(Ljava/lang/Object;[Ljava/lang/Object;)Ljava/lang/Object;+59 java.base@17.0.11
j  org.gradle.wrapper.BootstrapMainStarter.start([Ljava/lang/String;Ljava/io/File;)V+82
j  org.gradle.wrapper.WrapperExecutor.execute([Ljava/lang/String;Lorg/gradle/wrapper/Install;Lorg/gradle/wrapper/BootstrapMainStarter;)V+14
j  org.gradle.wrapper.GradleWrapperMain.main([Ljava/lang/String;)V+190
v  ~StubRoutines::call_stub

Compiled method (n/a)    6366  739     n 0       java.lang.ClassLoader::defineClass1 (native)
 total in heap  [0x000001659fc4d490,0x000001659fc4d970] = 1248
 relocation     [0x000001659fc4d5e8,0x000001659fc4d620] = 56
 main code      [0x000001659fc4d620,0x000001659fc4d970] = 848

[Constant Pool (empty)]

[MachCode]
[Entry Point]
  # {method} {0x00000165b5024f48} 'defineClass1' '(Ljava/lang/ClassLoader;Ljava/lang/String;[BIILjava/security/ProtectionDomain;Ljava/lang/String;)Ljava/lang/Class;' in 'java/lang/ClassLoader'
  # parm0:    rdx:rdx   = 'java/lang/ClassLoader'
  # parm1:    r8:r8     = 'java/lang/String'
  # parm2:    r9:r9     = '[B'
  # parm3:    rdi       = int
  # parm4:    rsi       = int
  # parm5:    rcx:rcx   = 'java/security/ProtectionDomain'
  # parm6:    [sp+0xa0]   = 'java/lang/String'  (sp of caller)
  0x000001659fc4d620: 448b 5208 | 49bb 0000 | 0000 0800 | 0000 4d03 | d349 3bc2 | 0f84 0600 

  0x000001659fc4d638: ;   {runtime_call ic_miss_stub}
  0x000001659fc4d638: 0000 e941 | 3aa7 ff90 
[Verified Entry Point]
  0x000001659fc4d640: 8984 2400 | 90ff ff55 | 488b ec48 | 81ec 9000 | 0000 4881 | 7d10 0000 | 0000 488d | 4510 480f 
  0x000001659fc4d660: 4445 1048 | 8944 2440 | 4889 4c24 | 7048 83f9 | 0048 8d44 | 2470 480f | 4444 2470 | 4889 4424 
  0x000001659fc4d680: 3848 8974 | 2430 4889 | 7c24 284c | 894c 2458 | 4983 f900 | 488d 4424 | 5848 0f44 | 4424 5848 
  0x000001659fc4d6a0: 8944 2420 | 4c89 4424 | 5049 83f8 | 004c 8d4c | 2450 4c0f | 444c 2450 | 4889 5424 | 4848 83fa 
  0x000001659fc4d6c0: 004c 8d44 | 2448 4c0f | 4444 2448 

  0x000001659fc4d6cc: ;   {oop(a 'java/lang/Class'{0x000000070fa35d88} = 'java/lang/ClassLoader')}
  0x000001659fc4d6cc: 49be 885d | a30f 0700 | 0000 4c89 | 7424 784c | 8d74 2478 | 498b d6c5 

  0x000001659fc4d6e4: ;   {internal_word}
  0x000001659fc4d6e4: f877 49ba | e3d6 c49f | 6501 0000 | 4d89 97a0 | 0200 0049 | 89a7 9802 

  0x000001659fc4d6fc: ;   {external_word}
  0x000001659fc4d6fc: 0000 49ba | 683a 69e7 | fb7f 0000 | 4180 3a00 | 0f84 5200 | 0000 5241 

  0x000001659fc4d714: ;   {metadata({method} {0x00000165b5024f48} 'defineClass1' '(Ljava/lang/ClassLoader;Ljava/lang/String;[BIILjava/security/ProtectionDomain;Ljava/lang/String;)Ljava/lang/Class;' in 'java/lang/ClassLoader')}
  0x000001659fc4d714: 5041 5148 | ba40 4f02 | b565 0100 | 0049 8bcf | 4883 ec20 | f7c4 0f00 | 0000 0f84 | 1a00 0000 
  0x000001659fc4d734: 4883 ec08 

  0x000001659fc4d738: ;   {runtime_call}
  0x000001659fc4d738: 49ba 30e4 | 1ee7 fb7f | 0000 41ff | d248 83c4 | 08e9 0d00 

  0x000001659fc4d74c: ;   {runtime_call}
  0x000001659fc4d74c: 0000 49ba | 30e4 1ee7 | fb7f 0000 | 41ff d248 | 83c4 2041 | 5941 585a | 498d 8fb8 | 0200 0041 
  0x000001659fc4d76c: c787 4803 | 0000 0400 

  0x000001659fc4d774: ;   {runtime_call}
  0x000001659fc4d774: 0000 49ba | ac16 af2c | fc7f 0000 | 41ff d2c5 | f877 41c7 | 8748 0300 | 0005 0000 | 00f0 8344 
  0x000001659fc4d794: 24c0 0049 | 3baf 5003 | 0000 0f87 | 1100 0000 | 4181 bf38 | 0300 0000 | 0000 000f | 842c 0000 
  0x000001659fc4d7b4: 00c5 f877 | 4889 45f8 | 498b cf4c | 8be4 4883 | ec20 4883 

  0x000001659fc4d7c8: ;   {runtime_call}
  0x000001659fc4d7c8: e4f0 49ba | 00ff 2ee7 | fb7f 0000 | 41ff d249 | 8be4 4d33 | e448 8b45 | f841 c787 | 4803 0000 
  0x000001659fc4d7e8: 0800 0000 | 4181 bfb8 | 0300 0002 | 0000 000f | 843f 0100 

  0x000001659fc4d7fc: ;   {external_word}
  0x000001659fc4d7fc: 0049 ba68 | 3a69 e7fb | 7f00 0041 | 803a 000f | 8450 0000 | 0048 8945 

  0x000001659fc4d814: ;   {metadata({method} {0x00000165b5024f48} 'defineClass1' '(Ljava/lang/ClassLoader;Ljava/lang/String;[BIILjava/security/ProtectionDomain;Ljava/lang/String;)Ljava/lang/Class;' in 'java/lang/ClassLoader')}
  0x000001659fc4d814: f848 ba40 | 4f02 b565 | 0100 0049 | 8bcf 4883 | ec20 f7c4 | 0f00 0000 | 0f84 1a00 | 0000 4883 
  0x000001659fc4d834: ;   {runtime_call}
  0x000001659fc4d834: ec08 49ba | 30e4 1ee7 | fb7f 0000 | 41ff d248 | 83c4 08e9 | 0d00 0000 

  0x000001659fc4d84c: ;   {runtime_call}
  0x000001659fc4d84c: 49ba 30e4 | 1ee7 fb7f | 0000 41ff | d248 83c4 | 2048 8b45 | f849 c787 | 9802 0000 | 0000 0000 
  0x000001659fc4d86c: 49c7 87a0 | 0200 0000 | 0000 00c5 | f877 4885 | c00f 8493 | 0000 0048 | f7c0 0100 | 0000 0f84 
  0x000001659fc4d88c: 8300 0000 | 488b 40ff | 4180 7f38 | 000f 846f | 0000 0048 | 83f8 000f | 8465 0000 | 0049 8b4f 
  0x000001659fc4d8ac: 2048 83f9 | 000f 8414 | 0000 0048 | 83e9 0849 | 894f 2049 | 034f 3048 | 8901 e943 | 0000 0050 
  0x000001659fc4d8cc: 498b d748 | 8bc8 4883 | ec20 f7c4 | 0f00 0000 | 0f84 1a00 | 0000 4883 

  0x000001659fc4d8e4: ;   {runtime_call}
  0x000001659fc4d8e4: ec08 49ba | e073 dde6 | fb7f 0000 | 41ff d248 | 83c4 08e9 | 0d00 0000 

  0x000001659fc4d8fc: ;   {runtime_call}
  0x000001659fc4d8fc: 49ba e073 | dde6 fb7f | 0000 41ff | d248 83c4 | 2058 e903 | 0000 0048 | 8b00 498b | 8fd8 0000 
  0x000001659fc4d91c: 00c7 8100 | 0100 0000 | 0000 00c9 | 4981 7f08 | 0000 0000 | 0f85 0100 

  0x000001659fc4d934: ;   {runtime_call StubRoutines (1)}
  0x000001659fc4d934: 0000 c3e9 | c435 a2ff | c5f8 7748 | 8945 f84c | 8be4 4883 | ec20 4883 

  0x000001659fc4d94c: ;   {runtime_call}
  0x000001659fc4d94c: e4f0 49ba | b014 1fe7 | fb7f 0000 | 41ff d249 | 8be4 4d33 | e448 8b45 | f8e9 93fe | ffff f4f4 
  0x000001659fc4d96c: f4f4 f4f4 
[/MachCode]


Compiled method (c1)    6375  849       3       java.lang.ClassLoader::defineClass (43 bytes)
 total in heap  [0x00000165982ce090,0x00000165982ce9e8] = 2392
 relocation     [0x00000165982ce1e8,0x00000165982ce278] = 144
 main code      [0x00000165982ce280,0x00000165982ce720] = 1184
 stub code      [0x00000165982ce720,0x00000165982ce798] = 120
 metadata       [0x00000165982ce798,0x00000165982ce7d8] = 64
 scopes data    [0x00000165982ce7d8,0x00000165982ce8c8] = 240
 scopes pcs     [0x00000165982ce8c8,0x00000165982ce9a8] = 224
 dependencies   [0x00000165982ce9a8,0x00000165982ce9c0] = 24
 nul chk table  [0x00000165982ce9c0,0x00000165982ce9e8] = 40

[Constant Pool (empty)]

[MachCode]
[Entry Point]
  # {method} {0x00000165b5024d28} 'defineClass' '(Ljava/lang/String;[BIILjava/security/ProtectionDomain;)Ljava/lang/Class;' in 'java/lang/ClassLoader'
  # this:     rdx:rdx   = 'java/lang/ClassLoader'
  # parm0:    r8:r8     = 'java/lang/String'
  # parm1:    r9:r9     = '[B'
  # parm2:    rdi       = int
  # parm3:    rsi       = int
  # parm4:    rcx:rcx   = 'java/security/ProtectionDomain'
  #           [sp+0xc0]  (sp of caller)
  0x00000165982ce280: 448b 5208 | 49bb 0000 | 0000 0800 | 0000 4d03 | d34c 3bd0 

  0x00000165982ce294: ;   {runtime_call ic_miss_stub}
  0x00000165982ce294: 0f85 e62d | 3f07 660f | 1f44 0000 
[Verified Entry Point]
  0x00000165982ce2a0: 8984 2400 | 90ff ff55 | 4881 ecb0 | 0000 0048 | 8954 2478 

  0x00000165982ce2b4: ;   {metadata(method data for {method} {0x00000165b5024d28} 'defineClass' '(Ljava/lang/String;[BIILjava/security/ProtectionDomain;)Ljava/lang/Class;' in 'java/lang/ClassLoader')}
  0x00000165982ce2b4: 48bb c8d2 | 9eb5 6501 | 0000 8b83 | cc00 0000 | 83c0 0289 | 83cc 0000 | 0081 e0fe | 0700 0083 
  0x00000165982ce2d4: f800 0f84 | 5603 0000 | 89b4 2494 | 0000 0089 | bc24 9000 | 0000 4c89 | 8c24 8800 | 0000 488b 
  0x00000165982ce2f4: ;   {metadata(method data for {method} {0x00000165b5024d28} 'defineClass' '(Ljava/lang/String;[BIILjava/security/ProtectionDomain;)Ljava/lang/Class;' in 'java/lang/ClassLoader')}
  0x00000165982ce2f4: da48 b8c8 | d29e b565 | 0100 0048 | 8380 1001 | 0000 0149 | 8bd8 4c8b | c34c 8bc9 | 488b ca48 
  0x00000165982ce314: 8bd1 4889 | 9c24 8000 

  0x00000165982ce31c: ;   {optimized virtual_call}
  0x00000165982ce31c: 0000 90e8 

  0x00000165982ce320: ; ImmutableOopMap {[120]=Oop [136]=Oop [128]=Oop }
                      ;*invokevirtual preDefineClass {reexecute=0 rethrow=0 return_oop=0}
                      ; - java.lang.ClassLoader::defineClass@4 (line 1015)
  0x00000165982ce320: 7c92 0100 | 4889 8424 | 9800 0000 | 488b 5424 

  0x00000165982ce330: ;   {metadata(method data for {method} {0x00000165b5024d28} 'defineClass' '(Ljava/lang/String;[BIILjava/security/ProtectionDomain;)Ljava/lang/Class;' in 'java/lang/ClassLoader')}
  0x00000165982ce330: 7849 b8c8 | d29e b565 | 0100 0049 | 8380 4801 

  0x00000165982ce340: ;   {metadata(method data for {method} {0x00000165b5024af0} 'defineClassSourceLocation' '(Ljava/security/ProtectionDomain;)Ljava/lang/String;' in 'java/lang/ClassLoader')}
  0x00000165982ce340: 0000 0149 | b828 ed9e | b565 0100 | 0041 8b90 | cc00 0000 | 83c2 0241 | 8990 cc00 | 0000 81e2 
  0x00000165982ce360: feff 1f00 | 83fa 000f | 84e6 0200 | 0048 3b00 

  0x00000165982ce370: ;   {metadata(method data for {method} {0x00000165b5024af0} 'defineClassSourceLocation' '(Ljava/security/ProtectionDomain;)Ljava/lang/String;' in 'java/lang/ClassLoader')}
  0x00000165982ce370: 4c8b c048 | ba28 ed9e | b565 0100 | 0048 8382 | 1001 0000 | 0144 8b40 | 1049 c1e0 | 0349 83f8 
  0x00000165982ce390: ;   {metadata(method data for {method} {0x00000165b5024af0} 'defineClassSourceLocation' '(Ljava/security/ProtectionDomain;)Ljava/lang/String;' in 'java/lang/ClassLoader')}
  0x00000165982ce390: 0048 ba28 | ed9e b565 | 0100 0048 | be58 0100 | 0000 0000 | 000f 850a | 0000 0048 | be48 0100 
  0x00000165982ce3b0: 0000 0000 | 0048 8b3c | 3248 8d7f | 0148 893c | 320f 850f 

  0x00000165982ce3c4: ;   {oop(NULL)}
  0x00000165982ce3c4: 0000 0048 | bb00 0000 | 0000 0000 | 00e9 b101 | 0000 493b | 0049 8bd0 

  0x00000165982ce3dc: ;   {metadata(method data for {method} {0x00000165b5024af0} 'defineClassSourceLocation' '(Ljava/security/ProtectionDomain;)Ljava/lang/String;' in 'java/lang/ClassLoader')}
  0x00000165982ce3dc: 48be 28ed | 9eb5 6501 | 0000 4883 | 8668 0100 | 0001 418b | 500c 48c1 | e203 4883 

  0x00000165982ce3f8: ;   {metadata(method data for {method} {0x00000165b5024af0} 'defineClassSourceLocation' '(Ljava/security/ProtectionDomain;)Ljava/lang/String;' in 'java/lang/ClassLoader')}
  0x00000165982ce3f8: fa00 48be | 28ed 9eb5 | 6501 0000 | 48bf b001 | 0000 0000 | 0000 0f85 | 0a00 0000 | 48bf a001 
  0x00000165982ce418: 0000 0000 | 0000 488b | 1c3e 488d | 5b01 4889 | 1c3e 0f85 | 0f00 0000 

  0x00000165982ce430: ;   {oop(NULL)}
  0x00000165982ce430: 48bb 0000 | 0000 0000 | 0000 e948 

  0x00000165982ce43c: ;   {metadata(method data for {method} {0x00000165b5024af0} 'defineClassSourceLocation' '(Ljava/security/ProtectionDomain;)Ljava/lang/String;' in 'java/lang/ClassLoader')}
  0x00000165982ce43c: 0100 0048 | be28 ed9e | b565 0100 | 0048 8386 | c001 0000 | 0148 3b02 

  0x00000165982ce454: ;   {metadata(method data for {method} {0x00000165b5024af0} 'defineClassSourceLocation' '(Ljava/security/ProtectionDomain;)Ljava/lang/String;' in 'java/lang/ClassLoader')}
  0x00000165982ce454: 4c8b c248 | be28 ed9e | b565 0100 | 0048 8386 | f801 0000 

  0x00000165982ce468: ;   {metadata(method data for {method} {0x00000165b50e87f8} 'toString' '()Ljava/lang/String;' in 'java/net/URL')}
  0x00000165982ce468: 0149 b898 | 7a76 b565 | 0100 0041 | 8bb0 cc00 | 0000 83c6 | 0241 89b0 | cc00 0000 | 81e6 feff 
  0x00000165982ce488: 1f00 83fe | 000f 84f0 | 0100 004c 

  0x00000165982ce494: ;   {metadata(method data for {method} {0x00000165b50e87f8} 'toString' '()Ljava/lang/String;' in 'java/net/URL')}
  0x00000165982ce494: 8bc2 48be | 987a 76b5 | 6501 0000 | 4883 8610 | 0100 0001 

  0x00000165982ce4a8: ;   {metadata(method data for {method} {0x00000165b50e88b0} 'toExternalForm' '()Ljava/lang/String;' in 'java/net/URL')}
  0x00000165982ce4a8: 49b8 207c | 76b5 6501 | 0000 418b | b0cc 0000 | 0083 c602 | 4189 b0cc | 0000 0081 | e6fe ff1f 
  0x00000165982ce4c8: 0083 fe00 | 0f84 d201 | 0000 8b72 | 3848 c1e6 | 0348 3b06 

  0x00000165982ce4dc: ;   {metadata(method data for {method} {0x00000165b50e88b0} 'toExternalForm' '()Ljava/lang/String;' in 'java/net/URL')}
  0x00000165982ce4dc: 4c8b c648 | bf20 7c76 | b565 0100 | 0045 8b40 | 0849 ba00 | 0000 0008 | 0000 004d | 03c2 4c3b 
  0x00000165982ce4fc: 8720 0100 | 0075 0d48 | 8387 2801 | 0000 01e9 | 6600 0000 | 4c3b 8730 | 0100 0075 | 0d48 8387 
  0x00000165982ce51c: 3801 0000 | 01e9 5000 | 0000 4881 | bf20 0100 | 0000 0000 | 0075 174c | 8987 2001 | 0000 48c7 
  0x00000165982ce53c: 8728 0100 | 0001 0000 | 00e9 2c00 | 0000 4881 | bf30 0100 | 0000 0000 | 0075 174c | 8987 3001 
  0x00000165982ce55c: 0000 48c7 | 8738 0100 | 0001 0000 | 00e9 0800 | 0000 4883 | 8710 0100 | 0001 4c8b | c248 8bd6 
  0x00000165982ce57c: ;   {optimized virtual_call}
  0x00000165982ce57c: 6666 90e8 

  0x00000165982ce580: ; ImmutableOopMap {[120]=Oop [136]=Oop [128]=Oop [152]=Oop }
                      ;*invokevirtual toExternalForm {reexecute=0 rethrow=0 return_oop=0}
                      ; - java.net.URL::toExternalForm@5 (line 1039)
                      ; - java.net.URL::toString@1 (line 1025)
                      ; - java.lang.ClassLoader::defineClassSourceLocation@22 (line 917)
                      ; - java.lang.ClassLoader::defineClass@12 (line 1016)
  0x00000165982ce580: bc3e fbff | 488b d848 | 8b84 2498 | 0000 008b | b424 9400 | 0000 8bbc | 2490 0000 | 004c 8b8c 
  0x00000165982ce5a0: 2488 0000 | 004c 8b84 | 2480 0000 | 0048 8b54 

  0x00000165982ce5b0: ;   {metadata(method data for {method} {0x00000165b5024d28} 'defineClass' '(Ljava/lang/String;[BIILjava/security/ProtectionDomain;)Ljava/lang/Class;' in 'java/lang/ClassLoader')}
  0x00000165982ce5b0: 2478 48b9 | c8d2 9eb5 | 6501 0000 | 4883 8180 | 0100 0001 | 4c8b da49 | 8bd3 488b | c848 891c 
  0x00000165982ce5d0: 2466 0f1f 

  0x00000165982ce5d4: ;   {static_call}
  0x00000165982ce5d4: 4400 00e8 

  0x00000165982ce5d8: ; ImmutableOopMap {[152]=Oop [120]=Oop }
                      ;*invokestatic defineClass1 {reexecute=0 rethrow=0 return_oop=0}
                      ; - java.lang.ClassLoader::defineClass@27 (line 1017)
  0x00000165982ce5d8: 64f0 9707 | 488b 5424 

  0x00000165982ce5e0: ;   {metadata(method data for {method} {0x00000165b5024d28} 'defineClass' '(Ljava/lang/String;[BIILjava/security/ProtectionDomain;)Ljava/lang/Class;' in 'java/lang/ClassLoader')}
  0x00000165982ce5e0: 7849 b8c8 | d29e b565 | 0100 0049 | 8380 9001 | 0000 014c | 8bc0 4c8b | 8c24 9800 | 0000 488b 
  0x00000165982ce600: 5424 7848 | 8984 24a0 | 0000 000f 

  0x00000165982ce60c: ;   {optimized virtual_call}
  0x00000165982ce60c: 1f40 00e8 

  0x00000165982ce610: ; ImmutableOopMap {[160]=Oop }
                      ;*invokevirtual postDefineClass {reexecute=0 rethrow=0 return_oop=0}
                      ; - java.lang.ClassLoader::defineClass@37 (line 1018)
  0x00000165982ce610: 8cab 0100 | 488b 8424 | a000 0000 | 4881 c4b0 | 0000 005d 

  0x00000165982ce624: ;   {poll_return}
  0x00000165982ce624: 493b a750 | 0300 000f | 8799 0000 

  0x00000165982ce630: ;   {metadata({method} {0x00000165b5024d28} 'defineClass' '(Ljava/lang/String;[BIILjava/security/ProtectionDomain;)Ljava/lang/Class;' in 'java/lang/ClassLoader')}
  0x00000165982ce630: 00c3 49ba | 204d 02b5 | 6501 0000 | 4c89 5424 | 0848 c704 | 24ff ffff 

  0x00000165982ce648: ;   {runtime_call counter_overflow Runtime1 stub}
  0x00000165982ce648: ffe8 32bd 

  0x00000165982ce64c: ; ImmutableOopMap {rdx=Oop [120]=Oop r8=Oop r9=Oop rcx=Oop }
                      ;*synchronization entry
                      ; - java.lang.ClassLoader::defineClass@-1 (line 1015)
  0x00000165982ce64c: 4907 e989 

  0x00000165982ce650: ;   {metadata({method} {0x00000165b5024af0} 'defineClassSourceLocation' '(Ljava/security/ProtectionDomain;)Ljava/lang/String;' in 'java/lang/ClassLoader')}
  0x00000165982ce650: fcff ff49 | bae8 4a02 | b565 0100 | 004c 8954 | 2408 48c7 | 0424 ffff 

  0x00000165982ce668: ;   {runtime_call counter_overflow Runtime1 stub}
  0x00000165982ce668: ffff e811 

  0x00000165982ce66c: ; ImmutableOopMap {[120]=Oop [136]=Oop [128]=Oop rax=Oop [152]=Oop }
                      ;*synchronization entry
                      ; - java.lang.ClassLoader::defineClassSourceLocation@-1 (line 914)
                      ; - java.lang.ClassLoader::defineClass@12 (line 1016)
  0x00000165982ce66c: bd49 07e9 | f9fc ffff 

  0x00000165982ce674: ;   {runtime_call throw_null_pointer_exception Runtime1 stub}
  0x00000165982ce674: e827 6649 

  0x00000165982ce678: ; ImmutableOopMap {[120]=Oop [136]=Oop [128]=Oop rax=Oop [152]=Oop }
                      ;*invokevirtual getCodeSource {reexecute=0 rethrow=0 return_oop=0}
                      ; - java.lang.ClassLoader::defineClassSourceLocation@1 (line 914)
                      ; - java.lang.ClassLoader::defineClass@12 (line 1016)
                      ;   {runtime_call throw_null_pointer_exception Runtime1 stub}
  0x00000165982ce678: 07e8 2266 

  0x00000165982ce67c: ; ImmutableOopMap {[120]=Oop [136]=Oop [128]=Oop rax=Oop [152]=Oop r8=Oop }
                      ;*invokevirtual getLocation {reexecute=0 rethrow=0 return_oop=0}
                      ; - java.lang.ClassLoader::defineClassSourceLocation@12 (line 916)
                      ; - java.lang.ClassLoader::defineClass@12 (line 1016)
                      ;   {runtime_call throw_null_pointer_exception Runtime1 stub}
  0x00000165982ce67c: 4907 e81d 

  0x00000165982ce680: ; ImmutableOopMap {[120]=Oop [136]=Oop [128]=Oop [152]=Oop rdx=Oop }
                      ;*invokevirtual toString {reexecute=0 rethrow=0 return_oop=0}
                      ; - java.lang.ClassLoader::defineClassSourceLocation@22 (line 917)
                      ; - java.lang.ClassLoader::defineClass@12 (line 1016)
                      ;   {metadata({method} {0x00000165b50e87f8} 'toString' '()Ljava/lang/String;' in 'java/net/URL')}
  0x00000165982ce680: 6649 0749 | baf0 870e | b565 0100 | 004c 8954 | 2408 48c7 | 0424 ffff 

  0x00000165982ce698: ;   {runtime_call counter_overflow Runtime1 stub}
  0x00000165982ce698: ffff e8e1 

  0x00000165982ce69c: ; ImmutableOopMap {[120]=Oop [136]=Oop [128]=Oop [152]=Oop rdx=Oop }
                      ;*synchronization entry
                      ; - java.net.URL::toString@-1 (line 1025)
                      ; - java.lang.ClassLoader::defineClassSourceLocation@22 (line 917)
                      ; - java.lang.ClassLoader::defineClass@12 (line 1016)
  0x00000165982ce69c: bc49 07e9 | effd ffff 

  0x00000165982ce6a4: ;   {metadata({method} {0x00000165b50e88b0} 'toExternalForm' '()Ljava/lang/String;' in 'java/net/URL')}
  0x00000165982ce6a4: 49ba a888 | 0eb5 6501 | 0000 4c89 | 5424 0848 | c704 24ff 

  0x00000165982ce6b8: ;   {runtime_call counter_overflow Runtime1 stub}
  0x00000165982ce6b8: ffff ffe8 

  0x00000165982ce6bc: ; ImmutableOopMap {[120]=Oop [136]=Oop [128]=Oop [152]=Oop rdx=Oop }
                      ;*synchronization entry
                      ; - java.net.URL::toExternalForm@-1 (line 1039)
                      ; - java.net.URL::toString@1 (line 1025)
                      ; - java.lang.ClassLoader::defineClassSourceLocation@22 (line 917)
                      ; - java.lang.ClassLoader::defineClass@12 (line 1016)
  0x00000165982ce6bc: c0bc 4907 | e90d feff 

  0x00000165982ce6c4: ;   {runtime_call throw_null_pointer_exception Runtime1 stub}
  0x00000165982ce6c4: ffe8 d665 

  0x00000165982ce6c8: ; ImmutableOopMap {[120]=Oop [136]=Oop [128]=Oop [152]=Oop rdx=Oop rsi=Oop }
                      ;*invokevirtual toExternalForm {reexecute=0 rethrow=0 return_oop=0}
                      ; - java.net.URL::toExternalForm@5 (line 1039)
                      ; - java.net.URL::toString@1 (line 1025)
                      ; - java.lang.ClassLoader::defineClassSourceLocation@22 (line 917)
                      ; - java.lang.ClassLoader::defineClass@12 (line 1016)
                      ;   {internal_word}
  0x00000165982ce6c8: 4907 49ba | 24e6 2c98 | 6501 0000 | 4d89 9768 

  0x00000165982ce6d8: ;   {runtime_call SafepointBlob}
  0x00000165982ce6d8: 0300 00e9 | 2093 3f07 | 9090 498b | 87e0 0300 | 0049 c787 | e003 0000 | 0000 0000 | 49c7 87e8 
  0x00000165982ce6f8: 0300 0000 | 0000 0048 | 81c4 b000 

  0x00000165982ce704: ;   {runtime_call unwind_exception Runtime1 stub}
  0x00000165982ce704: 0000 5de9 | f485 4007 | f4f4 f4f4 | f4f4 f4f4 | f4f4 f4f4 | f4f4 f4f4 | f4f4 f4f4 
[Stub Code]
  0x00000165982ce720: ;   {no_reloc}
  0x00000165982ce720: 0f1f 4400 

  0x00000165982ce724: ;   {static_stub}
  0x00000165982ce724: 0048 bbf8 | 4902 b565 

  0x00000165982ce72c: ;   {runtime_call I2C/C2I adapters}
  0x00000165982ce72c: 0100 00e9 | adf2 3e07 

  0x00000165982ce734: ;   {static_stub}
  0x00000165982ce734: 9048 bb00 | 0000 0000 

  0x00000165982ce73c: ;   {runtime_call}
  0x00000165982ce73c: 0000 00e9 | fbff ffff 

  0x00000165982ce744: ;   {static_stub}
  0x00000165982ce744: 9048 bb00 | 0000 0000 

  0x00000165982ce74c: ;   {runtime_call}
  0x00000165982ce74c: 0000 00e9 | fbff ffff 

  0x00000165982ce754: ;   {static_stub}
  0x00000165982ce754: 9048 bbe8 | 4b02 b565 

  0x00000165982ce75c: ;   {runtime_call I2C/C2I adapters}
  0x00000165982ce75c: 0100 00e9 | 7df2 3e07 
[Exception Handler]
  0x00000165982ce764: ;   {runtime_call handle_exception_from_callee Runtime1 stub}
  0x00000165982ce764: e817 8349 

  0x00000165982ce768: ;   {external_word}
  0x00000165982ce768: 0748 b9e0 | 6d43 e7fb | 7f00 0048 

  0x00000165982ce774: ;   {runtime_call}
  0x00000165982ce774: 83e4 f049 | ba30 ce0b | e7fb 7f00 | 0041 ffd2 

  0x00000165982ce784: ;   {section_word}
  0x00000165982ce784: f449 ba85 | e72c 9865 | 0100 0041 

  0x00000165982ce790: ;   {runtime_call DeoptimizationBlob}
  0x00000165982ce790: 52e9 0a85 | 3f07 f4f4 
[/MachCode]


Compiled method (c1)    6392  841       3       java.security.SecureClassLoader::defineClass (16 bytes)
 total in heap  [0x00000165982cad90,0x00000165982cb180] = 1008
 relocation     [0x00000165982caee8,0x00000165982caf30] = 72
 main code      [0x00000165982caf40,0x00000165982cb080] = 320
 stub code      [0x00000165982cb080,0x00000165982cb0d8] = 88
 metadata       [0x00000165982cb0d8,0x00000165982cb0e0] = 8
 scopes data    [0x00000165982cb0e0,0x00000165982cb128] = 72
 scopes pcs     [0x00000165982cb128,0x00000165982cb178] = 80
 dependencies   [0x00000165982cb178,0x00000165982cb180] = 8

[Constant Pool (empty)]

[MachCode]
[Entry Point]
  # {method} {0x00000165b503da78} 'defineClass' '(Ljava/lang/String;[BIILjava/security/CodeSource;)Ljava/lang/Class;' in 'java/security/SecureClassLoader'
  # this:     rdx:rdx   = 'java/security/SecureClassLoader'
  # parm0:    r8:r8     = 'java/lang/String'
  # parm1:    r9:r9     = '[B'
  # parm2:    rdi       = int
  # parm3:    rsi       = int
  # parm4:    rcx:rcx   = 'java/security/CodeSource'
  #           [sp+0x80]  (sp of caller)
  0x00000165982caf40: 448b 5208 | 49bb 0000 | 0000 0800 | 0000 4d03 | d34c 3bd0 

  0x00000165982caf54: ;   {runtime_call ic_miss_stub}
  0x00000165982caf54: 0f85 2661 | 3f07 660f | 1f44 0000 
[Verified Entry Point]
  0x00000165982caf60: 8984 2400 | 90ff ff55 | 4883 ec70 

  0x00000165982caf6c: ;   {metadata(method data for {method} {0x00000165b503da78} 'defineClass' '(Ljava/lang/String;[BIILjava/security/CodeSource;)Ljava/lang/Class;' in 'java/security/SecureClassLoader')}
  0x00000165982caf6c: 48bb b049 | 9bb5 6501 | 0000 8b83 | cc00 0000 | 83c0 0289 | 83cc 0000 | 0081 e0fe | 0700 0083 
  0x00000165982caf8c: f800 0f84 | 8b00 0000 | 8974 245c | 897c 2458 | 4c89 4c24 | 504c 8944 | 2448 488b 

  0x00000165982cafa8: ;   {metadata(method data for {method} {0x00000165b503da78} 'defineClass' '(Ljava/lang/String;[BIILjava/security/CodeSource;)Ljava/lang/Class;' in 'java/security/SecureClassLoader')}
  0x00000165982cafa8: da48 b8b0 | 499b b565 | 0100 0048 | 8380 1001 | 0000 014c | 8bc1 488b | c248 8bd0 | 4889 4424 
  0x00000165982cafc8: 4066 0f1f 

  0x00000165982cafcc: ;   {optimized virtual_call}
  0x00000165982cafcc: 4400 00e8 

  0x00000165982cafd0: ; ImmutableOopMap {[80]=Oop [64]=Oop [72]=Oop }
                      ;*invokevirtual getProtectionDomain {reexecute=0 rethrow=0 return_oop=0}
                      ; - java.security.SecureClassLoader::defineClass@9 (line 150)
  0x00000165982cafd0: 4c1b 0000 | 488b 5424 

  0x00000165982cafd8: ;   {metadata(method data for {method} {0x00000165b503da78} 'defineClass' '(Ljava/lang/String;[BIILjava/security/CodeSource;)Ljava/lang/Class;' in 'java/security/SecureClassLoader')}
  0x00000165982cafd8: 4049 b8b0 | 499b b565 | 0100 0049 | 8380 4801 | 0000 014c | 8b44 2448 | 4c8b 4c24 | 508b 7c24 
  0x00000165982caff8: 588b 7424 | 5c48 8bc8 | 488b 5424 

  0x00000165982cb004: ;   {optimized virtual_call}
  0x00000165982cb004: 4066 90e8 

  0x00000165982cb008: ; ImmutableOopMap {}
                      ;*invokevirtual defineClass {reexecute=0 rethrow=0 return_oop=0}
                      ; - java.security.SecureClassLoader::defineClass@12 (line 150)
  0x00000165982cb008: 9432 0000 | 4883 c470 

  0x00000165982cb010: ;   {poll_return}
  0x00000165982cb010: 5d49 3ba7 | 5003 0000 | 0f87 2200 

  0x00000165982cb01c: ;   {metadata({method} {0x00000165b503da78} 'defineClass' '(Ljava/lang/String;[BIILjava/security/CodeSource;)Ljava/lang/Class;' in 'java/security/SecureClassLoader')}
  0x00000165982cb01c: 0000 c349 | ba70 da03 | b565 0100 | 004c 8954 | 2408 48c7 | 0424 ffff 

  0x00000165982cb034: ;   {runtime_call counter_overflow Runtime1 stub}
  0x00000165982cb034: ffff e845 

  0x00000165982cb038: ; ImmutableOopMap {rdx=Oop r8=Oop r9=Oop rcx=Oop }
                      ;*synchronization entry
                      ; - java.security.SecureClassLoader::defineClass@-1 (line 150)
  0x00000165982cb038: f349 07e9 | 54ff ffff 

  0x00000165982cb040: ;   {internal_word}
  0x00000165982cb040: 49ba 11b0 | 2c98 6501 | 0000 4d89 | 9768 0300 

  0x00000165982cb050: ;   {runtime_call SafepointBlob}
  0x00000165982cb050: 00e9 aac9 | 3f07 9090 | 498b 87e0 | 0300 0049 | c787 e003 | 0000 0000 | 0000 49c7 | 87e8 0300 
  0x00000165982cb070: 0000 0000 | 0048 83c4 

  0x00000165982cb078: ;   {runtime_call unwind_exception Runtime1 stub}
  0x00000165982cb078: 705d e981 | bc40 07f4 
[Stub Code]
  0x00000165982cb080: ;   {no_reloc}
  0x00000165982cb080: 0f1f 4400 

  0x00000165982cb084: ;   {static_stub}
  0x00000165982cb084: 0048 bb00 | dd03 b565 

  0x00000165982cb08c: ;   {runtime_call I2C/C2I adapters}
  0x00000165982cb08c: 0100 00e9 | c9b5 3f07 

  0x00000165982cb094: ;   {static_stub}
  0x00000165982cb094: 9048 bb20 | 4d02 b565 

  0x00000165982cb09c: ;   {runtime_call I2C/C2I adapters}
  0x00000165982cb09c: 0100 00e9 | 47c3 3e07 
[Exception Handler]
  0x00000165982cb0a4: ;   {runtime_call handle_exception_from_callee Runtime1 stub}
  0x00000165982cb0a4: e8d7 b949 

  0x00000165982cb0a8: ;   {external_word}
  0x00000165982cb0a8: 0748 b9e0 | 6d43 e7fb | 7f00 0048 

  0x00000165982cb0b4: ;   {runtime_call}
  0x00000165982cb0b4: 83e4 f049 | ba30 ce0b | e7fb 7f00 | 0041 ffd2 

  0x00000165982cb0c4: ;   {section_word}
  0x00000165982cb0c4: f449 bac5 | b02c 9865 | 0100 0041 

  0x00000165982cb0d0: ;   {runtime_call DeoptimizationBlob}
  0x00000165982cb0d0: 52e9 cabb | 3f07 f4f4 
[/MachCode]


---------------  P R O C E S S  ---------------

Threads class SMR info:
_java_thread_list=0x00000165b9c30c00, length=14, elements={
0x000001659348ef80, 0x00000165b4445a60, 0x00000165b44468e0, 0x00000165b4485a00,
0x00000165b4486620, 0x00000165b447b740, 0x00000165b447c100, 0x00000165b447cdf0,
0x00000165b447da00, 0x00000165b447e400, 0x00000165b460deb0, 0x00000165b460ea30,
0x00000165b988a800, 0x00000165b9bf3380
}

Java Threads: ( => current thread )
=>0x000001659348ef80 JavaThread "main" [_thread_in_vm, id=12320, stack(0x0000000c95300000,0x0000000c95400000)]
  0x00000165b4445a60 JavaThread "Reference Handler" daemon [_thread_blocked, id=8968, stack(0x0000000c95a00000,0x0000000c95b00000)]
  0x00000165b44468e0 JavaThread "Finalizer" daemon [_thread_blocked, id=1984, stack(0x0000000c95b00000,0x0000000c95c00000)]
  0x00000165b4485a00 JavaThread "Signal Dispatcher" daemon [_thread_blocked, id=2620, stack(0x0000000c95c00000,0x0000000c95d00000)]
  0x00000165b4486620 JavaThread "Attach Listener" daemon [_thread_blocked, id=3188, stack(0x0000000c95d00000,0x0000000c95e00000)]
  0x00000165b447b740 JavaThread "Service Thread" daemon [_thread_blocked, id=13924, stack(0x0000000c95e00000,0x0000000c95f00000)]
  0x00000165b447c100 JavaThread "Monitor Deflation Thread" daemon [_thread_blocked, id=4840, stack(0x0000000c95f00000,0x0000000c96000000)]
  0x00000165b447cdf0 JavaThread "C2 CompilerThread0" daemon [_thread_blocked, id=12408, stack(0x0000000c96000000,0x0000000c96100000)]
  0x00000165b447da00 JavaThread "C1 CompilerThread0" daemon [_thread_blocked, id=9780, stack(0x0000000c96100000,0x0000000c96200000)]
  0x00000165b447e400 JavaThread "Sweeper thread" daemon [_thread_blocked, id=11692, stack(0x0000000c96200000,0x0000000c96300000)]
  0x00000165b460deb0 JavaThread "Notification Thread" daemon [_thread_blocked, id=7972, stack(0x0000000c96300000,0x0000000c96400000)]
  0x00000165b460ea30 JavaThread "Common-Cleaner" daemon [_thread_blocked, id=8312, stack(0x0000000c96500000,0x0000000c96600000)]
  0x00000165b988a800 JavaThread "pool-1-thread-1" [_thread_blocked, id=9756, stack(0x0000000c96c00000,0x0000000c96d00000)]
  0x00000165b9bf3380 JavaThread "DisconnectableInputStream source reader" daemon [_thread_in_native, id=8580, stack(0x0000000c96e00000,0x0000000c96f00000)]

Other Threads:
  0x00000165b441f8c0 VMThread "VM Thread" [stack: 0x0000000c95900000,0x0000000c95a00000] [id=12248]
  0x00000165b460e390 WatcherThread [stack: 0x0000000c96400000,0x0000000c96500000] [id=12836]
  0x00000165934fca00 GCTaskThread "GC Thread#0" [stack: 0x0000000c95400000,0x0000000c95500000] [id=5932]
  0x00000165b9b30c90 GCTaskThread "GC Thread#1" [stack: 0x0000000c96700000,0x0000000c96800000] [id=13636]
  0x00000165b9699040 GCTaskThread "GC Thread#2" [stack: 0x0000000c96800000,0x0000000c96900000] [id=2588]
  0x00000165b9a90070 GCTaskThread "GC Thread#3" [stack: 0x0000000c96900000,0x0000000c96a00000] [id=9444]
  0x00000165b97a6e20 GCTaskThread "GC Thread#4" [stack: 0x0000000c96a00000,0x0000000c96b00000] [id=1192]
  0x00000165b99169e0 GCTaskThread "GC Thread#5" [stack: 0x0000000c96b00000,0x0000000c96c00000] [id=1348]
  0x000001659350d820 ConcurrentGCThread "G1 Main Marker" [stack: 0x0000000c95500000,0x0000000c95600000] [id=2232]
  0x000001659350e9e0 ConcurrentGCThread "G1 Conc#0" [stack: 0x0000000c95600000,0x0000000c95700000] [id=13748]
  0x000001659354ec20 ConcurrentGCThread "G1 Refine#0" [stack: 0x0000000c95700000,0x0000000c95800000] [id=11444]
  0x00000165b4140890 ConcurrentGCThread "G1 Service" [stack: 0x0000000c95800000,0x0000000c95900000] [id=8952]

Threads with active compile tasks:

VM state: not at safepoint (normal execution)

VM Mutex/Monitor currently owned by a thread: None

OutOfMemory and StackOverflow Exception counts:
OutOfMemoryError java_heap_errors=1
LinkageErrors=14

Heap address: 0x0000000701200000, size: 4078 MB, Compressed Oops mode: Zero based, Oop shift amount: 3

CDS archive(s) not mapped
Compressed class space mapped at: 0x0000000800000000-0x0000000840000000, reserved size: 1073741824
Narrow klass base: 0x0000000800000000, Narrow klass shift: 0, Narrow klass range: 0x40000000

GC Precious Log:
 CPUs: 12 total, 12 available
 Memory: 16308M
 Large Page Support: Disabled
 NUMA Support: Disabled
 Compressed Oops: Enabled (Zero based)
 Heap Region Size: 2M
 Heap Min Capacity: 8M
 Heap Initial Capacity: 256M
 Heap Max Capacity: 4078M
 Pre-touch: Disabled
 Parallel Workers: 10
 Concurrent Workers: 3
 Concurrent Refinement Workers: 10
 Periodic GC: Disabled

Heap:
 garbage-first heap   total 262144K, used 22335K [0x0000000701200000, 0x0000000800000000)
  region size 2048K, 9 young (18432K), 2 survivors (4096K)
 Metaspace       used 16290K, committed 16448K, reserved 1114112K
  class space    used 1897K, committed 1984K, reserved 1048576K

Heap Regions: E=young(eden), S=young(survivor), O=old, HS=humongous(starts), HC=humongous(continues), CS=collection set, F=free, OA=open archive, CA=closed archive, TAMS=top-at-mark-start (previous, next)
|   0|0x0000000701200000, 0x0000000701400000, 0x0000000701400000|100%|HS|  |TAMS 0x0000000701200000, 0x0000000701200000| Complete 
|   1|0x0000000701400000, 0x0000000701600000, 0x0000000701600000|100%|HC|  |TAMS 0x0000000701400000, 0x0000000701400000| Complete 
|   2|0x0000000701600000, 0x00000007017cfe00, 0x0000000701800000| 90%| O|  |TAMS 0x0000000701600000, 0x0000000701600000| Untracked 
|   3|0x0000000701800000, 0x0000000701800000, 0x0000000701a00000|  0%| F|  |TAMS 0x0000000701800000, 0x0000000701800000| Untracked 
|   4|0x0000000701a00000, 0x0000000701a00000, 0x0000000701c00000|  0%| F|  |TAMS 0x0000000701a00000, 0x0000000701a00000| Untracked 
|   5|0x0000000701c00000, 0x0000000701c00000, 0x0000000701e00000|  0%| F|  |TAMS 0x0000000701c00000, 0x0000000701c00000| Untracked 
|   6|0x0000000701e00000, 0x0000000701e00000, 0x0000000702000000|  0%| F|  |TAMS 0x0000000701e00000, 0x0000000701e00000| Untracked 
|   7|0x0000000702000000, 0x0000000702000000, 0x0000000702200000|  0%| F|  |TAMS 0x0000000702000000, 0x0000000702000000| Untracked 
|   8|0x0000000702200000, 0x0000000702200000, 0x0000000702400000|  0%| F|  |TAMS 0x0000000702200000, 0x0000000702200000| Untracked 
|   9|0x0000000702400000, 0x0000000702400000, 0x0000000702600000|  0%| F|  |TAMS 0x0000000702400000, 0x0000000702400000| Untracked 
|  10|0x0000000702600000, 0x0000000702600000, 0x0000000702800000|  0%| F|  |TAMS 0x0000000702600000, 0x0000000702600000| Untracked 
|  11|0x0000000702800000, 0x0000000702800000, 0x0000000702a00000|  0%| F|  |TAMS 0x0000000702800000, 0x0000000702800000| Untracked 
|  12|0x0000000702a00000, 0x0000000702a00000, 0x0000000702c00000|  0%| F|  |TAMS 0x0000000702a00000, 0x0000000702a00000| Untracked 
|  13|0x0000000702c00000, 0x0000000702c00000, 0x0000000702e00000|  0%| F|  |TAMS 0x0000000702c00000, 0x0000000702c00000| Untracked 
|  14|0x0000000702e00000, 0x0000000702e00000, 0x0000000703000000|  0%| F|  |TAMS 0x0000000702e00000, 0x0000000702e00000| Untracked 
|  15|0x0000000703000000, 0x0000000703000000, 0x0000000703200000|  0%| F|  |TAMS 0x0000000703000000, 0x0000000703000000| Untracked 
|  16|0x0000000703200000, 0x0000000703200000, 0x0000000703400000|  0%| F|  |TAMS 0x0000000703200000, 0x0000000703200000| Untracked 
|  17|0x0000000703400000, 0x0000000703400000, 0x0000000703600000|  0%| F|  |TAMS 0x0000000703400000, 0x0000000703400000| Untracked 
|  18|0x0000000703600000, 0x0000000703600000, 0x0000000703800000|  0%| F|  |TAMS 0x0000000703600000, 0x0000000703600000| Untracked 
|  19|0x0000000703800000, 0x0000000703800000, 0x0000000703a00000|  0%| F|  |TAMS 0x0000000703800000, 0x0000000703800000| Untracked 
|  20|0x0000000703a00000, 0x0000000703a00000, 0x0000000703c00000|  0%| F|  |TAMS 0x0000000703a00000, 0x0000000703a00000| Untracked 
|  21|0x0000000703c00000, 0x0000000703c00000, 0x0000000703e00000|  0%| F|  |TAMS 0x0000000703c00000, 0x0000000703c00000| Untracked 
|  22|0x0000000703e00000, 0x0000000703e00000, 0x0000000704000000|  0%| F|  |TAMS 0x0000000703e00000, 0x0000000703e00000| Untracked 
|  23|0x0000000704000000, 0x0000000704000000, 0x0000000704200000|  0%| F|  |TAMS 0x0000000704000000, 0x0000000704000000| Untracked 
|  24|0x0000000704200000, 0x0000000704200000, 0x0000000704400000|  0%| F|  |TAMS 0x0000000704200000, 0x0000000704200000| Untracked 
|  25|0x0000000704400000, 0x0000000704400000, 0x0000000704600000|  0%| F|  |TAMS 0x0000000704400000, 0x0000000704400000| Untracked 
|  26|0x0000000704600000, 0x0000000704600000, 0x0000000704800000|  0%| F|  |TAMS 0x0000000704600000, 0x0000000704600000| Untracked 
|  27|0x0000000704800000, 0x0000000704800000, 0x0000000704a00000|  0%| F|  |TAMS 0x0000000704800000, 0x0000000704800000| Untracked 
|  28|0x0000000704a00000, 0x0000000704a00000, 0x0000000704c00000|  0%| F|  |TAMS 0x0000000704a00000, 0x0000000704a00000| Untracked 
|  29|0x0000000704c00000, 0x0000000704c00000, 0x0000000704e00000|  0%| F|  |TAMS 0x0000000704c00000, 0x0000000704c00000| Untracked 
|  30|0x0000000704e00000, 0x0000000704e00000, 0x0000000705000000|  0%| F|  |TAMS 0x0000000704e00000, 0x0000000704e00000| Untracked 
|  31|0x0000000705000000, 0x0000000705000000, 0x0000000705200000|  0%| F|  |TAMS 0x0000000705000000, 0x0000000705000000| Untracked 
|  32|0x0000000705200000, 0x0000000705200000, 0x0000000705400000|  0%| F|  |TAMS 0x0000000705200000, 0x0000000705200000| Untracked 
|  33|0x0000000705400000, 0x0000000705400000, 0x0000000705600000|  0%| F|  |TAMS 0x0000000705400000, 0x0000000705400000| Untracked 
|  34|0x0000000705600000, 0x0000000705600000, 0x0000000705800000|  0%| F|  |TAMS 0x0000000705600000, 0x0000000705600000| Untracked 
|  35|0x0000000705800000, 0x0000000705800000, 0x0000000705a00000|  0%| F|  |TAMS 0x0000000705800000, 0x0000000705800000| Untracked 
|  36|0x0000000705a00000, 0x0000000705a00000, 0x0000000705c00000|  0%| F|  |TAMS 0x0000000705a00000, 0x0000000705a00000| Untracked 
|  37|0x0000000705c00000, 0x0000000705c00000, 0x0000000705e00000|  0%| F|  |TAMS 0x0000000705c00000, 0x0000000705c00000| Untracked 
|  38|0x0000000705e00000, 0x0000000705e00000, 0x0000000706000000|  0%| F|  |TAMS 0x0000000705e00000, 0x0000000705e00000| Untracked 
|  39|0x0000000706000000, 0x0000000706000000, 0x0000000706200000|  0%| F|  |TAMS 0x0000000706000000, 0x0000000706000000| Untracked 
|  40|0x0000000706200000, 0x0000000706200000, 0x0000000706400000|  0%| F|  |TAMS 0x0000000706200000, 0x0000000706200000| Untracked 
|  41|0x0000000706400000, 0x0000000706400000, 0x0000000706600000|  0%| F|  |TAMS 0x0000000706400000, 0x0000000706400000| Untracked 
|  42|0x0000000706600000, 0x0000000706600000, 0x0000000706800000|  0%| F|  |TAMS 0x0000000706600000, 0x0000000706600000| Untracked 
|  43|0x0000000706800000, 0x0000000706800000, 0x0000000706a00000|  0%| F|  |TAMS 0x0000000706800000, 0x0000000706800000| Untracked 
|  44|0x0000000706a00000, 0x0000000706a00000, 0x0000000706c00000|  0%| F|  |TAMS 0x0000000706a00000, 0x0000000706a00000| Untracked 
|  45|0x0000000706c00000, 0x0000000706c00000, 0x0000000706e00000|  0%| F|  |TAMS 0x0000000706c00000, 0x0000000706c00000| Untracked 
|  46|0x0000000706e00000, 0x0000000706e00000, 0x0000000707000000|  0%| F|  |TAMS 0x0000000706e00000, 0x0000000706e00000| Untracked 
|  47|0x0000000707000000, 0x0000000707000000, 0x0000000707200000|  0%| F|  |TAMS 0x0000000707000000, 0x0000000707000000| Untracked 
|  48|0x0000000707200000, 0x0000000707200000, 0x0000000707400000|  0%| F|  |TAMS 0x0000000707200000, 0x0000000707200000| Untracked 
|  49|0x0000000707400000, 0x0000000707400000, 0x0000000707600000|  0%| F|  |TAMS 0x0000000707400000, 0x0000000707400000| Untracked 
|  50|0x0000000707600000, 0x0000000707600000, 0x0000000707800000|  0%| F|  |TAMS 0x0000000707600000, 0x0000000707600000| Untracked 
|  51|0x0000000707800000, 0x0000000707800000, 0x0000000707a00000|  0%| F|  |TAMS 0x0000000707800000, 0x0000000707800000| Untracked 
|  52|0x0000000707a00000, 0x0000000707a00000, 0x0000000707c00000|  0%| F|  |TAMS 0x0000000707a00000, 0x0000000707a00000| Untracked 
|  53|0x0000000707c00000, 0x0000000707c00000, 0x0000000707e00000|  0%| F|  |TAMS 0x0000000707c00000, 0x0000000707c00000| Untracked 
|  54|0x0000000707e00000, 0x0000000707e00000, 0x0000000708000000|  0%| F|  |TAMS 0x0000000707e00000, 0x0000000707e00000| Untracked 
|  55|0x0000000708000000, 0x0000000708000000, 0x0000000708200000|  0%| F|  |TAMS 0x0000000708000000, 0x0000000708000000| Untracked 
|  56|0x0000000708200000, 0x0000000708200000, 0x0000000708400000|  0%| F|  |TAMS 0x0000000708200000, 0x0000000708200000| Untracked 
|  57|0x0000000708400000, 0x0000000708400000, 0x0000000708600000|  0%| F|  |TAMS 0x0000000708400000, 0x0000000708400000| Untracked 
|  58|0x0000000708600000, 0x0000000708600000, 0x0000000708800000|  0%| F|  |TAMS 0x0000000708600000, 0x0000000708600000| Untracked 
|  59|0x0000000708800000, 0x0000000708800000, 0x0000000708a00000|  0%| F|  |TAMS 0x0000000708800000, 0x0000000708800000| Untracked 
|  60|0x0000000708a00000, 0x0000000708a00000, 0x0000000708c00000|  0%| F|  |TAMS 0x0000000708a00000, 0x0000000708a00000| Untracked 
|  61|0x0000000708c00000, 0x0000000708c00000, 0x0000000708e00000|  0%| F|  |TAMS 0x0000000708c00000, 0x0000000708c00000| Untracked 
|  62|0x0000000708e00000, 0x0000000708e00000, 0x0000000709000000|  0%| F|  |TAMS 0x0000000708e00000, 0x0000000708e00000| Untracked 
|  63|0x0000000709000000, 0x0000000709000000, 0x0000000709200000|  0%| F|  |TAMS 0x0000000709000000, 0x0000000709000000| Untracked 
|  64|0x0000000709200000, 0x0000000709200000, 0x0000000709400000|  0%| F|  |TAMS 0x0000000709200000, 0x0000000709200000| Untracked 
|  65|0x0000000709400000, 0x0000000709400000, 0x0000000709600000|  0%| F|  |TAMS 0x0000000709400000, 0x0000000709400000| Untracked 
|  66|0x0000000709600000, 0x0000000709600000, 0x0000000709800000|  0%| F|  |TAMS 0x0000000709600000, 0x0000000709600000| Untracked 
|  67|0x0000000709800000, 0x0000000709800000, 0x0000000709a00000|  0%| F|  |TAMS 0x0000000709800000, 0x0000000709800000| Untracked 
|  68|0x0000000709a00000, 0x0000000709a00000, 0x0000000709c00000|  0%| F|  |TAMS 0x0000000709a00000, 0x0000000709a00000| Untracked 
|  69|0x0000000709c00000, 0x0000000709c00000, 0x0000000709e00000|  0%| F|  |TAMS 0x0000000709c00000, 0x0000000709c00000| Untracked 
|  70|0x0000000709e00000, 0x0000000709e00000, 0x000000070a000000|  0%| F|  |TAMS 0x0000000709e00000, 0x0000000709e00000| Untracked 
|  71|0x000000070a000000, 0x000000070a000000, 0x000000070a200000|  0%| F|  |TAMS 0x000000070a000000, 0x000000070a000000| Untracked 
|  72|0x000000070a200000, 0x000000070a200000, 0x000000070a400000|  0%| F|  |TAMS 0x000000070a200000, 0x000000070a200000| Untracked 
|  73|0x000000070a400000, 0x000000070a400000, 0x000000070a600000|  0%| F|  |TAMS 0x000000070a400000, 0x000000070a400000| Untracked 
|  74|0x000000070a600000, 0x000000070a600000, 0x000000070a800000|  0%| F|  |TAMS 0x000000070a600000, 0x000000070a600000| Untracked 
|  75|0x000000070a800000, 0x000000070a800000, 0x000000070aa00000|  0%| F|  |TAMS 0x000000070a800000, 0x000000070a800000| Untracked 
|  76|0x000000070aa00000, 0x000000070aa00000, 0x000000070ac00000|  0%| F|  |TAMS 0x000000070aa00000, 0x000000070aa00000| Untracked 
|  77|0x000000070ac00000, 0x000000070ac00000, 0x000000070ae00000|  0%| F|  |TAMS 0x000000070ac00000, 0x000000070ac00000| Untracked 
|  78|0x000000070ae00000, 0x000000070ae00000, 0x000000070b000000|  0%| F|  |TAMS 0x000000070ae00000, 0x000000070ae00000| Untracked 
|  79|0x000000070b000000, 0x000000070b000000, 0x000000070b200000|  0%| F|  |TAMS 0x000000070b000000, 0x000000070b000000| Untracked 
|  80|0x000000070b200000, 0x000000070b200000, 0x000000070b400000|  0%| F|  |TAMS 0x000000070b200000, 0x000000070b200000| Untracked 
|  81|0x000000070b400000, 0x000000070b400000, 0x000000070b600000|  0%| F|  |TAMS 0x000000070b400000, 0x000000070b400000| Untracked 
|  82|0x000000070b600000, 0x000000070b600000, 0x000000070b800000|  0%| F|  |TAMS 0x000000070b600000, 0x000000070b600000| Untracked 
|  83|0x000000070b800000, 0x000000070b800000, 0x000000070ba00000|  0%| F|  |TAMS 0x000000070b800000, 0x000000070b800000| Untracked 
|  84|0x000000070ba00000, 0x000000070ba00000, 0x000000070bc00000|  0%| F|  |TAMS 0x000000070ba00000, 0x000000070ba00000| Untracked 
|  85|0x000000070bc00000, 0x000000070bc00000, 0x000000070be00000|  0%| F|  |TAMS 0x000000070bc00000, 0x000000070bc00000| Untracked 
|  86|0x000000070be00000, 0x000000070be00000, 0x000000070c000000|  0%| F|  |TAMS 0x000000070be00000, 0x000000070be00000| Untracked 
|  87|0x000000070c000000, 0x000000070c000000, 0x000000070c200000|  0%| F|  |TAMS 0x000000070c000000, 0x000000070c000000| Untracked 
|  88|0x000000070c200000, 0x000000070c200000, 0x000000070c400000|  0%| F|  |TAMS 0x000000070c200000, 0x000000070c200000| Untracked 
|  89|0x000000070c400000, 0x000000070c400000, 0x000000070c600000|  0%| F|  |TAMS 0x000000070c400000, 0x000000070c400000| Untracked 
|  90|0x000000070c600000, 0x000000070c600000, 0x000000070c800000|  0%| F|  |TAMS 0x000000070c600000, 0x000000070c600000| Untracked 
|  91|0x000000070c800000, 0x000000070c800000, 0x000000070ca00000|  0%| F|  |TAMS 0x000000070c800000, 0x000000070c800000| Untracked 
|  92|0x000000070ca00000, 0x000000070ca00000, 0x000000070cc00000|  0%| F|  |TAMS 0x000000070ca00000, 0x000000070ca00000| Untracked 
|  93|0x000000070cc00000, 0x000000070cc00000, 0x000000070ce00000|  0%| F|  |TAMS 0x000000070cc00000, 0x000000070cc00000| Untracked 
|  94|0x000000070ce00000, 0x000000070ce00000, 0x000000070d000000|  0%| F|  |TAMS 0x000000070ce00000, 0x000000070ce00000| Untracked 
|  95|0x000000070d000000, 0x000000070d000000, 0x000000070d200000|  0%| F|  |TAMS 0x000000070d000000, 0x000000070d000000| Untracked 
|  96|0x000000070d200000, 0x000000070d200000, 0x000000070d400000|  0%| F|  |TAMS 0x000000070d200000, 0x000000070d200000| Untracked 
|  97|0x000000070d400000, 0x000000070d400000, 0x000000070d600000|  0%| F|  |TAMS 0x000000070d400000, 0x000000070d400000| Untracked 
|  98|0x000000070d600000, 0x000000070d600000, 0x000000070d800000|  0%| F|  |TAMS 0x000000070d600000, 0x000000070d600000| Untracked 
|  99|0x000000070d800000, 0x000000070d800000, 0x000000070da00000|  0%| F|  |TAMS 0x000000070d800000, 0x000000070d800000| Untracked 
| 100|0x000000070da00000, 0x000000070da00000, 0x000000070dc00000|  0%| F|  |TAMS 0x000000070da00000, 0x000000070da00000| Untracked 
| 101|0x000000070dc00000, 0x000000070dc00000, 0x000000070de00000|  0%| F|  |TAMS 0x000000070dc00000, 0x000000070dc00000| Untracked 
| 102|0x000000070de00000, 0x000000070de00000, 0x000000070e000000|  0%| F|  |TAMS 0x000000070de00000, 0x000000070de00000| Untracked 
| 103|0x000000070e000000, 0x000000070e000000, 0x000000070e200000|  0%| F|  |TAMS 0x000000070e000000, 0x000000070e000000| Untracked 
| 104|0x000000070e200000, 0x000000070e200000, 0x000000070e400000|  0%| F|  |TAMS 0x000000070e200000, 0x000000070e200000| Untracked 
| 105|0x000000070e400000, 0x000000070e400000, 0x000000070e600000|  0%| F|  |TAMS 0x000000070e400000, 0x000000070e400000| Untracked 
| 106|0x000000070e600000, 0x000000070e600000, 0x000000070e800000|  0%| F|  |TAMS 0x000000070e600000, 0x000000070e600000| Untracked 
| 107|0x000000070e800000, 0x000000070e800000, 0x000000070ea00000|  0%| F|  |TAMS 0x000000070e800000, 0x000000070e800000| Untracked 
| 108|0x000000070ea00000, 0x000000070ea00000, 0x000000070ec00000|  0%| F|  |TAMS 0x000000070ea00000, 0x000000070ea00000| Untracked 
| 109|0x000000070ec00000, 0x000000070ec00000, 0x000000070ee00000|  0%| F|  |TAMS 0x000000070ec00000, 0x000000070ec00000| Untracked 
| 110|0x000000070ee00000, 0x000000070ee00000, 0x000000070f000000|  0%| F|  |TAMS 0x000000070ee00000, 0x000000070ee00000| Untracked 
| 111|0x000000070f000000, 0x000000070f000000, 0x000000070f200000|  0%| F|  |TAMS 0x000000070f000000, 0x000000070f000000| Untracked 
| 112|0x000000070f200000, 0x000000070f200000, 0x000000070f400000|  0%| F|  |TAMS 0x000000070f200000, 0x000000070f200000| Untracked 
| 113|0x000000070f400000, 0x000000070f400000, 0x000000070f600000|  0%| F|  |TAMS 0x000000070f400000, 0x000000070f400000| Untracked 
| 114|0x000000070f600000, 0x000000070f600000, 0x000000070f800000|  0%| F|  |TAMS 0x000000070f600000, 0x000000070f600000| Untracked 
| 115|0x000000070f800000, 0x000000070fa00000, 0x000000070fa00000|100%| S|CS|TAMS 0x000000070f800000, 0x000000070f800000| Complete 
| 116|0x000000070fa00000, 0x000000070fc00000, 0x000000070fc00000|100%| S|CS|TAMS 0x000000070fa00000, 0x000000070fa00000| Complete 
| 117|0x000000070fc00000, 0x000000070fc00000, 0x000000070fe00000|  0%| F|  |TAMS 0x000000070fc00000, 0x000000070fc00000| Untracked 
| 118|0x000000070fe00000, 0x000000070fe00000, 0x0000000710000000|  0%| F|  |TAMS 0x000000070fe00000, 0x000000070fe00000| Untracked 
| 119|0x0000000710000000, 0x0000000710000000, 0x0000000710200000|  0%| F|  |TAMS 0x0000000710000000, 0x0000000710000000| Untracked 
| 120|0x0000000710200000, 0x0000000710200000, 0x0000000710400000|  0%| F|  |TAMS 0x0000000710200000, 0x0000000710200000| Untracked 
| 121|0x0000000710400000, 0x0000000710600000, 0x0000000710600000|100%| E|  |TAMS 0x0000000710400000, 0x0000000710400000| Complete 
| 122|0x0000000710600000, 0x0000000710800000, 0x0000000710800000|100%| E|CS|TAMS 0x0000000710600000, 0x0000000710600000| Complete 
| 123|0x0000000710800000, 0x0000000710a00000, 0x0000000710a00000|100%| E|CS|TAMS 0x0000000710800000, 0x0000000710800000| Complete 
| 124|0x0000000710a00000, 0x0000000710c00000, 0x0000000710c00000|100%| E|CS|TAMS 0x0000000710a00000, 0x0000000710a00000| Complete 
| 125|0x0000000710c00000, 0x0000000710e00000, 0x0000000710e00000|100%| E|CS|TAMS 0x0000000710c00000, 0x0000000710c00000| Complete 
| 126|0x0000000710e00000, 0x0000000711000000, 0x0000000711000000|100%| E|CS|TAMS 0x0000000710e00000, 0x0000000710e00000| Complete 
| 127|0x0000000711000000, 0x0000000711200000, 0x0000000711200000|100%| E|CS|TAMS 0x0000000711000000, 0x0000000711000000| Complete 

Card table byte_map: [0x00000165a85e0000,0x00000165a8de0000] _byte_map_base: 0x00000165a4dd7000

Marking Bits (Prev, Next): (CMBitMap*) 0x00000165934fd020, (CMBitMap*) 0x00000165934fd060
 Prev Bits: [0x00000165a95e0000, 0x00000165ad598000)
 Next Bits: [0x00000165ad5a0000, 0x00000165b1558000)

Polling page: 0x0000016593550000

Metaspace:

Usage:
  Non-class:     14.06 MB used.
      Class:      1.85 MB used.
       Both:     15.91 MB used.

Virtual space:
  Non-class space:       64.00 MB reserved,      14.12 MB ( 22%) committed,  1 nodes.
      Class space:        1.00 GB reserved,       1.94 MB ( <1%) committed,  1 nodes.
             Both:        1.06 GB reserved,      16.06 MB (  1%) committed. 

Chunk freelists:
   Non-Class:  976.00 KB
       Class:  14.05 MB
        Both:  15.00 MB

MaxMetaspaceSize: unlimited
CompressedClassSpaceSize: 1.00 GB
Initial GC threshold: 21.00 MB
Current GC threshold: 21.00 MB
CDS: off
MetaspaceReclaimPolicy: balanced
 - commit_granule_bytes: 65536.
 - commit_granule_words: 8192.
 - virtual_space_node_default_size: 8388608.
 - enlarge_chunks_in_place: 1.
 - new_chunks_are_fully_committed: 0.
 - uncommit_free_chunks: 1.
 - use_allocation_guard: 0.
 - handle_deallocations: 1.


Internal statistics:

num_allocs_failed_limit: 0.
num_arena_births: 76.
num_arena_deaths: 0.
num_vsnodes_births: 2.
num_vsnodes_deaths: 0.
num_space_committed: 257.
num_space_uncommitted: 0.
num_chunks_returned_to_freelist: 0.
num_chunks_taken_from_freelist: 305.
num_chunk_merges: 0.
num_chunk_splits: 202.
num_chunks_enlarged: 164.
num_inconsistent_stats: 0.

CodeHeap 'non-profiled nmethods': size=120000Kb used=470Kb max_used=470Kb free=119529Kb
 bounds [0x000001659fc10000, 0x000001659fe80000, 0x00000165a7140000]
CodeHeap 'profiled nmethods': size=120000Kb used=2379Kb max_used=2379Kb free=117620Kb
 bounds [0x0000016598140000, 0x00000165983b0000, 0x000001659f670000]
CodeHeap 'non-nmethods': size=5760Kb used=1163Kb max_used=1187Kb free=4596Kb
 bounds [0x000001659f670000, 0x000001659f8e0000, 0x000001659fc10000]
 total_blobs=1721 nmethods=1263 adapters=371
 compilation: enabled
              stopped_count=0, restarted_count=0
 full_count=0

Compilation events (20 events):
Event: 3.287 Thread 0x00000165b447da00 1254       3       org.gradle.internal.logging.serializer.ProgressCompleteEventSerializer::read (51 bytes)
Event: 3.287 Thread 0x00000165b447da00 nmethod 1254 0x000001659838e610 code [0x000001659838e840, 0x000001659838f128]
Event: 3.287 Thread 0x00000165b447da00 1255       3       org.gradle.internal.operations.OperationIdentifier::equals (47 bytes)
Event: 3.288 Thread 0x00000165b447da00 nmethod 1255 0x000001659838f410 code [0x000001659838f5c0, 0x000001659838f998]
Event: 4.361 Thread 0x00000165b447da00 1256       1       java.util.concurrent.atomic.AtomicLong::get (5 bytes)
Event: 4.361 Thread 0x00000165b447da00 nmethod 1256 0x000001659fc85590 code [0x000001659fc85720, 0x000001659fc857f8]
Event: 4.874 Thread 0x00000165b447da00 1257       3       java.util.concurrent.locks.AbstractQueuedSynchronizer::signalNext (34 bytes)
Event: 4.875 Thread 0x00000165b447da00 nmethod 1257 0x000001659838fa90 code [0x000001659838fc60, 0x000001659838ff38]
Event: 4.875 Thread 0x00000165b447da00 1258       3       java.util.concurrent.locks.ReentrantLock::lock (8 bytes)
Event: 4.875 Thread 0x00000165b447da00 nmethod 1258 0x0000016598390090 code [0x0000016598390240, 0x00000165983904f8]
Event: 4.875 Thread 0x00000165b447da00 1259       3       java.util.concurrent.locks.ReentrantLock$Sync::lock (13 bytes)
Event: 4.875 Thread 0x00000165b447da00 nmethod 1259 0x0000016598390610 code [0x00000165983907c0, 0x00000165983909f8]
Event: 5.562 Thread 0x00000165b447da00 1260       3       java.util.concurrent.ThreadPoolExecutor::runStateAtLeast (11 bytes)
Event: 5.562 Thread 0x00000165b447da00 nmethod 1260 0x0000016598390a90 code [0x0000016598390c20, 0x0000016598390d78]
Event: 6.341 Thread 0x00000165b447da00 1261       3       java.lang.StringBuilder::append (8 bytes)
Event: 6.341 Thread 0x00000165b447da00 nmethod 1261 0x0000016598390e10 code [0x0000016598390fa0, 0x00000165983910e8]
Event: 6.341 Thread 0x00000165b447da00 1262       3       java.lang.AbstractStringBuilder::append (55 bytes)
Event: 6.341 Thread 0x00000165b447da00 nmethod 1262 0x0000016598391190 code [0x0000016598391360, 0x0000016598391698]
Event: 6.341 Thread 0x00000165b447da00 1263       3       java.lang.invoke.MethodType::insertParameterTypes (121 bytes)
Event: 6.342 Thread 0x00000165b447da00 nmethod 1263 0x0000016598391810 code [0x0000016598391ae0, 0x00000165983928e8]

GC Heap History (2 events):
Event: 0.536 GC heap before
{Heap before GC invocations=0 (full 0):
 garbage-first heap   total 262144K, used 24576K [0x0000000701200000, 0x0000000800000000)
  region size 2048K, 11 young (22528K), 0 survivors (0K)
 Metaspace       used 11076K, committed 11264K, reserved 1114112K
  class space    used 1150K, committed 1216K, reserved 1048576K
}
Event: 0.539 GC heap after
{Heap after GC invocations=1 (full 0):
 garbage-first heap   total 262144K, used 10047K [0x0000000701200000, 0x0000000800000000)
  region size 2048K, 2 young (4096K), 2 survivors (4096K)
 Metaspace       used 11076K, committed 11264K, reserved 1114112K
  class space    used 1150K, committed 1216K, reserved 1048576K
}

Dll operation events (2 events):
Event: 0.005 Loaded shared library C:\Program Files\Android\Android Studio\jbr\bin\java.dll
Event: 0.093 Loaded shared library C:\Program Files\Android\Android Studio\jbr\bin\verify.dll

Deoptimization events (20 events):
Event: 0.663 Thread 0x000001659348ef80 DEOPT PACKING pc=0x000001659fc67a14 sp=0x0000000c953fb390
Event: 0.663 Thread 0x000001659348ef80 DEOPT UNPACKING pc=0x000001659f6c69a3 sp=0x0000000c953fb330 mode 2
Event: 0.663 Thread 0x000001659348ef80 Uncommon trap: trap_request=0xffffffc6 fr.pc=0x000001659fc67a14 relative=0x00000000000005b4
Event: 0.663 Thread 0x000001659348ef80 Uncommon trap: reason=bimorphic_or_optimized_type_check action=maybe_recompile pc=0x000001659fc67a14 method=java.util.concurrent.ConcurrentHashMap.get(Ljava/lang/Object;)Ljava/lang/Object; @ 149 c2
Event: 0.663 Thread 0x000001659348ef80 DEOPT PACKING pc=0x000001659fc67a14 sp=0x0000000c953fb390
Event: 0.663 Thread 0x000001659348ef80 DEOPT UNPACKING pc=0x000001659f6c69a3 sp=0x0000000c953fb330 mode 2
Event: 0.663 Thread 0x000001659348ef80 Uncommon trap: trap_request=0xffffffc6 fr.pc=0x000001659fc67a14 relative=0x00000000000005b4
Event: 0.663 Thread 0x000001659348ef80 Uncommon trap: reason=bimorphic_or_optimized_type_check action=maybe_recompile pc=0x000001659fc67a14 method=java.util.concurrent.ConcurrentHashMap.get(Ljava/lang/Object;)Ljava/lang/Object; @ 149 c2
Event: 0.663 Thread 0x000001659348ef80 DEOPT PACKING pc=0x000001659fc67a14 sp=0x0000000c953fb390
Event: 0.663 Thread 0x000001659348ef80 DEOPT UNPACKING pc=0x000001659f6c69a3 sp=0x0000000c953fb330 mode 2
Event: 0.683 Thread 0x000001659348ef80 DEOPT PACKING pc=0x0000016598261748 sp=0x0000000c953fa520
Event: 0.683 Thread 0x000001659348ef80 DEOPT UNPACKING pc=0x000001659f6c7143 sp=0x0000000c953f9a38 mode 0
Event: 0.835 Thread 0x000001659348ef80 Uncommon trap: trap_request=0xffffff45 fr.pc=0x000001659fc422e8 relative=0x0000000000000628
Event: 0.835 Thread 0x000001659348ef80 Uncommon trap: reason=unstable_if action=reinterpret pc=0x000001659fc422e8 method=java.lang.AbstractStringBuilder.append(Ljava/lang/String;)Ljava/lang/AbstractStringBuilder; @ 1 c2
Event: 0.835 Thread 0x000001659348ef80 DEOPT PACKING pc=0x000001659fc422e8 sp=0x0000000c953fc920
Event: 0.835 Thread 0x000001659348ef80 DEOPT UNPACKING pc=0x000001659f6c69a3 sp=0x0000000c953fc8a0 mode 2
Event: 0.835 Thread 0x000001659348ef80 Uncommon trap: trap_request=0xffffff45 fr.pc=0x000001659fc516fc relative=0x000000000000063c
Event: 0.835 Thread 0x000001659348ef80 Uncommon trap: reason=unstable_if action=reinterpret pc=0x000001659fc516fc method=java.lang.AbstractStringBuilder.append(Ljava/lang/String;)Ljava/lang/AbstractStringBuilder; @ 1 c2
Event: 0.835 Thread 0x000001659348ef80 DEOPT PACKING pc=0x000001659fc516fc sp=0x0000000c953fc8c0
Event: 0.835 Thread 0x000001659348ef80 DEOPT UNPACKING pc=0x000001659f6c69a3 sp=0x0000000c953fc8a8 mode 2

Classes unloaded (0 events):
No events

Classes redefined (0 events):
No events

Internal exceptions (19 events):
Event: 0.185 Thread 0x000001659348ef80 Exception <a 'java/lang/NoSuchMethodError'{0x0000000710f7e1e0}: 'int java.lang.invoke.DirectMethodHandle$Holder.invokeStaticInit(java.lang.Object, java.lang.Object)'> (0x0000000710f7e1e0) 
thrown [s\src\hotspot\share\interpreter\linkResolver.cpp, line 771]
Event: 0.507 Thread 0x000001659348ef80 Exception <a 'java/lang/NoSuchMethodError'{0x000000070fc9e4a8}: 'void java.lang.invoke.DirectMethodHandle$Holder.invokeStatic(java.lang.Object, java.lang.Object)'> (0x000000070fc9e4a8) 
thrown [s\src\hotspot\share\interpreter\linkResolver.cpp, line 771]
Event: 0.521 Thread 0x000001659348ef80 Exception <a 'java/lang/NoClassDefFoundError'{0x000000070fd268e0}: org/slf4j/impl/StaticMarkerBinder> (0x000000070fd268e0) 
thrown [s\src\hotspot\share\classfile\systemDictionary.cpp, line 245]
Event: 0.529 Thread 0x000001659348ef80 Exception <a 'java/lang/NoSuchMethodError'{0x000000070fdc1eb8}: 'java.lang.Object java.lang.invoke.DirectMethodHandle$Holder.invokeVirtual(java.lang.Object, java.lang.Object, java.lang.Object, java.lang.Object, java.lang.Object, java.lang.Object, java.lang.Object)'> (0x000000070fdc1eb8) 
thrown [s\src\hotspot\share\interpreter\linkResolver.cpp, line 771]
Event: 0.530 Thread 0x000001659348ef80 Exception <a 'java/lang/NoSuchMethodError'{0x000000070fdd3ca0}: 'java.lang.Object java.lang.invoke.Invokers$Holder.invoker(java.lang.Object, java.lang.Object, java.lang.Object)'> (0x000000070fdd3ca0) 
thrown [s\src\hotspot\share\interpreter\linkResolver.cpp, line 771]
Event: 0.532 Thread 0x000001659348ef80 Exception <a 'java/lang/NoSuchMethodError'{0x000000070fddcd48}: 'java.lang.Object java.lang.invoke.DirectMethodHandle$Holder.invokeStatic(java.lang.Object, java.lang.Object, int)'> (0x000000070fddcd48) 
thrown [s\src\hotspot\share\interpreter\linkResolver.cpp, line 771]
Event: 0.533 Thread 0x000001659348ef80 Exception <a 'java/lang/NoSuchMethodError'{0x000000070fde8a38}: 'void java.lang.invoke.DelegatingMethodHandle$Holder.delegate(java.lang.Object, java.lang.Object, int, java.lang.Object)'> (0x000000070fde8a38) 
thrown [s\src\hotspot\share\interpreter\linkResolver.cpp, line 771]
Event: 0.533 Thread 0x000001659348ef80 Exception <a 'java/lang/NoSuchMethodError'{0x000000070fdecb80}: 'int java.lang.invoke.DirectMethodHandle$Holder.invokeSpecial(java.lang.Object, java.lang.Object, java.lang.Object)'> (0x000000070fdecb80) 
thrown [s\src\hotspot\share\interpreter\linkResolver.cpp, line 771]
Event: 0.539 Thread 0x000001659348ef80 Exception <a 'java/lang/NoSuchMethodError'{0x000000070fa00198}: 'java.lang.Object java.lang.invoke.Invokers$Holder.invokeExact_MT(java.lang.Object, java.lang.Object, java.lang.Object, java.lang.Object)'> (0x000000070fa00198) 
thrown [s\src\hotspot\share\interpreter\linkResolver.cpp, line 771]
Event: 0.602 Thread 0x000001659348ef80 Exception <a 'java/lang/NoSuchMethodError'{0x0000000710c96c98}: 'void java.lang.invoke.DirectMethodHandle$Holder.invokeSpecial(java.lang.Object, java.lang.Object, java.lang.Object)'> (0x0000000710c96c98) 
thrown [s\src\hotspot\share\interpreter\linkResolver.cpp, line 771]
Event: 0.612 Thread 0x000001659348ef80 Implicit null exception at 0x000001659fc5a110 to 0x000001659fc5a680
Event: 0.612 Thread 0x000001659348ef80 Implicit null exception at 0x000001659fc4cb10 to 0x000001659fc4d07c
Event: 0.626 Thread 0x000001659348ef80 Exception <a 'java/lang/NoSuchMethodError'{0x0000000710a33ab8}: 'java.lang.Object java.lang.invoke.DirectMethodHandle$Holder.invokeStaticInit(java.lang.Object)'> (0x0000000710a33ab8) 
thrown [s\src\hotspot\share\interpreter\linkResolver.cpp, line 771]
Event: 0.692 Thread 0x000001659348ef80 Exception <a 'java/lang/NoSuchMethodError'{0x000000071063bc68}: 'java.lang.Object java.lang.invoke.DirectMethodHandle$Holder.invokeStaticInit(java.lang.Object, int, int, int, int)'> (0x000000071063bc68) 
thrown [s\src\hotspot\share\interpreter\linkResolver.cpp, line 771]
Event: 0.735 Thread 0x000001659348ef80 Exception <a 'java/lang/NoSuchMethodError'{0x0000000710682048}: 'java.lang.Object java.lang.invoke.DirectMethodHandle$Holder.invokeStaticInit(java.lang.Object, java.lang.Object, int, int, int, int)'> (0x0000000710682048) 
thrown [s\src\hotspot\share\interpreter\linkResolver.cpp, line 771]
Event: 0.823 Thread 0x000001659348ef80 Exception <a 'java/lang/NoSuchMethodError'{0x00000007106af710}: 'void java.lang.invoke.DirectMethodHandle$Holder.invokeStatic(java.lang.Object, java.lang.Object, java.lang.Object)'> (0x00000007106af710) 
thrown [s\src\hotspot\share\interpreter\linkResolver.cpp, line 771]
Event: 0.835 Thread 0x000001659348ef80 Implicit null exception at 0x000001659fc41cf2 to 0x000001659fc422d0
Event: 0.835 Thread 0x000001659348ef80 Implicit null exception at 0x000001659fc510f2 to 0x000001659fc516e4
Event: 6.341 Thread 0x000001659348ef80 Exception <a 'java/lang/OutOfMemoryError'{0x00000007105b9a40}> (0x00000007105b9a40) 
thrown [s\src\hotspot\share\prims\jni.cpp, line 550]

VM Operations (18 events):
Event: 0.090 Executing VM operation: HandshakeAllThreads
Event: 0.090 Executing VM operation: HandshakeAllThreads done
Event: 0.443 Executing VM operation: HandshakeAllThreads
Event: 0.443 Executing VM operation: HandshakeAllThreads done
Event: 0.532 Executing VM operation: HandshakeAllThreads
Event: 0.532 Executing VM operation: HandshakeAllThreads done
Event: 0.535 Executing VM operation: G1CollectForAllocation
Event: 0.539 Executing VM operation: G1CollectForAllocation done
Event: 0.666 Executing VM operation: HandshakeAllThreads
Event: 0.666 Executing VM operation: HandshakeAllThreads done
Event: 0.731 Executing VM operation: HandshakeAllThreads
Event: 0.731 Executing VM operation: HandshakeAllThreads done
Event: 1.735 Executing VM operation: Cleanup
Event: 1.735 Executing VM operation: Cleanup done
Event: 2.741 Executing VM operation: Cleanup
Event: 2.741 Executing VM operation: Cleanup done
Event: 3.745 Executing VM operation: Cleanup
Event: 3.745 Executing VM operation: Cleanup done

Events (20 events):
Event: 0.980 loading class jdk/internal/reflect/ClassFileAssembler
Event: 0.980 loading class jdk/internal/reflect/ClassFileAssembler done
Event: 0.980 loading class jdk/internal/reflect/UTF8
Event: 0.980 loading class jdk/internal/reflect/UTF8 done
Event: 0.980 loading class jdk/internal/reflect/Label
Event: 0.980 loading class jdk/internal/reflect/Label done
Event: 0.980 loading class jdk/internal/reflect/Label$PatchInfo
Event: 0.981 loading class jdk/internal/reflect/Label$PatchInfo done
Event: 0.981 loading class jdk/internal/reflect/MethodAccessorGenerator$1
Event: 0.981 loading class jdk/internal/reflect/MethodAccessorGenerator$1 done
Event: 0.981 loading class jdk/internal/reflect/ClassDefiner
Event: 0.981 loading class jdk/internal/reflect/ClassDefiner done
Event: 0.981 loading class jdk/internal/reflect/ClassDefiner$1
Event: 0.981 loading class jdk/internal/reflect/ClassDefiner$1 done
Event: 1.026 Thread 0x00000165b9193bb0 Thread exited: 0x00000165b9193bb0
Event: 6.341 loading class java/lang/ClassFormatError
Event: 6.341 loading class java/lang/ClassFormatError done
Event: 6.341 loading class java/util/concurrent/locks/AbstractQueuedSynchronizer$ExclusiveNode
Event: 6.341 loading class java/util/concurrent/locks/AbstractQueuedSynchronizer$ExclusiveNode done
Event: 6.341 Thread 0x00000165b9c14270 Thread exited: 0x00000165b9c14270


Dynamic libraries:
0x00007ff6911e0000 - 0x00007ff6911ea000 	C:\Program Files\Android\Android Studio\jbr\bin\java.exe
0x00007ffc4b8f0000 - 0x00007ffc4bae8000 	C:\WINDOWS\SYSTEM32\ntdll.dll
0x00007ffc4b1e0000 - 0x00007ffc4b2a1000 	C:\WINDOWS\System32\KERNEL32.DLL
0x00007ffc49620000 - 0x00007ffc4991d000 	C:\WINDOWS\System32\KERNELBASE.dll
0x00007ffc491f0000 - 0x00007ffc492f0000 	C:\WINDOWS\System32\ucrtbase.dll
0x00007ffc2c620000 - 0x00007ffc2c637000 	C:\Program Files\Android\Android Studio\jbr\bin\jli.dll
0x00007ffbbc1f0000 - 0x00007ffbbc20b000 	C:\Program Files\Android\Android Studio\jbr\bin\VCRUNTIME140.dll
0x00007ffc4ac50000 - 0x00007ffc4aded000 	C:\WINDOWS\System32\USER32.dll
0x00007ffc33480000 - 0x00007ffc3371a000 	C:\WINDOWS\WinSxS\amd64_microsoft.windows.common-controls_6595b64144ccf1df_6.0.19041.4355_none_60b8b9eb71f62e16\COMCTL32.dll
0x00007ffc495f0000 - 0x00007ffc49612000 	C:\WINDOWS\System32\win32u.dll
0x00007ffc4a3f0000 - 0x00007ffc4a48e000 	C:\WINDOWS\System32\msvcrt.dll
0x00007ffc4a490000 - 0x00007ffc4a4bb000 	C:\WINDOWS\System32\GDI32.dll
0x00007ffc48fa0000 - 0x00007ffc490b7000 	C:\WINDOWS\System32\gdi32full.dll
0x00007ffc49150000 - 0x00007ffc491ed000 	C:\WINDOWS\System32\msvcp_win.dll
0x00007ffc4a5f0000 - 0x00007ffc4a61f000 	C:\WINDOWS\System32\IMM32.DLL
0x00007ffc0dc20000 - 0x00007ffc0dc2c000 	C:\Program Files\Android\Android Studio\jbr\bin\vcruntime140_1.dll
0x00007ffbbc160000 - 0x00007ffbbc1ed000 	C:\Program Files\Android\Android Studio\jbr\bin\msvcp140.dll
0x00007ffbe6b00000 - 0x00007ffbe7783000 	C:\Program Files\Android\Android Studio\jbr\bin\server\jvm.dll
0x00007ffc4ab80000 - 0x00007ffc4ac30000 	C:\WINDOWS\System32\ADVAPI32.dll
0x00007ffc4a180000 - 0x00007ffc4a220000 	C:\WINDOWS\System32\sechost.dll
0x00007ffc4a4c0000 - 0x00007ffc4a5e3000 	C:\WINDOWS\System32\RPCRT4.dll
0x00007ffc49510000 - 0x00007ffc49537000 	C:\WINDOWS\System32\bcrypt.dll
0x00007ffc48a20000 - 0x00007ffc48a6b000 	C:\WINDOWS\SYSTEM32\POWRPROF.dll
0x00007ffc391a0000 - 0x00007ffc391a9000 	C:\WINDOWS\SYSTEM32\WSOCK32.dll
0x00007ffc3ef30000 - 0x00007ffc3ef57000 	C:\WINDOWS\SYSTEM32\WINMM.dll
0x00007ffc41cc0000 - 0x00007ffc41cca000 	C:\WINDOWS\SYSTEM32\VERSION.dll
0x00007ffc4a6f0000 - 0x00007ffc4a75b000 	C:\WINDOWS\System32\WS2_32.dll
0x00007ffc48a00000 - 0x00007ffc48a12000 	C:\WINDOWS\SYSTEM32\UMPDC.dll
0x00007ffc46e40000 - 0x00007ffc46e52000 	C:\WINDOWS\SYSTEM32\kernel.appcore.dll
0x00007ffc2cba0000 - 0x00007ffc2cbaa000 	C:\Program Files\Android\Android Studio\jbr\bin\jimage.dll
0x00007ffc422b0000 - 0x00007ffc42494000 	C:\WINDOWS\SYSTEM32\DBGHELP.DLL
0x00007ffc38810000 - 0x00007ffc38844000 	C:\WINDOWS\SYSTEM32\dbgcore.DLL
0x00007ffc490c0000 - 0x00007ffc49142000 	C:\WINDOWS\System32\bcryptPrimitives.dll
0x00007ffc2caf0000 - 0x00007ffc2cb15000 	C:\Program Files\Android\Android Studio\jbr\bin\java.dll
0x00007ffc2cad0000 - 0x00007ffc2cae8000 	C:\Program Files\Android\Android Studio\jbr\bin\zip.dll
0x00007ffc49a10000 - 0x00007ffc4a17f000 	C:\WINDOWS\System32\SHELL32.dll
0x00007ffc47040000 - 0x00007ffc477e3000 	C:\WINDOWS\SYSTEM32\windows.storage.dll
0x00007ffc4a820000 - 0x00007ffc4ab73000 	C:\WINDOWS\System32\combase.dll
0x00007ffc48960000 - 0x00007ffc4898e000 	C:\WINDOWS\SYSTEM32\Wldp.dll
0x00007ffc4a620000 - 0x00007ffc4a6ed000 	C:\WINDOWS\System32\OLEAUT32.dll
0x00007ffc4a220000 - 0x00007ffc4a2cd000 	C:\WINDOWS\System32\SHCORE.dll
0x00007ffc4b2b0000 - 0x00007ffc4b305000 	C:\WINDOWS\System32\shlwapi.dll
0x00007ffc48ed0000 - 0x00007ffc48ef4000 	C:\WINDOWS\SYSTEM32\profapi.dll
0x00007ffc2cab0000 - 0x00007ffc2cac9000 	C:\Program Files\Android\Android Studio\jbr\bin\net.dll
0x00007ffc42000000 - 0x00007ffc4210d000 	C:\WINDOWS\SYSTEM32\WINHTTP.dll
0x00007ffc48660000 - 0x00007ffc486ca000 	C:\WINDOWS\system32\mswsock.dll
0x00007ffc2ca90000 - 0x00007ffc2caa6000 	C:\Program Files\Android\Android Studio\jbr\bin\nio.dll
0x00007ffc2c650000 - 0x00007ffc2c660000 	C:\Program Files\Android\Android Studio\jbr\bin\verify.dll
0x00007ffbbc130000 - 0x00007ffbbc157000 	C:\Users\DAVID\.gradle\native\c067742578af261105cb4f569cf0c3c89f3d7b1fecec35dd04571415982c5e48\windows-amd64\native-platform.dll
0x00007ffc2c670000 - 0x00007ffc2c679000 	C:\Program Files\Android\Android Studio\jbr\bin\management.dll
0x00007ffc2c660000 - 0x00007ffc2c66b000 	C:\Program Files\Android\Android Studio\jbr\bin\management_ext.dll
0x00007ffc4ac30000 - 0x00007ffc4ac38000 	C:\WINDOWS\System32\PSAPI.DLL
0x00007ffc48850000 - 0x00007ffc48868000 	C:\WINDOWS\SYSTEM32\CRYPTSP.dll
0x00007ffc47f80000 - 0x00007ffc47fb4000 	C:\WINDOWS\system32\rsaenh.dll
0x00007ffc48e90000 - 0x00007ffc48ebe000 	C:\WINDOWS\SYSTEM32\USERENV.dll
0x00007ffc48870000 - 0x00007ffc4887c000 	C:\WINDOWS\SYSTEM32\CRYPTBASE.dll
0x00007ffc48340000 - 0x00007ffc4837b000 	C:\WINDOWS\SYSTEM32\IPHLPAPI.DLL
0x00007ffc4a810000 - 0x00007ffc4a818000 	C:\WINDOWS\System32\NSI.dll
0x00007ffc43410000 - 0x00007ffc43427000 	C:\WINDOWS\SYSTEM32\dhcpcsvc6.DLL
0x00007ffc432b0000 - 0x00007ffc432cd000 	C:\WINDOWS\SYSTEM32\dhcpcsvc.DLL
0x00007ffc48380000 - 0x00007ffc4844a000 	C:\WINDOWS\SYSTEM32\DNSAPI.dll
0x00007ffc2c6d0000 - 0x00007ffc2c6d9000 	C:\Program Files\Android\Android Studio\jbr\bin\extnet.dll
0x00007ffc2ccc0000 - 0x00007ffc2ccc7000 	C:\WINDOWS\system32\wshunix.dll

dbghelp: loaded successfully - version: 4.0.5 - missing functions: none
symbol engine: initialized successfully - sym options: 0x614 - pdb path: .;C:\Program Files\Android\Android Studio\jbr\bin;C:\WINDOWS\SYSTEM32;C:\WINDOWS\WinSxS\amd64_microsoft.windows.common-controls_6595b64144ccf1df_6.0.19041.4355_none_60b8b9eb71f62e16;C:\Program Files\Android\Android Studio\jbr\bin\server;C:\Users\DAVID\.gradle\native\c067742578af261105cb4f569cf0c3c89f3d7b1fecec35dd04571415982c5e48\windows-amd64

VM Arguments:
jvm_args: -Dorg.gradle.appname=gradlew 
java_command: org.gradle.wrapper.GradleWrapperMain -q -Ptarget-platform=android-arm,android-arm64,android-x64 -Ptarget=lib\main.dart -Pbase-application-name=android.app.Application -Pdart-obfuscation=false -Ptrack-widget-creation=true -Ptree-shake-icons=true assembleRelease
java_class_path (initial): D:\DOCUMENTOS\PROJETO_FLUTTER\dmega\android\\gradle\wrapper\gradle-wrapper.jar
Launcher Type: SUN_STANDARD

[Global flags]
     intx CICompilerCount                          = 4                                         {product} {ergonomic}
     uint ConcGCThreads                            = 3                                         {product} {ergonomic}
     uint G1ConcRefinementThreads                  = 10                                        {product} {ergonomic}
   size_t G1HeapRegionSize                         = 2097152                                   {product} {ergonomic}
    uintx GCDrainStackTargetSize                   = 64                                        {product} {ergonomic}
   size_t InitialHeapSize                          = 268435456                                 {product} {ergonomic}
   size_t MarkStackSize                            = 4194304                                   {product} {ergonomic}
   size_t MaxHeapSize                              = 4276092928                                {product} {ergonomic}
   size_t MaxNewSize                               = 2564816896                                {product} {ergonomic}
   size_t MinHeapDeltaBytes                        = 2097152                                   {product} {ergonomic}
   size_t MinHeapSize                              = 8388608                                   {product} {ergonomic}
    uintx NonNMethodCodeHeapSize                   = 5839372                                {pd product} {ergonomic}
    uintx NonProfiledCodeHeapSize                  = 122909434                              {pd product} {ergonomic}
    uintx ProfiledCodeHeapSize                     = 122909434                              {pd product} {ergonomic}
    uintx ReservedCodeCacheSize                    = 251658240                              {pd product} {ergonomic}
     bool SegmentedCodeCache                       = true                                      {product} {ergonomic}
   size_t SoftMaxHeapSize                          = 4276092928                             {manageable} {ergonomic}
     bool UseCompressedClassPointers               = true                           {product lp64_product} {ergonomic}
     bool UseCompressedOops                        = true                           {product lp64_product} {ergonomic}
     bool UseG1GC                                  = true                                      {product} {ergonomic}
     bool UseLargePagesIndividualAllocation        = false                                  {pd product} {ergonomic}

Logging:
Log output configuration:
 #0: stdout all=warning uptime,level,tags
 #1: stderr all=off uptime,level,tags

Environment Variables:
JAVA_HOME=C:\Program Files\Android\Android Studio\jbr
CLASSPATH=D:\DOCUMENTOS\PROJETO_FLUTTER\dmega\android\\gradle\wrapper\gradle-wrapper.jar
PATH=C:\Program Files\Android\Android Studio\jbr\bin;C:\src\flutter\bin\;C:\WINDOWS\system32;C:\WINDOWS;C:\WINDOWS\System32\Wbem;C:\WINDOWS\System32\WindowsPowerShell\v1.0\;C:\WINDOWS\System32\OpenSSH\;C:\Program Files\Git\cmd;C:\Users\DAVID\AppData\Local\Microsoft\WindowsApps;C:\Users\DAVID\AppData\Local\Programs\Microsoft VS Code\bin;C:\src\flutter\bin;;C:\src\flutter\bin\mingit\cmd
USERNAME=DAVID
LANG=pt_BR.UTF-8
OS=Windows_NT
PROCESSOR_IDENTIFIER=AMD64 Family 23 Model 8 Stepping 2, AuthenticAMD
TMP=C:\Users\DAVID\AppData\Local\Temp
TEMP=C:\Users\DAVID\AppData\Local\Temp



Periodic native trim disabled

JNI global refs:
JNI global refs: 19, weak refs: 0

JNI global refs memory usage: 843, weak refs: 209

Process memory usage:
Resident Set Size: 91368K (0% of 16699980K total physical memory with 4984072K free physical memory)

OOME stack traces (most recent first):
Classloader memory used:
Loader bootstrap                                                                       : 1505K
Loader org.gradle.internal.classloader.VisitableURLClassLoader                         : 472K
Loader java.net.URLClassLoader                                                         : 26124B
Loader jdk.internal.loader.ClassLoaders$AppClassLoader                                 : 18431B
Loader jdk.internal.loader.ClassLoaders$PlatformClassLoader                            : 14212B
Loader jdk.internal.reflect.DelegatingClassLoader                                      : 522B

Classes loaded by more than one classloader:
Class org.gradle.internal.installation.GradleInstallation                             : loaded 2 times (x 73B)
Class org.gradle.cli.ParsedCommandLine                                                : loaded 2 times (x 78B)
Class org.gradle.internal.classpath.ClassPath                                         : loaded 2 times (x 68B)
Class org.gradle.api.Action                                                           : loaded 2 times (x 68B)
Class org.gradle.cli.CommandLineParser$OptionString                                   : loaded 2 times (x 71B)
Class org.gradle.internal.installation.GradleInstallation$1                           : loaded 2 times (x 73B)
Class org.gradle.cli.CommandLineParser$AfterOptions                                   : loaded 2 times (x 75B)
Class org.gradle.cli.CommandLineParser$AfterFirstSubCommand                           : loaded 2 times (x 75B)
Class org.gradle.internal.service.UnknownServiceException                             : loaded 2 times (x 81B)
Class org.gradle.api.GradleException                                                  : loaded 2 times (x 80B)
Class org.gradle.api.internal.classpath.ModuleRegistry                                : loaded 2 times (x 68B)
Class org.gradle.cli.CommandLineParser$KnownOptionParserState                         : loaded 2 times (x 74B)
Class org.gradle.cli.AbstractPropertiesCommandLineConverter                           : loaded 2 times (x 81B)
Class org.gradle.api.specs.Spec                                                       : loaded 2 times (x 68B)
Class org.gradle.cli.SystemPropertiesCommandLineConverter                             : loaded 2 times (x 81B)
Class org.gradle.internal.IoActions                                                   : loaded 2 times (x 69B)
Class org.gradle.internal.installation.CurrentGradleInstallation                      : loaded 2 times (x 71B)
Class org.gradle.internal.installation.CurrentGradleInstallationLocator               : loaded 2 times (x 69B)
Class org.gradle.internal.classpath.DefaultClassPath                                  : loaded 2 times (x 88B)
Class org.gradle.api.Transformer                                                      : loaded 2 times (x 68B)
Class org.gradle.cli.CommandLineParser                                                : loaded 2 times (x 77B)
Class org.gradle.cli.CommandLineParser$BeforeFirstSubCommand                          : loaded 2 times (x 75B)
Class org.gradle.cli.CommandLineOption                                                : loaded 2 times (x 84B)
Class org.gradle.cli.CommandLineParser$ParserState                                    : loaded 2 times (x 74B)
Class org.gradle.cli.CommandLineParser$MissingOptionArgState                          : loaded 2 times (x 75B)
Class org.gradle.api.UncheckedIOException                                             : loaded 2 times (x 80B)
Class org.gradle.cli.ParsedCommandLineOption                                          : loaded 2 times (x 74B)
Class org.gradle.internal.classloader.ClasspathUtil                                   : loaded 2 times (x 69B)
Class org.gradle.cli.CommandLineParser$UnknownOptionParserState                       : loaded 2 times (x 74B)
Class org.gradle.internal.service.ServiceLookupException                              : loaded 2 times (x 80B)
Class org.gradle.util.internal.GUtil                                                  : loaded 2 times (x 69B)
Class org.gradle.cli.CommandLineParser$OptionAwareParserState                         : loaded 2 times (x 75B)
Class org.gradle.cli.CommandLineParser$OptionParserState                              : loaded 2 times (x 73B)
Class org.gradle.internal.Cast                                                        : loaded 2 times (x 69B)
Class org.gradle.cli.CommandLineConverter                                             : loaded 2 times (x 68B)
Class org.gradle.internal.classpath.DefaultClassPath$ImmutableUniqueList              : loaded 2 times (x 159B)
Class org.gradle.cli.AbstractCommandLineConverter                                     : loaded 2 times (x 77B)
Class org.gradle.cli.CommandLineArgumentException                                     : loaded 2 times (x 80B)


---------------  S Y S T E M  ---------------

OS:
 Windows 10 , 64 bit Build 19041 (10.0.19041.4842)
OS uptime: 0 days 0:13 hours

CPU: total 12 (initial active 12) (12 cores per cpu, 2 threads per core) family 23 model 8 stepping 2 microcode 0x0, cx8, cmov, fxsr, ht, mmx, 3dnowpref, sse, sse2, sse3, ssse3, sse4a, sse4.1, sse4.2, popcnt, lzcnt, tsc, tscinvbit, avx, avx2, aes, clmul, bmi1, bmi2, adx, sha, fma, vzeroupper, clflush, clflushopt
Processor Information for all 12 processors :
  Max Mhz: 3200, Current Mhz: 3200, Mhz Limit: 3200

Memory: 4k page, system-wide physical 16308M (4867M free)
TotalPageFile size 18356M (AvailPageFile size 0M)
current process WorkingSet (physical memory assigned to process): 89M, peak: 95M
current process commit charge ("private bytes"): 363M, peak: 370M

vm_info: OpenJDK 64-Bit Server VM (17.0.11+0--11852314) for windows-amd64 JRE (17.0.11+0--11852314), built on May 16 2024 21:29:20 by "androidbuild" with MS VC++ 16.10 / 16.11 (VS2019)

END.
