#
# There is insufficient memory for the Java Runtime Environment to continue.
# Native memory allocation (malloc) failed to allocate 190976 bytes. Error detail: Chunk::new
# Possible reasons:
#   The system is out of physical RAM or swap space
#   This process is running with CompressedOops enabled, and the Java Heap may be blocking the growth of the native heap
# Possible solutions:
#   Reduce memory load on the system
#   Increase physical memory or swap space
#   Check if swap backing store is full
#   Decrease Java heap size (-Xmx/-Xms)
#   Decrease number of Java threads
#   Decrease Java thread stack sizes (-Xss)
#   Set larger code cache with -XX:ReservedCodeCacheSize=
#   JVM is running with Zero Based Compressed Oops mode in which the Java heap is
#     placed in the first 32GB address space. The Java Heap base address is the
#     maximum limit for the native heap growth. Please use -XX:HeapBaseMinAddress
#     to set the Java Heap base and to place the Java Heap above 32GB virtual address.
# This output file may be truncated or incomplete.
#
#  Out of Memory Error (arena.cpp:191), pid=13012, tid=13544
#
# JRE version: OpenJDK Runtime Environment (17.0.11) (build 17.0.11+0--11852314)
# Java VM: OpenJDK 64-Bit Server VM (17.0.11+0--11852314, mixed mode, tiered, compressed oops, compressed class ptrs, g1 gc, windows-amd64)
# No core dump will be written. Minidumps are not enabled by default on client versions of Windows
#

---------------  S U M M A R Y ------------

Command Line: -Dorg.gradle.appname=gradlew org.gradle.wrapper.GradleWrapperMain -q -Ptarget-platform=android-x64 -Ptarget=D:\DOCUMENTOS\PROJETO_FLUTTER\dmega\lib\main.dart -Pbase-application-name=android.app.Application -Pdart-obfuscation=false -Ptrack-widget-creation=true -Ptree-shake-icons=false -Pfilesystem-scheme=org-dartlang-root assembleDebug

Host: AMD Ryzen 5 1600 Six-Core Processor            , 12 cores, 15G,  Windows 10 , 64 bit Build 19041 (10.0.19041.4842)
Time: Sat Sep 21 21:20:26 2024 Hora oficial do Brasil elapsed time: 0.574514 seconds (0d 0h 0m 0s)

---------------  T H R E A D  ---------------

Current thread (0x000001aef611d0b0):  JavaThread "C2 CompilerThread2" daemon [_thread_in_native, id=13544, stack(0x00000049c5100000,0x00000049c5200000)]


Current CompileTask:
C2:    575  805   !   4       jdk.internal.loader.URLClassPath$JarLoader::getResource (65 bytes)

Stack: [0x00000049c5100000,0x00000049c5200000]
Native frames: (J=compiled Java code, j=interpreted, Vv=VM code, C=native code)
V  [jvm.dll+0x687bb9]
V  [jvm.dll+0x84142a]
V  [jvm.dll+0x8430ae]
V  [jvm.dll+0x843713]
V  [jvm.dll+0x24a35f]
V  [jvm.dll+0xac544]
V  [jvm.dll+0xacb8c]
V  [jvm.dll+0x369c37]
V  [jvm.dll+0x33416a]
V  [jvm.dll+0x33360a]
V  [jvm.dll+0x21bed1]
V  [jvm.dll+0x21b311]
V  [jvm.dll+0x1a63ed]
V  [jvm.dll+0x22b1ee]
V  [jvm.dll+0x229375]
V  [jvm.dll+0x7f5647]
V  [jvm.dll+0x7efa4a]
V  [jvm.dll+0x686a35]
C  [ucrtbase.dll+0x21bb2]
C  [KERNEL32.DLL+0x17374]
C  [ntdll.dll+0x4cc91]


---------------  P R O C E S S  ---------------

Threads class SMR info:
_java_thread_list=0x000001aef60d2490, length=14, elements={
0x000001aed29cedf0, 0x000001aef19b4c80, 0x000001aef19b5b00, 0x000001aef1a02a20,
0x000001aef1a035e0, 0x000001aef1a05fb0, 0x000001aef1a06970, 0x000001aef1a07660,
0x000001aef1a09c90, 0x000001aef1a0a690, 0x000001aef1b971d0, 0x000001aef1ba9f70,
0x000001aef60d0c80, 0x000001aef611d0b0
}

Java Threads: ( => current thread )
  0x000001aed29cedf0 JavaThread "main" [_thread_in_Java, id=11628, stack(0x00000049c3d00000,0x00000049c3e00000)]
  0x000001aef19b4c80 JavaThread "Reference Handler" daemon [_thread_blocked, id=10896, stack(0x00000049c4400000,0x00000049c4500000)]
  0x000001aef19b5b00 JavaThread "Finalizer" daemon [_thread_blocked, id=4932, stack(0x00000049c4500000,0x00000049c4600000)]
  0x000001aef1a02a20 JavaThread "Signal Dispatcher" daemon [_thread_blocked, id=5796, stack(0x00000049c4600000,0x00000049c4700000)]
  0x000001aef1a035e0 JavaThread "Attach Listener" daemon [_thread_blocked, id=11360, stack(0x00000049c4700000,0x00000049c4800000)]
  0x000001aef1a05fb0 JavaThread "Service Thread" daemon [_thread_blocked, id=9000, stack(0x00000049c4800000,0x00000049c4900000)]
  0x000001aef1a06970 JavaThread "Monitor Deflation Thread" daemon [_thread_blocked, id=13160, stack(0x00000049c4900000,0x00000049c4a00000)]
  0x000001aef1a07660 JavaThread "C2 CompilerThread0" daemon [_thread_blocked, id=6724, stack(0x00000049c4a00000,0x00000049c4b00000)]
  0x000001aef1a09c90 JavaThread "C1 CompilerThread0" daemon [_thread_blocked, id=5356, stack(0x00000049c4b00000,0x00000049c4c00000)]
  0x000001aef1a0a690 JavaThread "Sweeper thread" daemon [_thread_blocked, id=5568, stack(0x00000049c4c00000,0x00000049c4d00000)]
  0x000001aef1b971d0 JavaThread "Notification Thread" daemon [_thread_blocked, id=13608, stack(0x00000049c4d00000,0x00000049c4e00000)]
  0x000001aef1ba9f70 JavaThread "Common-Cleaner" daemon [_thread_blocked, id=5912, stack(0x00000049c4f00000,0x00000049c5000000)]
  0x000001aef60d0c80 JavaThread "C2 CompilerThread1" daemon [_thread_blocked, id=13564, stack(0x00000049c5000000,0x00000049c5100000)]
=>0x000001aef611d0b0 JavaThread "C2 CompilerThread2" daemon [_thread_in_native, id=13544, stack(0x00000049c5100000,0x00000049c5200000)]

Other Threads:
  0x000001aef1835e40 VMThread "VM Thread" [stack: 0x00000049c4300000,0x00000049c4400000] [id=12836]
  0x000001aef1b97ab0 WatcherThread [stack: 0x00000049c4e00000,0x00000049c4f00000] [id=172]
  0x000001aed2a3d0d0 GCTaskThread "GC Thread#0" [stack: 0x00000049c3e00000,0x00000049c3f00000] [id=12408]
  0x000001aef679a360 GCTaskThread "GC Thread#1" [stack: 0x00000049c5200000,0x00000049c5300000] [id=6432]
  0x000001aef6b2c3a0 GCTaskThread "GC Thread#2" [stack: 0x00000049c5300000,0x00000049c5400000] [id=6776]
  0x000001aef6b2c660 GCTaskThread "GC Thread#3" [stack: 0x00000049c5400000,0x00000049c5500000] [id=14048]
  0x000001aef6346fa0 GCTaskThread "GC Thread#4" [stack: 0x00000049c5500000,0x00000049c5600000] [id=3360]
  0x000001aef6347260 GCTaskThread "GC Thread#5" [stack: 0x00000049c5600000,0x00000049c5700000] [id=13236]
  0x000001aed2a4def0 ConcurrentGCThread "G1 Main Marker" [stack: 0x00000049c3f00000,0x00000049c4000000] [id=12516]
  0x000001aed2a4f0b0 ConcurrentGCThread "G1 Conc#0" [stack: 0x00000049c4000000,0x00000049c4100000] [id=13904]
  0x000001aef16dc130 ConcurrentGCThread "G1 Refine#0" [stack: 0x00000049c4100000,0x00000049c4200000] [id=2164]
  0x000001aef16dcb60 ConcurrentGCThread "G1 Service" [stack: 0x00000049c4200000,0x00000049c4300000] [id=13220]

Threads with active compile tasks:
C2 CompilerThread2      596  805   !   4       jdk.internal.loader.URLClassPath$JarLoader::getResource (65 bytes)

VM state: not at safepoint (normal execution)

VM Mutex/Monitor currently owned by a thread:  ([mutex/lock_event])
[0x000001aed29cadd0] SystemDictionary_lock - owner thread: 0x0000000000000000

Heap address: 0x0000000701200000, size: 4078 MB, Compressed Oops mode: Zero based, Oop shift amount: 3

CDS archive(s) not mapped
Compressed class space mapped at: 0x0000000800000000-0x0000000840000000, reserved size: 1073741824
Narrow klass base: 0x0000000800000000, Narrow klass shift: 0, Narrow klass range: 0x40000000

GC Precious Log:
 CPUs: 12 total, 12 available
 Memory: 16308M
 Large Page Support: Disabled
 NUMA Support: Disabled
 Compressed Oops: Enabled (Zero based)
 Heap Region Size: 2M
 Heap Min Capacity: 8M
 Heap Initial Capacity: 256M
 Heap Max Capacity: 4078M
 Pre-touch: Disabled
 Parallel Workers: 10
 Concurrent Workers: 3
 Concurrent Refinement Workers: 10
 Periodic GC: Disabled

Heap:
 garbage-first heap   total 262144K, used 10054K [0x0000000701200000, 0x0000000800000000)
  region size 2048K, 3 young (6144K), 2 survivors (4096K)
 Metaspace       used 11177K, committed 11392K, reserved 1114112K
  class space    used 1172K, committed 1280K, reserved 1048576K

Heap Regions: E=young(eden), S=young(survivor), O=old, HS=humongous(starts), HC=humongous(continues), CS=collection set, F=free, OA=open archive, CA=closed archive, TAMS=top-at-mark-start (previous, next)
|   0|0x0000000701200000, 0x0000000701400000, 0x0000000701400000|100%|HS|  |TAMS 0x0000000701200000, 0x0000000701200000| Complete 
|   1|0x0000000701400000, 0x0000000701600000, 0x0000000701600000|100%|HC|  |TAMS 0x0000000701400000, 0x0000000701400000| Complete 
|   2|0x0000000701600000, 0x00000007017d1800, 0x0000000701800000| 90%| O|  |TAMS 0x0000000701600000, 0x0000000701600000| Untracked 
|   3|0x0000000701800000, 0x0000000701800000, 0x0000000701a00000|  0%| F|  |TAMS 0x0000000701800000, 0x0000000701800000| Untracked 
|   4|0x0000000701a00000, 0x0000000701a00000, 0x0000000701c00000|  0%| F|  |TAMS 0x0000000701a00000, 0x0000000701a00000| Untracked 
|   5|0x0000000701c00000, 0x0000000701c00000, 0x0000000701e00000|  0%| F|  |TAMS 0x0000000701c00000, 0x0000000701c00000| Untracked 
|   6|0x0000000701e00000, 0x0000000701e00000, 0x0000000702000000|  0%| F|  |TAMS 0x0000000701e00000, 0x0000000701e00000| Untracked 
|   7|0x0000000702000000, 0x0000000702000000, 0x0000000702200000|  0%| F|  |TAMS 0x0000000702000000, 0x0000000702000000| Untracked 
|   8|0x0000000702200000, 0x0000000702200000, 0x0000000702400000|  0%| F|  |TAMS 0x0000000702200000, 0x0000000702200000| Untracked 
|   9|0x0000000702400000, 0x0000000702400000, 0x0000000702600000|  0%| F|  |TAMS 0x0000000702400000, 0x0000000702400000| Untracked 
|  10|0x0000000702600000, 0x0000000702600000, 0x0000000702800000|  0%| F|  |TAMS 0x0000000702600000, 0x0000000702600000| Untracked 
|  11|0x0000000702800000, 0x0000000702800000, 0x0000000702a00000|  0%| F|  |TAMS 0x0000000702800000, 0x0000000702800000| Untracked 
|  12|0x0000000702a00000, 0x0000000702a00000, 0x0000000702c00000|  0%| F|  |TAMS 0x0000000702a00000, 0x0000000702a00000| Untracked 
|  13|0x0000000702c00000, 0x0000000702c00000, 0x0000000702e00000|  0%| F|  |TAMS 0x0000000702c00000, 0x0000000702c00000| Untracked 
|  14|0x0000000702e00000, 0x0000000702e00000, 0x0000000703000000|  0%| F|  |TAMS 0x0000000702e00000, 0x0000000702e00000| Untracked 
|  15|0x0000000703000000, 0x0000000703000000, 0x0000000703200000|  0%| F|  |TAMS 0x0000000703000000, 0x0000000703000000| Untracked 
|  16|0x0000000703200000, 0x0000000703200000, 0x0000000703400000|  0%| F|  |TAMS 0x0000000703200000, 0x0000000703200000| Untracked 
|  17|0x0000000703400000, 0x0000000703400000, 0x0000000703600000|  0%| F|  |TAMS 0x0000000703400000, 0x0000000703400000| Untracked 
|  18|0x0000000703600000, 0x0000000703600000, 0x0000000703800000|  0%| F|  |TAMS 0x0000000703600000, 0x0000000703600000| Untracked 
|  19|0x0000000703800000, 0x0000000703800000, 0x0000000703a00000|  0%| F|  |TAMS 0x0000000703800000, 0x0000000703800000| Untracked 
|  20|0x0000000703a00000, 0x0000000703a00000, 0x0000000703c00000|  0%| F|  |TAMS 0x0000000703a00000, 0x0000000703a00000| Untracked 
|  21|0x0000000703c00000, 0x0000000703c00000, 0x0000000703e00000|  0%| F|  |TAMS 0x0000000703c00000, 0x0000000703c00000| Untracked 
|  22|0x0000000703e00000, 0x0000000703e00000, 0x0000000704000000|  0%| F|  |TAMS 0x0000000703e00000, 0x0000000703e00000| Untracked 
|  23|0x0000000704000000, 0x0000000704000000, 0x0000000704200000|  0%| F|  |TAMS 0x0000000704000000, 0x0000000704000000| Untracked 
|  24|0x0000000704200000, 0x0000000704200000, 0x0000000704400000|  0%| F|  |TAMS 0x0000000704200000, 0x0000000704200000| Untracked 
|  25|0x0000000704400000, 0x0000000704400000, 0x0000000704600000|  0%| F|  |TAMS 0x0000000704400000, 0x0000000704400000| Untracked 
|  26|0x0000000704600000, 0x0000000704600000, 0x0000000704800000|  0%| F|  |TAMS 0x0000000704600000, 0x0000000704600000| Untracked 
|  27|0x0000000704800000, 0x0000000704800000, 0x0000000704a00000|  0%| F|  |TAMS 0x0000000704800000, 0x0000000704800000| Untracked 
|  28|0x0000000704a00000, 0x0000000704a00000, 0x0000000704c00000|  0%| F|  |TAMS 0x0000000704a00000, 0x0000000704a00000| Untracked 
|  29|0x0000000704c00000, 0x0000000704c00000, 0x0000000704e00000|  0%| F|  |TAMS 0x0000000704c00000, 0x0000000704c00000| Untracked 
|  30|0x0000000704e00000, 0x0000000704e00000, 0x0000000705000000|  0%| F|  |TAMS 0x0000000704e00000, 0x0000000704e00000| Untracked 
|  31|0x0000000705000000, 0x0000000705000000, 0x0000000705200000|  0%| F|  |TAMS 0x0000000705000000, 0x0000000705000000| Untracked 
|  32|0x0000000705200000, 0x0000000705200000, 0x0000000705400000|  0%| F|  |TAMS 0x0000000705200000, 0x0000000705200000| Untracked 
|  33|0x0000000705400000, 0x0000000705400000, 0x0000000705600000|  0%| F|  |TAMS 0x0000000705400000, 0x0000000705400000| Untracked 
|  34|0x0000000705600000, 0x0000000705600000, 0x0000000705800000|  0%| F|  |TAMS 0x0000000705600000, 0x0000000705600000| Untracked 
|  35|0x0000000705800000, 0x0000000705800000, 0x0000000705a00000|  0%| F|  |TAMS 0x0000000705800000, 0x0000000705800000| Untracked 
|  36|0x0000000705a00000, 0x0000000705a00000, 0x0000000705c00000|  0%| F|  |TAMS 0x0000000705a00000, 0x0000000705a00000| Untracked 
|  37|0x0000000705c00000, 0x0000000705c00000, 0x0000000705e00000|  0%| F|  |TAMS 0x0000000705c00000, 0x0000000705c00000| Untracked 
|  38|0x0000000705e00000, 0x0000000705e00000, 0x0000000706000000|  0%| F|  |TAMS 0x0000000705e00000, 0x0000000705e00000| Untracked 
|  39|0x0000000706000000, 0x0000000706000000, 0x0000000706200000|  0%| F|  |TAMS 0x0000000706000000, 0x0000000706000000| Untracked 
|  40|0x0000000706200000, 0x0000000706200000, 0x0000000706400000|  0%| F|  |TAMS 0x0000000706200000, 0x0000000706200000| Untracked 
|  41|0x0000000706400000, 0x0000000706400000, 0x0000000706600000|  0%| F|  |TAMS 0x0000000706400000, 0x0000000706400000| Untracked 
|  42|0x0000000706600000, 0x0000000706600000, 0x0000000706800000|  0%| F|  |TAMS 0x0000000706600000, 0x0000000706600000| Untracked 
|  43|0x0000000706800000, 0x0000000706800000, 0x0000000706a00000|  0%| F|  |TAMS 0x0000000706800000, 0x0000000706800000| Untracked 
|  44|0x0000000706a00000, 0x0000000706a00000, 0x0000000706c00000|  0%| F|  |TAMS 0x0000000706a00000, 0x0000000706a00000| Untracked 
|  45|0x0000000706c00000, 0x0000000706c00000, 0x0000000706e00000|  0%| F|  |TAMS 0x0000000706c00000, 0x0000000706c00000| Untracked 
|  46|0x0000000706e00000, 0x0000000706e00000, 0x0000000707000000|  0%| F|  |TAMS 0x0000000706e00000, 0x0000000706e00000| Untracked 
|  47|0x0000000707000000, 0x0000000707000000, 0x0000000707200000|  0%| F|  |TAMS 0x0000000707000000, 0x0000000707000000| Untracked 
|  48|0x0000000707200000, 0x0000000707200000, 0x0000000707400000|  0%| F|  |TAMS 0x0000000707200000, 0x0000000707200000| Untracked 
|  49|0x0000000707400000, 0x0000000707400000, 0x0000000707600000|  0%| F|  |TAMS 0x0000000707400000, 0x0000000707400000| Untracked 
|  50|0x0000000707600000, 0x0000000707600000, 0x0000000707800000|  0%| F|  |TAMS 0x0000000707600000, 0x0000000707600000| Untracked 
|  51|0x0000000707800000, 0x0000000707800000, 0x0000000707a00000|  0%| F|  |TAMS 0x0000000707800000, 0x0000000707800000| Untracked 
|  52|0x0000000707a00000, 0x0000000707a00000, 0x0000000707c00000|  0%| F|  |TAMS 0x0000000707a00000, 0x0000000707a00000| Untracked 
|  53|0x0000000707c00000, 0x0000000707c00000, 0x0000000707e00000|  0%| F|  |TAMS 0x0000000707c00000, 0x0000000707c00000| Untracked 
|  54|0x0000000707e00000, 0x0000000707e00000, 0x0000000708000000|  0%| F|  |TAMS 0x0000000707e00000, 0x0000000707e00000| Untracked 
|  55|0x0000000708000000, 0x0000000708000000, 0x0000000708200000|  0%| F|  |TAMS 0x0000000708000000, 0x0000000708000000| Untracked 
|  56|0x0000000708200000, 0x0000000708200000, 0x0000000708400000|  0%| F|  |TAMS 0x0000000708200000, 0x0000000708200000| Untracked 
|  57|0x0000000708400000, 0x0000000708400000, 0x0000000708600000|  0%| F|  |TAMS 0x0000000708400000, 0x0000000708400000| Untracked 
|  58|0x0000000708600000, 0x0000000708600000, 0x0000000708800000|  0%| F|  |TAMS 0x0000000708600000, 0x0000000708600000| Untracked 
|  59|0x0000000708800000, 0x0000000708800000, 0x0000000708a00000|  0%| F|  |TAMS 0x0000000708800000, 0x0000000708800000| Untracked 
|  60|0x0000000708a00000, 0x0000000708a00000, 0x0000000708c00000|  0%| F|  |TAMS 0x0000000708a00000, 0x0000000708a00000| Untracked 
|  61|0x0000000708c00000, 0x0000000708c00000, 0x0000000708e00000|  0%| F|  |TAMS 0x0000000708c00000, 0x0000000708c00000| Untracked 
|  62|0x0000000708e00000, 0x0000000708e00000, 0x0000000709000000|  0%| F|  |TAMS 0x0000000708e00000, 0x0000000708e00000| Untracked 
|  63|0x0000000709000000, 0x0000000709000000, 0x0000000709200000|  0%| F|  |TAMS 0x0000000709000000, 0x0000000709000000| Untracked 
|  64|0x0000000709200000, 0x0000000709200000, 0x0000000709400000|  0%| F|  |TAMS 0x0000000709200000, 0x0000000709200000| Untracked 
|  65|0x0000000709400000, 0x0000000709400000, 0x0000000709600000|  0%| F|  |TAMS 0x0000000709400000, 0x0000000709400000| Untracked 
|  66|0x0000000709600000, 0x0000000709600000, 0x0000000709800000|  0%| F|  |TAMS 0x0000000709600000, 0x0000000709600000| Untracked 
|  67|0x0000000709800000, 0x0000000709800000, 0x0000000709a00000|  0%| F|  |TAMS 0x0000000709800000, 0x0000000709800000| Untracked 
|  68|0x0000000709a00000, 0x0000000709a00000, 0x0000000709c00000|  0%| F|  |TAMS 0x0000000709a00000, 0x0000000709a00000| Untracked 
|  69|0x0000000709c00000, 0x0000000709c00000, 0x0000000709e00000|  0%| F|  |TAMS 0x0000000709c00000, 0x0000000709c00000| Untracked 
|  70|0x0000000709e00000, 0x0000000709e00000, 0x000000070a000000|  0%| F|  |TAMS 0x0000000709e00000, 0x0000000709e00000| Untracked 
|  71|0x000000070a000000, 0x000000070a000000, 0x000000070a200000|  0%| F|  |TAMS 0x000000070a000000, 0x000000070a000000| Untracked 
|  72|0x000000070a200000, 0x000000070a200000, 0x000000070a400000|  0%| F|  |TAMS 0x000000070a200000, 0x000000070a200000| Untracked 
|  73|0x000000070a400000, 0x000000070a400000, 0x000000070a600000|  0%| F|  |TAMS 0x000000070a400000, 0x000000070a400000| Untracked 
|  74|0x000000070a600000, 0x000000070a600000, 0x000000070a800000|  0%| F|  |TAMS 0x000000070a600000, 0x000000070a600000| Untracked 
|  75|0x000000070a800000, 0x000000070a800000, 0x000000070aa00000|  0%| F|  |TAMS 0x000000070a800000, 0x000000070a800000| Untracked 
|  76|0x000000070aa00000, 0x000000070aa00000, 0x000000070ac00000|  0%| F|  |TAMS 0x000000070aa00000, 0x000000070aa00000| Untracked 
|  77|0x000000070ac00000, 0x000000070ac00000, 0x000000070ae00000|  0%| F|  |TAMS 0x000000070ac00000, 0x000000070ac00000| Untracked 
|  78|0x000000070ae00000, 0x000000070ae00000, 0x000000070b000000|  0%| F|  |TAMS 0x000000070ae00000, 0x000000070ae00000| Untracked 
|  79|0x000000070b000000, 0x000000070b000000, 0x000000070b200000|  0%| F|  |TAMS 0x000000070b000000, 0x000000070b000000| Untracked 
|  80|0x000000070b200000, 0x000000070b200000, 0x000000070b400000|  0%| F|  |TAMS 0x000000070b200000, 0x000000070b200000| Untracked 
|  81|0x000000070b400000, 0x000000070b400000, 0x000000070b600000|  0%| F|  |TAMS 0x000000070b400000, 0x000000070b400000| Untracked 
|  82|0x000000070b600000, 0x000000070b600000, 0x000000070b800000|  0%| F|  |TAMS 0x000000070b600000, 0x000000070b600000| Untracked 
|  83|0x000000070b800000, 0x000000070b800000, 0x000000070ba00000|  0%| F|  |TAMS 0x000000070b800000, 0x000000070b800000| Untracked 
|  84|0x000000070ba00000, 0x000000070ba00000, 0x000000070bc00000|  0%| F|  |TAMS 0x000000070ba00000, 0x000000070ba00000| Untracked 
|  85|0x000000070bc00000, 0x000000070bc00000, 0x000000070be00000|  0%| F|  |TAMS 0x000000070bc00000, 0x000000070bc00000| Untracked 
|  86|0x000000070be00000, 0x000000070be00000, 0x000000070c000000|  0%| F|  |TAMS 0x000000070be00000, 0x000000070be00000| Untracked 
|  87|0x000000070c000000, 0x000000070c000000, 0x000000070c200000|  0%| F|  |TAMS 0x000000070c000000, 0x000000070c000000| Untracked 
|  88|0x000000070c200000, 0x000000070c200000, 0x000000070c400000|  0%| F|  |TAMS 0x000000070c200000, 0x000000070c200000| Untracked 
|  89|0x000000070c400000, 0x000000070c400000, 0x000000070c600000|  0%| F|  |TAMS 0x000000070c400000, 0x000000070c400000| Untracked 
|  90|0x000000070c600000, 0x000000070c600000, 0x000000070c800000|  0%| F|  |TAMS 0x000000070c600000, 0x000000070c600000| Untracked 
|  91|0x000000070c800000, 0x000000070c800000, 0x000000070ca00000|  0%| F|  |TAMS 0x000000070c800000, 0x000000070c800000| Untracked 
|  92|0x000000070ca00000, 0x000000070ca00000, 0x000000070cc00000|  0%| F|  |TAMS 0x000000070ca00000, 0x000000070ca00000| Untracked 
|  93|0x000000070cc00000, 0x000000070cc00000, 0x000000070ce00000|  0%| F|  |TAMS 0x000000070cc00000, 0x000000070cc00000| Untracked 
|  94|0x000000070ce00000, 0x000000070ce00000, 0x000000070d000000|  0%| F|  |TAMS 0x000000070ce00000, 0x000000070ce00000| Untracked 
|  95|0x000000070d000000, 0x000000070d000000, 0x000000070d200000|  0%| F|  |TAMS 0x000000070d000000, 0x000000070d000000| Untracked 
|  96|0x000000070d200000, 0x000000070d200000, 0x000000070d400000|  0%| F|  |TAMS 0x000000070d200000, 0x000000070d200000| Untracked 
|  97|0x000000070d400000, 0x000000070d400000, 0x000000070d600000|  0%| F|  |TAMS 0x000000070d400000, 0x000000070d400000| Untracked 
|  98|0x000000070d600000, 0x000000070d600000, 0x000000070d800000|  0%| F|  |TAMS 0x000000070d600000, 0x000000070d600000| Untracked 
|  99|0x000000070d800000, 0x000000070d800000, 0x000000070da00000|  0%| F|  |TAMS 0x000000070d800000, 0x000000070d800000| Untracked 
| 100|0x000000070da00000, 0x000000070da00000, 0x000000070dc00000|  0%| F|  |TAMS 0x000000070da00000, 0x000000070da00000| Untracked 
| 101|0x000000070dc00000, 0x000000070dc00000, 0x000000070de00000|  0%| F|  |TAMS 0x000000070dc00000, 0x000000070dc00000| Untracked 
| 102|0x000000070de00000, 0x000000070de00000, 0x000000070e000000|  0%| F|  |TAMS 0x000000070de00000, 0x000000070de00000| Untracked 
| 103|0x000000070e000000, 0x000000070e000000, 0x000000070e200000|  0%| F|  |TAMS 0x000000070e000000, 0x000000070e000000| Untracked 
| 104|0x000000070e200000, 0x000000070e200000, 0x000000070e400000|  0%| F|  |TAMS 0x000000070e200000, 0x000000070e200000| Untracked 
| 105|0x000000070e400000, 0x000000070e400000, 0x000000070e600000|  0%| F|  |TAMS 0x000000070e400000, 0x000000070e400000| Untracked 
| 106|0x000000070e600000, 0x000000070e600000, 0x000000070e800000|  0%| F|  |TAMS 0x000000070e600000, 0x000000070e600000| Untracked 
| 107|0x000000070e800000, 0x000000070e800000, 0x000000070ea00000|  0%| F|  |TAMS 0x000000070e800000, 0x000000070e800000| Untracked 
| 108|0x000000070ea00000, 0x000000070ea00000, 0x000000070ec00000|  0%| F|  |TAMS 0x000000070ea00000, 0x000000070ea00000| Untracked 
| 109|0x000000070ec00000, 0x000000070ec00000, 0x000000070ee00000|  0%| F|  |TAMS 0x000000070ec00000, 0x000000070ec00000| Untracked 
| 110|0x000000070ee00000, 0x000000070ee00000, 0x000000070f000000|  0%| F|  |TAMS 0x000000070ee00000, 0x000000070ee00000| Untracked 
| 111|0x000000070f000000, 0x000000070f000000, 0x000000070f200000|  0%| F|  |TAMS 0x000000070f000000, 0x000000070f000000| Untracked 
| 112|0x000000070f200000, 0x000000070f200000, 0x000000070f400000|  0%| F|  |TAMS 0x000000070f200000, 0x000000070f200000| Untracked 
| 113|0x000000070f400000, 0x000000070f400000, 0x000000070f600000|  0%| F|  |TAMS 0x000000070f400000, 0x000000070f400000| Untracked 
| 114|0x000000070f600000, 0x000000070f600000, 0x000000070f800000|  0%| F|  |TAMS 0x000000070f600000, 0x000000070f600000| Untracked 
| 115|0x000000070f800000, 0x000000070fa00000, 0x000000070fa00000|100%| S|CS|TAMS 0x000000070f800000, 0x000000070f800000| Complete 
| 116|0x000000070fa00000, 0x000000070fc00000, 0x000000070fc00000|100%| S|CS|TAMS 0x000000070fa00000, 0x000000070fa00000| Complete 
| 117|0x000000070fc00000, 0x000000070fc00000, 0x000000070fe00000|  0%| F|  |TAMS 0x000000070fc00000, 0x000000070fc00000| Untracked 
| 118|0x000000070fe00000, 0x000000070fe00000, 0x0000000710000000|  0%| F|  |TAMS 0x000000070fe00000, 0x000000070fe00000| Untracked 
| 119|0x0000000710000000, 0x0000000710000000, 0x0000000710200000|  0%| F|  |TAMS 0x0000000710000000, 0x0000000710000000| Untracked 
| 120|0x0000000710200000, 0x0000000710200000, 0x0000000710400000|  0%| F|  |TAMS 0x0000000710200000, 0x0000000710200000| Untracked 
| 121|0x0000000710400000, 0x0000000710400000, 0x0000000710600000|  0%| F|  |TAMS 0x0000000710400000, 0x0000000710400000| Untracked 
| 122|0x0000000710600000, 0x0000000710600000, 0x0000000710800000|  0%| F|  |TAMS 0x0000000710600000, 0x0000000710600000| Untracked 
| 123|0x0000000710800000, 0x0000000710800000, 0x0000000710a00000|  0%| F|  |TAMS 0x0000000710800000, 0x0000000710800000| Untracked 
| 124|0x0000000710a00000, 0x0000000710a00000, 0x0000000710c00000|  0%| F|  |TAMS 0x0000000710a00000, 0x0000000710a00000| Untracked 
| 125|0x0000000710c00000, 0x0000000710c00000, 0x0000000710e00000|  0%| F|  |TAMS 0x0000000710c00000, 0x0000000710c00000| Untracked 
| 126|0x0000000710e00000, 0x0000000710e00000, 0x0000000711000000|  0%| F|  |TAMS 0x0000000710e00000, 0x0000000710e00000| Untracked 
| 127|0x0000000711000000, 0x00000007110f6470, 0x0000000711200000| 48%| E|  |TAMS 0x0000000711000000, 0x0000000711000000| Complete 

Card table byte_map: [0x000001aee5c10000,0x000001aee6410000] _byte_map_base: 0x000001aee2407000

Marking Bits (Prev, Next): (CMBitMap*) 0x000001aed2a3d6f0, (CMBitMap*) 0x000001aed2a3d730
 Prev Bits: [0x000001aee6c10000, 0x000001aeeabc8000)
 Next Bits: [0x000001aeeabd0000, 0x000001aeeeb88000)

Polling page: 0x000001aed0970000

Metaspace:

Usage:
  Non-class:      9.80 MB used.
      Class:      1.15 MB used.
       Both:     10.95 MB used.

Virtual space:
  Non-class space:       64.00 MB reserved,       9.88 MB ( 15%) committed,  1 nodes.
      Class space:        1.00 GB reserved,       1.25 MB ( <1%) committed,  1 nodes.
             Both:        1.06 GB reserved,      11.12 MB (  1%) committed. 

Chunk freelists:
   Non-Class:  6.08 MB
       Class:  14.61 MB
        Both:  20.69 MB

MaxMetaspaceSize: unlimited
CompressedClassSpaceSize: 1.00 GB
Initial GC threshold: 21.00 MB
Current GC threshold: 21.00 MB
CDS: off
MetaspaceReclaimPolicy: balanced
 - commit_granule_bytes: 65536.
 - commit_granule_words: 8192.
 - virtual_space_node_default_size: 8388608.
 - enlarge_chunks_in_place: 1.
 - new_chunks_are_fully_committed: 0.
 - uncommit_free_chunks: 1.
 - use_allocation_guard: 0.
 - handle_deallocations: 1.


Internal statistics:

num_allocs_failed_limit: 0.
num_arena_births: 44.
num_arena_deaths: 0.
num_vsnodes_births: 2.
num_vsnodes_deaths: 0.
num_space_committed: 178.
num_space_uncommitted: 0.
num_chunks_returned_to_freelist: 0.
num_chunks_taken_from_freelist: 155.
num_chunk_merges: 0.
num_chunk_splits: 91.
num_chunks_enlarged: 74.
num_inconsistent_stats: 0.

CodeHeap 'non-profiled nmethods': size=120000Kb used=332Kb max_used=332Kb free=119667Kb
 bounds [0x000001aedd980000, 0x000001aeddbf0000, 0x000001aee4eb0000]
CodeHeap 'profiled nmethods': size=120000Kb used=1584Kb max_used=1584Kb free=118415Kb
 bounds [0x000001aed5eb0000, 0x000001aed6120000, 0x000001aedd3e0000]
CodeHeap 'non-nmethods': size=5760Kb used=1125Kb max_used=1167Kb free=4634Kb
 bounds [0x000001aedd3e0000, 0x000001aedd650000, 0x000001aedd980000]
 total_blobs=1255 nmethods=846 adapters=322
 compilation: enabled
              stopped_count=0, restarted_count=0
 full_count=0

Compilation events (20 events):
Event: 0.562 Thread 0x000001aef1a09c90 nmethod 799 0x000001aed601bc90 code [0x000001aed601be40, 0x000001aed601bfb8]
Event: 0.562 Thread 0x000001aef1a09c90  800       3       java.util.Optional::empty (6 bytes)
Event: 0.562 Thread 0x000001aef1a09c90 nmethod 800 0x000001aed601c090 code [0x000001aed601c220, 0x000001aed601c318]
Event: 0.562 Thread 0x000001aef1a09c90  801       3       java.util.concurrent.ConcurrentHashMap$ValueIterator::next (34 bytes)
Event: 0.563 Thread 0x000001aef1a09c90 nmethod 801 0x000001aed601c390 code [0x000001aed601c540, 0x000001aed601c818]
Event: 0.563 Thread 0x000001aef1a09c90  802       3       sun.nio.fs.NativeBuffers::releaseNativeBuffer (97 bytes)
Event: 0.564 Thread 0x000001aef1a09c90 nmethod 802 0x000001aed601c990 code [0x000001aed601cc80, 0x000001aed601dfd8]
Event: 0.564 Thread 0x000001aef1a09c90  803       3       java.security.SecureClassLoader$CodeSourceKey::equals (60 bytes)
Event: 0.564 Thread 0x000001aef611d0b0  805   !   4       jdk.internal.loader.URLClassPath$JarLoader::getResource (65 bytes)
Event: 0.564 Thread 0x000001aef1a09c90 nmethod 803 0x000001aed601e510 code [0x000001aed601e700, 0x000001aed601ed98]
Event: 0.564 Thread 0x000001aef1a09c90  804       3       java.security.CodeSource::matchCerts (254 bytes)
Event: 0.565 Thread 0x000001aef1a09c90 nmethod 804 0x000001aed601ef90 code [0x000001aed601f200, 0x000001aed601fe78]
Event: 0.567 Thread 0x000001aef1a09c90  806       3       java.lang.ClassLoader::getDefinedPackage (36 bytes)
Event: 0.567 Thread 0x000001aef1a09c90 nmethod 806 0x000001aed6020290 code [0x000001aed6020480, 0x000001aed6020a08]
Event: 0.570 Thread 0x000001aef1a09c90  807       1       java.lang.reflect.Method::getName (5 bytes)
Event: 0.570 Thread 0x000001aef1a09c90 nmethod 807 0x000001aedd9cf190 code [0x000001aedd9cf320, 0x000001aedd9cf3f8]
Event: 0.570 Thread 0x000001aef1a09c90  808       3       java.lang.String::startsWith (138 bytes)
Event: 0.571 Thread 0x000001aef1a09c90 nmethod 808 0x000001aed6020c10 code [0x000001aed6020e20, 0x000001aed60216b8]
Event: 0.571 Thread 0x000001aef1a09c90  809       3       java.util.LinkedList$ListItr::hasNext (20 bytes)
Event: 0.571 Thread 0x000001aef1a09c90 nmethod 809 0x000001aed6021990 code [0x000001aed6021b20, 0x000001aed6021c98]

GC Heap History (0 events):
No events

Dll operation events (2 events):
Event: 0.005 Loaded shared library C:\Program Files\Android\Android Studio\jbr\bin\java.dll
Event: 0.096 Loaded shared library C:\Program Files\Android\Android Studio\jbr\bin\verify.dll

Deoptimization events (20 events):
Event: 0.542 Thread 0x000001aed29cedf0 Uncommon trap: trap_request=0xffffffde fr.pc=0x000001aedd99c7c0 relative=0x00000000000003e0
Event: 0.542 Thread 0x000001aed29cedf0 Uncommon trap: reason=class_check action=maybe_recompile pc=0x000001aedd99c7c0 method=java.util.regex.Matcher.match(II)Z @ 121 c2
Event: 0.542 Thread 0x000001aed29cedf0 DEOPT PACKING pc=0x000001aedd99c7c0 sp=0x00000049c3dfcf60
Event: 0.542 Thread 0x000001aed29cedf0 DEOPT UNPACKING pc=0x000001aedd4369a3 sp=0x00000049c3dfcf08 mode 2
Event: 0.543 Thread 0x000001aed29cedf0 Uncommon trap: trap_request=0xffffffde fr.pc=0x000001aedd99c7c0 relative=0x00000000000003e0
Event: 0.543 Thread 0x000001aed29cedf0 Uncommon trap: reason=class_check action=maybe_recompile pc=0x000001aedd99c7c0 method=java.util.regex.Matcher.match(II)Z @ 121 c2
Event: 0.543 Thread 0x000001aed29cedf0 DEOPT PACKING pc=0x000001aedd99c7c0 sp=0x00000049c3dfcde0
Event: 0.543 Thread 0x000001aed29cedf0 DEOPT UNPACKING pc=0x000001aedd4369a3 sp=0x00000049c3dfcd88 mode 2
Event: 0.543 Thread 0x000001aed29cedf0 Uncommon trap: trap_request=0xffffffde fr.pc=0x000001aedd99c7c0 relative=0x00000000000003e0
Event: 0.543 Thread 0x000001aed29cedf0 Uncommon trap: reason=class_check action=maybe_recompile pc=0x000001aedd99c7c0 method=java.util.regex.Matcher.match(II)Z @ 121 c2
Event: 0.543 Thread 0x000001aed29cedf0 DEOPT PACKING pc=0x000001aedd99c7c0 sp=0x00000049c3dfcde0
Event: 0.543 Thread 0x000001aed29cedf0 DEOPT UNPACKING pc=0x000001aedd4369a3 sp=0x00000049c3dfcd88 mode 2
Event: 0.563 Thread 0x000001aed29cedf0 Uncommon trap: trap_request=0xffffff45 fr.pc=0x000001aedd9c6234 relative=0x0000000000001574
Event: 0.563 Thread 0x000001aed29cedf0 Uncommon trap: reason=unstable_if action=reinterpret pc=0x000001aedd9c6234 method=java.io.WinNTFileSystem.normalize(Ljava/lang/String;)Ljava/lang/String; @ 40 c2
Event: 0.563 Thread 0x000001aed29cedf0 DEOPT PACKING pc=0x000001aedd9c6234 sp=0x00000049c3dfb910
Event: 0.563 Thread 0x000001aed29cedf0 DEOPT UNPACKING pc=0x000001aedd4369a3 sp=0x00000049c3dfb8f8 mode 2
Event: 0.570 Thread 0x000001aed29cedf0 Uncommon trap: trap_request=0xffffff45 fr.pc=0x000001aedd9cdf34 relative=0x0000000000000294
Event: 0.570 Thread 0x000001aed29cedf0 Uncommon trap: reason=unstable_if action=reinterpret pc=0x000001aedd9cdf34 method=java.lang.String.startsWith(Ljava/lang/String;I)Z @ 14 c2
Event: 0.570 Thread 0x000001aed29cedf0 DEOPT PACKING pc=0x000001aedd9cdf34 sp=0x00000049c3dfc0e0
Event: 0.570 Thread 0x000001aed29cedf0 DEOPT UNPACKING pc=0x000001aedd4369a3 sp=0x00000049c3dfc040 mode 2

Classes unloaded (0 events):
No events

Classes redefined (0 events):
No events

Internal exceptions (3 events):
Event: 0.194 Thread 0x000001aed29cedf0 Exception <a 'java/lang/NoSuchMethodError'{0x0000000710f80a30}: 'int java.lang.invoke.DirectMethodHandle$Holder.invokeStaticInit(java.lang.Object, java.lang.Object)'> (0x0000000710f80a30) 
thrown [s\src\hotspot\share\interpreter\linkResolver.cpp, line 771]
Event: 0.548 Thread 0x000001aed29cedf0 Exception <a 'java/lang/NoSuchMethodError'{0x000000070fca18b8}: 'void java.lang.invoke.DirectMethodHandle$Holder.invokeStatic(java.lang.Object, java.lang.Object)'> (0x000000070fca18b8) 
thrown [s\src\hotspot\share\interpreter\linkResolver.cpp, line 771]
Event: 0.565 Thread 0x000001aed29cedf0 Exception <a 'java/lang/NoClassDefFoundError'{0x000000070fd2a7f0}: org/slf4j/impl/StaticMarkerBinder> (0x000000070fd2a7f0) 
thrown [s\src\hotspot\share\classfile\systemDictionary.cpp, line 245]

VM Operations (4 events):
Event: 0.093 Executing VM operation: HandshakeAllThreads
Event: 0.093 Executing VM operation: HandshakeAllThreads done
Event: 0.478 Executing VM operation: HandshakeAllThreads
Event: 0.478 Executing VM operation: HandshakeAllThreads done

Events (20 events):
Event: 0.558 loading class java/util/MissingResourceException
Event: 0.558 loading class java/util/MissingResourceException done
Event: 0.558 loading class java/util/logging/ErrorManager
Event: 0.558 loading class java/util/logging/ErrorManager done
Event: 0.560 loading class java/io/StringWriter
Event: 0.560 loading class java/io/StringWriter done
Event: 0.561 loading class java/text/ParseException
Event: 0.562 loading class java/text/ParseException done
Event: 0.562 loading class java/util/regex/Pattern$Curly
Event: 0.562 loading class java/util/regex/Pattern$Curly done
Event: 0.562 loading class java/util/regex/Pattern$Loop
Event: 0.562 loading class java/util/regex/Pattern$Loop done
Event: 0.562 loading class java/util/regex/Pattern$Prolog
Event: 0.562 loading class java/util/regex/Pattern$Prolog done
Event: 0.562 loading class java/net/URLClassLoader$2
Event: 0.562 loading class java/net/URLClassLoader$2 done
Event: 0.567 loading class java/net/UnknownHostException
Event: 0.567 loading class java/net/UnknownHostException done
Event: 0.568 loading class java/util/EnumSet
Event: 0.568 loading class java/util/EnumSet done


Dynamic libraries:
0x00007ff679b70000 - 0x00007ff679b7a000 	C:\Program Files\Android\Android Studio\jbr\bin\java.exe
0x00007ffe1f1b0000 - 0x00007ffe1f3a8000 	C:\WINDOWS\SYSTEM32\ntdll.dll
0x00007ffe1d440000 - 0x00007ffe1d501000 	C:\WINDOWS\System32\KERNEL32.DLL
0x00007ffe1ceb0000 - 0x00007ffe1d1ad000 	C:\WINDOWS\System32\KERNELBASE.dll
0x00007ffe1cac0000 - 0x00007ffe1cbc0000 	C:\WINDOWS\System32\ucrtbase.dll
0x00007ffde3c70000 - 0x00007ffde3c8b000 	C:\Program Files\Android\Android Studio\jbr\bin\VCRUNTIME140.dll
0x00007ffe19d60000 - 0x00007ffe19d77000 	C:\Program Files\Android\Android Studio\jbr\bin\jli.dll
0x00007ffe1d2a0000 - 0x00007ffe1d43d000 	C:\WINDOWS\System32\USER32.dll
0x00007ffe1d1b0000 - 0x00007ffe1d1d2000 	C:\WINDOWS\System32\win32u.dll
0x00007ffe083c0000 - 0x00007ffe0865a000 	C:\WINDOWS\WinSxS\amd64_microsoft.windows.common-controls_6595b64144ccf1df_6.0.19041.4355_none_60b8b9eb71f62e16\COMCTL32.dll
0x00007ffe1db60000 - 0x00007ffe1db8b000 	C:\WINDOWS\System32\GDI32.dll
0x00007ffe1d720000 - 0x00007ffe1d7be000 	C:\WINDOWS\System32\msvcrt.dll
0x00007ffe1c860000 - 0x00007ffe1c977000 	C:\WINDOWS\System32\gdi32full.dll
0x00007ffe1c9b0000 - 0x00007ffe1ca4d000 	C:\WINDOWS\System32\msvcp_win.dll
0x00007ffe1ee50000 - 0x00007ffe1ee7f000 	C:\WINDOWS\System32\IMM32.DLL
0x00007ffe197d0000 - 0x00007ffe197dc000 	C:\Program Files\Android\Android Studio\jbr\bin\vcruntime140_1.dll
0x00007ffdbf090000 - 0x00007ffdbf11d000 	C:\Program Files\Android\Android Studio\jbr\bin\msvcp140.dll
0x00007ffdba850000 - 0x00007ffdbb4d3000 	C:\Program Files\Android\Android Studio\jbr\bin\server\jvm.dll
0x00007ffe1d600000 - 0x00007ffe1d6b0000 	C:\WINDOWS\System32\ADVAPI32.dll
0x00007ffe1d1e0000 - 0x00007ffe1d280000 	C:\WINDOWS\System32\sechost.dll
0x00007ffe1d850000 - 0x00007ffe1d973000 	C:\WINDOWS\System32\RPCRT4.dll
0x00007ffe1c980000 - 0x00007ffe1c9a7000 	C:\WINDOWS\System32\bcrypt.dll
0x00007ffe1c2b0000 - 0x00007ffe1c2fb000 	C:\WINDOWS\SYSTEM32\POWRPROF.dll
0x00007ffdfdf40000 - 0x00007ffdfdf49000 	C:\WINDOWS\SYSTEM32\WSOCK32.dll
0x00007ffe1ef00000 - 0x00007ffe1ef6b000 	C:\WINDOWS\System32\WS2_32.dll
0x00007ffe16470000 - 0x00007ffe1647a000 	C:\WINDOWS\SYSTEM32\VERSION.dll
0x00007ffe12de0000 - 0x00007ffe12e07000 	C:\WINDOWS\SYSTEM32\WINMM.dll
0x00007ffe1c250000 - 0x00007ffe1c262000 	C:\WINDOWS\SYSTEM32\UMPDC.dll
0x00007ffe1a700000 - 0x00007ffe1a712000 	C:\WINDOWS\SYSTEM32\kernel.appcore.dll
0x00007ffde3c60000 - 0x00007ffde3c6a000 	C:\Program Files\Android\Android Studio\jbr\bin\jimage.dll
0x00007ffe17090000 - 0x00007ffe17274000 	C:\WINDOWS\SYSTEM32\DBGHELP.DLL
0x00007ffe0c980000 - 0x00007ffe0c9b4000 	C:\WINDOWS\SYSTEM32\dbgcore.DLL
0x00007ffe1ce20000 - 0x00007ffe1cea2000 	C:\WINDOWS\System32\bcryptPrimitives.dll
0x00007ffde3c30000 - 0x00007ffde3c55000 	C:\Program Files\Android\Android Studio\jbr\bin\java.dll
0x00007ffde3c10000 - 0x00007ffde3c28000 	C:\Program Files\Android\Android Studio\jbr\bin\zip.dll
0x00007ffe1db90000 - 0x00007ffe1e2ff000 	C:\WINDOWS\System32\SHELL32.dll
0x00007ffe1a900000 - 0x00007ffe1b0a3000 	C:\WINDOWS\SYSTEM32\windows.storage.dll
0x00007ffe1eaf0000 - 0x00007ffe1ee43000 	C:\WINDOWS\System32\combase.dll
0x00007ffe1c220000 - 0x00007ffe1c24e000 	C:\WINDOWS\SYSTEM32\Wldp.dll
0x00007ffe1ef70000 - 0x00007ffe1f03d000 	C:\WINDOWS\System32\OLEAUT32.dll
0x00007ffe1d980000 - 0x00007ffe1da2d000 	C:\WINDOWS\System32\SHCORE.dll
0x00007ffe1ea90000 - 0x00007ffe1eae5000 	C:\WINDOWS\System32\shlwapi.dll
0x00007ffe1c790000 - 0x00007ffe1c7b4000 	C:\WINDOWS\SYSTEM32\profapi.dll
0x00007ffdbf070000 - 0x00007ffdbf089000 	C:\Program Files\Android\Android Studio\jbr\bin\net.dll
0x00007ffe16140000 - 0x00007ffe1624d000 	C:\WINDOWS\SYSTEM32\WINHTTP.dll
0x00007ffe1bf20000 - 0x00007ffe1bf8a000 	C:\WINDOWS\system32\mswsock.dll
0x00007ffdbf050000 - 0x00007ffdbf066000 	C:\Program Files\Android\Android Studio\jbr\bin\nio.dll
0x00007ffde3bc0000 - 0x00007ffde3bd0000 	C:\Program Files\Android\Android Studio\jbr\bin\verify.dll
0x00007ffdf5c30000 - 0x00007ffdf5c57000 	C:\Users\DAVID\.gradle\native\c067742578af261105cb4f569cf0c3c89f3d7b1fecec35dd04571415982c5e48\windows-amd64\native-platform.dll

dbghelp: loaded successfully - version: 4.0.5 - missing functions: none
symbol engine: initialized successfully - sym options: 0x614 - pdb path: .;C:\Program Files\Android\Android Studio\jbr\bin;C:\WINDOWS\SYSTEM32;C:\WINDOWS\WinSxS\amd64_microsoft.windows.common-controls_6595b64144ccf1df_6.0.19041.4355_none_60b8b9eb71f62e16;C:\Program Files\Android\Android Studio\jbr\bin\server;C:\Users\DAVID\.gradle\native\c067742578af261105cb4f569cf0c3c89f3d7b1fecec35dd04571415982c5e48\windows-amd64

VM Arguments:
jvm_args: -Dorg.gradle.appname=gradlew 
java_command: org.gradle.wrapper.GradleWrapperMain -q -Ptarget-platform=android-x64 -Ptarget=D:\DOCUMENTOS\PROJETO_FLUTTER\dmega\lib\main.dart -Pbase-application-name=android.app.Application -Pdart-obfuscation=false -Ptrack-widget-creation=true -Ptree-shake-icons=false -Pfilesystem-scheme=org-dartlang-root assembleDebug
java_class_path (initial): D:\DOCUMENTOS\PROJETO_FLUTTER\dmega\android\\gradle\wrapper\gradle-wrapper.jar
Launcher Type: SUN_STANDARD

[Global flags]
     intx CICompilerCount                          = 4                                         {product} {ergonomic}
     uint ConcGCThreads                            = 3                                         {product} {ergonomic}
     uint G1ConcRefinementThreads                  = 10                                        {product} {ergonomic}
   size_t G1HeapRegionSize                         = 2097152                                   {product} {ergonomic}
    uintx GCDrainStackTargetSize                   = 64                                        {product} {ergonomic}
   size_t InitialHeapSize                          = 268435456                                 {product} {ergonomic}
   size_t MarkStackSize                            = 4194304                                   {product} {ergonomic}
   size_t MaxHeapSize                              = 4276092928                                {product} {ergonomic}
   size_t MaxNewSize                               = 2564816896                                {product} {ergonomic}
   size_t MinHeapDeltaBytes                        = 2097152                                   {product} {ergonomic}
   size_t MinHeapSize                              = 8388608                                   {product} {ergonomic}
    uintx NonNMethodCodeHeapSize                   = 5839372                                {pd product} {ergonomic}
    uintx NonProfiledCodeHeapSize                  = 122909434                              {pd product} {ergonomic}
    uintx ProfiledCodeHeapSize                     = 122909434                              {pd product} {ergonomic}
    uintx ReservedCodeCacheSize                    = 251658240                              {pd product} {ergonomic}
     bool SegmentedCodeCache                       = true                                      {product} {ergonomic}
   size_t SoftMaxHeapSize                          = 4276092928                             {manageable} {ergonomic}
     bool UseCompressedClassPointers               = true                           {product lp64_product} {ergonomic}
     bool UseCompressedOops                        = true                           {product lp64_product} {ergonomic}
     bool UseG1GC                                  = true                                      {product} {ergonomic}
     bool UseLargePagesIndividualAllocation        = false                                  {pd product} {ergonomic}

Logging:
Log output configuration:
 #0: stdout all=warning uptime,level,tags
 #1: stderr all=off uptime,level,tags

Environment Variables:
JAVA_HOME=C:\Program Files\Android\Android Studio\jbr
CLASSPATH=D:\DOCUMENTOS\PROJETO_FLUTTER\dmega\android\\gradle\wrapper\gradle-wrapper.jar
PATH=C:\Program Files\Android\Android Studio\jbr\bin;C:\WINDOWS\system32;C:\WINDOWS;C:\WINDOWS\System32\Wbem;C:\WINDOWS\System32\WindowsPowerShell\v1.0\;C:\WINDOWS\System32\OpenSSH\;C:\Program Files\Git\cmd;C:\Users\DAVID\AppData\Local\Microsoft\WindowsApps;C:\Users\DAVID\AppData\Local\Programs\Microsoft VS Code\bin;C:\src\flutter\bin;;C:\src\flutter\bin\mingit\cmd;C:\src\flutter\bin\mingit\cmd
USERNAME=DAVID
OS=Windows_NT
PROCESSOR_IDENTIFIER=AMD64 Family 23 Model 8 Stepping 2, AuthenticAMD
TMP=C:\Users\DAVID\AppData\Local\Temp
TEMP=C:\Users\DAVID\AppData\Local\Temp



Periodic native trim disabled

JNI global refs:
JNI global refs: 8, weak refs: 0

JNI global refs memory usage: 843, weak refs: 209

Process memory usage:
Resident Set Size: 87880K (0% of 16699980K total physical memory with 3818044K free physical memory)

OOME stack traces (most recent first):
Classloader memory used:
Loader bootstrap                                                                       : 1190K
Loader org.gradle.internal.classloader.VisitableURLClassLoader                         : 185K
Loader java.net.URLClassLoader                                                         : 26124B
Loader jdk.internal.loader.ClassLoaders$AppClassLoader                                 : 18431B

Classes loaded by more than one classloader:
Class org.gradle.internal.installation.GradleInstallation                             : loaded 2 times (x 73B)
Class org.gradle.cli.ParsedCommandLine                                                : loaded 2 times (x 78B)
Class org.gradle.api.Action                                                           : loaded 2 times (x 68B)
Class org.gradle.cli.CommandLineParser$OptionString                                   : loaded 2 times (x 71B)
Class org.gradle.internal.installation.GradleInstallation$1                           : loaded 2 times (x 73B)
Class org.gradle.cli.CommandLineParser$AfterOptions                                   : loaded 2 times (x 75B)
Class org.gradle.cli.CommandLineParser$AfterFirstSubCommand                           : loaded 2 times (x 75B)
Class org.gradle.internal.service.UnknownServiceException                             : loaded 2 times (x 81B)
Class org.gradle.api.GradleException                                                  : loaded 2 times (x 80B)
Class org.gradle.cli.CommandLineParser$KnownOptionParserState                         : loaded 2 times (x 74B)
Class org.gradle.cli.AbstractPropertiesCommandLineConverter                           : loaded 2 times (x 81B)
Class org.gradle.api.specs.Spec                                                       : loaded 2 times (x 68B)
Class org.gradle.cli.SystemPropertiesCommandLineConverter                             : loaded 2 times (x 81B)
Class org.gradle.internal.IoActions                                                   : loaded 2 times (x 69B)
Class org.gradle.internal.installation.CurrentGradleInstallation                      : loaded 2 times (x 71B)
Class org.gradle.internal.installation.CurrentGradleInstallationLocator               : loaded 2 times (x 69B)
Class org.gradle.api.Transformer                                                      : loaded 2 times (x 68B)
Class org.gradle.cli.CommandLineParser                                                : loaded 2 times (x 77B)
Class org.gradle.cli.CommandLineParser$BeforeFirstSubCommand                          : loaded 2 times (x 75B)
Class org.gradle.cli.CommandLineOption                                                : loaded 2 times (x 84B)
Class org.gradle.cli.CommandLineParser$ParserState                                    : loaded 2 times (x 74B)
Class org.gradle.cli.CommandLineParser$MissingOptionArgState                          : loaded 2 times (x 75B)
Class org.gradle.api.UncheckedIOException                                             : loaded 2 times (x 80B)
Class org.gradle.cli.ParsedCommandLineOption                                          : loaded 2 times (x 74B)
Class org.gradle.internal.classloader.ClasspathUtil                                   : loaded 2 times (x 69B)
Class org.gradle.cli.CommandLineParser$UnknownOptionParserState                       : loaded 2 times (x 74B)
Class org.gradle.internal.service.ServiceLookupException                              : loaded 2 times (x 80B)
Class org.gradle.cli.CommandLineParser$OptionAwareParserState                         : loaded 2 times (x 75B)
Class org.gradle.cli.CommandLineParser$OptionParserState                              : loaded 2 times (x 73B)
Class org.gradle.internal.Cast                                                        : loaded 2 times (x 69B)
Class org.gradle.cli.CommandLineConverter                                             : loaded 2 times (x 68B)
Class org.gradle.cli.AbstractCommandLineConverter                                     : loaded 2 times (x 77B)
Class org.gradle.cli.CommandLineArgumentException                                     : loaded 2 times (x 80B)


---------------  S Y S T E M  ---------------

OS:
 Windows 10 , 64 bit Build 19041 (10.0.19041.4842)
OS uptime: 0 days 0:28 hours

CPU: total 12 (initial active 12) (12 cores per cpu, 2 threads per core) family 23 model 8 stepping 2 microcode 0x0, cx8, cmov, fxsr, ht, mmx, 3dnowpref, sse, sse2, sse3, ssse3, sse4a, sse4.1, sse4.2, popcnt, lzcnt, tsc, tscinvbit, avx, avx2, aes, clmul, bmi1, bmi2, adx, sha, fma, vzeroupper, clflush, clflushopt
Processor Information for all 12 processors :
  Max Mhz: 3200, Current Mhz: 3200, Mhz Limit: 3200

Memory: 4k page, system-wide physical 16308M (3728M free)
TotalPageFile size 18356M (AvailPageFile size 3M)
current process WorkingSet (physical memory assigned to process): 85M, peak: 85M
current process commit charge ("private bytes"): 362M, peak: 364M

vm_info: OpenJDK 64-Bit Server VM (17.0.11+0--11852314) for windows-amd64 JRE (17.0.11+0--11852314), built on May 16 2024 21:29:20 by "androidbuild" with MS VC++ 16.10 / 16.11 (VS2019)

END.
