#
# There is insufficient memory for the Java Runtime Environment to continue.
# Native memory allocation (mmap) failed to map 65536 bytes. Error detail: Failed to commit metaspace.
# Possible reasons:
#   The system is out of physical RAM or swap space
#   This process is running with CompressedOops enabled, and the Java Heap may be blocking the growth of the native heap
# Possible solutions:
#   Reduce memory load on the system
#   Increase physical memory or swap space
#   Check if swap backing store is full
#   Decrease Java heap size (-Xmx/-Xms)
#   Decrease number of Java threads
#   Decrease Java thread stack sizes (-Xss)
#   Set larger code cache with -XX:ReservedCodeCacheSize=
#   JVM is running with Zero Based Compressed Oops mode in which the Java heap is
#     placed in the first 32GB address space. The Java Heap base address is the
#     maximum limit for the native heap growth. Please use -XX:HeapBaseMinAddress
#     to set the Java Heap base and to place the Java Heap above 32GB virtual address.
# This output file may be truncated or incomplete.
#
#  Out of Memory Error (virtualSpaceNode.cpp:110), pid=13160, tid=8500
#
# JRE version: OpenJDK Runtime Environment (17.0.11) (build 17.0.11+0--11852314)
# Java VM: OpenJDK 64-Bit Server VM (17.0.11+0--11852314, mixed mode, tiered, compressed oops, compressed class ptrs, g1 gc, windows-amd64)
# No core dump will be written. Minidumps are not enabled by default on client versions of Windows
#

---------------  S U M M A R Y ------------

Command Line: -Dorg.gradle.appname=gradlew org.gradle.wrapper.GradleWrapperMain -q -Ptarget-platform=android-arm,android-arm64,android-x64 -Ptarget=lib\main.dart -Pbase-application-name=android.app.Application -Pdart-obfuscation=false -Ptrack-widget-creation=true -Ptree-shake-icons=true assembleRelease

Host: AMD Ryzen 5 1600 Six-Core Processor            , 12 cores, 15G,  Windows 10 , 64 bit Build 19041 (10.0.19041.4842)
Time: Sat Sep 21 19:05:24 2024 Hora oficial do Brasil elapsed time: 0.878794 seconds (0d 0h 0m 0s)

---------------  T H R E A D  ---------------

Current thread (0x000001ca790b93f0):  JavaThread "C1 CompilerThread0" daemon [_thread_in_vm, id=8500, stack(0x0000003f7b400000,0x0000003f7b500000)]


Current CompileTask:
C1:    879 1064       3       java.io.DataInputStream::readUTF (501 bytes)

Stack: [0x0000003f7b400000,0x0000003f7b500000]
Native frames: (J=compiled Java code, j=interpreted, Vv=VM code, C=native code)
V  [jvm.dll+0x687bb9]
V  [jvm.dll+0x84142a]
V  [jvm.dll+0x8430ae]
V  [jvm.dll+0x843713]
V  [jvm.dll+0x24a35f]
V  [jvm.dll+0x83c2bb]
V  [jvm.dll+0x62c046]
V  [jvm.dll+0x62c0aa]
V  [jvm.dll+0x62e8da]
V  [jvm.dll+0x62c9e6]
V  [jvm.dll+0x63dd8a]
V  [jvm.dll+0x636aea]
V  [jvm.dll+0x1cee10]
V  [jvm.dll+0x1cf000]
V  [jvm.dll+0x136ece]
V  [jvm.dll+0x1371f6]
V  [jvm.dll+0x13668a]
V  [jvm.dll+0x138341]
V  [jvm.dll+0x22b1ee]
V  [jvm.dll+0x229375]
V  [jvm.dll+0x7f5647]
V  [jvm.dll+0x7efa4a]
V  [jvm.dll+0x686a35]
C  [ucrtbase.dll+0x21bb2]
C  [KERNEL32.DLL+0x17374]
C  [ntdll.dll+0x4cc91]


---------------  P R O C E S S  ---------------

Threads class SMR info:
_java_thread_list=0x000001ca7a170bc0, length=14, elements={
0x000001ca56051680, 0x000001ca790543f0, 0x000001ca79055920, 0x000001ca7909de30,
0x000001ca7909f910, 0x000001ca790a23e0, 0x000001ca790a5580, 0x000001ca790b8ae0,
0x000001ca790b93f0, 0x000001ca790bd1f0, 0x000001ca7923e8b0, 0x000001ca79256f50,
0x000001ca795b4300, 0x000001ca79e1bf10
}

Java Threads: ( => current thread )
  0x000001ca56051680 JavaThread "main" [_thread_in_vm, id=2296, stack(0x0000003f7a600000,0x0000003f7a700000)]
  0x000001ca790543f0 JavaThread "Reference Handler" daemon [_thread_blocked, id=10048, stack(0x0000003f7ad00000,0x0000003f7ae00000)]
  0x000001ca79055920 JavaThread "Finalizer" daemon [_thread_blocked, id=2436, stack(0x0000003f7ae00000,0x0000003f7af00000)]
  0x000001ca7909de30 JavaThread "Signal Dispatcher" daemon [_thread_blocked, id=1148, stack(0x0000003f7af00000,0x0000003f7b000000)]
  0x000001ca7909f910 JavaThread "Attach Listener" daemon [_thread_blocked, id=13416, stack(0x0000003f7b000000,0x0000003f7b100000)]
  0x000001ca790a23e0 JavaThread "Service Thread" daemon [_thread_blocked, id=12576, stack(0x0000003f7b100000,0x0000003f7b200000)]
  0x000001ca790a5580 JavaThread "Monitor Deflation Thread" daemon [_thread_blocked, id=1976, stack(0x0000003f7b200000,0x0000003f7b300000)]
  0x000001ca790b8ae0 JavaThread "C2 CompilerThread0" daemon [_thread_blocked, id=8764, stack(0x0000003f7b300000,0x0000003f7b400000)]
=>0x000001ca790b93f0 JavaThread "C1 CompilerThread0" daemon [_thread_in_vm, id=8500, stack(0x0000003f7b400000,0x0000003f7b500000)]
  0x000001ca790bd1f0 JavaThread "Sweeper thread" daemon [_thread_blocked, id=2452, stack(0x0000003f7b500000,0x0000003f7b600000)]
  0x000001ca7923e8b0 JavaThread "Notification Thread" daemon [_thread_blocked, id=5568, stack(0x0000003f7b600000,0x0000003f7b700000)]
  0x000001ca79256f50 JavaThread "Common-Cleaner" daemon [_thread_blocked, id=1616, stack(0x0000003f7b800000,0x0000003f7b900000)]
  0x000001ca795b4300 JavaThread "C2 CompilerThread1" daemon [_thread_blocked, id=7916, stack(0x0000003f7b900000,0x0000003f7ba00000)]
  0x000001ca79e1bf10 JavaThread "pool-1-thread-1" [_thread_blocked, id=9128, stack(0x0000003f7bf00000,0x0000003f7c000000)]

Other Threads:
  0x000001ca74eb0cf0 VMThread "VM Thread" [stack: 0x0000003f7ac00000,0x0000003f7ad00000] [id=8916]
  0x000001ca7923f5b0 WatcherThread [stack: 0x0000003f7b700000,0x0000003f7b800000] [id=1380]
  0x000001ca560bec20 GCTaskThread "GC Thread#0" [stack: 0x0000003f7a700000,0x0000003f7a800000] [id=7548]
  0x000001ca79cc0200 GCTaskThread "GC Thread#1" [stack: 0x0000003f7ba00000,0x0000003f7bb00000] [id=12040]
  0x000001ca79da5100 GCTaskThread "GC Thread#2" [stack: 0x0000003f7bb00000,0x0000003f7bc00000] [id=2112]
  0x000001ca79da53c0 GCTaskThread "GC Thread#3" [stack: 0x0000003f7bc00000,0x0000003f7bd00000] [id=2144]
  0x000001ca79fb2ae0 GCTaskThread "GC Thread#4" [stack: 0x0000003f7bd00000,0x0000003f7be00000] [id=8320]
  0x000001ca79fb2da0 GCTaskThread "GC Thread#5" [stack: 0x0000003f7be00000,0x0000003f7bf00000] [id=4624]
  0x000001ca560cfa40 ConcurrentGCThread "G1 Main Marker" [stack: 0x0000003f7a800000,0x0000003f7a900000] [id=2096]
  0x000001ca560d1c10 ConcurrentGCThread "G1 Conc#0" [stack: 0x0000003f7a900000,0x0000003f7aa00000] [id=11452]
  0x000001ca5610e570 ConcurrentGCThread "G1 Refine#0" [stack: 0x0000003f7aa00000,0x0000003f7ab00000] [id=13456]
  0x000001ca74d62170 ConcurrentGCThread "G1 Service" [stack: 0x0000003f7ab00000,0x0000003f7ac00000] [id=7540]

Threads with active compile tasks:
C1 CompilerThread0      908 1064       3       java.io.DataInputStream::readUTF (501 bytes)

VM state: not at safepoint (normal execution)

VM Mutex/Monitor currently owned by a thread:  ([mutex/lock_event])
[0x000001ca53f3ad60] Metaspace_lock - owner thread: 0x000001ca790b93f0
[0x000001ca5604cf30] MethodData_lock - owner thread: 0x000001ca790b93f0

Heap address: 0x0000000701200000, size: 4078 MB, Compressed Oops mode: Zero based, Oop shift amount: 3

CDS archive(s) not mapped
Compressed class space mapped at: 0x0000000800000000-0x0000000840000000, reserved size: 1073741824
Narrow klass base: 0x0000000800000000, Narrow klass shift: 0, Narrow klass range: 0x40000000

GC Precious Log:
 CPUs: 12 total, 12 available
 Memory: 16308M
 Large Page Support: Disabled
 NUMA Support: Disabled
 Compressed Oops: Enabled (Zero based)
 Heap Region Size: 2M
 Heap Min Capacity: 8M
 Heap Initial Capacity: 256M
 Heap Max Capacity: 4078M
 Pre-touch: Disabled
 Parallel Workers: 10
 Concurrent Workers: 3
 Concurrent Refinement Workers: 10
 Periodic GC: Disabled

Heap:
 garbage-first heap   total 262144K, used 20302K [0x0000000701200000, 0x0000000800000000)
  region size 2048K, 8 young (16384K), 2 survivors (4096K)
 Metaspace       used 14960K, committed 15104K, reserved 1114112K
  class space    used 1750K, committed 1856K, reserved 1048576K

Heap Regions: E=young(eden), S=young(survivor), O=old, HS=humongous(starts), HC=humongous(continues), CS=collection set, F=free, OA=open archive, CA=closed archive, TAMS=top-at-mark-start (previous, next)
|   0|0x0000000701200000, 0x0000000701400000, 0x0000000701400000|100%|HS|  |TAMS 0x0000000701200000, 0x0000000701200000| Complete 
|   1|0x0000000701400000, 0x0000000701600000, 0x0000000701600000|100%|HC|  |TAMS 0x0000000701400000, 0x0000000701400000| Complete 
|   2|0x0000000701600000, 0x00000007017d3a00, 0x0000000701800000| 91%| O|  |TAMS 0x0000000701600000, 0x0000000701600000| Untracked 
|   3|0x0000000701800000, 0x0000000701800000, 0x0000000701a00000|  0%| F|  |TAMS 0x0000000701800000, 0x0000000701800000| Untracked 
|   4|0x0000000701a00000, 0x0000000701a00000, 0x0000000701c00000|  0%| F|  |TAMS 0x0000000701a00000, 0x0000000701a00000| Untracked 
|   5|0x0000000701c00000, 0x0000000701c00000, 0x0000000701e00000|  0%| F|  |TAMS 0x0000000701c00000, 0x0000000701c00000| Untracked 
|   6|0x0000000701e00000, 0x0000000701e00000, 0x0000000702000000|  0%| F|  |TAMS 0x0000000701e00000, 0x0000000701e00000| Untracked 
|   7|0x0000000702000000, 0x0000000702000000, 0x0000000702200000|  0%| F|  |TAMS 0x0000000702000000, 0x0000000702000000| Untracked 
|   8|0x0000000702200000, 0x0000000702200000, 0x0000000702400000|  0%| F|  |TAMS 0x0000000702200000, 0x0000000702200000| Untracked 
|   9|0x0000000702400000, 0x0000000702400000, 0x0000000702600000|  0%| F|  |TAMS 0x0000000702400000, 0x0000000702400000| Untracked 
|  10|0x0000000702600000, 0x0000000702600000, 0x0000000702800000|  0%| F|  |TAMS 0x0000000702600000, 0x0000000702600000| Untracked 
|  11|0x0000000702800000, 0x0000000702800000, 0x0000000702a00000|  0%| F|  |TAMS 0x0000000702800000, 0x0000000702800000| Untracked 
|  12|0x0000000702a00000, 0x0000000702a00000, 0x0000000702c00000|  0%| F|  |TAMS 0x0000000702a00000, 0x0000000702a00000| Untracked 
|  13|0x0000000702c00000, 0x0000000702c00000, 0x0000000702e00000|  0%| F|  |TAMS 0x0000000702c00000, 0x0000000702c00000| Untracked 
|  14|0x0000000702e00000, 0x0000000702e00000, 0x0000000703000000|  0%| F|  |TAMS 0x0000000702e00000, 0x0000000702e00000| Untracked 
|  15|0x0000000703000000, 0x0000000703000000, 0x0000000703200000|  0%| F|  |TAMS 0x0000000703000000, 0x0000000703000000| Untracked 
|  16|0x0000000703200000, 0x0000000703200000, 0x0000000703400000|  0%| F|  |TAMS 0x0000000703200000, 0x0000000703200000| Untracked 
|  17|0x0000000703400000, 0x0000000703400000, 0x0000000703600000|  0%| F|  |TAMS 0x0000000703400000, 0x0000000703400000| Untracked 
|  18|0x0000000703600000, 0x0000000703600000, 0x0000000703800000|  0%| F|  |TAMS 0x0000000703600000, 0x0000000703600000| Untracked 
|  19|0x0000000703800000, 0x0000000703800000, 0x0000000703a00000|  0%| F|  |TAMS 0x0000000703800000, 0x0000000703800000| Untracked 
|  20|0x0000000703a00000, 0x0000000703a00000, 0x0000000703c00000|  0%| F|  |TAMS 0x0000000703a00000, 0x0000000703a00000| Untracked 
|  21|0x0000000703c00000, 0x0000000703c00000, 0x0000000703e00000|  0%| F|  |TAMS 0x0000000703c00000, 0x0000000703c00000| Untracked 
|  22|0x0000000703e00000, 0x0000000703e00000, 0x0000000704000000|  0%| F|  |TAMS 0x0000000703e00000, 0x0000000703e00000| Untracked 
|  23|0x0000000704000000, 0x0000000704000000, 0x0000000704200000|  0%| F|  |TAMS 0x0000000704000000, 0x0000000704000000| Untracked 
|  24|0x0000000704200000, 0x0000000704200000, 0x0000000704400000|  0%| F|  |TAMS 0x0000000704200000, 0x0000000704200000| Untracked 
|  25|0x0000000704400000, 0x0000000704400000, 0x0000000704600000|  0%| F|  |TAMS 0x0000000704400000, 0x0000000704400000| Untracked 
|  26|0x0000000704600000, 0x0000000704600000, 0x0000000704800000|  0%| F|  |TAMS 0x0000000704600000, 0x0000000704600000| Untracked 
|  27|0x0000000704800000, 0x0000000704800000, 0x0000000704a00000|  0%| F|  |TAMS 0x0000000704800000, 0x0000000704800000| Untracked 
|  28|0x0000000704a00000, 0x0000000704a00000, 0x0000000704c00000|  0%| F|  |TAMS 0x0000000704a00000, 0x0000000704a00000| Untracked 
|  29|0x0000000704c00000, 0x0000000704c00000, 0x0000000704e00000|  0%| F|  |TAMS 0x0000000704c00000, 0x0000000704c00000| Untracked 
|  30|0x0000000704e00000, 0x0000000704e00000, 0x0000000705000000|  0%| F|  |TAMS 0x0000000704e00000, 0x0000000704e00000| Untracked 
|  31|0x0000000705000000, 0x0000000705000000, 0x0000000705200000|  0%| F|  |TAMS 0x0000000705000000, 0x0000000705000000| Untracked 
|  32|0x0000000705200000, 0x0000000705200000, 0x0000000705400000|  0%| F|  |TAMS 0x0000000705200000, 0x0000000705200000| Untracked 
|  33|0x0000000705400000, 0x0000000705400000, 0x0000000705600000|  0%| F|  |TAMS 0x0000000705400000, 0x0000000705400000| Untracked 
|  34|0x0000000705600000, 0x0000000705600000, 0x0000000705800000|  0%| F|  |TAMS 0x0000000705600000, 0x0000000705600000| Untracked 
|  35|0x0000000705800000, 0x0000000705800000, 0x0000000705a00000|  0%| F|  |TAMS 0x0000000705800000, 0x0000000705800000| Untracked 
|  36|0x0000000705a00000, 0x0000000705a00000, 0x0000000705c00000|  0%| F|  |TAMS 0x0000000705a00000, 0x0000000705a00000| Untracked 
|  37|0x0000000705c00000, 0x0000000705c00000, 0x0000000705e00000|  0%| F|  |TAMS 0x0000000705c00000, 0x0000000705c00000| Untracked 
|  38|0x0000000705e00000, 0x0000000705e00000, 0x0000000706000000|  0%| F|  |TAMS 0x0000000705e00000, 0x0000000705e00000| Untracked 
|  39|0x0000000706000000, 0x0000000706000000, 0x0000000706200000|  0%| F|  |TAMS 0x0000000706000000, 0x0000000706000000| Untracked 
|  40|0x0000000706200000, 0x0000000706200000, 0x0000000706400000|  0%| F|  |TAMS 0x0000000706200000, 0x0000000706200000| Untracked 
|  41|0x0000000706400000, 0x0000000706400000, 0x0000000706600000|  0%| F|  |TAMS 0x0000000706400000, 0x0000000706400000| Untracked 
|  42|0x0000000706600000, 0x0000000706600000, 0x0000000706800000|  0%| F|  |TAMS 0x0000000706600000, 0x0000000706600000| Untracked 
|  43|0x0000000706800000, 0x0000000706800000, 0x0000000706a00000|  0%| F|  |TAMS 0x0000000706800000, 0x0000000706800000| Untracked 
|  44|0x0000000706a00000, 0x0000000706a00000, 0x0000000706c00000|  0%| F|  |TAMS 0x0000000706a00000, 0x0000000706a00000| Untracked 
|  45|0x0000000706c00000, 0x0000000706c00000, 0x0000000706e00000|  0%| F|  |TAMS 0x0000000706c00000, 0x0000000706c00000| Untracked 
|  46|0x0000000706e00000, 0x0000000706e00000, 0x0000000707000000|  0%| F|  |TAMS 0x0000000706e00000, 0x0000000706e00000| Untracked 
|  47|0x0000000707000000, 0x0000000707000000, 0x0000000707200000|  0%| F|  |TAMS 0x0000000707000000, 0x0000000707000000| Untracked 
|  48|0x0000000707200000, 0x0000000707200000, 0x0000000707400000|  0%| F|  |TAMS 0x0000000707200000, 0x0000000707200000| Untracked 
|  49|0x0000000707400000, 0x0000000707400000, 0x0000000707600000|  0%| F|  |TAMS 0x0000000707400000, 0x0000000707400000| Untracked 
|  50|0x0000000707600000, 0x0000000707600000, 0x0000000707800000|  0%| F|  |TAMS 0x0000000707600000, 0x0000000707600000| Untracked 
|  51|0x0000000707800000, 0x0000000707800000, 0x0000000707a00000|  0%| F|  |TAMS 0x0000000707800000, 0x0000000707800000| Untracked 
|  52|0x0000000707a00000, 0x0000000707a00000, 0x0000000707c00000|  0%| F|  |TAMS 0x0000000707a00000, 0x0000000707a00000| Untracked 
|  53|0x0000000707c00000, 0x0000000707c00000, 0x0000000707e00000|  0%| F|  |TAMS 0x0000000707c00000, 0x0000000707c00000| Untracked 
|  54|0x0000000707e00000, 0x0000000707e00000, 0x0000000708000000|  0%| F|  |TAMS 0x0000000707e00000, 0x0000000707e00000| Untracked 
|  55|0x0000000708000000, 0x0000000708000000, 0x0000000708200000|  0%| F|  |TAMS 0x0000000708000000, 0x0000000708000000| Untracked 
|  56|0x0000000708200000, 0x0000000708200000, 0x0000000708400000|  0%| F|  |TAMS 0x0000000708200000, 0x0000000708200000| Untracked 
|  57|0x0000000708400000, 0x0000000708400000, 0x0000000708600000|  0%| F|  |TAMS 0x0000000708400000, 0x0000000708400000| Untracked 
|  58|0x0000000708600000, 0x0000000708600000, 0x0000000708800000|  0%| F|  |TAMS 0x0000000708600000, 0x0000000708600000| Untracked 
|  59|0x0000000708800000, 0x0000000708800000, 0x0000000708a00000|  0%| F|  |TAMS 0x0000000708800000, 0x0000000708800000| Untracked 
|  60|0x0000000708a00000, 0x0000000708a00000, 0x0000000708c00000|  0%| F|  |TAMS 0x0000000708a00000, 0x0000000708a00000| Untracked 
|  61|0x0000000708c00000, 0x0000000708c00000, 0x0000000708e00000|  0%| F|  |TAMS 0x0000000708c00000, 0x0000000708c00000| Untracked 
|  62|0x0000000708e00000, 0x0000000708e00000, 0x0000000709000000|  0%| F|  |TAMS 0x0000000708e00000, 0x0000000708e00000| Untracked 
|  63|0x0000000709000000, 0x0000000709000000, 0x0000000709200000|  0%| F|  |TAMS 0x0000000709000000, 0x0000000709000000| Untracked 
|  64|0x0000000709200000, 0x0000000709200000, 0x0000000709400000|  0%| F|  |TAMS 0x0000000709200000, 0x0000000709200000| Untracked 
|  65|0x0000000709400000, 0x0000000709400000, 0x0000000709600000|  0%| F|  |TAMS 0x0000000709400000, 0x0000000709400000| Untracked 
|  66|0x0000000709600000, 0x0000000709600000, 0x0000000709800000|  0%| F|  |TAMS 0x0000000709600000, 0x0000000709600000| Untracked 
|  67|0x0000000709800000, 0x0000000709800000, 0x0000000709a00000|  0%| F|  |TAMS 0x0000000709800000, 0x0000000709800000| Untracked 
|  68|0x0000000709a00000, 0x0000000709a00000, 0x0000000709c00000|  0%| F|  |TAMS 0x0000000709a00000, 0x0000000709a00000| Untracked 
|  69|0x0000000709c00000, 0x0000000709c00000, 0x0000000709e00000|  0%| F|  |TAMS 0x0000000709c00000, 0x0000000709c00000| Untracked 
|  70|0x0000000709e00000, 0x0000000709e00000, 0x000000070a000000|  0%| F|  |TAMS 0x0000000709e00000, 0x0000000709e00000| Untracked 
|  71|0x000000070a000000, 0x000000070a000000, 0x000000070a200000|  0%| F|  |TAMS 0x000000070a000000, 0x000000070a000000| Untracked 
|  72|0x000000070a200000, 0x000000070a200000, 0x000000070a400000|  0%| F|  |TAMS 0x000000070a200000, 0x000000070a200000| Untracked 
|  73|0x000000070a400000, 0x000000070a400000, 0x000000070a600000|  0%| F|  |TAMS 0x000000070a400000, 0x000000070a400000| Untracked 
|  74|0x000000070a600000, 0x000000070a600000, 0x000000070a800000|  0%| F|  |TAMS 0x000000070a600000, 0x000000070a600000| Untracked 
|  75|0x000000070a800000, 0x000000070a800000, 0x000000070aa00000|  0%| F|  |TAMS 0x000000070a800000, 0x000000070a800000| Untracked 
|  76|0x000000070aa00000, 0x000000070aa00000, 0x000000070ac00000|  0%| F|  |TAMS 0x000000070aa00000, 0x000000070aa00000| Untracked 
|  77|0x000000070ac00000, 0x000000070ac00000, 0x000000070ae00000|  0%| F|  |TAMS 0x000000070ac00000, 0x000000070ac00000| Untracked 
|  78|0x000000070ae00000, 0x000000070ae00000, 0x000000070b000000|  0%| F|  |TAMS 0x000000070ae00000, 0x000000070ae00000| Untracked 
|  79|0x000000070b000000, 0x000000070b000000, 0x000000070b200000|  0%| F|  |TAMS 0x000000070b000000, 0x000000070b000000| Untracked 
|  80|0x000000070b200000, 0x000000070b200000, 0x000000070b400000|  0%| F|  |TAMS 0x000000070b200000, 0x000000070b200000| Untracked 
|  81|0x000000070b400000, 0x000000070b400000, 0x000000070b600000|  0%| F|  |TAMS 0x000000070b400000, 0x000000070b400000| Untracked 
|  82|0x000000070b600000, 0x000000070b600000, 0x000000070b800000|  0%| F|  |TAMS 0x000000070b600000, 0x000000070b600000| Untracked 
|  83|0x000000070b800000, 0x000000070b800000, 0x000000070ba00000|  0%| F|  |TAMS 0x000000070b800000, 0x000000070b800000| Untracked 
|  84|0x000000070ba00000, 0x000000070ba00000, 0x000000070bc00000|  0%| F|  |TAMS 0x000000070ba00000, 0x000000070ba00000| Untracked 
|  85|0x000000070bc00000, 0x000000070bc00000, 0x000000070be00000|  0%| F|  |TAMS 0x000000070bc00000, 0x000000070bc00000| Untracked 
|  86|0x000000070be00000, 0x000000070be00000, 0x000000070c000000|  0%| F|  |TAMS 0x000000070be00000, 0x000000070be00000| Untracked 
|  87|0x000000070c000000, 0x000000070c000000, 0x000000070c200000|  0%| F|  |TAMS 0x000000070c000000, 0x000000070c000000| Untracked 
|  88|0x000000070c200000, 0x000000070c200000, 0x000000070c400000|  0%| F|  |TAMS 0x000000070c200000, 0x000000070c200000| Untracked 
|  89|0x000000070c400000, 0x000000070c400000, 0x000000070c600000|  0%| F|  |TAMS 0x000000070c400000, 0x000000070c400000| Untracked 
|  90|0x000000070c600000, 0x000000070c600000, 0x000000070c800000|  0%| F|  |TAMS 0x000000070c600000, 0x000000070c600000| Untracked 
|  91|0x000000070c800000, 0x000000070c800000, 0x000000070ca00000|  0%| F|  |TAMS 0x000000070c800000, 0x000000070c800000| Untracked 
|  92|0x000000070ca00000, 0x000000070ca00000, 0x000000070cc00000|  0%| F|  |TAMS 0x000000070ca00000, 0x000000070ca00000| Untracked 
|  93|0x000000070cc00000, 0x000000070cc00000, 0x000000070ce00000|  0%| F|  |TAMS 0x000000070cc00000, 0x000000070cc00000| Untracked 
|  94|0x000000070ce00000, 0x000000070ce00000, 0x000000070d000000|  0%| F|  |TAMS 0x000000070ce00000, 0x000000070ce00000| Untracked 
|  95|0x000000070d000000, 0x000000070d000000, 0x000000070d200000|  0%| F|  |TAMS 0x000000070d000000, 0x000000070d000000| Untracked 
|  96|0x000000070d200000, 0x000000070d200000, 0x000000070d400000|  0%| F|  |TAMS 0x000000070d200000, 0x000000070d200000| Untracked 
|  97|0x000000070d400000, 0x000000070d400000, 0x000000070d600000|  0%| F|  |TAMS 0x000000070d400000, 0x000000070d400000| Untracked 
|  98|0x000000070d600000, 0x000000070d600000, 0x000000070d800000|  0%| F|  |TAMS 0x000000070d600000, 0x000000070d600000| Untracked 
|  99|0x000000070d800000, 0x000000070d800000, 0x000000070da00000|  0%| F|  |TAMS 0x000000070d800000, 0x000000070d800000| Untracked 
| 100|0x000000070da00000, 0x000000070da00000, 0x000000070dc00000|  0%| F|  |TAMS 0x000000070da00000, 0x000000070da00000| Untracked 
| 101|0x000000070dc00000, 0x000000070dc00000, 0x000000070de00000|  0%| F|  |TAMS 0x000000070dc00000, 0x000000070dc00000| Untracked 
| 102|0x000000070de00000, 0x000000070de00000, 0x000000070e000000|  0%| F|  |TAMS 0x000000070de00000, 0x000000070de00000| Untracked 
| 103|0x000000070e000000, 0x000000070e000000, 0x000000070e200000|  0%| F|  |TAMS 0x000000070e000000, 0x000000070e000000| Untracked 
| 104|0x000000070e200000, 0x000000070e200000, 0x000000070e400000|  0%| F|  |TAMS 0x000000070e200000, 0x000000070e200000| Untracked 
| 105|0x000000070e400000, 0x000000070e400000, 0x000000070e600000|  0%| F|  |TAMS 0x000000070e400000, 0x000000070e400000| Untracked 
| 106|0x000000070e600000, 0x000000070e600000, 0x000000070e800000|  0%| F|  |TAMS 0x000000070e600000, 0x000000070e600000| Untracked 
| 107|0x000000070e800000, 0x000000070e800000, 0x000000070ea00000|  0%| F|  |TAMS 0x000000070e800000, 0x000000070e800000| Untracked 
| 108|0x000000070ea00000, 0x000000070ea00000, 0x000000070ec00000|  0%| F|  |TAMS 0x000000070ea00000, 0x000000070ea00000| Untracked 
| 109|0x000000070ec00000, 0x000000070ec00000, 0x000000070ee00000|  0%| F|  |TAMS 0x000000070ec00000, 0x000000070ec00000| Untracked 
| 110|0x000000070ee00000, 0x000000070ee00000, 0x000000070f000000|  0%| F|  |TAMS 0x000000070ee00000, 0x000000070ee00000| Untracked 
| 111|0x000000070f000000, 0x000000070f000000, 0x000000070f200000|  0%| F|  |TAMS 0x000000070f000000, 0x000000070f000000| Untracked 
| 112|0x000000070f200000, 0x000000070f200000, 0x000000070f400000|  0%| F|  |TAMS 0x000000070f200000, 0x000000070f200000| Untracked 
| 113|0x000000070f400000, 0x000000070f400000, 0x000000070f600000|  0%| F|  |TAMS 0x000000070f400000, 0x000000070f400000| Untracked 
| 114|0x000000070f600000, 0x000000070f600000, 0x000000070f800000|  0%| F|  |TAMS 0x000000070f600000, 0x000000070f600000| Untracked 
| 115|0x000000070f800000, 0x000000070fa00000, 0x000000070fa00000|100%| S|CS|TAMS 0x000000070f800000, 0x000000070f800000| Complete 
| 116|0x000000070fa00000, 0x000000070fc00000, 0x000000070fc00000|100%| S|CS|TAMS 0x000000070fa00000, 0x000000070fa00000| Complete 
| 117|0x000000070fc00000, 0x000000070fc00000, 0x000000070fe00000|  0%| F|  |TAMS 0x000000070fc00000, 0x000000070fc00000| Untracked 
| 118|0x000000070fe00000, 0x000000070fe00000, 0x0000000710000000|  0%| F|  |TAMS 0x000000070fe00000, 0x000000070fe00000| Untracked 
| 119|0x0000000710000000, 0x0000000710000000, 0x0000000710200000|  0%| F|  |TAMS 0x0000000710000000, 0x0000000710000000| Untracked 
| 120|0x0000000710200000, 0x0000000710200000, 0x0000000710400000|  0%| F|  |TAMS 0x0000000710200000, 0x0000000710200000| Untracked 
| 121|0x0000000710400000, 0x0000000710400000, 0x0000000710600000|  0%| F|  |TAMS 0x0000000710400000, 0x0000000710400000| Untracked 
| 122|0x0000000710600000, 0x0000000710771898, 0x0000000710800000| 72%| E|  |TAMS 0x0000000710600000, 0x0000000710600000| Complete 
| 123|0x0000000710800000, 0x0000000710a00000, 0x0000000710a00000|100%| E|CS|TAMS 0x0000000710800000, 0x0000000710800000| Complete 
| 124|0x0000000710a00000, 0x0000000710c00000, 0x0000000710c00000|100%| E|CS|TAMS 0x0000000710a00000, 0x0000000710a00000| Complete 
| 125|0x0000000710c00000, 0x0000000710e00000, 0x0000000710e00000|100%| E|CS|TAMS 0x0000000710c00000, 0x0000000710c00000| Complete 
| 126|0x0000000710e00000, 0x0000000711000000, 0x0000000711000000|100%| E|CS|TAMS 0x0000000710e00000, 0x0000000710e00000| Complete 
| 127|0x0000000711000000, 0x0000000711200000, 0x0000000711200000|100%| E|CS|TAMS 0x0000000711000000, 0x0000000711000000| Complete 

Card table byte_map: [0x000001ca69290000,0x000001ca69a90000] _byte_map_base: 0x000001ca65a87000

Marking Bits (Prev, Next): (CMBitMap*) 0x000001ca560bf240, (CMBitMap*) 0x000001ca560bf280
 Prev Bits: [0x000001ca6a290000, 0x000001ca6e248000)
 Next Bits: [0x000001ca6e250000, 0x000001ca72208000)

Polling page: 0x000001ca53fe0000

Metaspace:

Usage:
  Non-class:     12.90 MB used.
      Class:      1.71 MB used.
       Both:     14.61 MB used.

Virtual space:
  Non-class space:       64.00 MB reserved,      12.94 MB ( 20%) committed,  1 nodes.
      Class space:        1.00 GB reserved,       1.81 MB ( <1%) committed,  1 nodes.
             Both:        1.06 GB reserved,      14.75 MB (  1%) committed. 

Chunk freelists:
   Non-Class:  2.38 MB
       Class:  14.23 MB
        Both:  16.61 MB

MaxMetaspaceSize: unlimited
CompressedClassSpaceSize: 1.00 GB
Initial GC threshold: 21.00 MB
Current GC threshold: 21.00 MB
CDS: off
MetaspaceReclaimPolicy: balanced
 - commit_granule_bytes: 65536.
 - commit_granule_words: 8192.
 - virtual_space_node_default_size: 8388608.
 - enlarge_chunks_in_place: 1.
 - new_chunks_are_fully_committed: 0.
 - uncommit_free_chunks: 1.
 - use_allocation_guard: 0.
 - handle_deallocations: 1.


Internal statistics:

num_allocs_failed_limit: 0.
num_arena_births: 72.
num_arena_deaths: 0.
num_vsnodes_births: 2.
num_vsnodes_deaths: 0.
num_space_committed: 236.
num_space_uncommitted: 0.
num_chunks_returned_to_freelist: 0.
num_chunks_taken_from_freelist: 273.
num_chunk_merges: 0.
num_chunk_splits: 178.
num_chunks_enlarged: 147.
num_inconsistent_stats: 0.

CodeHeap 'non-profiled nmethods': size=120000Kb used=440Kb max_used=440Kb free=119559Kb
 bounds [0x000001ca61000000, 0x000001ca61270000, 0x000001ca68530000]
CodeHeap 'profiled nmethods': size=120000Kb used=1966Kb max_used=1966Kb free=118034Kb
 bounds [0x000001ca59530000, 0x000001ca597a0000, 0x000001ca60a60000]
CodeHeap 'non-nmethods': size=5760Kb used=1153Kb max_used=1164Kb free=4606Kb
 bounds [0x000001ca60a60000, 0x000001ca60cd0000, 0x000001ca61000000]
 total_blobs=1508 nmethods=1063 adapters=358
 compilation: enabled
              stopped_count=0, restarted_count=0
 full_count=0

Compilation events (20 events):
Event: 0.792 Thread 0x000001ca790b93f0 nmethod 1052 0x000001ca6106cf10 code [0x000001ca6106d0a0, 0x000001ca6106d178]
Event: 0.798 Thread 0x000001ca790b93f0 1053       3       java.util.Arrays::copyOf (10 bytes)
Event: 0.798 Thread 0x000001ca790b93f0 nmethod 1053 0x000001ca59716b10 code [0x000001ca59716cc0, 0x000001ca59716e08]
Event: 0.860 Thread 0x000001ca795b4300 1054       4       java.lang.String::startsWith (7 bytes)
Event: 0.864 Thread 0x000001ca795b4300 nmethod 1054 0x000001ca6106d210 code [0x000001ca6106d3a0, 0x000001ca6106d5f8]
Event: 0.866 Thread 0x000001ca790b93f0 1057       3       java.lang.invoke.MemberName::getName (25 bytes)
Event: 0.866 Thread 0x000001ca790b93f0 nmethod 1057 0x000001ca59716f10 code [0x000001ca597170e0, 0x000001ca59717488]
Event: 0.866 Thread 0x000001ca790b93f0 1058       1       java.lang.invoke.DirectMethodHandle::internalMemberName (5 bytes)
Event: 0.866 Thread 0x000001ca790b93f0 nmethod 1058 0x000001ca6106e010 code [0x000001ca6106e1a0, 0x000001ca6106e278]
Event: 0.867 Thread 0x000001ca790b93f0 1059       3       java.lang.invoke.MemberName::checkForTypeAlias (172 bytes)
Event: 0.868 Thread 0x000001ca790b93f0 nmethod 1059 0x000001ca59717590 code [0x000001ca59717a00, 0x000001ca597198b8]
Event: 0.875 Thread 0x000001ca790b93f0 1060       3       java.util.Objects::checkFromIndexSize (8 bytes)
Event: 0.875 Thread 0x000001ca790b93f0 nmethod 1060 0x000001ca5971a190 code [0x000001ca5971a340, 0x000001ca5971a568]
Event: 0.875 Thread 0x000001ca790b93f0 1061       3       jdk.internal.util.Preconditions::checkFromIndexSize (25 bytes)
Event: 0.875 Thread 0x000001ca790b93f0 nmethod 1061 0x000001ca5971a690 code [0x000001ca5971a840, 0x000001ca5971aa08]
Event: 0.875 Thread 0x000001ca790b93f0 1062       3       java.io.BufferedInputStream::getBufIfOpen (21 bytes)
Event: 0.875 Thread 0x000001ca790b93f0 nmethod 1062 0x000001ca5971ab10 code [0x000001ca5971acc0, 0x000001ca5971aee8]
Event: 0.875 Thread 0x000001ca790b93f0 1063  s    3       java.io.BufferedInputStream::read (49 bytes)
Event: 0.875 Thread 0x000001ca790b93f0 nmethod 1063 0x000001ca5971b010 code [0x000001ca5971b1e0, 0x000001ca5971b678]
Event: 0.875 Thread 0x000001ca790b93f0 1064       3       java.io.DataInputStream::readUTF (501 bytes)

GC Heap History (2 events):
Event: 0.556 GC heap before
{Heap before GC invocations=0 (full 0):
 garbage-first heap   total 262144K, used 24576K [0x0000000701200000, 0x0000000800000000)
  region size 2048K, 11 young (22528K), 0 survivors (0K)
 Metaspace       used 11074K, committed 11264K, reserved 1114112K
  class space    used 1149K, committed 1216K, reserved 1048576K
}
Event: 0.560 GC heap after
{Heap after GC invocations=1 (full 0):
 garbage-first heap   total 262144K, used 10062K [0x0000000701200000, 0x0000000800000000)
  region size 2048K, 2 young (4096K), 2 survivors (4096K)
 Metaspace       used 11074K, committed 11264K, reserved 1114112K
  class space    used 1149K, committed 1216K, reserved 1048576K
}

Dll operation events (2 events):
Event: 0.005 Loaded shared library C:\Program Files\Android\Android Studio\jbr\bin\java.dll
Event: 0.097 Loaded shared library C:\Program Files\Android\Android Studio\jbr\bin\verify.dll

Deoptimization events (20 events):
Event: 0.668 Thread 0x000001ca56051680 DEOPT PACKING pc=0x000001ca595c7a65 sp=0x0000003f7a6f8130
Event: 0.668 Thread 0x000001ca56051680 DEOPT UNPACKING pc=0x000001ca60ab7143 sp=0x0000003f7a6f7580 mode 0
Event: 0.695 Thread 0x000001ca56051680 Uncommon trap: trap_request=0xffffffc6 fr.pc=0x000001ca610603f8 relative=0x0000000000000598
Event: 0.695 Thread 0x000001ca56051680 Uncommon trap: reason=bimorphic_or_optimized_type_check action=maybe_recompile pc=0x000001ca610603f8 method=java.util.concurrent.ConcurrentHashMap.get(Ljava/lang/Object;)Ljava/lang/Object; @ 149 c2
Event: 0.695 Thread 0x000001ca56051680 DEOPT PACKING pc=0x000001ca610603f8 sp=0x0000003f7a6fb100
Event: 0.695 Thread 0x000001ca56051680 DEOPT UNPACKING pc=0x000001ca60ab69a3 sp=0x0000003f7a6fb0a0 mode 2
Event: 0.695 Thread 0x000001ca56051680 Uncommon trap: trap_request=0xffffffc6 fr.pc=0x000001ca610603f8 relative=0x0000000000000598
Event: 0.695 Thread 0x000001ca56051680 Uncommon trap: reason=bimorphic_or_optimized_type_check action=maybe_recompile pc=0x000001ca610603f8 method=java.util.concurrent.ConcurrentHashMap.get(Ljava/lang/Object;)Ljava/lang/Object; @ 149 c2
Event: 0.695 Thread 0x000001ca56051680 DEOPT PACKING pc=0x000001ca610603f8 sp=0x0000003f7a6fb100
Event: 0.695 Thread 0x000001ca56051680 DEOPT UNPACKING pc=0x000001ca60ab69a3 sp=0x0000003f7a6fb0a0 mode 2
Event: 0.695 Thread 0x000001ca56051680 Uncommon trap: trap_request=0xffffffc6 fr.pc=0x000001ca610603f8 relative=0x0000000000000598
Event: 0.695 Thread 0x000001ca56051680 Uncommon trap: reason=bimorphic_or_optimized_type_check action=maybe_recompile pc=0x000001ca610603f8 method=java.util.concurrent.ConcurrentHashMap.get(Ljava/lang/Object;)Ljava/lang/Object; @ 149 c2
Event: 0.695 Thread 0x000001ca56051680 DEOPT PACKING pc=0x000001ca610603f8 sp=0x0000003f7a6fb100
Event: 0.695 Thread 0x000001ca56051680 DEOPT UNPACKING pc=0x000001ca60ab69a3 sp=0x0000003f7a6fb0a0 mode 2
Event: 0.695 Thread 0x000001ca56051680 Uncommon trap: trap_request=0xffffffc6 fr.pc=0x000001ca610603f8 relative=0x0000000000000598
Event: 0.695 Thread 0x000001ca56051680 Uncommon trap: reason=bimorphic_or_optimized_type_check action=maybe_recompile pc=0x000001ca610603f8 method=java.util.concurrent.ConcurrentHashMap.get(Ljava/lang/Object;)Ljava/lang/Object; @ 149 c2
Event: 0.695 Thread 0x000001ca56051680 DEOPT PACKING pc=0x000001ca610603f8 sp=0x0000003f7a6fb100
Event: 0.695 Thread 0x000001ca56051680 DEOPT UNPACKING pc=0x000001ca60ab69a3 sp=0x0000003f7a6fb0a0 mode 2
Event: 0.706 Thread 0x000001ca56051680 DEOPT PACKING pc=0x000001ca59616548 sp=0x0000003f7a6fa120
Event: 0.706 Thread 0x000001ca56051680 DEOPT UNPACKING pc=0x000001ca60ab7143 sp=0x0000003f7a6f9638 mode 0

Classes unloaded (0 events):
No events

Classes redefined (0 events):
No events

Internal exceptions (16 events):
Event: 0.194 Thread 0x000001ca56051680 Exception <a 'java/lang/NoSuchMethodError'{0x0000000710f7e1e0}: 'int java.lang.invoke.DirectMethodHandle$Holder.invokeStaticInit(java.lang.Object, java.lang.Object)'> (0x0000000710f7e1e0) 
thrown [s\src\hotspot\share\interpreter\linkResolver.cpp, line 771]
Event: 0.523 Thread 0x000001ca56051680 Exception <a 'java/lang/NoSuchMethodError'{0x000000070fc9f0b8}: 'void java.lang.invoke.DirectMethodHandle$Holder.invokeStatic(java.lang.Object, java.lang.Object)'> (0x000000070fc9f0b8) 
thrown [s\src\hotspot\share\interpreter\linkResolver.cpp, line 771]
Event: 0.538 Thread 0x000001ca56051680 Exception <a 'java/lang/NoClassDefFoundError'{0x000000070fd27a50}: org/slf4j/impl/StaticMarkerBinder> (0x000000070fd27a50) 
thrown [s\src\hotspot\share\classfile\systemDictionary.cpp, line 245]
Event: 0.549 Thread 0x000001ca56051680 Exception <a 'java/lang/NoSuchMethodError'{0x000000070fdc35b0}: 'java.lang.Object java.lang.invoke.DirectMethodHandle$Holder.invokeVirtual(java.lang.Object, java.lang.Object, java.lang.Object, java.lang.Object, java.lang.Object, java.lang.Object, java.lang.Object)'> (0x000000070fdc35b0) 
thrown [s\src\hotspot\share\interpreter\linkResolver.cpp, line 771]
Event: 0.550 Thread 0x000001ca56051680 Exception <a 'java/lang/NoSuchMethodError'{0x000000070fdd4df0}: 'java.lang.Object java.lang.invoke.Invokers$Holder.invoker(java.lang.Object, java.lang.Object, java.lang.Object)'> (0x000000070fdd4df0) 
thrown [s\src\hotspot\share\interpreter\linkResolver.cpp, line 771]
Event: 0.552 Thread 0x000001ca56051680 Exception <a 'java/lang/NoSuchMethodError'{0x000000070fddde98}: 'java.lang.Object java.lang.invoke.DirectMethodHandle$Holder.invokeStatic(java.lang.Object, java.lang.Object, int)'> (0x000000070fddde98) 
thrown [s\src\hotspot\share\interpreter\linkResolver.cpp, line 771]
Event: 0.553 Thread 0x000001ca56051680 Exception <a 'java/lang/NoSuchMethodError'{0x000000070fde9b88}: 'void java.lang.invoke.DelegatingMethodHandle$Holder.delegate(java.lang.Object, java.lang.Object, int, java.lang.Object)'> (0x000000070fde9b88) 
thrown [s\src\hotspot\share\interpreter\linkResolver.cpp, line 771]
Event: 0.554 Thread 0x000001ca56051680 Exception <a 'java/lang/NoSuchMethodError'{0x000000070fdedcd0}: 'int java.lang.invoke.DirectMethodHandle$Holder.invokeSpecial(java.lang.Object, java.lang.Object, java.lang.Object)'> (0x000000070fdedcd0) 
thrown [s\src\hotspot\share\interpreter\linkResolver.cpp, line 771]
Event: 0.560 Thread 0x000001ca56051680 Exception <a 'java/lang/NoSuchMethodError'{0x0000000711001330}: 'java.lang.Object java.lang.invoke.Invokers$Holder.invokeExact_MT(java.lang.Object, java.lang.Object, java.lang.Object, java.lang.Object)'> (0x0000000711001330) 
thrown [s\src\hotspot\share\interpreter\linkResolver.cpp, line 771]
Event: 0.628 Thread 0x000001ca56051680 Exception <a 'java/lang/NoSuchMethodError'{0x0000000710c96590}: 'void java.lang.invoke.DirectMethodHandle$Holder.invokeSpecial(java.lang.Object, java.lang.Object, java.lang.Object)'> (0x0000000710c96590) 
thrown [s\src\hotspot\share\interpreter\linkResolver.cpp, line 771]
Event: 0.639 Thread 0x000001ca56051680 Implicit null exception at 0x000001ca61054390 to 0x000001ca61054900
Event: 0.639 Thread 0x000001ca56051680 Implicit null exception at 0x000001ca6103cb90 to 0x000001ca6103d0fc
Event: 0.654 Thread 0x000001ca56051680 Exception <a 'java/lang/NoSuchMethodError'{0x0000000710a33478}: 'java.lang.Object java.lang.invoke.DirectMethodHandle$Holder.invokeStaticInit(java.lang.Object)'> (0x0000000710a33478) 
thrown [s\src\hotspot\share\interpreter\linkResolver.cpp, line 771]
Event: 0.725 Thread 0x000001ca56051680 Exception <a 'java/lang/NoSuchMethodError'{0x0000000710638460}: 'java.lang.Object java.lang.invoke.DirectMethodHandle$Holder.invokeStaticInit(java.lang.Object, int, int, int, int)'> (0x0000000710638460) 
thrown [s\src\hotspot\share\interpreter\linkResolver.cpp, line 771]
Event: 0.767 Thread 0x000001ca56051680 Exception <a 'java/lang/NoSuchMethodError'{0x000000071067cf80}: 'java.lang.Object java.lang.invoke.DirectMethodHandle$Holder.invokeStaticInit(java.lang.Object, java.lang.Object, int, int, int, int)'> (0x000000071067cf80) 
thrown [s\src\hotspot\share\interpreter\linkResolver.cpp, line 771]
Event: 0.865 Thread 0x000001ca56051680 Exception <a 'java/lang/NoSuchMethodError'{0x00000007106aa6f8}: 'void java.lang.invoke.DirectMethodHandle$Holder.invokeStatic(java.lang.Object, java.lang.Object, java.lang.Object)'> (0x00000007106aa6f8) 
thrown [s\src\hotspot\share\interpreter\linkResolver.cpp, line 771]

VM Operations (12 events):
Event: 0.094 Executing VM operation: HandshakeAllThreads
Event: 0.094 Executing VM operation: HandshakeAllThreads done
Event: 0.458 Executing VM operation: HandshakeAllThreads
Event: 0.458 Executing VM operation: HandshakeAllThreads done
Event: 0.552 Executing VM operation: HandshakeAllThreads
Event: 0.552 Executing VM operation: HandshakeAllThreads done
Event: 0.556 Executing VM operation: G1CollectForAllocation
Event: 0.560 Executing VM operation: G1CollectForAllocation done
Event: 0.698 Executing VM operation: HandshakeAllThreads
Event: 0.698 Executing VM operation: HandshakeAllThreads done
Event: 0.762 Executing VM operation: HandshakeAllThreads
Event: 0.762 Executing VM operation: HandshakeAllThreads done

Events (20 events):
Event: 0.867 loading class sun/nio/ch/DatagramChannelImpl$DefaultOptionsHolder
Event: 0.867 loading class sun/nio/ch/DatagramChannelImpl$DefaultOptionsHolder done
Event: 0.867 loading class sun/nio/ch/SocketOptionRegistry
Event: 0.867 loading class sun/nio/ch/SocketOptionRegistry done
Event: 0.867 loading class sun/nio/ch/SocketOptionRegistry$RegistryKey
Event: 0.867 loading class sun/nio/ch/SocketOptionRegistry$RegistryKey done
Event: 0.867 loading class sun/nio/ch/SocketOptionRegistry$LazyInitialization
Event: 0.867 loading class sun/nio/ch/SocketOptionRegistry$LazyInitialization done
Event: 0.867 loading class sun/nio/ch/OptionKey
Event: 0.867 loading class sun/nio/ch/OptionKey done
Event: 0.867 loading class sun/nio/ch/ExtendedSocketOption
Event: 0.867 loading class sun/nio/ch/ExtendedSocketOption done
Event: 0.867 loading class sun/nio/ch/ExtendedSocketOption$1
Event: 0.867 loading class sun/nio/ch/ExtendedSocketOption$1 done
Event: 0.870 loading class java/nio/channels/OverlappingFileLockException
Event: 0.870 loading class java/nio/channels/OverlappingFileLockException done
Event: 0.870 loading class java/io/EOFException
Event: 0.870 loading class java/io/EOFException done
Event: 0.873 loading class java/io/DataInputStream
Event: 0.873 loading class java/io/DataInputStream done


Dynamic libraries:
0x00007ff678300000 - 0x00007ff67830a000 	C:\Program Files\Android\Android Studio\jbr\bin\java.exe
0x00007ff8d7cb0000 - 0x00007ff8d7ea8000 	C:\WINDOWS\SYSTEM32\ntdll.dll
0x00007ff8d7ba0000 - 0x00007ff8d7c61000 	C:\WINDOWS\System32\KERNEL32.DLL
0x00007ff8d5850000 - 0x00007ff8d5b4d000 	C:\WINDOWS\System32\KERNELBASE.dll
0x00007ff8d5b50000 - 0x00007ff8d5c50000 	C:\WINDOWS\System32\ucrtbase.dll
0x00007ff869820000 - 0x00007ff869837000 	C:\Program Files\Android\Android Studio\jbr\bin\jli.dll
0x00007ff8b81c0000 - 0x00007ff8b81db000 	C:\Program Files\Android\Android Studio\jbr\bin\VCRUNTIME140.dll
0x00007ff8d6050000 - 0x00007ff8d61ed000 	C:\WINDOWS\System32\USER32.dll
0x00007ff8d5360000 - 0x00007ff8d5382000 	C:\WINDOWS\System32\win32u.dll
0x00007ff8bf8c0000 - 0x00007ff8bfb5a000 	C:\WINDOWS\WinSxS\amd64_microsoft.windows.common-controls_6595b64144ccf1df_6.0.19041.4355_none_60b8b9eb71f62e16\COMCTL32.dll
0x00007ff8d7b70000 - 0x00007ff8d7b9b000 	C:\WINDOWS\System32\GDI32.dll
0x00007ff8d6db0000 - 0x00007ff8d6e4e000 	C:\WINDOWS\System32\msvcrt.dll
0x00007ff8d5520000 - 0x00007ff8d5637000 	C:\WINDOWS\System32\gdi32full.dll
0x00007ff8d56f0000 - 0x00007ff8d578d000 	C:\WINDOWS\System32\msvcp_win.dll
0x00007ff8d6a30000 - 0x00007ff8d6a5f000 	C:\WINDOWS\System32\IMM32.DLL
0x00007ff8d20c0000 - 0x00007ff8d20cc000 	C:\Program Files\Android\Android Studio\jbr\bin\vcruntime140_1.dll
0x00007ff8498f0000 - 0x00007ff84997d000 	C:\Program Files\Android\Android Studio\jbr\bin\msvcp140.dll
0x00007ff87c9c0000 - 0x00007ff87d643000 	C:\Program Files\Android\Android Studio\jbr\bin\server\jvm.dll
0x00007ff8d5ce0000 - 0x00007ff8d5d90000 	C:\WINDOWS\System32\ADVAPI32.dll
0x00007ff8d7ad0000 - 0x00007ff8d7b70000 	C:\WINDOWS\System32\sechost.dll
0x00007ff8d5d90000 - 0x00007ff8d5eb3000 	C:\WINDOWS\System32\RPCRT4.dll
0x00007ff8d5390000 - 0x00007ff8d53b7000 	C:\WINDOWS\System32\bcrypt.dll
0x00007ff8cdcf0000 - 0x00007ff8cdcf9000 	C:\WINDOWS\SYSTEM32\WSOCK32.dll
0x00007ff8d4d40000 - 0x00007ff8d4d8b000 	C:\WINDOWS\SYSTEM32\POWRPROF.dll
0x00007ff8d6d40000 - 0x00007ff8d6dab000 	C:\WINDOWS\System32\WS2_32.dll
0x00007ff8cb280000 - 0x00007ff8cb2a7000 	C:\WINDOWS\SYSTEM32\WINMM.dll
0x00007ff8cdff0000 - 0x00007ff8cdffa000 	C:\WINDOWS\SYSTEM32\VERSION.dll
0x00007ff8d4d20000 - 0x00007ff8d4d32000 	C:\WINDOWS\SYSTEM32\UMPDC.dll
0x00007ff8d3200000 - 0x00007ff8d3212000 	C:\WINDOWS\SYSTEM32\kernel.appcore.dll
0x00007ff8cdb20000 - 0x00007ff8cdb2a000 	C:\Program Files\Android\Android Studio\jbr\bin\jimage.dll
0x00007ff8ce250000 - 0x00007ff8ce434000 	C:\WINDOWS\SYSTEM32\DBGHELP.DLL
0x00007ff8c4b00000 - 0x00007ff8c4b34000 	C:\WINDOWS\SYSTEM32\dbgcore.DLL
0x00007ff8d5c50000 - 0x00007ff8d5cd2000 	C:\WINDOWS\System32\bcryptPrimitives.dll
0x00007ff8cd780000 - 0x00007ff8cd7a5000 	C:\Program Files\Android\Android Studio\jbr\bin\java.dll
0x00007ff89ca40000 - 0x00007ff89ca58000 	C:\Program Files\Android\Android Studio\jbr\bin\zip.dll
0x00007ff8d61f0000 - 0x00007ff8d695f000 	C:\WINDOWS\System32\SHELL32.dll
0x00007ff8d3400000 - 0x00007ff8d3ba3000 	C:\WINDOWS\SYSTEM32\windows.storage.dll
0x00007ff8d6e50000 - 0x00007ff8d71a3000 	C:\WINDOWS\System32\combase.dll
0x00007ff8d4d90000 - 0x00007ff8d4dbe000 	C:\WINDOWS\SYSTEM32\Wldp.dll
0x00007ff8d5f20000 - 0x00007ff8d5fed000 	C:\WINDOWS\System32\OLEAUT32.dll
0x00007ff8d7a10000 - 0x00007ff8d7abd000 	C:\WINDOWS\System32\SHCORE.dll
0x00007ff8d7230000 - 0x00007ff8d7285000 	C:\WINDOWS\System32\shlwapi.dll
0x00007ff8d5290000 - 0x00007ff8d52b4000 	C:\WINDOWS\SYSTEM32\profapi.dll
0x00007ff87d830000 - 0x00007ff87d849000 	C:\Program Files\Android\Android Studio\jbr\bin\net.dll
0x00007ff8ce620000 - 0x00007ff8ce72d000 	C:\WINDOWS\SYSTEM32\WINHTTP.dll
0x00007ff8d4a20000 - 0x00007ff8d4a8a000 	C:\WINDOWS\system32\mswsock.dll
0x00007ff87c800000 - 0x00007ff87c816000 	C:\Program Files\Android\Android Studio\jbr\bin\nio.dll
0x00007ff8b92e0000 - 0x00007ff8b92f0000 	C:\Program Files\Android\Android Studio\jbr\bin\verify.dll
0x00007ff8bfc20000 - 0x00007ff8bfc47000 	C:\Users\DAVID\.gradle\native\c067742578af261105cb4f569cf0c3c89f3d7b1fecec35dd04571415982c5e48\windows-amd64\native-platform.dll
0x00007ff8cdb10000 - 0x00007ff8cdb19000 	C:\Program Files\Android\Android Studio\jbr\bin\management.dll
0x00007ff8b9960000 - 0x00007ff8b996b000 	C:\Program Files\Android\Android Studio\jbr\bin\management_ext.dll
0x00007ff8d7ac0000 - 0x00007ff8d7ac8000 	C:\WINDOWS\System32\PSAPI.DLL
0x00007ff8d4c70000 - 0x00007ff8d4c88000 	C:\WINDOWS\SYSTEM32\CRYPTSP.dll
0x00007ff8d4340000 - 0x00007ff8d4374000 	C:\WINDOWS\system32\rsaenh.dll
0x00007ff8d5250000 - 0x00007ff8d527e000 	C:\WINDOWS\SYSTEM32\USERENV.dll
0x00007ff8d4c90000 - 0x00007ff8d4c9c000 	C:\WINDOWS\SYSTEM32\CRYPTBASE.dll
0x00007ff8d4700000 - 0x00007ff8d473b000 	C:\WINDOWS\SYSTEM32\IPHLPAPI.DLL
0x00007ff8d7330000 - 0x00007ff8d7338000 	C:\WINDOWS\System32\NSI.dll
0x00007ff8cf7d0000 - 0x00007ff8cf7e7000 	C:\WINDOWS\SYSTEM32\dhcpcsvc6.DLL
0x00007ff8cf740000 - 0x00007ff8cf75d000 	C:\WINDOWS\SYSTEM32\dhcpcsvc.DLL
0x00007ff8d4740000 - 0x00007ff8d480a000 	C:\WINDOWS\SYSTEM32\DNSAPI.dll
0x00007ff8d1770000 - 0x00007ff8d1779000 	C:\Program Files\Android\Android Studio\jbr\bin\extnet.dll

dbghelp: loaded successfully - version: 4.0.5 - missing functions: none
symbol engine: initialized successfully - sym options: 0x614 - pdb path: .;C:\Program Files\Android\Android Studio\jbr\bin;C:\WINDOWS\SYSTEM32;C:\WINDOWS\WinSxS\amd64_microsoft.windows.common-controls_6595b64144ccf1df_6.0.19041.4355_none_60b8b9eb71f62e16;C:\Program Files\Android\Android Studio\jbr\bin\server;C:\Users\DAVID\.gradle\native\c067742578af261105cb4f569cf0c3c89f3d7b1fecec35dd04571415982c5e48\windows-amd64

VM Arguments:
jvm_args: -Dorg.gradle.appname=gradlew 
java_command: org.gradle.wrapper.GradleWrapperMain -q -Ptarget-platform=android-arm,android-arm64,android-x64 -Ptarget=lib\main.dart -Pbase-application-name=android.app.Application -Pdart-obfuscation=false -Ptrack-widget-creation=true -Ptree-shake-icons=true assembleRelease
java_class_path (initial): D:\DOCUMENTOS\PROJETO_FLUTTER\dmega\android\\gradle\wrapper\gradle-wrapper.jar
Launcher Type: SUN_STANDARD

[Global flags]
     intx CICompilerCount                          = 4                                         {product} {ergonomic}
     uint ConcGCThreads                            = 3                                         {product} {ergonomic}
     uint G1ConcRefinementThreads                  = 10                                        {product} {ergonomic}
   size_t G1HeapRegionSize                         = 2097152                                   {product} {ergonomic}
    uintx GCDrainStackTargetSize                   = 64                                        {product} {ergonomic}
   size_t InitialHeapSize                          = 268435456                                 {product} {ergonomic}
   size_t MarkStackSize                            = 4194304                                   {product} {ergonomic}
   size_t MaxHeapSize                              = 4276092928                                {product} {ergonomic}
   size_t MaxNewSize                               = 2564816896                                {product} {ergonomic}
   size_t MinHeapDeltaBytes                        = 2097152                                   {product} {ergonomic}
   size_t MinHeapSize                              = 8388608                                   {product} {ergonomic}
    uintx NonNMethodCodeHeapSize                   = 5839372                                {pd product} {ergonomic}
    uintx NonProfiledCodeHeapSize                  = 122909434                              {pd product} {ergonomic}
    uintx ProfiledCodeHeapSize                     = 122909434                              {pd product} {ergonomic}
    uintx ReservedCodeCacheSize                    = 251658240                              {pd product} {ergonomic}
     bool SegmentedCodeCache                       = true                                      {product} {ergonomic}
   size_t SoftMaxHeapSize                          = 4276092928                             {manageable} {ergonomic}
     bool UseCompressedClassPointers               = true                           {product lp64_product} {ergonomic}
     bool UseCompressedOops                        = true                           {product lp64_product} {ergonomic}
     bool UseG1GC                                  = true                                      {product} {ergonomic}
     bool UseLargePagesIndividualAllocation        = false                                  {pd product} {ergonomic}

Logging:
Log output configuration:
 #0: stdout all=warning uptime,level,tags
 #1: stderr all=off uptime,level,tags

Environment Variables:
JAVA_HOME=C:\Program Files\Android\Android Studio\jbr
CLASSPATH=D:\DOCUMENTOS\PROJETO_FLUTTER\dmega\android\\gradle\wrapper\gradle-wrapper.jar
PATH=C:\Program Files\Android\Android Studio\jbr\bin;C:\src\flutter\bin\;C:\WINDOWS\system32;C:\WINDOWS;C:\WINDOWS\System32\Wbem;C:\WINDOWS\System32\WindowsPowerShell\v1.0\;C:\WINDOWS\System32\OpenSSH\;C:\Program Files\Git\cmd;C:\Users\DAVID\AppData\Local\Microsoft\WindowsApps;C:\Users\DAVID\AppData\Local\Programs\Microsoft VS Code\bin;C:\src\flutter\bin;;C:\src\flutter\bin\mingit\cmd
USERNAME=DAVID
LANG=pt_BR.UTF-8
OS=Windows_NT
PROCESSOR_IDENTIFIER=AMD64 Family 23 Model 8 Stepping 2, AuthenticAMD
TMP=C:\Users\DAVID\AppData\Local\Temp
TEMP=C:\Users\DAVID\AppData\Local\Temp



Periodic native trim disabled

JNI global refs:
JNI global refs: 19, weak refs: 0

JNI global refs memory usage: 843, weak refs: 841

Process memory usage:
Resident Set Size: 96424K (0% of 16699980K total physical memory with 4076992K free physical memory)

OOME stack traces (most recent first):
Classloader memory used:
