#
# There is insufficient memory for the Java Runtime Environment to continue.
# Native memory allocation (mmap) failed to map 65536 bytes. Error detail: Failed to commit metaspace.
# Possible reasons:
#   The system is out of physical RAM or swap space
#   This process is running with CompressedOops enabled, and the Java Heap may be blocking the growth of the native heap
# Possible solutions:
#   Reduce memory load on the system
#   Increase physical memory or swap space
#   Check if swap backing store is full
#   Decrease Java heap size (-Xmx/-Xms)
#   Decrease number of Java threads
#   Decrease Java thread stack sizes (-Xss)
#   Set larger code cache with -XX:ReservedCodeCacheSize=
#   JVM is running with Zero Based Compressed Oops mode in which the Java heap is
#     placed in the first 32GB address space. The Java Heap base address is the
#     maximum limit for the native heap growth. Please use -XX:HeapBaseMinAddress
#     to set the Java Heap base and to place the Java Heap above 32GB virtual address.
# This output file may be truncated or incomplete.
#
#  Out of Memory Error (virtualSpaceNode.cpp:110), pid=12376, tid=15356
#
# JRE version: OpenJDK Runtime Environment (17.0.11) (build 17.0.11+0--11852314)
# Java VM: OpenJDK 64-Bit Server VM (17.0.11+0--11852314, mixed mode, tiered, compressed oops, compressed class ptrs, g1 gc, windows-amd64)
# No core dump will be written. Minidumps are not enabled by default on client versions of Windows
#

---------------  S U M M A R Y ------------

Command Line: -Dorg.gradle.appname=gradlew org.gradle.wrapper.GradleWrapperMain -q -Ptarget-platform=android-x64 -Ptarget=D:\DOCUMENTOS\PROJETO_FLUTTER\dmega\lib\main.dart -Pbase-application-name=android.app.Application -Pdart-obfuscation=false -Ptrack-widget-creation=true -Ptree-shake-icons=false -Pfilesystem-scheme=org-dartlang-root assembleDebug

Host: AMD Ryzen 5 1600 Six-Core Processor            , 12 cores, 15G,  Windows 10 , 64 bit Build 19041 (10.0.19041.4842)
Time: Wed Oct  2 23:30:37 2024 Hora oficial do Brasil elapsed time: 0.737311 seconds (0d 0h 0m 0s)

---------------  T H R E A D  ---------------

Current thread (0x0000015ea3ae17b0):  JavaThread "main" [_thread_in_vm, id=15356, stack(0x00000016cc700000,0x00000016cc800000)]

Stack: [0x00000016cc700000,0x00000016cc800000]
Native frames: (J=compiled Java code, j=interpreted, Vv=VM code, C=native code)
V  [jvm.dll+0x687bb9]
V  [jvm.dll+0x84142a]
V  [jvm.dll+0x8430ae]
V  [jvm.dll+0x843713]
V  [jvm.dll+0x24a35f]
V  [jvm.dll+0x83c2bb]
V  [jvm.dll+0x62c046]
V  [jvm.dll+0x1c2bde]
V  [jvm.dll+0x62e9a1]
V  [jvm.dll+0x62c9e6]
V  [jvm.dll+0x23f487]
V  [jvm.dll+0x1e8b5d]
V  [jvm.dll+0x1ed974]
V  [jvm.dll+0x1e328c]
V  [jvm.dll+0x54c5bc]
V  [jvm.dll+0x7ba5e5]
V  [jvm.dll+0x7ba6fe]
V  [jvm.dll+0x41465a]
V  [jvm.dll+0x41a7e9]
C  [java.dll+0x17ec]

Java frames: (J=compiled Java code, j=interpreted, Vv=VM code)
J 737  java.lang.ClassLoader.defineClass1(Ljava/lang/ClassLoader;Ljava/lang/String;[BIILjava/security/ProtectionDomain;Ljava/lang/String;)Ljava/lang/Class; java.base@17.0.11 (0 bytes) @ 0x0000015eaeaccd63 [0x0000015eaeaccca0+0x00000000000000c3]
J 906 c1 java.lang.ClassLoader.defineClass(Ljava/lang/String;[BIILjava/security/ProtectionDomain;)Ljava/lang/Class; java.base@17.0.11 (43 bytes) @ 0x0000015ea716aadc [0x0000015ea716a780+0x000000000000035c]
J 842 c1 java.security.SecureClassLoader.defineClass(Ljava/lang/String;[BIILjava/security/CodeSource;)Ljava/lang/Class; java.base@17.0.11 (16 bytes) @ 0x0000015ea714f00c [0x0000015ea714ef40+0x00000000000000cc]
J 767 c1 java.net.URLClassLoader.defineClass(Ljava/lang/String;Ljdk/internal/loader/Resource;)Ljava/lang/Class; java.base@17.0.11 (224 bytes) @ 0x0000015ea711ab9c [0x0000015ea71190c0+0x0000000000001adc]
J 733 c1 java.net.URLClassLoader$1.run()Ljava/lang/Class; java.base@17.0.11 (81 bytes) @ 0x0000015ea7107f1c [0x0000015ea71072a0+0x0000000000000c7c]
J 688 c1 java.net.URLClassLoader$1.run()Ljava/lang/Object; java.base@17.0.11 (5 bytes) @ 0x0000015ea70f2444 [0x0000015ea70f23c0+0x0000000000000084]
J 609 c1 java.security.AccessController.doPrivileged(Ljava/security/PrivilegedExceptionAction;Ljava/security/AccessControlContext;)Ljava/lang/Object; java.base@17.0.11 (26 bytes) @ 0x0000015ea70b777c [0x0000015ea70b75a0+0x00000000000001dc]
J 686 c1 java.net.URLClassLoader.findClass(Ljava/lang/String;)Ljava/lang/Class; java.base@17.0.11 (47 bytes) @ 0x0000015ea70f16a4 [0x0000015ea70f1500+0x00000000000001a4]
J 582 c1 java.lang.ClassLoader.loadClass(Ljava/lang/String;Z)Ljava/lang/Class; java.base@17.0.11 (121 bytes) @ 0x0000015ea70b01f4 [0x0000015ea70afc40+0x00000000000005b4]
J 573 c1 java.lang.ClassLoader.loadClass(Ljava/lang/String;)Ljava/lang/Class; java.base@17.0.11 (7 bytes) @ 0x0000015ea70a85cc [0x0000015ea70a84c0+0x000000000000010c]
v  ~StubRoutines::call_stub
J 737  java.lang.ClassLoader.defineClass1(Ljava/lang/ClassLoader;Ljava/lang/String;[BIILjava/security/ProtectionDomain;Ljava/lang/String;)Ljava/lang/Class; java.base@17.0.11 (0 bytes) @ 0x0000015eaeaccd63 [0x0000015eaeaccca0+0x00000000000000c3]
J 906 c1 java.lang.ClassLoader.defineClass(Ljava/lang/String;[BIILjava/security/ProtectionDomain;)Ljava/lang/Class; java.base@17.0.11 (43 bytes) @ 0x0000015ea716aadc [0x0000015ea716a780+0x000000000000035c]
J 842 c1 java.security.SecureClassLoader.defineClass(Ljava/lang/String;[BIILjava/security/CodeSource;)Ljava/lang/Class; java.base@17.0.11 (16 bytes) @ 0x0000015ea714f00c [0x0000015ea714ef40+0x00000000000000cc]
J 767 c1 java.net.URLClassLoader.defineClass(Ljava/lang/String;Ljdk/internal/loader/Resource;)Ljava/lang/Class; java.base@17.0.11 (224 bytes) @ 0x0000015ea711ab9c [0x0000015ea71190c0+0x0000000000001adc]
J 733 c1 java.net.URLClassLoader$1.run()Ljava/lang/Class; java.base@17.0.11 (81 bytes) @ 0x0000015ea7107f1c [0x0000015ea71072a0+0x0000000000000c7c]
J 688 c1 java.net.URLClassLoader$1.run()Ljava/lang/Object; java.base@17.0.11 (5 bytes) @ 0x0000015ea70f2444 [0x0000015ea70f23c0+0x0000000000000084]
J 609 c1 java.security.AccessController.doPrivileged(Ljava/security/PrivilegedExceptionAction;Ljava/security/AccessControlContext;)Ljava/lang/Object; java.base@17.0.11 (26 bytes) @ 0x0000015ea70b777c [0x0000015ea70b75a0+0x00000000000001dc]
J 686 c1 java.net.URLClassLoader.findClass(Ljava/lang/String;)Ljava/lang/Class; java.base@17.0.11 (47 bytes) @ 0x0000015ea70f16a4 [0x0000015ea70f1500+0x00000000000001a4]
J 582 c1 java.lang.ClassLoader.loadClass(Ljava/lang/String;Z)Ljava/lang/Class; java.base@17.0.11 (121 bytes) @ 0x0000015ea70b01f4 [0x0000015ea70afc40+0x00000000000005b4]
J 573 c1 java.lang.ClassLoader.loadClass(Ljava/lang/String;)Ljava/lang/Class; java.base@17.0.11 (7 bytes) @ 0x0000015ea70a85cc [0x0000015ea70a84c0+0x000000000000010c]
v  ~StubRoutines::call_stub
j  org.gradle.launcher.daemon.client.DaemonClientFactory.createBuildClientServices(Lorg/gradle/internal/logging/events/OutputEventListener;Lorg/gradle/launcher/daemon/configuration/DaemonParameters;Ljava/io/InputStream;)Lorg/gradle/internal/service/ServiceRegistry;+29
j  org.gradle.launcher.cli.BuildActionsFactory.runBuildWithDaemon(Lorg/gradle/api/internal/StartParameterInternal;Lorg/gradle/launcher/daemon/configuration/DaemonParameters;)Ljava/lang/Runnable;+35
j  org.gradle.launcher.cli.BuildActionsFactory.createAction(Lorg/gradle/cli/CommandLineParser;Lorg/gradle/cli/ParsedCommandLine;)Lorg/gradle/api/Action;+163
j  org.gradle.launcher.cli.DefaultCommandLineActionFactory$ParseAndBuildAction.createAction(Lorg/gradle/cli/CommandLineParser;Lorg/gradle/cli/ParsedCommandLine;)Lorg/gradle/api/Action;+46
j  org.gradle.launcher.cli.DefaultCommandLineActionFactory$ParseAndBuildAction.execute(Lorg/gradle/launcher/bootstrap/ExecutionListener;)V+37
j  org.gradle.launcher.cli.DefaultCommandLineActionFactory$ParseAndBuildAction.execute(Ljava/lang/Object;)V+5
j  org.gradle.launcher.cli.DebugLoggerWarningAction.execute(Lorg/gradle/launcher/bootstrap/ExecutionListener;)V+9
j  org.gradle.launcher.cli.DebugLoggerWarningAction.execute(Ljava/lang/Object;)V+5
j  org.gradle.launcher.cli.WelcomeMessageAction.execute(Lorg/gradle/launcher/bootstrap/ExecutionListener;)V+218
j  org.gradle.launcher.cli.WelcomeMessageAction.execute(Ljava/lang/Object;)V+5
j  org.gradle.launcher.cli.NativeServicesInitializingAction.execute(Lorg/gradle/launcher/bootstrap/ExecutionListener;)V+35
j  org.gradle.launcher.cli.NativeServicesInitializingAction.execute(Ljava/lang/Object;)V+5
j  org.gradle.launcher.cli.ExceptionReportingAction.execute(Lorg/gradle/launcher/bootstrap/ExecutionListener;)V+5
j  org.gradle.launcher.cli.ExceptionReportingAction.execute(Ljava/lang/Object;)V+5
j  org.gradle.launcher.cli.DefaultCommandLineActionFactory$WithLogging.execute(Lorg/gradle/launcher/bootstrap/ExecutionListener;)V+299
j  org.gradle.launcher.Main.doAction([Ljava/lang/String;Lorg/gradle/launcher/bootstrap/ExecutionListener;)V+14
j  org.gradle.launcher.bootstrap.EntryPoint.run([Ljava/lang/String;)V+12
v  ~StubRoutines::call_stub
j  jdk.internal.reflect.NativeMethodAccessorImpl.invoke0(Ljava/lang/reflect/Method;Ljava/lang/Object;[Ljava/lang/Object;)Ljava/lang/Object;+0 java.base@17.0.11
j  jdk.internal.reflect.NativeMethodAccessorImpl.invoke(Ljava/lang/Object;[Ljava/lang/Object;)Ljava/lang/Object;+133 java.base@17.0.11
j  jdk.internal.reflect.DelegatingMethodAccessorImpl.invoke(Ljava/lang/Object;[Ljava/lang/Object;)Ljava/lang/Object;+6 java.base@17.0.11
j  java.lang.reflect.Method.invoke(Ljava/lang/Object;[Ljava/lang/Object;)Ljava/lang/Object;+59 java.base@17.0.11
j  org.gradle.launcher.bootstrap.ProcessBootstrap.runNoExit(Ljava/lang/String;[Ljava/lang/String;)V+159
j  org.gradle.launcher.bootstrap.ProcessBootstrap.run(Ljava/lang/String;[Ljava/lang/String;)V+2
v  ~StubRoutines::call_stub
j  jdk.internal.reflect.NativeMethodAccessorImpl.invoke0(Ljava/lang/reflect/Method;Ljava/lang/Object;[Ljava/lang/Object;)Ljava/lang/Object;+0 java.base@17.0.11
j  jdk.internal.reflect.NativeMethodAccessorImpl.invoke(Ljava/lang/Object;[Ljava/lang/Object;)Ljava/lang/Object;+133 java.base@17.0.11
j  jdk.internal.reflect.DelegatingMethodAccessorImpl.invoke(Ljava/lang/Object;[Ljava/lang/Object;)Ljava/lang/Object;+6 java.base@17.0.11
j  java.lang.reflect.Method.invoke(Ljava/lang/Object;[Ljava/lang/Object;)Ljava/lang/Object;+59 java.base@17.0.11
j  org.gradle.launcher.GradleMain.main([Ljava/lang/String;)V+100
v  ~StubRoutines::call_stub
j  jdk.internal.reflect.NativeMethodAccessorImpl.invoke0(Ljava/lang/reflect/Method;Ljava/lang/Object;[Ljava/lang/Object;)Ljava/lang/Object;+0 java.base@17.0.11
j  jdk.internal.reflect.NativeMethodAccessorImpl.invoke(Ljava/lang/Object;[Ljava/lang/Object;)Ljava/lang/Object;+133 java.base@17.0.11
j  jdk.internal.reflect.DelegatingMethodAccessorImpl.invoke(Ljava/lang/Object;[Ljava/lang/Object;)Ljava/lang/Object;+6 java.base@17.0.11
j  java.lang.reflect.Method.invoke(Ljava/lang/Object;[Ljava/lang/Object;)Ljava/lang/Object;+59 java.base@17.0.11
j  org.gradle.wrapper.BootstrapMainStarter.start([Ljava/lang/String;Ljava/io/File;)V+82
j  org.gradle.wrapper.WrapperExecutor.execute([Ljava/lang/String;Lorg/gradle/wrapper/Install;Lorg/gradle/wrapper/BootstrapMainStarter;)V+14
j  org.gradle.wrapper.GradleWrapperMain.main([Ljava/lang/String;)V+190
v  ~StubRoutines::call_stub

Compiled method (n/a)     754  737     n 0       java.lang.ClassLoader::defineClass1 (native)
 total in heap  [0x0000015eaeaccb10,0x0000015eaeaccff0] = 1248
 relocation     [0x0000015eaeaccc68,0x0000015eaeaccca0] = 56
 main code      [0x0000015eaeaccca0,0x0000015eaeaccff0] = 848

[Constant Pool (empty)]

[MachCode]
[Entry Point]
  # {method} {0x0000015ec3024f48} 'defineClass1' '(Ljava/lang/ClassLoader;Ljava/lang/String;[BIILjava/security/ProtectionDomain;Ljava/lang/String;)Ljava/lang/Class;' in 'java/lang/ClassLoader'
  # parm0:    rdx:rdx   = 'java/lang/ClassLoader'
  # parm1:    r8:r8     = 'java/lang/String'
  # parm2:    r9:r9     = '[B'
  # parm3:    rdi       = int
  # parm4:    rsi       = int
  # parm5:    rcx:rcx   = 'java/security/ProtectionDomain'
  # parm6:    [sp+0xa0]   = 'java/lang/String'  (sp of caller)
  0x0000015eaeaccca0: 448b 5208 | 49bb 0000 | 0000 0800 | 0000 4d03 | d349 3bc2 | 0f84 0600 

  0x0000015eaeacccb8: ;   {runtime_call ic_miss_stub}
  0x0000015eaeacccb8: 0000 e9c1 | 43a7 ff90 
[Verified Entry Point]
  0x0000015eaeacccc0: 8984 2400 | 90ff ff55 | 488b ec48 | 81ec 9000 | 0000 4881 | 7d10 0000 | 0000 488d | 4510 480f 
  0x0000015eaeaccce0: 4445 1048 | 8944 2440 | 4889 4c24 | 7048 83f9 | 0048 8d44 | 2470 480f | 4444 2470 | 4889 4424 
  0x0000015eaeaccd00: 3848 8974 | 2430 4889 | 7c24 284c | 894c 2458 | 4983 f900 | 488d 4424 | 5848 0f44 | 4424 5848 
  0x0000015eaeaccd20: 8944 2420 | 4c89 4424 | 5049 83f8 | 004c 8d4c | 2450 4c0f | 444c 2450 | 4889 5424 | 4848 83fa 
  0x0000015eaeaccd40: 004c 8d44 | 2448 4c0f | 4444 2448 

  0x0000015eaeaccd4c: ;   {oop(a 'java/lang/Class'{0x000000070fa43cb0} = 'java/lang/ClassLoader')}
  0x0000015eaeaccd4c: 49be b03c | a40f 0700 | 0000 4c89 | 7424 784c | 8d74 2478 | 498b d6c5 

  0x0000015eaeaccd64: ;   {internal_word}
  0x0000015eaeaccd64: f877 49ba | 63cd acae | 5e01 0000 | 4d89 97a0 | 0200 0049 | 89a7 9802 

  0x0000015eaeaccd7c: ;   {external_word}
  0x0000015eaeaccd7c: 0000 49ba | 683a f95d | fc7f 0000 | 4180 3a00 | 0f84 5200 | 0000 5241 

  0x0000015eaeaccd94: ;   {metadata({method} {0x0000015ec3024f48} 'defineClass1' '(Ljava/lang/ClassLoader;Ljava/lang/String;[BIILjava/security/ProtectionDomain;Ljava/lang/String;)Ljava/lang/Class;' in 'java/lang/ClassLoader')}
  0x0000015eaeaccd94: 5041 5148 | ba40 4f02 | c35e 0100 | 0049 8bcf | 4883 ec20 | f7c4 0f00 | 0000 0f84 | 1a00 0000 
  0x0000015eaeaccdb4: 4883 ec08 

  0x0000015eaeaccdb8: ;   {runtime_call}
  0x0000015eaeaccdb8: 49ba 30e4 | ae5d fc7f | 0000 41ff | d248 83c4 | 08e9 0d00 

  0x0000015eaeaccdcc: ;   {runtime_call}
  0x0000015eaeaccdcc: 0000 49ba | 30e4 ae5d | fc7f 0000 | 41ff d248 | 83c4 2041 | 5941 585a | 498d 8fb8 | 0200 0041 
  0x0000015eaeaccdec: c787 4803 | 0000 0400 

  0x0000015eaeaccdf4: ;   {runtime_call}
  0x0000015eaeaccdf4: 0000 49ba | ac16 48aa | fc7f 0000 | 41ff d2c5 | f877 41c7 | 8748 0300 | 0005 0000 | 00f0 8344 
  0x0000015eaeacce14: 24c0 0049 | 3baf 5003 | 0000 0f87 | 1100 0000 | 4181 bf38 | 0300 0000 | 0000 000f | 842c 0000 
  0x0000015eaeacce34: 00c5 f877 | 4889 45f8 | 498b cf4c | 8be4 4883 | ec20 4883 

  0x0000015eaeacce48: ;   {runtime_call}
  0x0000015eaeacce48: e4f0 49ba | 00ff be5d | fc7f 0000 | 41ff d249 | 8be4 4d33 | e448 8b45 | f841 c787 | 4803 0000 
  0x0000015eaeacce68: 0800 0000 | 4181 bfb8 | 0300 0002 | 0000 000f | 843f 0100 

  0x0000015eaeacce7c: ;   {external_word}
  0x0000015eaeacce7c: 0049 ba68 | 3af9 5dfc | 7f00 0041 | 803a 000f | 8450 0000 | 0048 8945 

  0x0000015eaeacce94: ;   {metadata({method} {0x0000015ec3024f48} 'defineClass1' '(Ljava/lang/ClassLoader;Ljava/lang/String;[BIILjava/security/ProtectionDomain;Ljava/lang/String;)Ljava/lang/Class;' in 'java/lang/ClassLoader')}
  0x0000015eaeacce94: f848 ba40 | 4f02 c35e | 0100 0049 | 8bcf 4883 | ec20 f7c4 | 0f00 0000 | 0f84 1a00 | 0000 4883 
  0x0000015eaeacceb4: ;   {runtime_call}
  0x0000015eaeacceb4: ec08 49ba | 30e4 ae5d | fc7f 0000 | 41ff d248 | 83c4 08e9 | 0d00 0000 

  0x0000015eaeaccecc: ;   {runtime_call}
  0x0000015eaeaccecc: 49ba 30e4 | ae5d fc7f | 0000 41ff | d248 83c4 | 2048 8b45 | f849 c787 | 9802 0000 | 0000 0000 
  0x0000015eaeacceec: 49c7 87a0 | 0200 0000 | 0000 00c5 | f877 4885 | c00f 8493 | 0000 0048 | f7c0 0100 | 0000 0f84 
  0x0000015eaeaccf0c: 8300 0000 | 488b 40ff | 4180 7f38 | 000f 846f | 0000 0048 | 83f8 000f | 8465 0000 | 0049 8b4f 
  0x0000015eaeaccf2c: 2048 83f9 | 000f 8414 | 0000 0048 | 83e9 0849 | 894f 2049 | 034f 3048 | 8901 e943 | 0000 0050 
  0x0000015eaeaccf4c: 498b d748 | 8bc8 4883 | ec20 f7c4 | 0f00 0000 | 0f84 1a00 | 0000 4883 

  0x0000015eaeaccf64: ;   {runtime_call}
  0x0000015eaeaccf64: ec08 49ba | e073 6d5d | fc7f 0000 | 41ff d248 | 83c4 08e9 | 0d00 0000 

  0x0000015eaeaccf7c: ;   {runtime_call}
  0x0000015eaeaccf7c: 49ba e073 | 6d5d fc7f | 0000 41ff | d248 83c4 | 2058 e903 | 0000 0048 | 8b00 498b | 8fd8 0000 
  0x0000015eaeaccf9c: 00c7 8100 | 0100 0000 | 0000 00c9 | 4981 7f08 | 0000 0000 | 0f85 0100 

  0x0000015eaeaccfb4: ;   {runtime_call StubRoutines (1)}
  0x0000015eaeaccfb4: 0000 c3e9 | 443f a2ff | c5f8 7748 | 8945 f84c | 8be4 4883 | ec20 4883 

  0x0000015eaeaccfcc: ;   {runtime_call}
  0x0000015eaeaccfcc: e4f0 49ba | b014 af5d | fc7f 0000 | 41ff d249 | 8be4 4d33 | e448 8b45 | f8e9 93fe | ffff f4f4 
  0x0000015eaeaccfec: f4f4 f4f4 
[/MachCode]


Compiled method (c1)     765  906       3       java.lang.ClassLoader::defineClass (43 bytes)
 total in heap  [0x0000015ea716a590,0x0000015ea716aee8] = 2392
 relocation     [0x0000015ea716a6e8,0x0000015ea716a778] = 144
 main code      [0x0000015ea716a780,0x0000015ea716ac20] = 1184
 stub code      [0x0000015ea716ac20,0x0000015ea716ac98] = 120
 metadata       [0x0000015ea716ac98,0x0000015ea716acd8] = 64
 scopes data    [0x0000015ea716acd8,0x0000015ea716adc8] = 240
 scopes pcs     [0x0000015ea716adc8,0x0000015ea716aea8] = 224
 dependencies   [0x0000015ea716aea8,0x0000015ea716aec0] = 24
 nul chk table  [0x0000015ea716aec0,0x0000015ea716aee8] = 40

[Constant Pool (empty)]

[MachCode]
[Entry Point]
  # {method} {0x0000015ec3024d28} 'defineClass' '(Ljava/lang/String;[BIILjava/security/ProtectionDomain;)Ljava/lang/Class;' in 'java/lang/ClassLoader'
  # this:     rdx:rdx   = 'java/lang/ClassLoader'
  # parm0:    r8:r8     = 'java/lang/String'
  # parm1:    r9:r9     = '[B'
  # parm2:    rdi       = int
  # parm3:    rsi       = int
  # parm4:    rcx:rcx   = 'java/security/ProtectionDomain'
  #           [sp+0xc0]  (sp of caller)
  0x0000015ea716a780: 448b 5208 | 49bb 0000 | 0000 0800 | 0000 4d03 | d34c 3bd0 

  0x0000015ea716a794: ;   {runtime_call ic_miss_stub}
  0x0000015ea716a794: 0f85 e668 | 3d07 660f | 1f44 0000 
[Verified Entry Point]
  0x0000015ea716a7a0: 8984 2400 | 90ff ff55 | 4881 ecb0 | 0000 0048 | 8954 2478 

  0x0000015ea716a7b4: ;   {metadata(method data for {method} {0x0000015ec3024d28} 'defineClass' '(Ljava/lang/String;[BIILjava/security/ProtectionDomain;)Ljava/lang/Class;' in 'java/lang/ClassLoader')}
  0x0000015ea716a7b4: 48bb 88df | 9ec3 5e01 | 0000 8b83 | cc00 0000 | 83c0 0289 | 83cc 0000 | 0081 e0fe | 0700 0083 
  0x0000015ea716a7d4: f800 0f84 | 5603 0000 | 89b4 2494 | 0000 0089 | bc24 9000 | 0000 4c89 | 8c24 8800 | 0000 488b 
  0x0000015ea716a7f4: ;   {metadata(method data for {method} {0x0000015ec3024d28} 'defineClass' '(Ljava/lang/String;[BIILjava/security/ProtectionDomain;)Ljava/lang/Class;' in 'java/lang/ClassLoader')}
  0x0000015ea716a7f4: da48 b888 | df9e c35e | 0100 0048 | 8380 1001 | 0000 0149 | 8bd8 4c8b | c34c 8bc9 | 488b ca48 
  0x0000015ea716a814: 8bd1 4889 | 9c24 8000 

  0x0000015ea716a81c: ;   {optimized virtual_call}
  0x0000015ea716a81c: 0000 90e8 

  0x0000015ea716a820: ; ImmutableOopMap {[120]=Oop [136]=Oop [128]=Oop }
                      ;*invokevirtual preDefineClass {reexecute=0 rethrow=0 return_oop=0}
                      ; - java.lang.ClassLoader::defineClass@4 (line 1015)
  0x0000015ea716a820: 7c0a 0000 | 4889 8424 | 9800 0000 | 488b 5424 

  0x0000015ea716a830: ;   {metadata(method data for {method} {0x0000015ec3024d28} 'defineClass' '(Ljava/lang/String;[BIILjava/security/ProtectionDomain;)Ljava/lang/Class;' in 'java/lang/ClassLoader')}
  0x0000015ea716a830: 7849 b888 | df9e c35e | 0100 0049 | 8380 4801 

  0x0000015ea716a840: ;   {metadata(method data for {method} {0x0000015ec3024af0} 'defineClassSourceLocation' '(Ljava/security/ProtectionDomain;)Ljava/lang/String;' in 'java/lang/ClassLoader')}
  0x0000015ea716a840: 0000 0149 | b890 beb2 | c35e 0100 | 0041 8b90 | cc00 0000 | 83c2 0241 | 8990 cc00 | 0000 81e2 
  0x0000015ea716a860: feff 1f00 | 83fa 000f | 84e6 0200 | 0048 3b00 

  0x0000015ea716a870: ;   {metadata(method data for {method} {0x0000015ec3024af0} 'defineClassSourceLocation' '(Ljava/security/ProtectionDomain;)Ljava/lang/String;' in 'java/lang/ClassLoader')}
  0x0000015ea716a870: 4c8b c048 | ba90 beb2 | c35e 0100 | 0048 8382 | 1001 0000 | 0144 8b40 | 1049 c1e0 | 0349 83f8 
  0x0000015ea716a890: ;   {metadata(method data for {method} {0x0000015ec3024af0} 'defineClassSourceLocation' '(Ljava/security/ProtectionDomain;)Ljava/lang/String;' in 'java/lang/ClassLoader')}
  0x0000015ea716a890: 0048 ba90 | beb2 c35e | 0100 0048 | be58 0100 | 0000 0000 | 000f 850a | 0000 0048 | be48 0100 
  0x0000015ea716a8b0: 0000 0000 | 0048 8b3c | 3248 8d7f | 0148 893c | 320f 850f 

  0x0000015ea716a8c4: ;   {oop(NULL)}
  0x0000015ea716a8c4: 0000 0048 | bb00 0000 | 0000 0000 | 00e9 b101 | 0000 493b | 0049 8bd0 

  0x0000015ea716a8dc: ;   {metadata(method data for {method} {0x0000015ec3024af0} 'defineClassSourceLocation' '(Ljava/security/ProtectionDomain;)Ljava/lang/String;' in 'java/lang/ClassLoader')}
  0x0000015ea716a8dc: 48be 90be | b2c3 5e01 | 0000 4883 | 8668 0100 | 0001 418b | 500c 48c1 | e203 4883 

  0x0000015ea716a8f8: ;   {metadata(method data for {method} {0x0000015ec3024af0} 'defineClassSourceLocation' '(Ljava/security/ProtectionDomain;)Ljava/lang/String;' in 'java/lang/ClassLoader')}
  0x0000015ea716a8f8: fa00 48be | 90be b2c3 | 5e01 0000 | 48bf b001 | 0000 0000 | 0000 0f85 | 0a00 0000 | 48bf a001 
  0x0000015ea716a918: 0000 0000 | 0000 488b | 1c3e 488d | 5b01 4889 | 1c3e 0f85 | 0f00 0000 

  0x0000015ea716a930: ;   {oop(NULL)}
  0x0000015ea716a930: 48bb 0000 | 0000 0000 | 0000 e948 

  0x0000015ea716a93c: ;   {metadata(method data for {method} {0x0000015ec3024af0} 'defineClassSourceLocation' '(Ljava/security/ProtectionDomain;)Ljava/lang/String;' in 'java/lang/ClassLoader')}
  0x0000015ea716a93c: 0100 0048 | be90 beb2 | c35e 0100 | 0048 8386 | c001 0000 | 0148 3b02 

  0x0000015ea716a954: ;   {metadata(method data for {method} {0x0000015ec3024af0} 'defineClassSourceLocation' '(Ljava/security/ProtectionDomain;)Ljava/lang/String;' in 'java/lang/ClassLoader')}
  0x0000015ea716a954: 4c8b c248 | be90 beb2 | c35e 0100 | 0048 8386 | f801 0000 

  0x0000015ea716a968: ;   {metadata(method data for {method} {0x0000015ec30e87f8} 'toString' '()Ljava/lang/String;' in 'java/net/URL')}
  0x0000015ea716a968: 0149 b8e0 | 5776 c35e | 0100 0041 | 8bb0 cc00 | 0000 83c6 | 0241 89b0 | cc00 0000 | 81e6 feff 
  0x0000015ea716a988: 1f00 83fe | 000f 84f0 | 0100 004c 

  0x0000015ea716a994: ;   {metadata(method data for {method} {0x0000015ec30e87f8} 'toString' '()Ljava/lang/String;' in 'java/net/URL')}
  0x0000015ea716a994: 8bc2 48be | e057 76c3 | 5e01 0000 | 4883 8610 | 0100 0001 

  0x0000015ea716a9a8: ;   {metadata(method data for {method} {0x0000015ec30e88b0} 'toExternalForm' '()Ljava/lang/String;' in 'java/net/URL')}
  0x0000015ea716a9a8: 49b8 6859 | 76c3 5e01 | 0000 418b | b0cc 0000 | 0083 c602 | 4189 b0cc | 0000 0081 | e6fe ff1f 
  0x0000015ea716a9c8: 0083 fe00 | 0f84 d201 | 0000 8b72 | 3848 c1e6 | 0348 3b06 

  0x0000015ea716a9dc: ;   {metadata(method data for {method} {0x0000015ec30e88b0} 'toExternalForm' '()Ljava/lang/String;' in 'java/net/URL')}
  0x0000015ea716a9dc: 4c8b c648 | bf68 5976 | c35e 0100 | 0045 8b40 | 0849 ba00 | 0000 0008 | 0000 004d | 03c2 4c3b 
  0x0000015ea716a9fc: 8720 0100 | 0075 0d48 | 8387 2801 | 0000 01e9 | 6600 0000 | 4c3b 8730 | 0100 0075 | 0d48 8387 
  0x0000015ea716aa1c: 3801 0000 | 01e9 5000 | 0000 4881 | bf20 0100 | 0000 0000 | 0075 174c | 8987 2001 | 0000 48c7 
  0x0000015ea716aa3c: 8728 0100 | 0001 0000 | 00e9 2c00 | 0000 4881 | bf30 0100 | 0000 0000 | 0075 174c | 8987 3001 
  0x0000015ea716aa5c: 0000 48c7 | 8738 0100 | 0001 0000 | 00e9 0800 | 0000 4883 | 8710 0100 | 0001 4c8b | c248 8bd6 
  0x0000015ea716aa7c: ;   {optimized virtual_call}
  0x0000015ea716aa7c: 6666 90e8 

  0x0000015ea716aa80: ; ImmutableOopMap {[120]=Oop [136]=Oop [128]=Oop [152]=Oop }
                      ;*invokevirtual toExternalForm {reexecute=0 rethrow=0 return_oop=0}
                      ; - java.net.URL::toExternalForm@5 (line 1039)
                      ; - java.net.URL::toString@1 (line 1025)
                      ; - java.lang.ClassLoader::defineClassSourceLocation@22 (line 917)
                      ; - java.lang.ClassLoader::defineClass@12 (line 1016)
  0x0000015ea716aa80: 3c7b f9ff | 488b d848 | 8b84 2498 | 0000 008b | b424 9400 | 0000 8bbc | 2490 0000 | 004c 8b8c 
  0x0000015ea716aaa0: 2488 0000 | 004c 8b84 | 2480 0000 | 0048 8b54 

  0x0000015ea716aab0: ;   {metadata(method data for {method} {0x0000015ec3024d28} 'defineClass' '(Ljava/lang/String;[BIILjava/security/ProtectionDomain;)Ljava/lang/Class;' in 'java/lang/ClassLoader')}
  0x0000015ea716aab0: 2478 48b9 | 88df 9ec3 | 5e01 0000 | 4883 8180 | 0100 0001 | 4c8b da49 | 8bd3 488b | c848 891c 
  0x0000015ea716aad0: 2466 0f1f 

  0x0000015ea716aad4: ;   {static_call}
  0x0000015ea716aad4: 4400 00e8 

  0x0000015ea716aad8: ; ImmutableOopMap {[152]=Oop [120]=Oop }
                      ;*invokestatic defineClass1 {reexecute=0 rethrow=0 return_oop=0}
                      ; - java.lang.ClassLoader::defineClass@27 (line 1017)
  0x0000015ea716aad8: e421 9607 | 488b 5424 

  0x0000015ea716aae0: ;   {metadata(method data for {method} {0x0000015ec3024d28} 'defineClass' '(Ljava/lang/String;[BIILjava/security/ProtectionDomain;)Ljava/lang/Class;' in 'java/lang/ClassLoader')}
  0x0000015ea716aae0: 7849 b888 | df9e c35e | 0100 0049 | 8380 9001 | 0000 014c | 8bc0 4c8b | 8c24 9800 | 0000 488b 
  0x0000015ea716ab00: 5424 7848 | 8984 24a0 | 0000 000f 

  0x0000015ea716ab0c: ;   {optimized virtual_call}
  0x0000015ea716ab0c: 1f40 00e8 

  0x0000015ea716ab10: ; ImmutableOopMap {[160]=Oop }
                      ;*invokevirtual postDefineClass {reexecute=0 rethrow=0 return_oop=0}
                      ; - java.lang.ClassLoader::defineClass@37 (line 1018)
  0x0000015ea716ab10: 0c27 faff | 488b 8424 | a000 0000 | 4881 c4b0 | 0000 005d 

  0x0000015ea716ab24: ;   {poll_return}
  0x0000015ea716ab24: 493b a750 | 0300 000f | 8799 0000 

  0x0000015ea716ab30: ;   {metadata({method} {0x0000015ec3024d28} 'defineClass' '(Ljava/lang/String;[BIILjava/security/ProtectionDomain;)Ljava/lang/Class;' in 'java/lang/ClassLoader')}
  0x0000015ea716ab30: 00c3 49ba | 204d 02c3 | 5e01 0000 | 4c89 5424 | 0848 c704 | 24ff ffff 

  0x0000015ea716ab48: ;   {runtime_call counter_overflow Runtime1 stub}
  0x0000015ea716ab48: ffe8 32f2 

  0x0000015ea716ab4c: ; ImmutableOopMap {rdx=Oop [120]=Oop r8=Oop r9=Oop rcx=Oop }
                      ;*synchronization entry
                      ; - java.lang.ClassLoader::defineClass@-1 (line 1015)
  0x0000015ea716ab4c: 4707 e989 

  0x0000015ea716ab50: ;   {metadata({method} {0x0000015ec3024af0} 'defineClassSourceLocation' '(Ljava/security/ProtectionDomain;)Ljava/lang/String;' in 'java/lang/ClassLoader')}
  0x0000015ea716ab50: fcff ff49 | bae8 4a02 | c35e 0100 | 004c 8954 | 2408 48c7 | 0424 ffff 

  0x0000015ea716ab68: ;   {runtime_call counter_overflow Runtime1 stub}
  0x0000015ea716ab68: ffff e811 

  0x0000015ea716ab6c: ; ImmutableOopMap {[120]=Oop [136]=Oop [128]=Oop rax=Oop [152]=Oop }
                      ;*synchronization entry
                      ; - java.lang.ClassLoader::defineClassSourceLocation@-1 (line 914)
                      ; - java.lang.ClassLoader::defineClass@12 (line 1016)
  0x0000015ea716ab6c: f247 07e9 | f9fc ffff 

  0x0000015ea716ab74: ;   {runtime_call throw_null_pointer_exception Runtime1 stub}
  0x0000015ea716ab74: e827 a147 

  0x0000015ea716ab78: ; ImmutableOopMap {[120]=Oop [136]=Oop [128]=Oop rax=Oop [152]=Oop }
                      ;*invokevirtual getCodeSource {reexecute=0 rethrow=0 return_oop=0}
                      ; - java.lang.ClassLoader::defineClassSourceLocation@1 (line 914)
                      ; - java.lang.ClassLoader::defineClass@12 (line 1016)
                      ;   {runtime_call throw_null_pointer_exception Runtime1 stub}
  0x0000015ea716ab78: 07e8 22a1 

  0x0000015ea716ab7c: ; ImmutableOopMap {[120]=Oop [136]=Oop [128]=Oop rax=Oop [152]=Oop r8=Oop }
                      ;*invokevirtual getLocation {reexecute=0 rethrow=0 return_oop=0}
                      ; - java.lang.ClassLoader::defineClassSourceLocation@12 (line 916)
                      ; - java.lang.ClassLoader::defineClass@12 (line 1016)
                      ;   {runtime_call throw_null_pointer_exception Runtime1 stub}
  0x0000015ea716ab7c: 4707 e81d 

  0x0000015ea716ab80: ; ImmutableOopMap {[120]=Oop [136]=Oop [128]=Oop [152]=Oop rdx=Oop }
                      ;*invokevirtual toString {reexecute=0 rethrow=0 return_oop=0}
                      ; - java.lang.ClassLoader::defineClassSourceLocation@22 (line 917)
                      ; - java.lang.ClassLoader::defineClass@12 (line 1016)
                      ;   {metadata({method} {0x0000015ec30e87f8} 'toString' '()Ljava/lang/String;' in 'java/net/URL')}
  0x0000015ea716ab80: a147 0749 | baf0 870e | c35e 0100 | 004c 8954 | 2408 48c7 | 0424 ffff 

  0x0000015ea716ab98: ;   {runtime_call counter_overflow Runtime1 stub}
  0x0000015ea716ab98: ffff e8e1 

  0x0000015ea716ab9c: ; ImmutableOopMap {[120]=Oop [136]=Oop [128]=Oop [152]=Oop rdx=Oop }
                      ;*synchronization entry
                      ; - java.net.URL::toString@-1 (line 1025)
                      ; - java.lang.ClassLoader::defineClassSourceLocation@22 (line 917)
                      ; - java.lang.ClassLoader::defineClass@12 (line 1016)
  0x0000015ea716ab9c: f147 07e9 | effd ffff 

  0x0000015ea716aba4: ;   {metadata({method} {0x0000015ec30e88b0} 'toExternalForm' '()Ljava/lang/String;' in 'java/net/URL')}
  0x0000015ea716aba4: 49ba a888 | 0ec3 5e01 | 0000 4c89 | 5424 0848 | c704 24ff 

  0x0000015ea716abb8: ;   {runtime_call counter_overflow Runtime1 stub}
  0x0000015ea716abb8: ffff ffe8 

  0x0000015ea716abbc: ; ImmutableOopMap {[120]=Oop [136]=Oop [128]=Oop [152]=Oop rdx=Oop }
                      ;*synchronization entry
                      ; - java.net.URL::toExternalForm@-1 (line 1039)
                      ; - java.net.URL::toString@1 (line 1025)
                      ; - java.lang.ClassLoader::defineClassSourceLocation@22 (line 917)
                      ; - java.lang.ClassLoader::defineClass@12 (line 1016)
  0x0000015ea716abbc: c0f1 4707 | e90d feff 

  0x0000015ea716abc4: ;   {runtime_call throw_null_pointer_exception Runtime1 stub}
  0x0000015ea716abc4: ffe8 d6a0 

  0x0000015ea716abc8: ; ImmutableOopMap {[120]=Oop [136]=Oop [128]=Oop [152]=Oop rdx=Oop rsi=Oop }
                      ;*invokevirtual toExternalForm {reexecute=0 rethrow=0 return_oop=0}
                      ; - java.net.URL::toExternalForm@5 (line 1039)
                      ; - java.net.URL::toString@1 (line 1025)
                      ; - java.lang.ClassLoader::defineClassSourceLocation@22 (line 917)
                      ; - java.lang.ClassLoader::defineClass@12 (line 1016)
                      ;   {internal_word}
  0x0000015ea716abc8: 4707 49ba | 24ab 16a7 | 5e01 0000 | 4d89 9768 

  0x0000015ea716abd8: ;   {runtime_call SafepointBlob}
  0x0000015ea716abd8: 0300 00e9 | 20ce 3d07 | 9090 498b | 87e0 0300 | 0049 c787 | e003 0000 | 0000 0000 | 49c7 87e8 
  0x0000015ea716abf8: 0300 0000 | 0000 0048 | 81c4 b000 

  0x0000015ea716ac04: ;   {runtime_call unwind_exception Runtime1 stub}
  0x0000015ea716ac04: 0000 5de9 | f4c0 3e07 | f4f4 f4f4 | f4f4 f4f4 | f4f4 f4f4 | f4f4 f4f4 | f4f4 f4f4 
[Stub Code]
  0x0000015ea716ac20: ;   {no_reloc}
  0x0000015ea716ac20: 0f1f 4400 

  0x0000015ea716ac24: ;   {static_stub}
  0x0000015ea716ac24: 0048 bbf8 | 4902 c35e 

  0x0000015ea716ac2c: ;   {runtime_call I2C/C2I adapters}
  0x0000015ea716ac2c: 0100 00e9 | ad2d 3d07 

  0x0000015ea716ac34: ;   {static_stub}
  0x0000015ea716ac34: 9048 bb00 | 0000 0000 

  0x0000015ea716ac3c: ;   {runtime_call}
  0x0000015ea716ac3c: 0000 00e9 | fbff ffff 

  0x0000015ea716ac44: ;   {static_stub}
  0x0000015ea716ac44: 9048 bb00 | 0000 0000 

  0x0000015ea716ac4c: ;   {runtime_call}
  0x0000015ea716ac4c: 0000 00e9 | fbff ffff 

  0x0000015ea716ac54: ;   {static_stub}
  0x0000015ea716ac54: 9048 bb00 | 0000 0000 

  0x0000015ea716ac5c: ;   {runtime_call}
  0x0000015ea716ac5c: 0000 00e9 | fbff ffff 
[Exception Handler]
  0x0000015ea716ac64: ;   {runtime_call handle_exception_from_callee Runtime1 stub}
  0x0000015ea716ac64: e817 be47 

  0x0000015ea716ac68: ;   {external_word}
  0x0000015ea716ac68: 0748 b9e0 | 6dd3 5dfc | 7f00 0048 

  0x0000015ea716ac74: ;   {runtime_call}
  0x0000015ea716ac74: 83e4 f049 | ba30 ce9b | 5dfc 7f00 | 0041 ffd2 

  0x0000015ea716ac84: ;   {section_word}
  0x0000015ea716ac84: f449 ba85 | ac16 a75e | 0100 0041 

  0x0000015ea716ac90: ;   {runtime_call DeoptimizationBlob}
  0x0000015ea716ac90: 52e9 0ac0 | 3d07 f4f4 
[/MachCode]


Compiled method (c1)     784  842       3       java.security.SecureClassLoader::defineClass (16 bytes)
 total in heap  [0x0000015ea714ed90,0x0000015ea714f180] = 1008
 relocation     [0x0000015ea714eee8,0x0000015ea714ef30] = 72
 main code      [0x0000015ea714ef40,0x0000015ea714f080] = 320
 stub code      [0x0000015ea714f080,0x0000015ea714f0d8] = 88
 metadata       [0x0000015ea714f0d8,0x0000015ea714f0e0] = 8
 scopes data    [0x0000015ea714f0e0,0x0000015ea714f128] = 72
 scopes pcs     [0x0000015ea714f128,0x0000015ea714f178] = 80
 dependencies   [0x0000015ea714f178,0x0000015ea714f180] = 8

[Constant Pool (empty)]

[MachCode]
[Entry Point]
  # {method} {0x0000015ec303da78} 'defineClass' '(Ljava/lang/String;[BIILjava/security/CodeSource;)Ljava/lang/Class;' in 'java/security/SecureClassLoader'
  # this:     rdx:rdx   = 'java/security/SecureClassLoader'
  # parm0:    r8:r8     = 'java/lang/String'
  # parm1:    r9:r9     = '[B'
  # parm2:    rdi       = int
  # parm3:    rsi       = int
  # parm4:    rcx:rcx   = 'java/security/CodeSource'
  #           [sp+0x80]  (sp of caller)
  0x0000015ea714ef40: 448b 5208 | 49bb 0000 | 0000 0800 | 0000 4d03 | d34c 3bd0 

  0x0000015ea714ef54: ;   {runtime_call ic_miss_stub}
  0x0000015ea714ef54: 0f85 2621 | 3f07 660f | 1f44 0000 
[Verified Entry Point]
  0x0000015ea714ef60: 8984 2400 | 90ff ff55 | 4883 ec70 

  0x0000015ea714ef6c: ;   {metadata(method data for {method} {0x0000015ec303da78} 'defineClass' '(Ljava/lang/String;[BIILjava/security/CodeSource;)Ljava/lang/Class;' in 'java/security/SecureClassLoader')}
  0x0000015ea714ef6c: 48bb e84f | 9bc3 5e01 | 0000 8b83 | cc00 0000 | 83c0 0289 | 83cc 0000 | 0081 e0fe | 0700 0083 
  0x0000015ea714ef8c: f800 0f84 | 8b00 0000 | 8974 245c | 897c 2458 | 4c89 4c24 | 504c 8944 | 2448 488b 

  0x0000015ea714efa8: ;   {metadata(method data for {method} {0x0000015ec303da78} 'defineClass' '(Ljava/lang/String;[BIILjava/security/CodeSource;)Ljava/lang/Class;' in 'java/security/SecureClassLoader')}
  0x0000015ea714efa8: da48 b8e8 | 4f9b c35e | 0100 0048 | 8380 1001 | 0000 014c | 8bc1 488b | c248 8bd0 | 4889 4424 
  0x0000015ea714efc8: 4066 0f1f 

  0x0000015ea714efcc: ;   {optimized virtual_call}
  0x0000015ea714efcc: 4400 00e8 

  0x0000015ea714efd0: ; ImmutableOopMap {[80]=Oop [64]=Oop [72]=Oop }
                      ;*invokevirtual getProtectionDomain {reexecute=0 rethrow=0 return_oop=0}
                      ; - java.security.SecureClassLoader::defineClass@9 (line 150)
  0x0000015ea714efd0: 4c1b 0000 | 488b 5424 

  0x0000015ea714efd8: ;   {metadata(method data for {method} {0x0000015ec303da78} 'defineClass' '(Ljava/lang/String;[BIILjava/security/CodeSource;)Ljava/lang/Class;' in 'java/security/SecureClassLoader')}
  0x0000015ea714efd8: 4049 b8e8 | 4f9b c35e | 0100 0049 | 8380 4801 | 0000 014c | 8b44 2448 | 4c8b 4c24 | 508b 7c24 
  0x0000015ea714eff8: 588b 7424 | 5c48 8bc8 | 488b 5424 

  0x0000015ea714f004: ;   {optimized virtual_call}
  0x0000015ea714f004: 4066 90e8 

  0x0000015ea714f008: ; ImmutableOopMap {}
                      ;*invokevirtual defineClass {reexecute=0 rethrow=0 return_oop=0}
                      ; - java.security.SecureClassLoader::defineClass@12 (line 150)
  0x0000015ea714f008: 94b7 0100 | 4883 c470 

  0x0000015ea714f010: ;   {poll_return}
  0x0000015ea714f010: 5d49 3ba7 | 5003 0000 | 0f87 2200 

  0x0000015ea714f01c: ;   {metadata({method} {0x0000015ec303da78} 'defineClass' '(Ljava/lang/String;[BIILjava/security/CodeSource;)Ljava/lang/Class;' in 'java/security/SecureClassLoader')}
  0x0000015ea714f01c: 0000 c349 | ba70 da03 | c35e 0100 | 004c 8954 | 2408 48c7 | 0424 ffff 

  0x0000015ea714f034: ;   {runtime_call counter_overflow Runtime1 stub}
  0x0000015ea714f034: ffff e845 

  0x0000015ea714f038: ; ImmutableOopMap {rdx=Oop r8=Oop r9=Oop rcx=Oop }
                      ;*synchronization entry
                      ; - java.security.SecureClassLoader::defineClass@-1 (line 150)
  0x0000015ea714f038: ad49 07e9 | 54ff ffff 

  0x0000015ea714f040: ;   {internal_word}
  0x0000015ea714f040: 49ba 11f0 | 14a7 5e01 | 0000 4d89 | 9768 0300 

  0x0000015ea714f050: ;   {runtime_call SafepointBlob}
  0x0000015ea714f050: 00e9 aa89 | 3f07 9090 | 498b 87e0 | 0300 0049 | c787 e003 | 0000 0000 | 0000 49c7 | 87e8 0300 
  0x0000015ea714f070: 0000 0000 | 0048 83c4 

  0x0000015ea714f078: ;   {runtime_call unwind_exception Runtime1 stub}
  0x0000015ea714f078: 705d e981 | 7c40 07f4 
[Stub Code]
  0x0000015ea714f080: ;   {no_reloc}
  0x0000015ea714f080: 0f1f 4400 

  0x0000015ea714f084: ;   {static_stub}
  0x0000015ea714f084: 0048 bb00 | dd03 c35e 

  0x0000015ea714f08c: ;   {runtime_call I2C/C2I adapters}
  0x0000015ea714f08c: 0100 00e9 | c975 3f07 

  0x0000015ea714f094: ;   {static_stub}
  0x0000015ea714f094: 9048 bb20 | 4d02 c35e 

  0x0000015ea714f09c: ;   {runtime_call I2C/C2I adapters}
  0x0000015ea714f09c: 0100 00e9 | 4783 3e07 
[Exception Handler]
  0x0000015ea714f0a4: ;   {runtime_call handle_exception_from_callee Runtime1 stub}
  0x0000015ea714f0a4: e8d7 7949 

  0x0000015ea714f0a8: ;   {external_word}
  0x0000015ea714f0a8: 0748 b9e0 | 6dd3 5dfc | 7f00 0048 

  0x0000015ea714f0b4: ;   {runtime_call}
  0x0000015ea714f0b4: 83e4 f049 | ba30 ce9b | 5dfc 7f00 | 0041 ffd2 

  0x0000015ea714f0c4: ;   {section_word}
  0x0000015ea714f0c4: f449 bac5 | f014 a75e | 0100 0041 

  0x0000015ea714f0d0: ;   {runtime_call DeoptimizationBlob}
  0x0000015ea714f0d0: 52e9 ca7b | 3f07 f4f4 
[/MachCode]


---------------  P R O C E S S  ---------------

Threads class SMR info:
_java_thread_list=0x0000015ec7ad1bd0, length=14, elements={
0x0000015ea3ae17b0, 0x0000015ec2af2010, 0x0000015ec2af2b40, 0x0000015ec2b21d10,
0x0000015ec2b237f0, 0x0000015ec2b262c0, 0x0000015ec2b26c80, 0x0000015ec2b27a20,
0x0000015ec2b284d0, 0x0000015ec2b47ac0, 0x0000015ec2cb58c0, 0x0000015ec2cd6050,
0x0000015ec70e4570, 0x0000015ec7679380
}

Java Threads: ( => current thread )
=>0x0000015ea3ae17b0 JavaThread "main" [_thread_in_vm, id=15356, stack(0x00000016cc700000,0x00000016cc800000)]
  0x0000015ec2af2010 JavaThread "Reference Handler" daemon [_thread_blocked, id=1952, stack(0x00000016cce00000,0x00000016ccf00000)]
  0x0000015ec2af2b40 JavaThread "Finalizer" daemon [_thread_blocked, id=9580, stack(0x00000016ccf00000,0x00000016cd000000)]
  0x0000015ec2b21d10 JavaThread "Signal Dispatcher" daemon [_thread_blocked, id=2504, stack(0x00000016cd000000,0x00000016cd100000)]
  0x0000015ec2b237f0 JavaThread "Attach Listener" daemon [_thread_blocked, id=8308, stack(0x00000016cd100000,0x00000016cd200000)]
  0x0000015ec2b262c0 JavaThread "Service Thread" daemon [_thread_blocked, id=13072, stack(0x00000016cd200000,0x00000016cd300000)]
  0x0000015ec2b26c80 JavaThread "Monitor Deflation Thread" daemon [_thread_blocked, id=9844, stack(0x00000016cd300000,0x00000016cd400000)]
  0x0000015ec2b27a20 JavaThread "C2 CompilerThread0" daemon [_thread_blocked, id=14536, stack(0x00000016cd400000,0x00000016cd500000)]
  0x0000015ec2b284d0 JavaThread "C1 CompilerThread0" daemon [_thread_blocked, id=12208, stack(0x00000016cd500000,0x00000016cd600000)]
  0x0000015ec2b47ac0 JavaThread "Sweeper thread" daemon [_thread_blocked, id=7896, stack(0x00000016cd600000,0x00000016cd700000)]
  0x0000015ec2cb58c0 JavaThread "Notification Thread" daemon [_thread_blocked, id=8552, stack(0x00000016cd700000,0x00000016cd800000)]
  0x0000015ec2cd6050 JavaThread "Common-Cleaner" daemon [_thread_blocked, id=8412, stack(0x00000016cd900000,0x00000016cda00000)]
  0x0000015ec70e4570 JavaThread "C2 CompilerThread1" daemon [_thread_blocked, id=13988, stack(0x00000016cda00000,0x00000016cdb00000)]
  0x0000015ec7679380 JavaThread "pool-1-thread-1" [_thread_in_vm, id=5772, stack(0x00000016ce000000,0x00000016ce100000)]

Other Threads:
  0x0000015ec2944510 VMThread "VM Thread" [stack: 0x00000016ccd00000,0x00000016cce00000] [id=7004]
  0x0000015ec2cd5db0 WatcherThread [stack: 0x00000016cd800000,0x00000016cd900000] [id=10268]
  0x0000015ea3b4cdb0 GCTaskThread "GC Thread#0" [stack: 0x00000016cc800000,0x00000016cc900000] [id=7956]
  0x0000015ec7830970 GCTaskThread "GC Thread#1" [stack: 0x00000016cdb00000,0x00000016cdc00000] [id=8212]
  0x0000015ec7830c30 GCTaskThread "GC Thread#2" [stack: 0x00000016cdc00000,0x00000016cdd00000] [id=10964]
  0x0000015ec7830ef0 GCTaskThread "GC Thread#3" [stack: 0x00000016cdd00000,0x00000016cde00000] [id=12104]
  0x0000015ec757e810 GCTaskThread "GC Thread#4" [stack: 0x00000016cde00000,0x00000016cdf00000] [id=9204]
  0x0000015ec757ead0 GCTaskThread "GC Thread#5" [stack: 0x00000016cdf00000,0x00000016ce000000] [id=1944]
  0x0000015ea3b5dbd0 ConcurrentGCThread "G1 Main Marker" [stack: 0x00000016cc900000,0x00000016cca00000] [id=12252]
  0x0000015ea3b5ed90 ConcurrentGCThread "G1 Conc#0" [stack: 0x00000016cca00000,0x00000016ccb00000] [id=6760]
  0x0000015ea3b9e290 ConcurrentGCThread "G1 Refine#0" [stack: 0x00000016ccb00000,0x00000016ccc00000] [id=6116]
  0x0000015ec27f2160 ConcurrentGCThread "G1 Service" [stack: 0x00000016ccc00000,0x00000016ccd00000] [id=7020]

Threads with active compile tasks:

VM state: not at safepoint (normal execution)

VM Mutex/Monitor currently owned by a thread:  ([mutex/lock_event])
[0x0000015ea3adc0e0] Metaspace_lock - owner thread: 0x0000015ea3ae17b0

Heap address: 0x0000000701200000, size: 4078 MB, Compressed Oops mode: Zero based, Oop shift amount: 3

CDS archive(s) not mapped
Compressed class space mapped at: 0x0000000800000000-0x0000000840000000, reserved size: 1073741824
Narrow klass base: 0x0000000800000000, Narrow klass shift: 0, Narrow klass range: 0x40000000

GC Precious Log:
 CPUs: 12 total, 12 available
 Memory: 16308M
 Large Page Support: Disabled
 NUMA Support: Disabled
 Compressed Oops: Enabled (Zero based)
 Heap Region Size: 2M
 Heap Min Capacity: 8M
 Heap Initial Capacity: 256M
 Heap Max Capacity: 4078M
 Pre-touch: Disabled
 Parallel Workers: 10
 Concurrent Workers: 3
 Concurrent Refinement Workers: 10
 Periodic GC: Disabled

Heap:
 garbage-first heap   total 262144K, used 16424K [0x0000000701200000, 0x0000000800000000)
  region size 2048K, 6 young (12288K), 2 survivors (4096K)
 Metaspace       used 13225K, committed 13312K, reserved 1114112K
  class space    used 1496K, committed 1536K, reserved 1048576K

Heap Regions: E=young(eden), S=young(survivor), O=old, HS=humongous(starts), HC=humongous(continues), CS=collection set, F=free, OA=open archive, CA=closed archive, TAMS=top-at-mark-start (previous, next)
|   0|0x0000000701200000, 0x0000000701400000, 0x0000000701400000|100%|HS|  |TAMS 0x0000000701200000, 0x0000000701200000| Complete 
|   1|0x0000000701400000, 0x0000000701600000, 0x0000000701600000|100%|HC|  |TAMS 0x0000000701400000, 0x0000000701400000| Complete 
|   2|0x0000000701600000, 0x0000000701800000, 0x0000000701800000|100%| O|  |TAMS 0x0000000701600000, 0x0000000701600000| Untracked 
|   3|0x0000000701800000, 0x000000070180a000, 0x0000000701a00000|  1%| O|  |TAMS 0x0000000701800000, 0x0000000701800000| Untracked 
|   4|0x0000000701a00000, 0x0000000701a00000, 0x0000000701c00000|  0%| F|  |TAMS 0x0000000701a00000, 0x0000000701a00000| Untracked 
|   5|0x0000000701c00000, 0x0000000701c00000, 0x0000000701e00000|  0%| F|  |TAMS 0x0000000701c00000, 0x0000000701c00000| Untracked 
|   6|0x0000000701e00000, 0x0000000701e00000, 0x0000000702000000|  0%| F|  |TAMS 0x0000000701e00000, 0x0000000701e00000| Untracked 
|   7|0x0000000702000000, 0x0000000702000000, 0x0000000702200000|  0%| F|  |TAMS 0x0000000702000000, 0x0000000702000000| Untracked 
|   8|0x0000000702200000, 0x0000000702200000, 0x0000000702400000|  0%| F|  |TAMS 0x0000000702200000, 0x0000000702200000| Untracked 
|   9|0x0000000702400000, 0x0000000702400000, 0x0000000702600000|  0%| F|  |TAMS 0x0000000702400000, 0x0000000702400000| Untracked 
|  10|0x0000000702600000, 0x0000000702600000, 0x0000000702800000|  0%| F|  |TAMS 0x0000000702600000, 0x0000000702600000| Untracked 
|  11|0x0000000702800000, 0x0000000702800000, 0x0000000702a00000|  0%| F|  |TAMS 0x0000000702800000, 0x0000000702800000| Untracked 
|  12|0x0000000702a00000, 0x0000000702a00000, 0x0000000702c00000|  0%| F|  |TAMS 0x0000000702a00000, 0x0000000702a00000| Untracked 
|  13|0x0000000702c00000, 0x0000000702c00000, 0x0000000702e00000|  0%| F|  |TAMS 0x0000000702c00000, 0x0000000702c00000| Untracked 
|  14|0x0000000702e00000, 0x0000000702e00000, 0x0000000703000000|  0%| F|  |TAMS 0x0000000702e00000, 0x0000000702e00000| Untracked 
|  15|0x0000000703000000, 0x0000000703000000, 0x0000000703200000|  0%| F|  |TAMS 0x0000000703000000, 0x0000000703000000| Untracked 
|  16|0x0000000703200000, 0x0000000703200000, 0x0000000703400000|  0%| F|  |TAMS 0x0000000703200000, 0x0000000703200000| Untracked 
|  17|0x0000000703400000, 0x0000000703400000, 0x0000000703600000|  0%| F|  |TAMS 0x0000000703400000, 0x0000000703400000| Untracked 
|  18|0x0000000703600000, 0x0000000703600000, 0x0000000703800000|  0%| F|  |TAMS 0x0000000703600000, 0x0000000703600000| Untracked 
|  19|0x0000000703800000, 0x0000000703800000, 0x0000000703a00000|  0%| F|  |TAMS 0x0000000703800000, 0x0000000703800000| Untracked 
|  20|0x0000000703a00000, 0x0000000703a00000, 0x0000000703c00000|  0%| F|  |TAMS 0x0000000703a00000, 0x0000000703a00000| Untracked 
|  21|0x0000000703c00000, 0x0000000703c00000, 0x0000000703e00000|  0%| F|  |TAMS 0x0000000703c00000, 0x0000000703c00000| Untracked 
|  22|0x0000000703e00000, 0x0000000703e00000, 0x0000000704000000|  0%| F|  |TAMS 0x0000000703e00000, 0x0000000703e00000| Untracked 
|  23|0x0000000704000000, 0x0000000704000000, 0x0000000704200000|  0%| F|  |TAMS 0x0000000704000000, 0x0000000704000000| Untracked 
|  24|0x0000000704200000, 0x0000000704200000, 0x0000000704400000|  0%| F|  |TAMS 0x0000000704200000, 0x0000000704200000| Untracked 
|  25|0x0000000704400000, 0x0000000704400000, 0x0000000704600000|  0%| F|  |TAMS 0x0000000704400000, 0x0000000704400000| Untracked 
|  26|0x0000000704600000, 0x0000000704600000, 0x0000000704800000|  0%| F|  |TAMS 0x0000000704600000, 0x0000000704600000| Untracked 
|  27|0x0000000704800000, 0x0000000704800000, 0x0000000704a00000|  0%| F|  |TAMS 0x0000000704800000, 0x0000000704800000| Untracked 
|  28|0x0000000704a00000, 0x0000000704a00000, 0x0000000704c00000|  0%| F|  |TAMS 0x0000000704a00000, 0x0000000704a00000| Untracked 
|  29|0x0000000704c00000, 0x0000000704c00000, 0x0000000704e00000|  0%| F|  |TAMS 0x0000000704c00000, 0x0000000704c00000| Untracked 
|  30|0x0000000704e00000, 0x0000000704e00000, 0x0000000705000000|  0%| F|  |TAMS 0x0000000704e00000, 0x0000000704e00000| Untracked 
|  31|0x0000000705000000, 0x0000000705000000, 0x0000000705200000|  0%| F|  |TAMS 0x0000000705000000, 0x0000000705000000| Untracked 
|  32|0x0000000705200000, 0x0000000705200000, 0x0000000705400000|  0%| F|  |TAMS 0x0000000705200000, 0x0000000705200000| Untracked 
|  33|0x0000000705400000, 0x0000000705400000, 0x0000000705600000|  0%| F|  |TAMS 0x0000000705400000, 0x0000000705400000| Untracked 
|  34|0x0000000705600000, 0x0000000705600000, 0x0000000705800000|  0%| F|  |TAMS 0x0000000705600000, 0x0000000705600000| Untracked 
|  35|0x0000000705800000, 0x0000000705800000, 0x0000000705a00000|  0%| F|  |TAMS 0x0000000705800000, 0x0000000705800000| Untracked 
|  36|0x0000000705a00000, 0x0000000705a00000, 0x0000000705c00000|  0%| F|  |TAMS 0x0000000705a00000, 0x0000000705a00000| Untracked 
|  37|0x0000000705c00000, 0x0000000705c00000, 0x0000000705e00000|  0%| F|  |TAMS 0x0000000705c00000, 0x0000000705c00000| Untracked 
|  38|0x0000000705e00000, 0x0000000705e00000, 0x0000000706000000|  0%| F|  |TAMS 0x0000000705e00000, 0x0000000705e00000| Untracked 
|  39|0x0000000706000000, 0x0000000706000000, 0x0000000706200000|  0%| F|  |TAMS 0x0000000706000000, 0x0000000706000000| Untracked 
|  40|0x0000000706200000, 0x0000000706200000, 0x0000000706400000|  0%| F|  |TAMS 0x0000000706200000, 0x0000000706200000| Untracked 
|  41|0x0000000706400000, 0x0000000706400000, 0x0000000706600000|  0%| F|  |TAMS 0x0000000706400000, 0x0000000706400000| Untracked 
|  42|0x0000000706600000, 0x0000000706600000, 0x0000000706800000|  0%| F|  |TAMS 0x0000000706600000, 0x0000000706600000| Untracked 
|  43|0x0000000706800000, 0x0000000706800000, 0x0000000706a00000|  0%| F|  |TAMS 0x0000000706800000, 0x0000000706800000| Untracked 
|  44|0x0000000706a00000, 0x0000000706a00000, 0x0000000706c00000|  0%| F|  |TAMS 0x0000000706a00000, 0x0000000706a00000| Untracked 
|  45|0x0000000706c00000, 0x0000000706c00000, 0x0000000706e00000|  0%| F|  |TAMS 0x0000000706c00000, 0x0000000706c00000| Untracked 
|  46|0x0000000706e00000, 0x0000000706e00000, 0x0000000707000000|  0%| F|  |TAMS 0x0000000706e00000, 0x0000000706e00000| Untracked 
|  47|0x0000000707000000, 0x0000000707000000, 0x0000000707200000|  0%| F|  |TAMS 0x0000000707000000, 0x0000000707000000| Untracked 
|  48|0x0000000707200000, 0x0000000707200000, 0x0000000707400000|  0%| F|  |TAMS 0x0000000707200000, 0x0000000707200000| Untracked 
|  49|0x0000000707400000, 0x0000000707400000, 0x0000000707600000|  0%| F|  |TAMS 0x0000000707400000, 0x0000000707400000| Untracked 
|  50|0x0000000707600000, 0x0000000707600000, 0x0000000707800000|  0%| F|  |TAMS 0x0000000707600000, 0x0000000707600000| Untracked 
|  51|0x0000000707800000, 0x0000000707800000, 0x0000000707a00000|  0%| F|  |TAMS 0x0000000707800000, 0x0000000707800000| Untracked 
|  52|0x0000000707a00000, 0x0000000707a00000, 0x0000000707c00000|  0%| F|  |TAMS 0x0000000707a00000, 0x0000000707a00000| Untracked 
|  53|0x0000000707c00000, 0x0000000707c00000, 0x0000000707e00000|  0%| F|  |TAMS 0x0000000707c00000, 0x0000000707c00000| Untracked 
|  54|0x0000000707e00000, 0x0000000707e00000, 0x0000000708000000|  0%| F|  |TAMS 0x0000000707e00000, 0x0000000707e00000| Untracked 
|  55|0x0000000708000000, 0x0000000708000000, 0x0000000708200000|  0%| F|  |TAMS 0x0000000708000000, 0x0000000708000000| Untracked 
|  56|0x0000000708200000, 0x0000000708200000, 0x0000000708400000|  0%| F|  |TAMS 0x0000000708200000, 0x0000000708200000| Untracked 
|  57|0x0000000708400000, 0x0000000708400000, 0x0000000708600000|  0%| F|  |TAMS 0x0000000708400000, 0x0000000708400000| Untracked 
|  58|0x0000000708600000, 0x0000000708600000, 0x0000000708800000|  0%| F|  |TAMS 0x0000000708600000, 0x0000000708600000| Untracked 
|  59|0x0000000708800000, 0x0000000708800000, 0x0000000708a00000|  0%| F|  |TAMS 0x0000000708800000, 0x0000000708800000| Untracked 
|  60|0x0000000708a00000, 0x0000000708a00000, 0x0000000708c00000|  0%| F|  |TAMS 0x0000000708a00000, 0x0000000708a00000| Untracked 
|  61|0x0000000708c00000, 0x0000000708c00000, 0x0000000708e00000|  0%| F|  |TAMS 0x0000000708c00000, 0x0000000708c00000| Untracked 
|  62|0x0000000708e00000, 0x0000000708e00000, 0x0000000709000000|  0%| F|  |TAMS 0x0000000708e00000, 0x0000000708e00000| Untracked 
|  63|0x0000000709000000, 0x0000000709000000, 0x0000000709200000|  0%| F|  |TAMS 0x0000000709000000, 0x0000000709000000| Untracked 
|  64|0x0000000709200000, 0x0000000709200000, 0x0000000709400000|  0%| F|  |TAMS 0x0000000709200000, 0x0000000709200000| Untracked 
|  65|0x0000000709400000, 0x0000000709400000, 0x0000000709600000|  0%| F|  |TAMS 0x0000000709400000, 0x0000000709400000| Untracked 
|  66|0x0000000709600000, 0x0000000709600000, 0x0000000709800000|  0%| F|  |TAMS 0x0000000709600000, 0x0000000709600000| Untracked 
|  67|0x0000000709800000, 0x0000000709800000, 0x0000000709a00000|  0%| F|  |TAMS 0x0000000709800000, 0x0000000709800000| Untracked 
|  68|0x0000000709a00000, 0x0000000709a00000, 0x0000000709c00000|  0%| F|  |TAMS 0x0000000709a00000, 0x0000000709a00000| Untracked 
|  69|0x0000000709c00000, 0x0000000709c00000, 0x0000000709e00000|  0%| F|  |TAMS 0x0000000709c00000, 0x0000000709c00000| Untracked 
|  70|0x0000000709e00000, 0x0000000709e00000, 0x000000070a000000|  0%| F|  |TAMS 0x0000000709e00000, 0x0000000709e00000| Untracked 
|  71|0x000000070a000000, 0x000000070a000000, 0x000000070a200000|  0%| F|  |TAMS 0x000000070a000000, 0x000000070a000000| Untracked 
|  72|0x000000070a200000, 0x000000070a200000, 0x000000070a400000|  0%| F|  |TAMS 0x000000070a200000, 0x000000070a200000| Untracked 
|  73|0x000000070a400000, 0x000000070a400000, 0x000000070a600000|  0%| F|  |TAMS 0x000000070a400000, 0x000000070a400000| Untracked 
|  74|0x000000070a600000, 0x000000070a600000, 0x000000070a800000|  0%| F|  |TAMS 0x000000070a600000, 0x000000070a600000| Untracked 
|  75|0x000000070a800000, 0x000000070a800000, 0x000000070aa00000|  0%| F|  |TAMS 0x000000070a800000, 0x000000070a800000| Untracked 
|  76|0x000000070aa00000, 0x000000070aa00000, 0x000000070ac00000|  0%| F|  |TAMS 0x000000070aa00000, 0x000000070aa00000| Untracked 
|  77|0x000000070ac00000, 0x000000070ac00000, 0x000000070ae00000|  0%| F|  |TAMS 0x000000070ac00000, 0x000000070ac00000| Untracked 
|  78|0x000000070ae00000, 0x000000070ae00000, 0x000000070b000000|  0%| F|  |TAMS 0x000000070ae00000, 0x000000070ae00000| Untracked 
|  79|0x000000070b000000, 0x000000070b000000, 0x000000070b200000|  0%| F|  |TAMS 0x000000070b000000, 0x000000070b000000| Untracked 
|  80|0x000000070b200000, 0x000000070b200000, 0x000000070b400000|  0%| F|  |TAMS 0x000000070b200000, 0x000000070b200000| Untracked 
|  81|0x000000070b400000, 0x000000070b400000, 0x000000070b600000|  0%| F|  |TAMS 0x000000070b400000, 0x000000070b400000| Untracked 
|  82|0x000000070b600000, 0x000000070b600000, 0x000000070b800000|  0%| F|  |TAMS 0x000000070b600000, 0x000000070b600000| Untracked 
|  83|0x000000070b800000, 0x000000070b800000, 0x000000070ba00000|  0%| F|  |TAMS 0x000000070b800000, 0x000000070b800000| Untracked 
|  84|0x000000070ba00000, 0x000000070ba00000, 0x000000070bc00000|  0%| F|  |TAMS 0x000000070ba00000, 0x000000070ba00000| Untracked 
|  85|0x000000070bc00000, 0x000000070bc00000, 0x000000070be00000|  0%| F|  |TAMS 0x000000070bc00000, 0x000000070bc00000| Untracked 
|  86|0x000000070be00000, 0x000000070be00000, 0x000000070c000000|  0%| F|  |TAMS 0x000000070be00000, 0x000000070be00000| Untracked 
|  87|0x000000070c000000, 0x000000070c000000, 0x000000070c200000|  0%| F|  |TAMS 0x000000070c000000, 0x000000070c000000| Untracked 
|  88|0x000000070c200000, 0x000000070c200000, 0x000000070c400000|  0%| F|  |TAMS 0x000000070c200000, 0x000000070c200000| Untracked 
|  89|0x000000070c400000, 0x000000070c400000, 0x000000070c600000|  0%| F|  |TAMS 0x000000070c400000, 0x000000070c400000| Untracked 
|  90|0x000000070c600000, 0x000000070c600000, 0x000000070c800000|  0%| F|  |TAMS 0x000000070c600000, 0x000000070c600000| Untracked 
|  91|0x000000070c800000, 0x000000070c800000, 0x000000070ca00000|  0%| F|  |TAMS 0x000000070c800000, 0x000000070c800000| Untracked 
|  92|0x000000070ca00000, 0x000000070ca00000, 0x000000070cc00000|  0%| F|  |TAMS 0x000000070ca00000, 0x000000070ca00000| Untracked 
|  93|0x000000070cc00000, 0x000000070cc00000, 0x000000070ce00000|  0%| F|  |TAMS 0x000000070cc00000, 0x000000070cc00000| Untracked 
|  94|0x000000070ce00000, 0x000000070ce00000, 0x000000070d000000|  0%| F|  |TAMS 0x000000070ce00000, 0x000000070ce00000| Untracked 
|  95|0x000000070d000000, 0x000000070d000000, 0x000000070d200000|  0%| F|  |TAMS 0x000000070d000000, 0x000000070d000000| Untracked 
|  96|0x000000070d200000, 0x000000070d200000, 0x000000070d400000|  0%| F|  |TAMS 0x000000070d200000, 0x000000070d200000| Untracked 
|  97|0x000000070d400000, 0x000000070d400000, 0x000000070d600000|  0%| F|  |TAMS 0x000000070d400000, 0x000000070d400000| Untracked 
|  98|0x000000070d600000, 0x000000070d600000, 0x000000070d800000|  0%| F|  |TAMS 0x000000070d600000, 0x000000070d600000| Untracked 
|  99|0x000000070d800000, 0x000000070d800000, 0x000000070da00000|  0%| F|  |TAMS 0x000000070d800000, 0x000000070d800000| Untracked 
| 100|0x000000070da00000, 0x000000070da00000, 0x000000070dc00000|  0%| F|  |TAMS 0x000000070da00000, 0x000000070da00000| Untracked 
| 101|0x000000070dc00000, 0x000000070dc00000, 0x000000070de00000|  0%| F|  |TAMS 0x000000070dc00000, 0x000000070dc00000| Untracked 
| 102|0x000000070de00000, 0x000000070de00000, 0x000000070e000000|  0%| F|  |TAMS 0x000000070de00000, 0x000000070de00000| Untracked 
| 103|0x000000070e000000, 0x000000070e000000, 0x000000070e200000|  0%| F|  |TAMS 0x000000070e000000, 0x000000070e000000| Untracked 
| 104|0x000000070e200000, 0x000000070e200000, 0x000000070e400000|  0%| F|  |TAMS 0x000000070e200000, 0x000000070e200000| Untracked 
| 105|0x000000070e400000, 0x000000070e400000, 0x000000070e600000|  0%| F|  |TAMS 0x000000070e400000, 0x000000070e400000| Untracked 
| 106|0x000000070e600000, 0x000000070e600000, 0x000000070e800000|  0%| F|  |TAMS 0x000000070e600000, 0x000000070e600000| Untracked 
| 107|0x000000070e800000, 0x000000070e800000, 0x000000070ea00000|  0%| F|  |TAMS 0x000000070e800000, 0x000000070e800000| Untracked 
| 108|0x000000070ea00000, 0x000000070ea00000, 0x000000070ec00000|  0%| F|  |TAMS 0x000000070ea00000, 0x000000070ea00000| Untracked 
| 109|0x000000070ec00000, 0x000000070ec00000, 0x000000070ee00000|  0%| F|  |TAMS 0x000000070ec00000, 0x000000070ec00000| Untracked 
| 110|0x000000070ee00000, 0x000000070ee00000, 0x000000070f000000|  0%| F|  |TAMS 0x000000070ee00000, 0x000000070ee00000| Untracked 
| 111|0x000000070f000000, 0x000000070f000000, 0x000000070f200000|  0%| F|  |TAMS 0x000000070f000000, 0x000000070f000000| Untracked 
| 112|0x000000070f200000, 0x000000070f200000, 0x000000070f400000|  0%| F|  |TAMS 0x000000070f200000, 0x000000070f200000| Untracked 
| 113|0x000000070f400000, 0x000000070f400000, 0x000000070f600000|  0%| F|  |TAMS 0x000000070f400000, 0x000000070f400000| Untracked 
| 114|0x000000070f600000, 0x000000070f600000, 0x000000070f800000|  0%| F|  |TAMS 0x000000070f600000, 0x000000070f600000| Untracked 
| 115|0x000000070f800000, 0x000000070fa00000, 0x000000070fa00000|100%| S|CS|TAMS 0x000000070f800000, 0x000000070f800000| Complete 
| 116|0x000000070fa00000, 0x000000070fc00000, 0x000000070fc00000|100%| S|CS|TAMS 0x000000070fa00000, 0x000000070fa00000| Complete 
| 117|0x000000070fc00000, 0x000000070fc00000, 0x000000070fe00000|  0%| F|  |TAMS 0x000000070fc00000, 0x000000070fc00000| Untracked 
| 118|0x000000070fe00000, 0x000000070fe00000, 0x0000000710000000|  0%| F|  |TAMS 0x000000070fe00000, 0x000000070fe00000| Untracked 
| 119|0x0000000710000000, 0x0000000710000000, 0x0000000710200000|  0%| F|  |TAMS 0x0000000710000000, 0x0000000710000000| Untracked 
| 120|0x0000000710200000, 0x0000000710200000, 0x0000000710400000|  0%| F|  |TAMS 0x0000000710200000, 0x0000000710200000| Untracked 
| 121|0x0000000710400000, 0x0000000710400000, 0x0000000710600000|  0%| F|  |TAMS 0x0000000710400000, 0x0000000710400000| Untracked 
| 122|0x0000000710600000, 0x0000000710600000, 0x0000000710800000|  0%| F|  |TAMS 0x0000000710600000, 0x0000000710600000| Untracked 
| 123|0x0000000710800000, 0x0000000710800000, 0x0000000710a00000|  0%| F|  |TAMS 0x0000000710800000, 0x0000000710800000| Untracked 
| 124|0x0000000710a00000, 0x0000000710afc1a8, 0x0000000710c00000| 49%| E|  |TAMS 0x0000000710a00000, 0x0000000710a00000| Complete 
| 125|0x0000000710c00000, 0x0000000710e00000, 0x0000000710e00000|100%| E|CS|TAMS 0x0000000710c00000, 0x0000000710c00000| Complete 
| 126|0x0000000710e00000, 0x0000000711000000, 0x0000000711000000|100%| E|CS|TAMS 0x0000000710e00000, 0x0000000710e00000| Complete 
| 127|0x0000000711000000, 0x0000000711200000, 0x0000000711200000|100%| E|CS|TAMS 0x0000000711000000, 0x0000000711000000| Complete 

Card table byte_map: [0x0000015eb6d20000,0x0000015eb7520000] _byte_map_base: 0x0000015eb3517000

Marking Bits (Prev, Next): (CMBitMap*) 0x0000015ea3b4d3d0, (CMBitMap*) 0x0000015ea3b4d410
 Prev Bits: [0x0000015eb7d20000, 0x0000015ebbcd8000)
 Next Bits: [0x0000015ebbce0000, 0x0000015ebfc98000)

Polling page: 0x0000015ea17e0000

Metaspace:

Usage:
  Non-class:     11.45 MB used.
      Class:      1.46 MB used.
       Both:     12.92 MB used.

Virtual space:
  Non-class space:       64.00 MB reserved,      11.50 MB ( 18%) committed,  1 nodes.
      Class space:        1.00 GB reserved,       1.50 MB ( <1%) committed,  1 nodes.
             Both:        1.06 GB reserved,      13.00 MB (  1%) committed. 

Chunk freelists:
   Non-Class:  4.05 MB
       Class:  14.38 MB
        Both:  18.43 MB

MaxMetaspaceSize: unlimited
CompressedClassSpaceSize: 1.00 GB
Initial GC threshold: 21.00 MB
Current GC threshold: 21.00 MB
CDS: off
MetaspaceReclaimPolicy: balanced
 - commit_granule_bytes: 65536.
 - commit_granule_words: 8192.
 - virtual_space_node_default_size: 8388608.
 - enlarge_chunks_in_place: 1.
 - new_chunks_are_fully_committed: 0.
 - uncommit_free_chunks: 1.
 - use_allocation_guard: 0.
 - handle_deallocations: 1.


Internal statistics:

num_allocs_failed_limit: 0.
num_arena_births: 62.
num_arena_deaths: 0.
num_vsnodes_births: 2.
num_vsnodes_deaths: 0.
num_space_committed: 208.
num_space_uncommitted: 0.
num_chunks_returned_to_freelist: 0.
num_chunks_taken_from_freelist: 227.
num_chunk_merges: 0.
num_chunk_splits: 145.
num_chunks_enlarged: 118.
num_inconsistent_stats: 0.

CodeHeap 'non-profiled nmethods': size=120000Kb used=377Kb max_used=377Kb free=119622Kb
 bounds [0x0000015eaea90000, 0x0000015eaed00000, 0x0000015eb5fc0000]
CodeHeap 'profiled nmethods': size=120000Kb used=1791Kb max_used=1791Kb free=118208Kb
 bounds [0x0000015ea6fc0000, 0x0000015ea7230000, 0x0000015eae4f0000]
CodeHeap 'non-nmethods': size=5760Kb used=1139Kb max_used=1163Kb free=4620Kb
 bounds [0x0000015eae4f0000, 0x0000015eae760000, 0x0000015eaea90000]
 total_blobs=1384 nmethods=958 adapters=339
 compilation: enabled
              stopped_count=0, restarted_count=0
 full_count=0

Compilation events (20 events):
Event: 0.728 Thread 0x0000015ec2b284d0  947       3       java.lang.invoke.MethodType::erase (8 bytes)
Event: 0.728 Thread 0x0000015ec2b284d0 nmethod 947 0x0000015ea717ac10 code [0x0000015ea717ada0, 0x0000015ea717aed8]
Event: 0.728 Thread 0x0000015ec2b284d0  949       3       jdk.internal.org.objectweb.asm.SymbolTable::addConstantNameAndType (137 bytes)
Event: 0.729 Thread 0x0000015ec2b284d0 nmethod 949 0x0000015ea717af90 code [0x0000015ea717b1e0, 0x0000015ea717b928]
Event: 0.729 Thread 0x0000015ec2b284d0  950       3       jdk.internal.org.objectweb.asm.SymbolTable$Entry::<init> (20 bytes)
Event: 0.729 Thread 0x0000015ec2b284d0 nmethod 950 0x0000015ea717bd90 code [0x0000015ea717bf20, 0x0000015ea717c068]
Event: 0.729 Thread 0x0000015ec2b284d0  951       1       java.lang.invoke.MethodHandles$Lookup::previousLookupClass (5 bytes)
Event: 0.729 Thread 0x0000015ec2b284d0 nmethod 951 0x0000015eaeaed610 code [0x0000015eaeaed7a0, 0x0000015eaeaed878]
Event: 0.729 Thread 0x0000015ec2b284d0  952       3       sun.invoke.util.VerifyAccess::isClassAccessible (230 bytes)
Event: 0.730 Thread 0x0000015ec2b284d0 nmethod 952 0x0000015ea717c110 code [0x0000015ea717c420, 0x0000015ea717d318]
Event: 0.730 Thread 0x0000015ec2b284d0  953       3       java.util.Arrays$ArrayItr::hasNext (18 bytes)
Event: 0.730 Thread 0x0000015ec2b284d0 nmethod 953 0x0000015ea717d710 code [0x0000015ea717d8a0, 0x0000015ea717da18]
Event: 0.730 Thread 0x0000015ec2b284d0  954       3       java.util.HashMap::putVal (300 bytes)
Event: 0.731 Thread 0x0000015ec2b284d0 nmethod 954 0x0000015ea717db10 code [0x0000015ea717ddc0, 0x0000015ea717f038]
Event: 0.731 Thread 0x0000015ec2b284d0  955       3       java.util.Collections$UnmodifiableCollection$1::next (10 bytes)
Event: 0.731 Thread 0x0000015ec2b284d0 nmethod 955 0x0000015ea717f510 code [0x0000015ea717f6c0, 0x0000015ea717f8a8]
Event: 0.733 Thread 0x0000015ec70e4570  956       4       java.lang.StringLatin1::indexOf (121 bytes)
Event: 0.735 Thread 0x0000015ec2b27a20  957 %     4       sun.net.www.ParseUtil::firstEncodeIndex @ 7 (86 bytes)
Event: 0.735 Thread 0x0000015ec2b284d0  958       3       java.util.LinkedList$ListItr::checkForComodification (23 bytes)
Event: 0.735 Thread 0x0000015ec2b284d0 nmethod 958 0x0000015ea717f990 code [0x0000015ea717fb40, 0x0000015ea717fd08]

GC Heap History (2 events):
Event: 0.608 GC heap before
{Heap before GC invocations=0 (full 0):
 garbage-first heap   total 262144K, used 24576K [0x0000000701200000, 0x0000000800000000)
  region size 2048K, 11 young (22528K), 0 survivors (0K)
 Metaspace       used 11074K, committed 11264K, reserved 1114112K
  class space    used 1149K, committed 1216K, reserved 1048576K
}
Event: 0.612 GC heap after
{Heap after GC invocations=1 (full 0):
 garbage-first heap   total 262144K, used 10280K [0x0000000701200000, 0x0000000800000000)
  region size 2048K, 2 young (4096K), 2 survivors (4096K)
 Metaspace       used 11074K, committed 11264K, reserved 1114112K
  class space    used 1149K, committed 1216K, reserved 1048576K
}

Dll operation events (2 events):
Event: 0.008 Loaded shared library C:\Program Files\Android\Android Studio\jbr\bin\java.dll
Event: 0.101 Loaded shared library C:\Program Files\Android\Android Studio\jbr\bin\verify.dll

Deoptimization events (20 events):
Event: 0.700 Thread 0x0000015ea3ae17b0 Uncommon trap: trap_request=0xffffffde fr.pc=0x0000015eaeaeb12c relative=0x000000000000010c
Event: 0.700 Thread 0x0000015ea3ae17b0 Uncommon trap: reason=class_check action=maybe_recompile pc=0x0000015eaeaeb12c method=jdk.internal.misc.Unsafe.allocateUninitializedArray(Ljava/lang/Class;I)Ljava/lang/Object; @ 51 c2
Event: 0.700 Thread 0x0000015ea3ae17b0 DEOPT PACKING pc=0x0000015eaeaeb12c sp=0x00000016cc7f88f0
Event: 0.700 Thread 0x0000015ea3ae17b0 DEOPT UNPACKING pc=0x0000015eae5469a3 sp=0x00000016cc7f8878 mode 2
Event: 0.700 Thread 0x0000015ea3ae17b0 Uncommon trap: trap_request=0xffffffde fr.pc=0x0000015eaeaeb12c relative=0x000000000000010c
Event: 0.700 Thread 0x0000015ea3ae17b0 Uncommon trap: reason=class_check action=maybe_recompile pc=0x0000015eaeaeb12c method=jdk.internal.misc.Unsafe.allocateUninitializedArray(Ljava/lang/Class;I)Ljava/lang/Object; @ 51 c2
Event: 0.700 Thread 0x0000015ea3ae17b0 DEOPT PACKING pc=0x0000015eaeaeb12c sp=0x00000016cc7f8920
Event: 0.700 Thread 0x0000015ea3ae17b0 DEOPT UNPACKING pc=0x0000015eae5469a3 sp=0x00000016cc7f88a8 mode 2
Event: 0.700 Thread 0x0000015ea3ae17b0 Uncommon trap: trap_request=0xffffffde fr.pc=0x0000015eaeaeb12c relative=0x000000000000010c
Event: 0.700 Thread 0x0000015ea3ae17b0 Uncommon trap: reason=class_check action=maybe_recompile pc=0x0000015eaeaeb12c method=jdk.internal.misc.Unsafe.allocateUninitializedArray(Ljava/lang/Class;I)Ljava/lang/Object; @ 51 c2
Event: 0.700 Thread 0x0000015ea3ae17b0 DEOPT PACKING pc=0x0000015eaeaeb12c sp=0x00000016cc7f89c0
Event: 0.700 Thread 0x0000015ea3ae17b0 DEOPT UNPACKING pc=0x0000015eae5469a3 sp=0x00000016cc7f8948 mode 2
Event: 0.701 Thread 0x0000015ea3ae17b0 DEOPT PACKING pc=0x0000015ea7018e56 sp=0x00000016cc7f8450
Event: 0.701 Thread 0x0000015ea3ae17b0 DEOPT UNPACKING pc=0x0000015eae547143 sp=0x00000016cc7f78d8 mode 0
Event: 0.727 Thread 0x0000015ea3ae17b0 Uncommon trap: trap_request=0xffffff45 fr.pc=0x0000015eaeac2864 relative=0x0000000000000fe4
Event: 0.727 Thread 0x0000015ea3ae17b0 Uncommon trap: reason=unstable_if action=reinterpret pc=0x0000015eaeac2864 method=java.util.HashMap.putVal(ILjava/lang/Object;Ljava/lang/Object;ZZ)Ljava/lang/Object; @ 236 c2
Event: 0.727 Thread 0x0000015ea3ae17b0 DEOPT PACKING pc=0x0000015eaeac2864 sp=0x00000016cc7fbde0
Event: 0.727 Thread 0x0000015ea3ae17b0 DEOPT UNPACKING pc=0x0000015eae5469a3 sp=0x00000016cc7fbda8 mode 2
Event: 0.733 Thread 0x0000015ea3ae17b0 DEOPT PACKING pc=0x0000015ea705c965 sp=0x00000016cc7f6700
Event: 0.733 Thread 0x0000015ea3ae17b0 DEOPT UNPACKING pc=0x0000015eae547143 sp=0x00000016cc7f5b50 mode 0

Classes unloaded (0 events):
No events

Classes redefined (0 events):
No events

Internal exceptions (13 events):
Event: 0.196 Thread 0x0000015ea3ae17b0 Exception <a 'java/lang/NoSuchMethodError'{0x0000000710f80a30}: 'int java.lang.invoke.DirectMethodHandle$Holder.invokeStaticInit(java.lang.Object, java.lang.Object)'> (0x0000000710f80a30) 
thrown [s\src\hotspot\share\interpreter\linkResolver.cpp, line 771]
Event: 0.577 Thread 0x0000015ea3ae17b0 Exception <a 'java/lang/NoSuchMethodError'{0x000000070fca0d78}: 'void java.lang.invoke.DirectMethodHandle$Holder.invokeStatic(java.lang.Object, java.lang.Object)'> (0x000000070fca0d78) 
thrown [s\src\hotspot\share\interpreter\linkResolver.cpp, line 771]
Event: 0.592 Thread 0x0000015ea3ae17b0 Exception <a 'java/lang/NoClassDefFoundError'{0x000000070fd2a7f0}: org/slf4j/impl/StaticMarkerBinder> (0x000000070fd2a7f0) 
thrown [s\src\hotspot\share\classfile\systemDictionary.cpp, line 245]
Event: 0.602 Thread 0x0000015ea3ae17b0 Exception <a 'java/lang/NoSuchMethodError'{0x000000070fdc6160}: 'java.lang.Object java.lang.invoke.DirectMethodHandle$Holder.invokeVirtual(java.lang.Object, java.lang.Object, java.lang.Object, java.lang.Object, java.lang.Object, java.lang.Object, java.lang.Object)'> (0x000000070fdc6160) 
thrown [s\src\hotspot\share\interpreter\linkResolver.cpp, line 771]
Event: 0.603 Thread 0x0000015ea3ae17b0 Exception <a 'java/lang/NoSuchMethodError'{0x000000070fdd7d00}: 'java.lang.Object java.lang.invoke.Invokers$Holder.invoker(java.lang.Object, java.lang.Object, java.lang.Object)'> (0x000000070fdd7d00) 
thrown [s\src\hotspot\share\interpreter\linkResolver.cpp, line 771]
Event: 0.605 Thread 0x0000015ea3ae17b0 Exception <a 'java/lang/NoSuchMethodError'{0x000000070fde0da8}: 'java.lang.Object java.lang.invoke.DirectMethodHandle$Holder.invokeStatic(java.lang.Object, java.lang.Object, int)'> (0x000000070fde0da8) 
thrown [s\src\hotspot\share\interpreter\linkResolver.cpp, line 771]
Event: 0.606 Thread 0x0000015ea3ae17b0 Exception <a 'java/lang/NoSuchMethodError'{0x000000070fdeca98}: 'void java.lang.invoke.DelegatingMethodHandle$Holder.delegate(java.lang.Object, java.lang.Object, int, java.lang.Object)'> (0x000000070fdeca98) 
thrown [s\src\hotspot\share\interpreter\linkResolver.cpp, line 771]
Event: 0.607 Thread 0x0000015ea3ae17b0 Exception <a 'java/lang/NoSuchMethodError'{0x000000070fdf0be0}: 'int java.lang.invoke.DirectMethodHandle$Holder.invokeSpecial(java.lang.Object, java.lang.Object, java.lang.Object)'> (0x000000070fdf0be0) 
thrown [s\src\hotspot\share\interpreter\linkResolver.cpp, line 771]
Event: 0.613 Thread 0x0000015ea3ae17b0 Exception <a 'java/lang/NoSuchMethodError'{0x0000000711004258}: 'java.lang.Object java.lang.invoke.Invokers$Holder.invokeExact_MT(java.lang.Object, java.lang.Object, java.lang.Object, java.lang.Object)'> (0x0000000711004258) 
thrown [s\src\hotspot\share\interpreter\linkResolver.cpp, line 771]
Event: 0.681 Thread 0x0000015ea3ae17b0 Exception <a 'java/lang/NoSuchMethodError'{0x0000000710c9b088}: 'void java.lang.invoke.DirectMethodHandle$Holder.invokeSpecial(java.lang.Object, java.lang.Object, java.lang.Object)'> (0x0000000710c9b088) 
thrown [s\src\hotspot\share\interpreter\linkResolver.cpp, line 771]
Event: 0.692 Thread 0x0000015ea3ae17b0 Implicit null exception at 0x0000015eaead8310 to 0x0000015eaead8880
Event: 0.692 Thread 0x0000015ea3ae17b0 Implicit null exception at 0x0000015eaeacc190 to 0x0000015eaeacc6fc
Event: 0.713 Thread 0x0000015ea3ae17b0 Exception <a 'java/lang/NoSuchMethodError'{0x0000000710a39180}: 'java.lang.Object java.lang.invoke.DirectMethodHandle$Holder.invokeStaticInit(java.lang.Object)'> (0x0000000710a39180) 
thrown [s\src\hotspot\share\interpreter\linkResolver.cpp, line 771]

VM Operations (8 events):
Event: 0.097 Executing VM operation: HandshakeAllThreads
Event: 0.097 Executing VM operation: HandshakeAllThreads done
Event: 0.504 Executing VM operation: HandshakeAllThreads
Event: 0.504 Executing VM operation: HandshakeAllThreads done
Event: 0.605 Executing VM operation: HandshakeAllThreads
Event: 0.605 Executing VM operation: HandshakeAllThreads done
Event: 0.608 Executing VM operation: G1CollectForAllocation
Event: 0.612 Executing VM operation: G1CollectForAllocation done

Events (20 events):
Event: 0.728 loading class sun/management/RuntimeImpl
Event: 0.728 loading class sun/management/RuntimeImpl done
Event: 0.728 loading class java/util/Collections$SingletonMap
Event: 0.728 loading class java/util/Collections$SingletonMap done
Event: 0.728 loading class java/util/Collections$2
Event: 0.728 loading class java/util/Collections$2 done
Event: 0.729 loading class sun/management/Util
Event: 0.729 loading class sun/management/Util done
Event: 0.729 loading class java/lang/management/ManagementPermission
Event: 0.729 loading class java/lang/management/ManagementPermission done
Event: 0.730 loading class java/util/TreeMap$EntrySet
Event: 0.730 loading class java/util/TreeMap$EntrySet done
Event: 0.730 loading class java/util/TreeMap$EntryIterator
Event: 0.730 loading class java/util/TreeMap$EntryIterator done
Event: 0.730 loading class java/util/Collections$UnmodifiableMap$UnmodifiableEntrySet
Event: 0.730 loading class java/util/Collections$UnmodifiableMap$UnmodifiableEntrySet done
Event: 0.730 loading class java/util/Collections$UnmodifiableMap$UnmodifiableEntrySet$1
Event: 0.730 loading class java/util/Collections$UnmodifiableMap$UnmodifiableEntrySet$1 done
Event: 0.730 loading class java/util/Collections$UnmodifiableMap$UnmodifiableEntrySet$UnmodifiableEntry
Event: 0.730 loading class java/util/Collections$UnmodifiableMap$UnmodifiableEntrySet$UnmodifiableEntry done


Dynamic libraries:
0x00007ff72f150000 - 0x00007ff72f15a000 	C:\Program Files\Android\Android Studio\jbr\bin\java.exe
0x00007ffcd23b0000 - 0x00007ffcd25a8000 	C:\WINDOWS\SYSTEM32\ntdll.dll
0x00007ffcd0b80000 - 0x00007ffcd0c41000 	C:\WINDOWS\System32\KERNEL32.DLL
0x00007ffccff80000 - 0x00007ffcd027d000 	C:\WINDOWS\System32\KERNELBASE.dll
0x00007ffccfe80000 - 0x00007ffccff80000 	C:\WINDOWS\System32\ucrtbase.dll
0x00007ffca95a0000 - 0x00007ffca95b7000 	C:\Program Files\Android\Android Studio\jbr\bin\jli.dll
0x00007ffcb0580000 - 0x00007ffcb059b000 	C:\Program Files\Android\Android Studio\jbr\bin\VCRUNTIME140.dll
0x00007ffcd0ff0000 - 0x00007ffcd118d000 	C:\WINDOWS\System32\USER32.dll
0x00007ffccfba0000 - 0x00007ffccfbc2000 	C:\WINDOWS\System32\win32u.dll
0x00007ffcaf920000 - 0x00007ffcafbba000 	C:\WINDOWS\WinSxS\amd64_microsoft.windows.common-controls_6595b64144ccf1df_6.0.19041.4355_none_60b8b9eb71f62e16\COMCTL32.dll
0x00007ffcd03e0000 - 0x00007ffcd040b000 	C:\WINDOWS\System32\GDI32.dll
0x00007ffcd12d0000 - 0x00007ffcd136e000 	C:\WINDOWS\System32\msvcrt.dll
0x00007ffccfbd0000 - 0x00007ffccfce7000 	C:\WINDOWS\System32\gdi32full.dll
0x00007ffcd02f0000 - 0x00007ffcd038d000 	C:\WINDOWS\System32\msvcp_win.dll
0x00007ffcd0d80000 - 0x00007ffcd0daf000 	C:\WINDOWS\System32\IMM32.DLL
0x00007ffcafde0000 - 0x00007ffcafdec000 	C:\Program Files\Android\Android Studio\jbr\bin\vcruntime140_1.dll
0x00007ffc53a50000 - 0x00007ffc53add000 	C:\Program Files\Android\Android Studio\jbr\bin\msvcp140.dll
0x00007ffc5d400000 - 0x00007ffc5e083000 	C:\Program Files\Android\Android Studio\jbr\bin\server\jvm.dll
0x00007ffcd1510000 - 0x00007ffcd15c0000 	C:\WINDOWS\System32\ADVAPI32.dll
0x00007ffcd0e10000 - 0x00007ffcd0eb0000 	C:\WINDOWS\System32\sechost.dll
0x00007ffcd0ec0000 - 0x00007ffcd0fe3000 	C:\WINDOWS\System32\RPCRT4.dll
0x00007ffccfe50000 - 0x00007ffccfe77000 	C:\WINDOWS\System32\bcrypt.dll
0x00007ffcaa4e0000 - 0x00007ffcaa4e9000 	C:\WINDOWS\SYSTEM32\WSOCK32.dll
0x00007ffccf440000 - 0x00007ffccf48b000 	C:\WINDOWS\SYSTEM32\POWRPROF.dll
0x00007ffcc8e50000 - 0x00007ffcc8e5a000 	C:\WINDOWS\SYSTEM32\VERSION.dll
0x00007ffcc6260000 - 0x00007ffcc6287000 	C:\WINDOWS\SYSTEM32\WINMM.dll
0x00007ffcd1250000 - 0x00007ffcd12bb000 	C:\WINDOWS\System32\WS2_32.dll
0x00007ffccf420000 - 0x00007ffccf432000 	C:\WINDOWS\SYSTEM32\UMPDC.dll
0x00007ffccd900000 - 0x00007ffccd912000 	C:\WINDOWS\SYSTEM32\kernel.appcore.dll
0x00007ffcaa4b0000 - 0x00007ffcaa4ba000 	C:\Program Files\Android\Android Studio\jbr\bin\jimage.dll
0x00007ffcc9740000 - 0x00007ffcc9924000 	C:\WINDOWS\SYSTEM32\DBGHELP.DLL
0x00007ffcbfa90000 - 0x00007ffcbfac4000 	C:\WINDOWS\SYSTEM32\dbgcore.DLL
0x00007ffccfa60000 - 0x00007ffccfae2000 	C:\WINDOWS\System32\bcryptPrimitives.dll
0x00007ffcaa480000 - 0x00007ffcaa4a5000 	C:\Program Files\Android\Android Studio\jbr\bin\java.dll
0x00007ffcaa460000 - 0x00007ffcaa478000 	C:\Program Files\Android\Android Studio\jbr\bin\zip.dll
0x00007ffcd0410000 - 0x00007ffcd0b7f000 	C:\WINDOWS\System32\SHELL32.dll
0x00007ffccdb00000 - 0x00007ffcce2a3000 	C:\WINDOWS\SYSTEM32\windows.storage.dll
0x00007ffcd2010000 - 0x00007ffcd2363000 	C:\WINDOWS\System32\combase.dll
0x00007ffccf490000 - 0x00007ffccf4be000 	C:\WINDOWS\SYSTEM32\Wldp.dll
0x00007ffcd1e60000 - 0x00007ffcd1f2d000 	C:\WINDOWS\System32\OLEAUT32.dll
0x00007ffcd11a0000 - 0x00007ffcd124d000 	C:\WINDOWS\System32\SHCORE.dll
0x00007ffcd0db0000 - 0x00007ffcd0e05000 	C:\WINDOWS\System32\shlwapi.dll
0x00007ffccf990000 - 0x00007ffccf9b4000 	C:\WINDOWS\SYSTEM32\profapi.dll
0x00007ffcaa440000 - 0x00007ffcaa459000 	C:\Program Files\Android\Android Studio\jbr\bin\net.dll
0x00007ffcc93a0000 - 0x00007ffcc94ad000 	C:\WINDOWS\SYSTEM32\WINHTTP.dll
0x00007ffccf120000 - 0x00007ffccf18a000 	C:\WINDOWS\system32\mswsock.dll
0x00007ffcaa420000 - 0x00007ffcaa436000 	C:\Program Files\Android\Android Studio\jbr\bin\nio.dll
0x00007ffca9f30000 - 0x00007ffca9f40000 	C:\Program Files\Android\Android Studio\jbr\bin\verify.dll
0x00007ffcc7c40000 - 0x00007ffcc7c67000 	C:\Users\DAVID\.gradle\native\c067742578af261105cb4f569cf0c3c89f3d7b1fecec35dd04571415982c5e48\windows-amd64\native-platform.dll
0x00007ffcaa0b0000 - 0x00007ffcaa0b9000 	C:\Program Files\Android\Android Studio\jbr\bin\management.dll
0x00007ffcaa0a0000 - 0x00007ffcaa0ab000 	C:\Program Files\Android\Android Studio\jbr\bin\management_ext.dll
0x00007ffcd1190000 - 0x00007ffcd1198000 	C:\WINDOWS\System32\PSAPI.DLL

dbghelp: loaded successfully - version: 4.0.5 - missing functions: none
symbol engine: initialized successfully - sym options: 0x614 - pdb path: .;C:\Program Files\Android\Android Studio\jbr\bin;C:\WINDOWS\SYSTEM32;C:\WINDOWS\WinSxS\amd64_microsoft.windows.common-controls_6595b64144ccf1df_6.0.19041.4355_none_60b8b9eb71f62e16;C:\Program Files\Android\Android Studio\jbr\bin\server;C:\Users\DAVID\.gradle\native\c067742578af261105cb4f569cf0c3c89f3d7b1fecec35dd04571415982c5e48\windows-amd64

VM Arguments:
jvm_args: -Dorg.gradle.appname=gradlew 
java_command: org.gradle.wrapper.GradleWrapperMain -q -Ptarget-platform=android-x64 -Ptarget=D:\DOCUMENTOS\PROJETO_FLUTTER\dmega\lib\main.dart -Pbase-application-name=android.app.Application -Pdart-obfuscation=false -Ptrack-widget-creation=true -Ptree-shake-icons=false -Pfilesystem-scheme=org-dartlang-root assembleDebug
java_class_path (initial): D:\DOCUMENTOS\PROJETO_FLUTTER\dmega\android\\gradle\wrapper\gradle-wrapper.jar
Launcher Type: SUN_STANDARD

[Global flags]
     intx CICompilerCount                          = 4                                         {product} {ergonomic}
     uint ConcGCThreads                            = 3                                         {product} {ergonomic}
     uint G1ConcRefinementThreads                  = 10                                        {product} {ergonomic}
   size_t G1HeapRegionSize                         = 2097152                                   {product} {ergonomic}
    uintx GCDrainStackTargetSize                   = 64                                        {product} {ergonomic}
   size_t InitialHeapSize                          = 268435456                                 {product} {ergonomic}
   size_t MarkStackSize                            = 4194304                                   {product} {ergonomic}
   size_t MaxHeapSize                              = 4276092928                                {product} {ergonomic}
   size_t MaxNewSize                               = 2564816896                                {product} {ergonomic}
   size_t MinHeapDeltaBytes                        = 2097152                                   {product} {ergonomic}
   size_t MinHeapSize                              = 8388608                                   {product} {ergonomic}
    uintx NonNMethodCodeHeapSize                   = 5839372                                {pd product} {ergonomic}
    uintx NonProfiledCodeHeapSize                  = 122909434                              {pd product} {ergonomic}
    uintx ProfiledCodeHeapSize                     = 122909434                              {pd product} {ergonomic}
    uintx ReservedCodeCacheSize                    = 251658240                              {pd product} {ergonomic}
     bool SegmentedCodeCache                       = true                                      {product} {ergonomic}
   size_t SoftMaxHeapSize                          = 4276092928                             {manageable} {ergonomic}
     bool UseCompressedClassPointers               = true                           {product lp64_product} {ergonomic}
     bool UseCompressedOops                        = true                           {product lp64_product} {ergonomic}
     bool UseG1GC                                  = true                                      {product} {ergonomic}
     bool UseLargePagesIndividualAllocation        = false                                  {pd product} {ergonomic}

Logging:
Log output configuration:
 #0: stdout all=warning uptime,level,tags
 #1: stderr all=off uptime,level,tags

Environment Variables:
JAVA_HOME=C:\Program Files\Android\Android Studio\jbr
CLASSPATH=D:\DOCUMENTOS\PROJETO_FLUTTER\dmega\android\\gradle\wrapper\gradle-wrapper.jar
PATH=C:\Program Files\Android\Android Studio\jbr\bin;C:\WINDOWS\system32;C:\WINDOWS;C:\WINDOWS\System32\Wbem;C:\WINDOWS\System32\WindowsPowerShell\v1.0\;C:\WINDOWS\System32\OpenSSH\;C:\Program Files\Git\cmd;C:\Users\DAVID\AppData\Local\Microsoft\WindowsApps;C:\Users\DAVID\AppData\Local\Programs\Microsoft VS Code\bin;C:\src\flutter\bin;;C:\src\flutter\bin\mingit\cmd;C:\src\flutter\bin\mingit\cmd
USERNAME=DAVID
OS=Windows_NT
PROCESSOR_IDENTIFIER=AMD64 Family 23 Model 8 Stepping 2, AuthenticAMD
TMP=C:\Users\DAVID\AppData\Local\Temp
TEMP=C:\Users\DAVID\AppData\Local\Temp



Periodic native trim disabled

JNI global refs:
JNI global refs: 8, weak refs: 0

JNI global refs memory usage: 843, weak refs: 841

Process memory usage:
Resident Set Size: 88044K (0% of 16699976K total physical memory with 2653064K free physical memory)

OOME stack traces (most recent first):
Classloader memory used:
Loader bootstrap                                                                       : 1282K
Loader org.gradle.internal.classloader.VisitableURLClassLoader                         : 327K
Loader java.net.URLClassLoader                                                         : 26124B
Loader jdk.internal.loader.ClassLoaders$AppClassLoader                                 : 18431B

Classes loaded by more than one classloader:
Class org.gradle.internal.installation.GradleInstallation                             : loaded 2 times (x 73B)
Class org.gradle.cli.ParsedCommandLine                                                : loaded 2 times (x 78B)
Class org.gradle.api.Action                                                           : loaded 2 times (x 68B)
Class org.gradle.cli.CommandLineParser$OptionString                                   : loaded 2 times (x 71B)
Class org.gradle.internal.installation.GradleInstallation$1                           : loaded 2 times (x 73B)
Class org.gradle.cli.CommandLineParser$AfterOptions                                   : loaded 2 times (x 75B)
Class org.gradle.cli.CommandLineParser$AfterFirstSubCommand                           : loaded 2 times (x 75B)
Class org.gradle.internal.service.UnknownServiceException                             : loaded 2 times (x 81B)
Class org.gradle.api.GradleException                                                  : loaded 2 times (x 80B)
Class org.gradle.cli.CommandLineParser$KnownOptionParserState                         : loaded 2 times (x 74B)
Class org.gradle.cli.AbstractPropertiesCommandLineConverter                           : loaded 2 times (x 81B)
Class org.gradle.api.specs.Spec                                                       : loaded 2 times (x 68B)
Class org.gradle.cli.SystemPropertiesCommandLineConverter                             : loaded 2 times (x 81B)
Class org.gradle.internal.IoActions                                                   : loaded 2 times (x 69B)
Class org.gradle.internal.installation.CurrentGradleInstallation                      : loaded 2 times (x 71B)
Class org.gradle.internal.installation.CurrentGradleInstallationLocator               : loaded 2 times (x 69B)
Class org.gradle.api.Transformer                                                      : loaded 2 times (x 68B)
Class org.gradle.cli.CommandLineParser                                                : loaded 2 times (x 77B)
Class org.gradle.cli.CommandLineParser$BeforeFirstSubCommand                          : loaded 2 times (x 75B)
Class org.gradle.cli.CommandLineOption                                                : loaded 2 times (x 84B)
Class org.gradle.cli.CommandLineParser$ParserState                                    : loaded 2 times (x 74B)
Class org.gradle.cli.CommandLineParser$MissingOptionArgState                          : loaded 2 times (x 75B)
Class org.gradle.api.UncheckedIOException                                             : loaded 2 times (x 80B)
Class org.gradle.cli.ParsedCommandLineOption                                          : loaded 2 times (x 74B)
Class org.gradle.internal.classloader.ClasspathUtil                                   : loaded 2 times (x 69B)
Class org.gradle.cli.CommandLineParser$UnknownOptionParserState                       : loaded 2 times (x 74B)
Class org.gradle.internal.service.ServiceLookupException                              : loaded 2 times (x 80B)
Class org.gradle.cli.CommandLineParser$OptionAwareParserState                         : loaded 2 times (x 75B)
Class org.gradle.cli.CommandLineParser$OptionParserState                              : loaded 2 times (x 73B)
Class org.gradle.internal.Cast                                                        : loaded 2 times (x 69B)
Class org.gradle.cli.CommandLineConverter                                             : loaded 2 times (x 68B)
Class org.gradle.cli.AbstractCommandLineConverter                                     : loaded 2 times (x 77B)
Class org.gradle.cli.CommandLineArgumentException                                     : loaded 2 times (x 80B)


---------------  S Y S T E M  ---------------

OS:
 Windows 10 , 64 bit Build 19041 (10.0.19041.4842)
OS uptime: 0 days 2:10 hours

CPU: total 12 (initial active 12) (12 cores per cpu, 2 threads per core) family 23 model 8 stepping 2 microcode 0x0, cx8, cmov, fxsr, ht, mmx, 3dnowpref, sse, sse2, sse3, ssse3, sse4a, sse4.1, sse4.2, popcnt, lzcnt, tsc, tscinvbit, avx, avx2, aes, clmul, bmi1, bmi2, adx, sha, fma, vzeroupper, clflush, clflushopt
Processor Information for all 12 processors :
  Max Mhz: 3200, Current Mhz: 3200, Mhz Limit: 3200

Memory: 4k page, system-wide physical 16308M (2590M free)
TotalPageFile size 18356M (AvailPageFile size 6M)
current process WorkingSet (physical memory assigned to process): 85M, peak: 85M
current process commit charge ("private bytes"): 361M, peak: 363M

vm_info: OpenJDK 64-Bit Server VM (17.0.11+0--11852314) for windows-amd64 JRE (17.0.11+0--11852314), built on May 16 2024 21:29:20 by "androidbuild" with MS VC++ 16.10 / 16.11 (VS2019)

END.
