#
# There is insufficient memory for the Java Runtime Environment to continue.
# Native memory allocation (mmap) failed to map 268435456 bytes. Error detail: G1 virtual space
# Possible reasons:
#   The system is out of physical RAM or swap space
#   This process is running with CompressedOops enabled, and the Java Heap may be blocking the growth of the native heap
# Possible solutions:
#   Reduce memory load on the system
#   Increase physical memory or swap space
#   Check if swap backing store is full
#   Decrease Java heap size (-Xmx/-Xms)
#   Decrease number of Java threads
#   Decrease Java thread stack sizes (-Xss)
#   Set larger code cache with -XX:ReservedCodeCacheSize=
#   JVM is running with Zero Based Compressed Oops mode in which the Java heap is
#     placed in the first 32GB address space. The Java Heap base address is the
#     maximum limit for the native heap growth. Please use -XX:HeapBaseMinAddress
#     to set the Java Heap base and to place the Java Heap above 32GB virtual address.
# This output file may be truncated or incomplete.
#
#  Out of Memory Error (os_windows.cpp:3825), pid=1640, tid=3108
#
# JRE version:  (17.0.11) (build )
# Java VM: OpenJDK 64-Bit Server VM (17.0.11+0--11852314, mixed mode, sharing, tiered, compressed oops, compressed class ptrs, g1 gc, windows-amd64)
# No core dump will be written. Minidumps are not enabled by default on client versions of Windows
#

---------------  S U M M A R Y ------------

Command Line: -Dorg.gradle.appname=gradlew org.gradle.wrapper.GradleWrapperMain -q -Ptarget-platform=android-x64 -Ptarget=D:\DOCUMENTOS\PROJETO_FLUTTER\dmega\lib\main.dart -Pbase-application-name=android.app.Application -Pdart-obfuscation=false -Ptrack-widget-creation=true -Ptree-shake-icons=false -Pfilesystem-scheme=org-dartlang-root assembleDebug

Host: AMD Ryzen 5 1600 Six-Core Processor            , 12 cores, 15G,  Windows 10 , 64 bit Build 19041 (10.0.19041.4842)
Time: Sat Sep 21 22:19:13 2024 Hora oficial do Brasil elapsed time: 0.161366 seconds (0d 0h 0m 0s)

---------------  T H R E A D  ---------------

Current thread (0x0000020dd1e91450):  JavaThread "Unknown thread" [_thread_in_vm, id=3108, stack(0x000000250ab00000,0x000000250ac00000)]

Stack: [0x000000250ab00000,0x000000250ac00000]
Native frames: (J=compiled Java code, j=interpreted, Vv=VM code, C=native code)
V  [jvm.dll+0x687bb9]
V  [jvm.dll+0x84142a]
V  [jvm.dll+0x8430ae]
V  [jvm.dll+0x843713]
V  [jvm.dll+0x24a35f]
V  [jvm.dll+0x684989]
V  [jvm.dll+0x67923a]
V  [jvm.dll+0x30af0b]
V  [jvm.dll+0x3123b6]
V  [jvm.dll+0x361dfe]
V  [jvm.dll+0x36202f]
V  [jvm.dll+0x2e0d38]
V  [jvm.dll+0x2e1ca4]
V  [jvm.dll+0x811f21]
V  [jvm.dll+0x36fb68]
V  [jvm.dll+0x7f0896]
V  [jvm.dll+0x3f3d2f]
V  [jvm.dll+0x3f58e1]
C  [jli.dll+0x528f]
C  [ucrtbase.dll+0x21bb2]
C  [KERNEL32.DLL+0x17374]
C  [ntdll.dll+0x4cc91]


---------------  P R O C E S S  ---------------

Threads class SMR info:
_java_thread_list=0x00007ffd2f6aefd8, length=0, elements={
}

Java Threads: ( => current thread )

Other Threads:
  0x0000020dd1f049a0 GCTaskThread "GC Thread#0" [stack: 0x000000250ac00000,0x000000250ad00000] [id=10080]
  0x0000020dd1f157c0 ConcurrentGCThread "G1 Main Marker" [stack: 0x000000250ad00000,0x000000250ae00000] [id=7136]
  0x0000020dd1f16980 ConcurrentGCThread "G1 Conc#0" [stack: 0x000000250ae00000,0x000000250af00000] [id=436]

[error occurred during error reporting (printing all threads), id 0xc0000005, EXCEPTION_ACCESS_VIOLATION (0xc0000005) at pc=0x00007ffd2ee61907]

VM state: not at safepoint (not fully initialized)

VM Mutex/Monitor currently owned by a thread:  ([mutex/lock_event])
[0x0000020dd1e8d130] Heap_lock - owner thread: 0x0000020dd1e91450

Heap address: 0x0000000701200000, size: 4078 MB, Compressed Oops mode: Zero based, Oop shift amount: 3

CDS archive(s) mapped at: [0x0000000000000000-0x0000000000000000-0x0000000000000000), size 0, SharedBaseAddress: 0x0000000800000000, ArchiveRelocationMode: 1.
Narrow klass base: 0x0000000000000000, Narrow klass shift: 0, Narrow klass range: 0x0

GC Precious Log:
<Empty>

Heap:
 garbage-first heap   total 0K, used 0K [0x0000000701200000, 0x0000000800000000)
  region size 2048K, 0 young (0K), 0 survivors (0K)
 Metaspace       used 0K, committed 0K, reserved 0K
  class space    used 0K, committed 0K, reserved 0K

Heap Regions: E=young(eden), S=young(survivor), O=old, HS=humongous(starts), HC=humongous(continues), CS=collection set, F=free, OA=open archive, CA=closed archive, TAMS=top-at-mark-start (previous, next)

Card table byte_map: [0x0000020de50d0000,0x0000020de58d0000] _byte_map_base: 0x0000020de18c7000

Marking Bits (Prev, Next): (CMBitMap*) 0x0000020dd1f04fc0, (CMBitMap*) 0x0000020dd1f05000
 Prev Bits: [0x0000020de60d0000, 0x0000020dea088000)
 Next Bits: [0x0000020dea090000, 0x0000020dee048000)

GC Heap History (0 events):
No events

Dll operation events (1 events):
Event: 0.005 Loaded shared library C:\Program Files\Android\Android Studio\jbr\bin\java.dll

Deoptimization events (0 events):
No events

Classes unloaded (0 events):
No events

Classes redefined (0 events):
No events

Internal exceptions (0 events):
No events

VM Operations (0 events):
No events

Events (0 events):
No events


Dynamic libraries:
0x00007ff66ca30000 - 0x00007ff66ca3a000 	C:\Program Files\Android\Android Studio\jbr\bin\java.exe
0x00007ffd91cd0000 - 0x00007ffd91ec8000 	C:\WINDOWS\SYSTEM32\ntdll.dll
0x00007ffd91200000 - 0x00007ffd912c1000 	C:\WINDOWS\System32\KERNEL32.DLL
0x00007ffd8fa00000 - 0x00007ffd8fcfd000 	C:\WINDOWS\System32\KERNELBASE.dll
0x00007ffd8f650000 - 0x00007ffd8f750000 	C:\WINDOWS\System32\ucrtbase.dll
0x00007ffd88d00000 - 0x00007ffd88d17000 	C:\Program Files\Android\Android Studio\jbr\bin\jli.dll
0x00007ffd6efe0000 - 0x00007ffd6effb000 	C:\Program Files\Android\Android Studio\jbr\bin\VCRUNTIME140.dll
0x00007ffd8fe20000 - 0x00007ffd8ffbd000 	C:\WINDOWS\System32\USER32.dll
0x00007ffd8f750000 - 0x00007ffd8f772000 	C:\WINDOWS\System32\win32u.dll
0x00007ffd7aed0000 - 0x00007ffd7b16a000 	C:\WINDOWS\WinSxS\amd64_microsoft.windows.common-controls_6595b64144ccf1df_6.0.19041.4355_none_60b8b9eb71f62e16\COMCTL32.dll
0x00007ffd90a70000 - 0x00007ffd90a9b000 	C:\WINDOWS\System32\GDI32.dll
0x00007ffd912d0000 - 0x00007ffd9136e000 	C:\WINDOWS\System32\msvcrt.dll
0x00007ffd8f7b0000 - 0x00007ffd8f8c7000 	C:\WINDOWS\System32\gdi32full.dll
0x00007ffd8f960000 - 0x00007ffd8f9fd000 	C:\WINDOWS\System32\msvcp_win.dll
0x00007ffd90070000 - 0x00007ffd9009f000 	C:\WINDOWS\System32\IMM32.DLL
0x00007ffd71af0000 - 0x00007ffd71afc000 	C:\Program Files\Android\Android Studio\jbr\bin\vcruntime140_1.dll
0x00007ffd15430000 - 0x00007ffd154bd000 	C:\Program Files\Android\Android Studio\jbr\bin\msvcp140.dll
0x00007ffd2eb70000 - 0x00007ffd2f7f3000 	C:\Program Files\Android\Android Studio\jbr\bin\server\jvm.dll
0x00007ffd90fb0000 - 0x00007ffd91060000 	C:\WINDOWS\System32\ADVAPI32.dll
0x00007ffd8fd60000 - 0x00007ffd8fe00000 	C:\WINDOWS\System32\sechost.dll
0x00007ffd91060000 - 0x00007ffd91183000 	C:\WINDOWS\System32\RPCRT4.dll
0x00007ffd8f780000 - 0x00007ffd8f7a7000 	C:\WINDOWS\System32\bcrypt.dll
0x00007ffd8ee00000 - 0x00007ffd8ee4b000 	C:\WINDOWS\SYSTEM32\POWRPROF.dll
0x00007ffd38430000 - 0x00007ffd38439000 	C:\WINDOWS\SYSTEM32\WSOCK32.dll
0x00007ffd85fc0000 - 0x00007ffd85fe7000 	C:\WINDOWS\SYSTEM32\WINMM.dll
0x00007ffd88f10000 - 0x00007ffd88f1a000 	C:\WINDOWS\SYSTEM32\VERSION.dll
0x00007ffd91190000 - 0x00007ffd911fb000 	C:\WINDOWS\System32\WS2_32.dll
0x00007ffd8ede0000 - 0x00007ffd8edf2000 	C:\WINDOWS\SYSTEM32\UMPDC.dll
0x00007ffd8d220000 - 0x00007ffd8d232000 	C:\WINDOWS\SYSTEM32\kernel.appcore.dll
0x00007ffd306e0000 - 0x00007ffd306ea000 	C:\Program Files\Android\Android Studio\jbr\bin\jimage.dll
0x00007ffd89290000 - 0x00007ffd89474000 	C:\WINDOWS\SYSTEM32\DBGHELP.DLL
0x00007ffd7f080000 - 0x00007ffd7f0b4000 	C:\WINDOWS\SYSTEM32\dbgcore.DLL
0x00007ffd8f8d0000 - 0x00007ffd8f952000 	C:\WINDOWS\System32\bcryptPrimitives.dll
0x00007ffd2f980000 - 0x00007ffd2f9a5000 	C:\Program Files\Android\Android Studio\jbr\bin\java.dll

dbghelp: loaded successfully - version: 4.0.5 - missing functions: none
symbol engine: initialized successfully - sym options: 0x614 - pdb path: .;C:\Program Files\Android\Android Studio\jbr\bin;C:\WINDOWS\SYSTEM32;C:\WINDOWS\WinSxS\amd64_microsoft.windows.common-controls_6595b64144ccf1df_6.0.19041.4355_none_60b8b9eb71f62e16;C:\Program Files\Android\Android Studio\jbr\bin\server

VM Arguments:
jvm_args: -Dorg.gradle.appname=gradlew 
java_command: org.gradle.wrapper.GradleWrapperMain -q -Ptarget-platform=android-x64 -Ptarget=D:\DOCUMENTOS\PROJETO_FLUTTER\dmega\lib\main.dart -Pbase-application-name=android.app.Application -Pdart-obfuscation=false -Ptrack-widget-creation=true -Ptree-shake-icons=false -Pfilesystem-scheme=org-dartlang-root assembleDebug
java_class_path (initial): D:\DOCUMENTOS\PROJETO_FLUTTER\dmega\android\\gradle\wrapper\gradle-wrapper.jar
Launcher Type: SUN_STANDARD

[Global flags]
     intx CICompilerCount                          = 4                                         {product} {ergonomic}
     uint ConcGCThreads                            = 3                                         {product} {ergonomic}
     uint G1ConcRefinementThreads                  = 10                                        {product} {ergonomic}
   size_t G1HeapRegionSize                         = 2097152                                   {product} {ergonomic}
    uintx GCDrainStackTargetSize                   = 64                                        {product} {ergonomic}
   size_t InitialHeapSize                          = 268435456                                 {product} {ergonomic}
   size_t MarkStackSize                            = 4194304                                   {product} {ergonomic}
   size_t MaxHeapSize                              = 4276092928                                {product} {ergonomic}
   size_t MinHeapDeltaBytes                        = 2097152                                   {product} {ergonomic}
   size_t MinHeapSize                              = 8388608                                   {product} {ergonomic}
    uintx NonNMethodCodeHeapSize                   = 5839372                                {pd product} {ergonomic}
    uintx NonProfiledCodeHeapSize                  = 122909434                              {pd product} {ergonomic}
    uintx ProfiledCodeHeapSize                     = 122909434                              {pd product} {ergonomic}
    uintx ReservedCodeCacheSize                    = 251658240                              {pd product} {ergonomic}
     bool SegmentedCodeCache                       = true                                      {product} {ergonomic}
   size_t SoftMaxHeapSize                          = 4276092928                             {manageable} {ergonomic}
     bool UseCompressedClassPointers               = true                           {product lp64_product} {ergonomic}
     bool UseCompressedOops                        = true                           {product lp64_product} {ergonomic}
     bool UseG1GC                                  = true                                      {product} {ergonomic}
     bool UseLargePagesIndividualAllocation        = false                                  {pd product} {ergonomic}

Logging:
Log output configuration:
 #0: stdout all=warning uptime,level,tags
 #1: stderr all=off uptime,level,tags

Environment Variables:
JAVA_HOME=C:\Program Files\Android\Android Studio\jbr
CLASSPATH=D:\DOCUMENTOS\PROJETO_FLUTTER\dmega\android\\gradle\wrapper\gradle-wrapper.jar
PATH=C:\Program Files\Android\Android Studio\jbr\bin;C:\WINDOWS\system32;C:\WINDOWS;C:\WINDOWS\System32\Wbem;C:\WINDOWS\System32\WindowsPowerShell\v1.0\;C:\WINDOWS\System32\OpenSSH\;C:\Program Files\Git\cmd;C:\Users\DAVID\AppData\Local\Microsoft\WindowsApps;C:\Users\DAVID\AppData\Local\Programs\Microsoft VS Code\bin;C:\src\flutter\bin;;C:\src\flutter\bin\mingit\cmd;C:\src\flutter\bin\mingit\cmd
USERNAME=DAVID
OS=Windows_NT
PROCESSOR_IDENTIFIER=AMD64 Family 23 Model 8 Stepping 2, AuthenticAMD
TMP=C:\Users\DAVID\AppData\Local\Temp
TEMP=C:\Users\DAVID\AppData\Local\Temp



Periodic native trim disabled

JNI global refs:
JNI global refs: 0, weak refs: 0

JNI global refs memory usage: 0, weak refs: 0

Process memory usage:
Resident Set Size: 10980K (0% of 16699980K total physical memory with 3441416K free physical memory)

OOME stack traces (most recent first):
Classloader memory used:


---------------  S Y S T E M  ---------------

OS:
 Windows 10 , 64 bit Build 19041 (10.0.19041.4842)
OS uptime: 0 days 0:54 hours

CPU: total 12 (initial active 12) (12 cores per cpu, 2 threads per core) family 23 model 8 stepping 2 microcode 0x0, cx8, cmov, fxsr, ht, mmx, 3dnowpref, sse, sse2, sse3, ssse3, sse4a, sse4.1, sse4.2, popcnt, lzcnt, tsc, tscinvbit, avx, avx2, aes, clmul, bmi1, bmi2, adx, sha, fma, vzeroupper, clflush, clflushopt
Processor Information for all 12 processors :
  Max Mhz: 3200, Current Mhz: 3200, Mhz Limit: 3200

Memory: 4k page, system-wide physical 16308M (3360M free)
TotalPageFile size 18356M (AvailPageFile size 221M)
current process WorkingSet (physical memory assigned to process): 10M, peak: 10M
current process commit charge ("private bytes"): 64M, peak: 320M

vm_info: OpenJDK 64-Bit Server VM (17.0.11+0--11852314) for windows-amd64 JRE (17.0.11+0--11852314), built on May 16 2024 21:29:20 by "androidbuild" with MS VC++ 16.10 / 16.11 (VS2019)

END.
