#
# There is insufficient memory for the Java Runtime Environment to continue.
# Native memory allocation (malloc) failed to allocate 2031216 bytes. Error detail: Chunk::new
# Possible reasons:
#   The system is out of physical RAM or swap space
#   This process is running with CompressedOops enabled, and the Java Heap may be blocking the growth of the native heap
# Possible solutions:
#   Reduce memory load on the system
#   Increase physical memory or swap space
#   Check if swap backing store is full
#   Decrease Java heap size (-Xmx/-Xms)
#   Decrease number of Java threads
#   Decrease Java thread stack sizes (-Xss)
#   Set larger code cache with -XX:ReservedCodeCacheSize=
#   JVM is running with Zero Based Compressed Oops mode in which the Java heap is
#     placed in the first 32GB address space. The Java Heap base address is the
#     maximum limit for the native heap growth. Please use -XX:HeapBaseMinAddress
#     to set the Java Heap base and to place the Java Heap above 32GB virtual address.
# This output file may be truncated or incomplete.
#
#  Out of Memory Error (arena.cpp:191), pid=13068, tid=268
#
# JRE version: OpenJDK Runtime Environment (17.0.11) (build 17.0.11+0--11852314)
# Java VM: OpenJDK 64-Bit Server VM (17.0.11+0--11852314, mixed mode, tiered, compressed oops, compressed class ptrs, g1 gc, windows-amd64)
# No core dump will be written. Minidumps are not enabled by default on client versions of Windows
#

---------------  S U M M A R Y ------------

Command Line: -XX:MaxMetaspaceSize=2G -XX:+HeapDumpOnOutOfMemoryError --add-opens=java.base/java.util=ALL-UNNAMED --add-opens=java.base/java.lang=ALL-UNNAMED --add-opens=java.base/java.lang.invoke=ALL-UNNAMED --add-opens=java.prefs/java.util.prefs=ALL-UNNAMED --add-opens=java.base/java.nio.charset=ALL-UNNAMED --add-opens=java.base/java.net=ALL-UNNAMED --add-opens=java.base/java.util.concurrent.atomic=ALL-UNNAMED -Xmx4G -Dfile.encoding=windows-1252 -Duser.country=BR -Duser.language=pt -Duser.variant org.gradle.launcher.daemon.bootstrap.GradleDaemon 7.6.3

Host: AMD Ryzen 5 1600 Six-Core Processor            , 12 cores, 15G,  Windows 10 , 64 bit Build 19041 (10.0.19041.4842)
Time: Wed Oct  2 23:17:59 2024 Hora oficial do Brasil elapsed time: 2985.361929 seconds (0d 0h 49m 45s)

---------------  T H R E A D  ---------------

Current thread (0x000001e35344afa0):  JavaThread "C2 CompilerThread0" daemon [_thread_in_native, id=268, stack(0x000000bca4600000,0x000000bca4700000)]


Current CompileTask:
C2:2985362 22615       4       com.google.common.reflect.TypeResolver::resolveType (74 bytes)

Stack: [0x000000bca4600000,0x000000bca4700000]
Native frames: (J=compiled Java code, j=interpreted, Vv=VM code, C=native code)
V  [jvm.dll+0x687bb9]
V  [jvm.dll+0x84142a]
V  [jvm.dll+0x8430ae]
V  [jvm.dll+0x843713]
V  [jvm.dll+0x24a35f]
V  [jvm.dll+0xac544]
V  [jvm.dll+0xacb8c]
V  [jvm.dll+0x369be2]
V  [jvm.dll+0x33416a]
V  [jvm.dll+0x33360a]
V  [jvm.dll+0x21bed1]
V  [jvm.dll+0x21b311]
V  [jvm.dll+0x1a63ed]
V  [jvm.dll+0x22b1ee]
V  [jvm.dll+0x229375]
V  [jvm.dll+0x7f5647]
V  [jvm.dll+0x7efa4a]
V  [jvm.dll+0x686a35]
C  [ucrtbase.dll+0x21bb2]
C  [KERNEL32.DLL+0x17374]
C  [ntdll.dll+0x4cc91]


---------------  P R O C E S S  ---------------

Threads class SMR info:
_java_thread_list=0x000001e36427cb80, length=83, elements={
0x000001e33437f8d0, 0x000001e3533cac40, 0x000001e3533cb9d0, 0x000001e353418690,
0x000001e35341bf80, 0x000001e353449410, 0x000001e353449ce0, 0x000001e35344afa0,
0x000001e35344ee60, 0x000001e353459790, 0x000001e3535e30d0, 0x000001e3535e39c0,
0x000001e35999b2e0, 0x000001e359b23e70, 0x000001e358f52d50, 0x000001e359c6b820,
0x000001e359c694b0, 0x000001e359c699c0, 0x000001e359c6b310, 0x000001e359c69ed0,
0x000001e35a2e1800, 0x000001e35a2e7d40, 0x000001e35a2e59d0, 0x000001e35a2e3150,
0x000001e35a2e2220, 0x000001e35a2e12f0, 0x000001e35a2e2c40, 0x000001e35a2e4aa0,
0x000001e35c39b700, 0x000001e35c39eeb0, 0x000001e35c39cb40, 0x000001e35c3a1730,
0x000001e35c39d050, 0x000001e35c39ace0, 0x000001e35c39c630, 0x000001e35c39d560,
0x000001e363da1a10, 0x000001e363da2940, 0x000001e35ccbf8e0, 0x000001e35ccc1740,
0x000001e35ccc0300, 0x000001e35ccc2670, 0x000001e35ccc0d20, 0x000001e35ccbeec0,
0x000001e359d298f0, 0x000001e359d27070, 0x000001e359d29e00, 0x000001e359d2cb90,
0x000001e359d2d0a0, 0x000001e359d2b240, 0x000001e359d27a90, 0x000001e359d27fa0,
0x000001e359d2a820, 0x000001e359d2d5b0, 0x000001e359d2c680, 0x000001e359d2ad30,
0x000001e359d2b750, 0x000001e359d284b0, 0x000001e35a87dfc0, 0x000001e359d2dac0,
0x000001e359d2dfd0, 0x000001e359d2e4e0, 0x000001e359d2e9f0, 0x000001e359d2ef00,
0x000001e359d2f410, 0x000001e359d2f920, 0x000001e359d2fe30, 0x000001e359d289c0,
0x000001e359d30340, 0x000001e359d28ed0, 0x000001e359d34000, 0x000001e359d35950,
0x000001e35a87ffa0, 0x000001e359d30850, 0x000001e359d36880, 0x000001e359d31270,
0x000001e359d30d60, 0x000001e359d31780, 0x000001e359d34510, 0x000001e359d35e60,
0x000001e359d31c90, 0x000001e359d36370, 0x000001e359d321a0
}

Java Threads: ( => current thread )
  0x000001e33437f8d0 JavaThread "main" [_thread_blocked, id=13160, stack(0x000000bca3900000,0x000000bca3a00000)]
  0x000001e3533cac40 JavaThread "Reference Handler" daemon [_thread_blocked, id=12108, stack(0x000000bca4000000,0x000000bca4100000)]
  0x000001e3533cb9d0 JavaThread "Finalizer" daemon [_thread_blocked, id=10248, stack(0x000000bca4100000,0x000000bca4200000)]
  0x000001e353418690 JavaThread "Signal Dispatcher" daemon [_thread_blocked, id=8100, stack(0x000000bca4200000,0x000000bca4300000)]
  0x000001e35341bf80 JavaThread "Attach Listener" daemon [_thread_blocked, id=6620, stack(0x000000bca4300000,0x000000bca4400000)]
  0x000001e353449410 JavaThread "Service Thread" daemon [_thread_blocked, id=980, stack(0x000000bca4400000,0x000000bca4500000)]
  0x000001e353449ce0 JavaThread "Monitor Deflation Thread" daemon [_thread_blocked, id=8132, stack(0x000000bca4500000,0x000000bca4600000)]
=>0x000001e35344afa0 JavaThread "C2 CompilerThread0" daemon [_thread_in_native, id=268, stack(0x000000bca4600000,0x000000bca4700000)]
  0x000001e35344ee60 JavaThread "C1 CompilerThread0" daemon [_thread_blocked, id=12016, stack(0x000000bca4700000,0x000000bca4800000)]
  0x000001e353459790 JavaThread "Sweeper thread" daemon [_thread_blocked, id=10172, stack(0x000000bca4800000,0x000000bca4900000)]
  0x000001e3535e30d0 JavaThread "Common-Cleaner" daemon [_thread_blocked, id=12300, stack(0x000000bca4900000,0x000000bca4a00000)]
  0x000001e3535e39c0 JavaThread "Notification Thread" daemon [_thread_blocked, id=6448, stack(0x000000bca4a00000,0x000000bca4b00000)]
  0x000001e35999b2e0 JavaThread "Daemon health stats" [_thread_blocked, id=6968, stack(0x000000bca5300000,0x000000bca5400000)]
  0x000001e359b23e70 JavaThread "Incoming local TCP Connector on port 52440" [_thread_in_native, id=7568, stack(0x000000bca5400000,0x000000bca5500000)]
  0x000001e358f52d50 JavaThread "Daemon periodic checks" [_thread_blocked, id=4728, stack(0x000000bca5500000,0x000000bca5600000)]
  0x000001e359c6b820 JavaThread "Cache worker for journal cache (C:\Users\DAVID\.gradle\caches\journal-1)" [_thread_blocked, id=4040, stack(0x000000bca5d00000,0x000000bca5e00000)]
  0x000001e359c694b0 JavaThread "File lock request listener" [_thread_in_native, id=2980, stack(0x000000bca5e00000,0x000000bca5f00000)]
  0x000001e359c699c0 JavaThread "Cache worker for file hash cache (C:\Users\DAVID\.gradle\caches\7.6.3\fileHashes)" [_thread_blocked, id=7832, stack(0x000000bca6400000,0x000000bca6500000)]
  0x000001e359c6b310 JavaThread "File watcher server" daemon [_thread_in_native, id=8116, stack(0x000000bca4c00000,0x000000bca4d00000)]
  0x000001e359c69ed0 JavaThread "File watcher consumer" daemon [_thread_blocked, id=7264, stack(0x000000bca6500000,0x000000bca6600000)]
  0x000001e35a2e1800 JavaThread "Cache worker for file content cache (C:\Users\DAVID\.gradle\caches\7.6.3\fileContent)" [_thread_blocked, id=10388, stack(0x000000bca6900000,0x000000bca6a00000)]
  0x000001e35a2e7d40 JavaThread "Cache worker for execution history cache (C:\Users\DAVID\.gradle\caches\7.6.3\executionHistory)" [_thread_blocked, id=11404, stack(0x000000bca6c00000,0x000000bca6d00000)]
  0x000001e35a2e59d0 JavaThread "jar transforms" [_thread_blocked, id=9608, stack(0x000000bca6e00000,0x000000bca6f00000)]
  0x000001e35a2e3150 JavaThread "Cache worker for kotlin-dsl (C:\Users\DAVID\.gradle\caches\7.6.3\kotlin-dsl)" [_thread_blocked, id=6512, stack(0x000000bca6f00000,0x000000bca7000000)]
  0x000001e35a2e2220 JavaThread "jar transforms Thread 2" [_thread_blocked, id=3824, stack(0x000000bca7000000,0x000000bca7100000)]
  0x000001e35a2e12f0 JavaThread "jar transforms Thread 3" [_thread_blocked, id=7856, stack(0x000000bca7300000,0x000000bca7400000)]
  0x000001e35a2e2c40 JavaThread "Memory manager" [_thread_blocked, id=10536, stack(0x000000bca7400000,0x000000bca7500000)]
  0x000001e35a2e4aa0 JavaThread "jar transforms Thread 4" [_thread_blocked, id=2956, stack(0x000000bca6d00000,0x000000bca6e00000)]
  0x000001e35c39b700 JavaThread "jar transforms Thread 5" [_thread_blocked, id=6396, stack(0x000000bcafb00000,0x000000bcafc00000)]
  0x000001e35c39eeb0 JavaThread "jar transforms Thread 6" [_thread_blocked, id=3972, stack(0x000000bcafc00000,0x000000bcafd00000)]
  0x000001e35c39cb40 JavaThread "jar transforms Thread 7" [_thread_blocked, id=4736, stack(0x000000bcafd00000,0x000000bcafe00000)]
  0x000001e35c3a1730 JavaThread "jar transforms Thread 8" [_thread_blocked, id=1252, stack(0x000000bcafe00000,0x000000bcaff00000)]
  0x000001e35c39d050 JavaThread "jar transforms Thread 9" [_thread_blocked, id=11896, stack(0x000000bcaff00000,0x000000bcb0000000)]
  0x000001e35c39ace0 JavaThread "jar transforms Thread 10" [_thread_blocked, id=6788, stack(0x000000bcb0000000,0x000000bcb0100000)]
  0x000001e35c39c630 JavaThread "jar transforms Thread 11" [_thread_blocked, id=3096, stack(0x000000bcb0100000,0x000000bcb0200000)]
  0x000001e35c39d560 JavaThread "jar transforms Thread 12" [_thread_blocked, id=660, stack(0x000000bcb0200000,0x000000bcb0300000)]
  0x000001e363da1a10 JavaThread "RMI Scheduler(0)" daemon [_thread_blocked, id=5108, stack(0x000000bcb0d00000,0x000000bcb0e00000)]
  0x000001e363da2940 JavaThread "RMI GC Daemon" daemon [_thread_blocked, id=796, stack(0x000000bcb0f00000,0x000000bcb1000000)]
  0x000001e35ccbf8e0 JavaThread "RMI TCP Accept-0" daemon [_thread_in_native, id=8676, stack(0x000000bcb1100000,0x000000bcb1200000)]
  0x000001e35ccc1740 JavaThread "RMI Reaper" [_thread_blocked, id=1724, stack(0x000000bcb1200000,0x000000bcb1300000)]
  0x000001e35ccc0300 JavaThread "ForkJoinPool.commonPool-worker-1" daemon [_thread_blocked, id=5240, stack(0x000000bcb1600000,0x000000bcb1700000)]
  0x000001e35ccc2670 JavaThread "ForkJoinPool.commonPool-worker-2" daemon [_thread_blocked, id=664, stack(0x000000bcb1500000,0x000000bcb1600000)]
  0x000001e35ccc0d20 JavaThread "ForkJoinPool.commonPool-worker-4" daemon [_thread_blocked, id=14652, stack(0x000000bcb1800000,0x000000bcb1900000)]
  0x000001e35ccbeec0 JavaThread "ForkJoinPool.commonPool-worker-5" daemon [_thread_blocked, id=8060, stack(0x000000bcb1900000,0x000000bcb1a00000)]
  0x000001e359d298f0 JavaThread "ForkJoinPool.commonPool-worker-13" daemon [_thread_blocked, id=4648, stack(0x000000bcb1000000,0x000000bcb1100000)]
  0x000001e359d27070 JavaThread "Daemon Thread 4" [_thread_blocked, id=10156, stack(0x000000bca3600000,0x000000bca3700000)]
  0x000001e359d29e00 JavaThread "Handler for socket connection from /127.0.0.1:52440 to /127.0.0.1:57210" [_thread_in_native, id=14760, stack(0x000000bca3700000,0x000000bca3800000)]
  0x000001e359d2cb90 JavaThread "Cancel handler" [_thread_blocked, id=11268, stack(0x000000bca3800000,0x000000bca3900000)]
  0x000001e359d2d0a0 JavaThread "Daemon worker Thread 4" [_thread_in_native, id=3208, stack(0x000000bca5600000,0x000000bca5700000)]
  0x000001e359d2b240 JavaThread "Asynchronous log dispatcher for DefaultDaemonConnection: socket connection from /127.0.0.1:52440 to /127.0.0.1:57210" [_thread_in_Java, id=15060, stack(0x000000bca5700000,0x000000bca5800000)]
  0x000001e359d27a90 JavaThread "Stdin handler" [_thread_blocked, id=8032, stack(0x000000bca5800000,0x000000bca5900000)]
  0x000001e359d27fa0 JavaThread "Daemon client event forwarder" [_thread_blocked, id=1144, stack(0x000000bca5900000,0x000000bca5a00000)]
  0x000001e359d2a820 JavaThread "Cache worker for checksums cache (D:\DOCUMENTOS\PROJETO_FLUTTER\dmega\android\.gradle\7.6.3\checksums)" [_thread_blocked, id=14136, stack(0x000000bca5a00000,0x000000bca5b00000)]
  0x000001e359d2d5b0 JavaThread "Cache worker for cache directory md-rule (C:\Users\DAVID\.gradle\caches\7.6.3\md-rule)" [_thread_blocked, id=15128, stack(0x000000bca5b00000,0x000000bca5c00000)]
  0x000001e359d2c680 JavaThread "Cache worker for file hash cache (D:\DOCUMENTOS\PROJETO_FLUTTER\dmega\android\.gradle\7.6.3\fileHashes)" [_thread_blocked, id=5020, stack(0x000000bca5c00000,0x000000bca5d00000)]
  0x000001e359d2ad30 JavaThread "Cache worker for cache directory md-supplier (C:\Users\DAVID\.gradle\caches\7.6.3\md-supplier)" [_thread_blocked, id=12304, stack(0x000000bca6600000,0x000000bca6700000)]
  0x000001e359d2b750 JavaThread "Cache worker for dependencies-accessors (D:\DOCUMENTOS\PROJETO_FLUTTER\dmega\android\.gradle\7.6.3\dependencies-accessors)" [_thread_blocked, id=14944, stack(0x000000bca6700000,0x000000bca6800000)]
  0x000001e359d284b0 JavaThread "Cache worker for Build Output Cleanup Cache (C:\src\flutter\packages\flutter_tools\gradle\.gradle\buildOutputCleanup)" [_thread_blocked, id=15052, stack(0x000000bca6800000,0x000000bca6900000)]
  0x000001e35a87dfc0 JavaThread "C2 CompilerThread1" daemon [_thread_blocked, id=8972, stack(0x000000bca6a00000,0x000000bca6b00000)]
  0x000001e359d2dac0 JavaThread "included builds" [_thread_blocked, id=14656, stack(0x000000bca6b00000,0x000000bca6c00000)]
  0x000001e359d2dfd0 JavaThread "Execution worker" [_thread_blocked, id=6256, stack(0x000000bca7100000,0x000000bca7200000)]
  0x000001e359d2e4e0 JavaThread "Execution worker Thread 2" [_thread_blocked, id=3520, stack(0x000000bca7200000,0x000000bca7300000)]
  0x000001e359d2e9f0 JavaThread "Execution worker Thread 3" [_thread_blocked, id=11824, stack(0x000000bca7500000,0x000000bca7600000)]
  0x000001e359d2ef00 JavaThread "Execution worker Thread 4" [_thread_blocked, id=14672, stack(0x000000bca7600000,0x000000bca7700000)]
  0x000001e359d2f410 JavaThread "Execution worker Thread 5" [_thread_blocked, id=2264, stack(0x000000bca7700000,0x000000bca7800000)]
  0x000001e359d2f920 JavaThread "Execution worker Thread 6" [_thread_blocked, id=15108, stack(0x000000bca7800000,0x000000bca7900000)]
  0x000001e359d2fe30 JavaThread "Execution worker Thread 7" [_thread_blocked, id=14244, stack(0x000000bca7900000,0x000000bca7a00000)]
  0x000001e359d289c0 JavaThread "Execution worker Thread 8" [_thread_blocked, id=11764, stack(0x000000bca7a00000,0x000000bca7b00000)]
  0x000001e359d30340 JavaThread "Execution worker Thread 9" [_thread_blocked, id=9164, stack(0x000000bca7b00000,0x000000bca7c00000)]
  0x000001e359d28ed0 JavaThread "Execution worker Thread 10" [_thread_blocked, id=15248, stack(0x000000bca7c00000,0x000000bca7d00000)]
  0x000001e359d34000 JavaThread "Execution worker Thread 11" [_thread_blocked, id=2612, stack(0x000000bca7d00000,0x000000bca7e00000)]
  0x000001e359d35950 JavaThread "Cache worker for execution history cache (C:\src\flutter\packages\flutter_tools\gradle\.gradle\7.6.3\executionHistory)" [_thread_blocked, id=9924, stack(0x000000bca7e00000,0x000000bca7f00000)]
  0x000001e35a87ffa0 JavaThread "C2 CompilerThread2" daemon [_thread_in_native, id=14732, stack(0x000000bca7f00000,0x000000bca8000000)]
  0x000001e359d30850 JavaThread "Unconstrained build operations" [_thread_blocked, id=8308, stack(0x000000bca8000000,0x000000bca8100000)]
  0x000001e359d36880 JavaThread "Unconstrained build operations Thread 2" [_thread_blocked, id=9628, stack(0x000000bca8100000,0x000000bca8200000)]
  0x000001e359d31270 JavaThread "Unconstrained build operations Thread 3" [_thread_blocked, id=13260, stack(0x000000bca8200000,0x000000bca8300000)]
  0x000001e359d30d60 JavaThread "Unconstrained build operations Thread 4" [_thread_blocked, id=5812, stack(0x000000bca8300000,0x000000bca8400000)]
  0x000001e359d31780 JavaThread "Unconstrained build operations Thread 5" [_thread_blocked, id=13756, stack(0x000000bca8400000,0x000000bca8500000)]
  0x000001e359d34510 JavaThread "Unconstrained build operations Thread 6" [_thread_blocked, id=9052, stack(0x000000bca8500000,0x000000bca8600000)]
  0x000001e359d35e60 JavaThread "Unconstrained build operations Thread 7" [_thread_blocked, id=14000, stack(0x000000bca8600000,0x000000bca8700000)]
  0x000001e359d31c90 JavaThread "Unconstrained build operations Thread 8" [_thread_blocked, id=5744, stack(0x000000bca8700000,0x000000bca8800000)]
  0x000001e359d36370 JavaThread "Unconstrained build operations Thread 9" [_thread_blocked, id=15056, stack(0x000000bca8800000,0x000000bca8900000)]
  0x000001e359d321a0 JavaThread "Unconstrained build operations Thread 10" [_thread_blocked, id=11836, stack(0x000000bca8900000,0x000000bca8a00000)]

Other Threads:
  0x000001e3533c8110 VMThread "VM Thread" [stack: 0x000000bca3f00000,0x000000bca4000000] [id=11424]
  0x000001e3535d2db0 WatcherThread [stack: 0x000000bca4b00000,0x000000bca4c00000] [id=13048]
  0x000001e3343ee800 GCTaskThread "GC Thread#0" [stack: 0x000000bca3a00000,0x000000bca3b00000] [id=6320]
  0x000001e35866f320 GCTaskThread "GC Thread#1" [stack: 0x000000bca4e00000,0x000000bca4f00000] [id=2708]
  0x000001e358a9a110 GCTaskThread "GC Thread#2" [stack: 0x000000bca4f00000,0x000000bca5000000] [id=5476]
  0x000001e3589d2710 GCTaskThread "GC Thread#3" [stack: 0x000000bca5000000,0x000000bca5100000] [id=2396]
  0x000001e3589403b0 GCTaskThread "GC Thread#4" [stack: 0x000000bca5100000,0x000000bca5200000] [id=11812]
  0x000001e358940670 GCTaskThread "GC Thread#5" [stack: 0x000000bca5200000,0x000000bca5300000] [id=8140]
  0x000001e359e54670 GCTaskThread "GC Thread#6" [stack: 0x000000bca4d00000,0x000000bca4e00000] [id=2408]
  0x000001e358e629a0 GCTaskThread "GC Thread#7" [stack: 0x000000bca5f00000,0x000000bca6000000] [id=8024]
  0x000001e358f29310 GCTaskThread "GC Thread#8" [stack: 0x000000bca6000000,0x000000bca6100000] [id=13232]
  0x000001e358f295d0 GCTaskThread "GC Thread#9" [stack: 0x000000bca6100000,0x000000bca6200000] [id=11400]
  0x000001e3343ff660 ConcurrentGCThread "G1 Main Marker" [stack: 0x000000bca3b00000,0x000000bca3c00000] [id=12296]
  0x000001e334400730 ConcurrentGCThread "G1 Conc#0" [stack: 0x000000bca3c00000,0x000000bca3d00000] [id=3556]
  0x000001e359aa8600 ConcurrentGCThread "G1 Conc#1" [stack: 0x000000bca6200000,0x000000bca6300000] [id=1444]
  0x000001e359852120 ConcurrentGCThread "G1 Conc#2" [stack: 0x000000bca6300000,0x000000bca6400000] [id=4600]
  0x000001e33443e0d0 ConcurrentGCThread "G1 Refine#0" [stack: 0x000000bca3d00000,0x000000bca3e00000] [id=2416]
  0x000001e35b0636f0 ConcurrentGCThread "G1 Refine#1" [stack: 0x000000bcb0400000,0x000000bcb0500000] [id=8380]
  0x000001e359aebb10 ConcurrentGCThread "G1 Refine#2" [stack: 0x000000bcaf900000,0x000000bcafa00000] [id=14080]
  0x000001e359aee430 ConcurrentGCThread "G1 Refine#3" [stack: 0x000000bcafa00000,0x000000bcafb00000] [id=9988]
  0x000001e359aeb240 ConcurrentGCThread "G1 Refine#4" [stack: 0x000000bcb0300000,0x000000bcb0400000] [id=9060]
  0x000001e359aee720 ConcurrentGCThread "G1 Refine#5" [stack: 0x000000bcb0500000,0x000000bcb0600000] [id=1740]
  0x000001e359aee140 ConcurrentGCThread "G1 Refine#6" [stack: 0x000000bcb0600000,0x000000bcb0700000] [id=14404]
  0x000001e33443ea10 ConcurrentGCThread "G1 Service" [stack: 0x000000bca3e00000,0x000000bca3f00000] [id=1532]

Threads with active compile tasks:
C2 CompilerThread0  2985402 22615       4       com.google.common.reflect.TypeResolver::resolveType (74 bytes)

VM state: not at safepoint (normal execution)

VM Mutex/Monitor currently owned by a thread: None

Heap address: 0x0000000700000000, size: 4096 MB, Compressed Oops mode: Zero based, Oop shift amount: 3

CDS archive(s) not mapped
Compressed class space mapped at: 0x0000000800000000-0x0000000840000000, reserved size: 1073741824
Narrow klass base: 0x0000000800000000, Narrow klass shift: 0, Narrow klass range: 0x40000000

GC Precious Log:
 CPUs: 12 total, 12 available
 Memory: 16308M
 Large Page Support: Disabled
 NUMA Support: Disabled
 Compressed Oops: Enabled (Zero based)
 Heap Region Size: 2M
 Heap Min Capacity: 8M
 Heap Initial Capacity: 256M
 Heap Max Capacity: 4G
 Pre-touch: Disabled
 Parallel Workers: 10
 Concurrent Workers: 3
 Concurrent Refinement Workers: 10
 Periodic GC: Disabled

Heap:
 garbage-first heap   total 593920K, used 264685K [0x0000000700000000, 0x0000000800000000)
  region size 2048K, 7 young (14336K), 2 survivors (4096K)
 Metaspace       used 118339K, committed 120000K, reserved 1179648K
  class space    used 16145K, committed 16896K, reserved 1048576K

Heap Regions: E=young(eden), S=young(survivor), O=old, HS=humongous(starts), HC=humongous(continues), CS=collection set, F=free, OA=open archive, CA=closed archive, TAMS=top-at-mark-start (previous, next)
|   0|0x0000000700000000, 0x0000000700200000, 0x0000000700200000|100%|HS|  |TAMS 0x0000000700200000, 0x0000000700000000| Complete 
|   1|0x0000000700200000, 0x0000000700400000, 0x0000000700400000|100%|HC|  |TAMS 0x0000000700400000, 0x0000000700200000| Complete 
|   2|0x0000000700400000, 0x0000000700600000, 0x0000000700600000|100%| O|  |TAMS 0x0000000700600000, 0x0000000700400000| Untracked 
|   3|0x0000000700600000, 0x0000000700800000, 0x0000000700800000|100%| O|  |TAMS 0x0000000700800000, 0x0000000700600000| Untracked 
|   4|0x0000000700800000, 0x00000007009c5800, 0x0000000700a00000| 88%| O|  |TAMS 0x00000007009c5800, 0x0000000700800000| Untracked 
|   5|0x0000000700a00000, 0x0000000700c00000, 0x0000000700c00000|100%| O|  |TAMS 0x0000000700c00000, 0x0000000700a00000| Untracked 
|   6|0x0000000700c00000, 0x0000000700e00000, 0x0000000700e00000|100%| O|  |TAMS 0x0000000700e00000, 0x0000000700c00000| Untracked 
|   7|0x0000000700e00000, 0x0000000701000000, 0x0000000701000000|100%| O|  |TAMS 0x0000000701000000, 0x0000000700e00000| Untracked 
|   8|0x0000000701000000, 0x0000000701200000, 0x0000000701200000|100%| O|  |TAMS 0x0000000701200000, 0x0000000701000000| Untracked 
|   9|0x0000000701200000, 0x0000000701400000, 0x0000000701400000|100%| O|  |TAMS 0x0000000701400000, 0x0000000701200000| Untracked 
|  10|0x0000000701400000, 0x0000000701600000, 0x0000000701600000|100%| O|  |TAMS 0x0000000701600000, 0x0000000701400000| Untracked 
|  11|0x0000000701600000, 0x0000000701800000, 0x0000000701800000|100%| O|  |TAMS 0x0000000701800000, 0x0000000701600000| Untracked 
|  12|0x0000000701800000, 0x0000000701a00000, 0x0000000701a00000|100%| O|  |TAMS 0x0000000701a00000, 0x0000000701800000| Untracked 
|  13|0x0000000701a00000, 0x0000000701c00000, 0x0000000701c00000|100%| O|  |TAMS 0x0000000701c00000, 0x0000000701a00000| Untracked 
|  14|0x0000000701c00000, 0x0000000701e00000, 0x0000000701e00000|100%| O|  |TAMS 0x0000000701e00000, 0x0000000701c00000| Untracked 
|  15|0x0000000701e00000, 0x0000000702000000, 0x0000000702000000|100%| O|  |TAMS 0x0000000702000000, 0x0000000701e00000| Untracked 
|  16|0x0000000702000000, 0x0000000702200000, 0x0000000702200000|100%| O|  |TAMS 0x0000000702200000, 0x0000000702000000| Untracked 
|  17|0x0000000702200000, 0x0000000702400000, 0x0000000702400000|100%| O|  |TAMS 0x0000000702400000, 0x0000000702200000| Untracked 
|  18|0x0000000702400000, 0x0000000702600000, 0x0000000702600000|100%|HS|  |TAMS 0x0000000702600000, 0x0000000702400000| Complete 
|  19|0x0000000702600000, 0x0000000702800000, 0x0000000702800000|100%|HC|  |TAMS 0x0000000702800000, 0x0000000702600000| Complete 
|  20|0x0000000702800000, 0x0000000702a00000, 0x0000000702a00000|100%| O|  |TAMS 0x0000000702800000, 0x0000000702800000| Untracked 
|  21|0x0000000702a00000, 0x0000000702c00000, 0x0000000702c00000|100%| O|  |TAMS 0x0000000702c00000, 0x0000000702a00000| Untracked 
|  22|0x0000000702c00000, 0x0000000702e00000, 0x0000000702e00000|100%| O|  |TAMS 0x0000000702e00000, 0x0000000702c00000| Untracked 
|  23|0x0000000702e00000, 0x0000000703000000, 0x0000000703000000|100%|HS|  |TAMS 0x0000000703000000, 0x0000000702e00000| Complete 
|  24|0x0000000703000000, 0x0000000703200000, 0x0000000703200000|100%| O|  |TAMS 0x0000000703200000, 0x0000000703000000| Untracked 
|  25|0x0000000703200000, 0x0000000703400000, 0x0000000703400000|100%| O|  |TAMS 0x0000000703400000, 0x0000000703200000| Untracked 
|  26|0x0000000703400000, 0x0000000703600000, 0x0000000703600000|100%| O|  |TAMS 0x0000000703600000, 0x0000000703400000| Untracked 
|  27|0x0000000703600000, 0x0000000703800000, 0x0000000703800000|100%| O|  |TAMS 0x0000000703800000, 0x0000000703600000| Untracked 
|  28|0x0000000703800000, 0x0000000703a00000, 0x0000000703a00000|100%| O|  |TAMS 0x0000000703a00000, 0x0000000703800000| Untracked 
|  29|0x0000000703a00000, 0x0000000703c00000, 0x0000000703c00000|100%| O|  |TAMS 0x0000000703c00000, 0x0000000703a00000| Untracked 
|  30|0x0000000703c00000, 0x0000000703e00000, 0x0000000703e00000|100%| O|  |TAMS 0x0000000703e00000, 0x0000000703c00000| Untracked 
|  31|0x0000000703e00000, 0x0000000704000000, 0x0000000704000000|100%| O|  |TAMS 0x0000000704000000, 0x0000000703e00000| Untracked 
|  32|0x0000000704000000, 0x0000000704200000, 0x0000000704200000|100%| O|  |TAMS 0x0000000704200000, 0x0000000704000000| Untracked 
|  33|0x0000000704200000, 0x0000000704400000, 0x0000000704400000|100%| O|  |TAMS 0x0000000704400000, 0x0000000704200000| Untracked 
|  34|0x0000000704400000, 0x0000000704600000, 0x0000000704600000|100%| O|  |TAMS 0x0000000704600000, 0x0000000704400000| Untracked 
|  35|0x0000000704600000, 0x0000000704800000, 0x0000000704800000|100%| O|  |TAMS 0x0000000704800000, 0x0000000704600000| Untracked 
|  36|0x0000000704800000, 0x0000000704a00000, 0x0000000704a00000|100%| O|  |TAMS 0x0000000704a00000, 0x0000000704800000| Untracked 
|  37|0x0000000704a00000, 0x0000000704c00000, 0x0000000704c00000|100%| O|  |TAMS 0x0000000704c00000, 0x0000000704a00000| Untracked 
|  38|0x0000000704c00000, 0x0000000704e00000, 0x0000000704e00000|100%| O|  |TAMS 0x0000000704e00000, 0x0000000704c00000| Untracked 
|  39|0x0000000704e00000, 0x0000000705000000, 0x0000000705000000|100%| O|  |TAMS 0x0000000705000000, 0x0000000704e00000| Untracked 
|  40|0x0000000705000000, 0x0000000705200000, 0x0000000705200000|100%| O|  |TAMS 0x0000000705200000, 0x0000000705000000| Untracked 
|  41|0x0000000705200000, 0x0000000705400000, 0x0000000705400000|100%| O|  |TAMS 0x0000000705400000, 0x0000000705200000| Untracked 
|  42|0x0000000705400000, 0x0000000705600000, 0x0000000705600000|100%| O|  |TAMS 0x0000000705600000, 0x0000000705400000| Untracked 
|  43|0x0000000705600000, 0x0000000705800000, 0x0000000705800000|100%| O|  |TAMS 0x0000000705800000, 0x0000000705600000| Untracked 
|  44|0x0000000705800000, 0x0000000705a00000, 0x0000000705a00000|100%| O|  |TAMS 0x0000000705a00000, 0x0000000705800000| Untracked 
|  45|0x0000000705a00000, 0x0000000705c00000, 0x0000000705c00000|100%| O|  |TAMS 0x0000000705c00000, 0x0000000705a00000| Untracked 
|  46|0x0000000705c00000, 0x0000000705e00000, 0x0000000705e00000|100%| O|  |TAMS 0x0000000705e00000, 0x0000000705c00000| Untracked 
|  47|0x0000000705e00000, 0x0000000706000000, 0x0000000706000000|100%|HS|  |TAMS 0x0000000706000000, 0x0000000705e00000| Complete 
|  48|0x0000000706000000, 0x0000000706200000, 0x0000000706200000|100%|HC|  |TAMS 0x0000000706200000, 0x0000000706000000| Complete 
|  49|0x0000000706200000, 0x0000000706400000, 0x0000000706400000|100%|HS|  |TAMS 0x0000000706400000, 0x0000000706200000| Complete 
|  50|0x0000000706400000, 0x0000000706600000, 0x0000000706600000|100%| O|  |TAMS 0x0000000706600000, 0x0000000706400000| Untracked 
|  51|0x0000000706600000, 0x0000000706800000, 0x0000000706800000|100%| O|  |TAMS 0x0000000706800000, 0x0000000706600000| Untracked 
|  52|0x0000000706800000, 0x0000000706a00000, 0x0000000706a00000|100%| O|  |TAMS 0x0000000706a00000, 0x0000000706800000| Untracked 
|  53|0x0000000706a00000, 0x0000000706c00000, 0x0000000706c00000|100%| O|  |TAMS 0x0000000706c00000, 0x0000000706a00000| Untracked 
|  54|0x0000000706c00000, 0x0000000706e00000, 0x0000000706e00000|100%| O|  |TAMS 0x0000000706e00000, 0x0000000706c00000| Untracked 
|  55|0x0000000706e00000, 0x0000000707000000, 0x0000000707000000|100%| O|  |TAMS 0x0000000706e00000, 0x0000000706e00000| Untracked 
|  56|0x0000000707000000, 0x0000000707200000, 0x0000000707200000|100%| O|  |TAMS 0x0000000707000000, 0x0000000707000000| Untracked 
|  57|0x0000000707200000, 0x0000000707400000, 0x0000000707400000|100%| O|  |TAMS 0x0000000707200000, 0x0000000707200000| Untracked 
|  58|0x0000000707400000, 0x0000000707600000, 0x0000000707600000|100%| O|  |TAMS 0x0000000707600000, 0x0000000707400000| Untracked 
|  59|0x0000000707600000, 0x0000000707800000, 0x0000000707800000|100%| O|  |TAMS 0x0000000707800000, 0x0000000707600000| Untracked 
|  60|0x0000000707800000, 0x0000000707a00000, 0x0000000707a00000|100%| O|  |TAMS 0x0000000707a00000, 0x0000000707800000| Untracked 
|  61|0x0000000707a00000, 0x0000000707c00000, 0x0000000707c00000|100%| O|  |TAMS 0x0000000707c00000, 0x0000000707a00000| Untracked 
|  62|0x0000000707c00000, 0x0000000707e00000, 0x0000000707e00000|100%| O|  |TAMS 0x0000000707e00000, 0x0000000707c00000| Untracked 
|  63|0x0000000707e00000, 0x0000000708000000, 0x0000000708000000|100%| O|  |TAMS 0x0000000707e00000, 0x0000000707e00000| Untracked 
|  64|0x0000000708000000, 0x0000000708200000, 0x0000000708200000|100%| O|  |TAMS 0x0000000708000000, 0x0000000708000000| Untracked 
|  65|0x0000000708200000, 0x0000000708400000, 0x0000000708400000|100%| O|  |TAMS 0x0000000708200000, 0x0000000708200000| Untracked 
|  66|0x0000000708400000, 0x0000000708600000, 0x0000000708600000|100%| O|  |TAMS 0x0000000708400000, 0x0000000708400000| Untracked 
|  67|0x0000000708600000, 0x0000000708800000, 0x0000000708800000|100%| O|  |TAMS 0x0000000708600000, 0x0000000708600000| Untracked 
|  68|0x0000000708800000, 0x0000000708a00000, 0x0000000708a00000|100%| O|  |TAMS 0x0000000708a00000, 0x0000000708800000| Untracked 
|  69|0x0000000708a00000, 0x0000000708c00000, 0x0000000708c00000|100%| O|  |TAMS 0x0000000708c00000, 0x0000000708a00000| Untracked 
|  70|0x0000000708c00000, 0x0000000708e00000, 0x0000000708e00000|100%| O|  |TAMS 0x0000000708e00000, 0x0000000708c00000| Untracked 
|  71|0x0000000708e00000, 0x0000000709000000, 0x0000000709000000|100%| O|  |TAMS 0x0000000709000000, 0x0000000708e00000| Untracked 
|  72|0x0000000709000000, 0x0000000709200000, 0x0000000709200000|100%| O|  |TAMS 0x0000000709000000, 0x0000000709000000| Untracked 
|  73|0x0000000709200000, 0x0000000709400000, 0x0000000709400000|100%| O|  |TAMS 0x0000000709200000, 0x0000000709200000| Untracked 
|  74|0x0000000709400000, 0x0000000709600000, 0x0000000709600000|100%| O|  |TAMS 0x0000000709400000, 0x0000000709400000| Untracked 
|  75|0x0000000709600000, 0x0000000709800000, 0x0000000709800000|100%| O|  |TAMS 0x0000000709600000, 0x0000000709600000| Untracked 
|  76|0x0000000709800000, 0x0000000709a00000, 0x0000000709a00000|100%| O|  |TAMS 0x0000000709800000, 0x0000000709800000| Untracked 
|  77|0x0000000709a00000, 0x0000000709c00000, 0x0000000709c00000|100%| O|  |TAMS 0x0000000709a00000, 0x0000000709a00000| Untracked 
|  78|0x0000000709c00000, 0x0000000709e00000, 0x0000000709e00000|100%| O|  |TAMS 0x0000000709c00000, 0x0000000709c00000| Untracked 
|  79|0x0000000709e00000, 0x000000070a000000, 0x000000070a000000|100%| O|  |TAMS 0x0000000709e00000, 0x0000000709e00000| Untracked 
|  80|0x000000070a000000, 0x000000070a200000, 0x000000070a200000|100%| O|  |TAMS 0x000000070a000000, 0x000000070a000000| Untracked 
|  81|0x000000070a200000, 0x000000070a200000, 0x000000070a400000|  0%| F|  |TAMS 0x000000070a200000, 0x000000070a200000| Untracked 
|  82|0x000000070a400000, 0x000000070a400000, 0x000000070a600000|  0%| F|  |TAMS 0x000000070a400000, 0x000000070a400000| Untracked 
|  83|0x000000070a600000, 0x000000070a600000, 0x000000070a800000|  0%| F|  |TAMS 0x000000070a600000, 0x000000070a600000| Untracked 
|  84|0x000000070a800000, 0x000000070a800000, 0x000000070aa00000|  0%| F|  |TAMS 0x000000070a800000, 0x000000070a800000| Untracked 
|  85|0x000000070aa00000, 0x000000070ac00000, 0x000000070ac00000|100%| O|  |TAMS 0x000000070ac00000, 0x000000070aa00000| Untracked 
|  86|0x000000070ac00000, 0x000000070ae00000, 0x000000070ae00000|100%| O|  |TAMS 0x000000070ae00000, 0x000000070ac00000| Untracked 
|  87|0x000000070ae00000, 0x000000070ae00000, 0x000000070b000000|  0%| F|  |TAMS 0x000000070ae00000, 0x000000070ae00000| Untracked 
|  88|0x000000070b000000, 0x000000070b000000, 0x000000070b200000|  0%| F|  |TAMS 0x000000070b000000, 0x000000070b000000| Untracked 
|  89|0x000000070b200000, 0x000000070b400000, 0x000000070b400000|100%| O|  |TAMS 0x000000070b400000, 0x000000070b200000| Untracked 
|  90|0x000000070b400000, 0x000000070b600000, 0x000000070b600000|100%| O|  |TAMS 0x000000070b600000, 0x000000070b400000| Untracked 
|  91|0x000000070b600000, 0x000000070b800000, 0x000000070b800000|100%| O|  |TAMS 0x000000070b800000, 0x000000070b600000| Untracked 
|  92|0x000000070b800000, 0x000000070ba00000, 0x000000070ba00000|100%| O|  |TAMS 0x000000070ba00000, 0x000000070b800000| Untracked 
|  93|0x000000070ba00000, 0x000000070bc00000, 0x000000070bc00000|100%| O|  |TAMS 0x000000070bc00000, 0x000000070ba00000| Untracked 
|  94|0x000000070bc00000, 0x000000070be00000, 0x000000070be00000|100%| O|  |TAMS 0x000000070be00000, 0x000000070bc00000| Untracked 
|  95|0x000000070be00000, 0x000000070c000000, 0x000000070c000000|100%| O|  |TAMS 0x000000070c000000, 0x000000070be00000| Untracked 
|  96|0x000000070c000000, 0x000000070c200000, 0x000000070c200000|100%| O|  |TAMS 0x000000070c200000, 0x000000070c000000| Untracked 
|  97|0x000000070c200000, 0x000000070c400000, 0x000000070c400000|100%| O|  |TAMS 0x000000070c400000, 0x000000070c200000| Untracked 
|  98|0x000000070c400000, 0x000000070c600000, 0x000000070c600000|100%| O|  |TAMS 0x000000070c600000, 0x000000070c400000| Untracked 
|  99|0x000000070c600000, 0x000000070c800000, 0x000000070c800000|100%| O|  |TAMS 0x000000070c800000, 0x000000070c600000| Untracked 
| 100|0x000000070c800000, 0x000000070ca00000, 0x000000070ca00000|100%| O|  |TAMS 0x000000070ca00000, 0x000000070c800000| Untracked 
| 101|0x000000070ca00000, 0x000000070cc00000, 0x000000070cc00000|100%| O|  |TAMS 0x000000070cc00000, 0x000000070ca00000| Untracked 
| 102|0x000000070cc00000, 0x000000070ce00000, 0x000000070ce00000|100%| O|  |TAMS 0x000000070ce00000, 0x000000070cc00000| Untracked 
| 103|0x000000070ce00000, 0x000000070d000000, 0x000000070d000000|100%| O|  |TAMS 0x000000070d000000, 0x000000070ce00000| Untracked 
| 104|0x000000070d000000, 0x000000070d200000, 0x000000070d200000|100%| O|  |TAMS 0x000000070d200000, 0x000000070d000000| Untracked 
| 105|0x000000070d200000, 0x000000070d400000, 0x000000070d400000|100%| O|  |TAMS 0x000000070d400000, 0x000000070d200000| Untracked 
| 106|0x000000070d400000, 0x000000070d600000, 0x000000070d600000|100%| O|  |TAMS 0x000000070d600000, 0x000000070d400000| Untracked 
| 107|0x000000070d600000, 0x000000070d800000, 0x000000070d800000|100%| O|  |TAMS 0x000000070d800000, 0x000000070d600000| Untracked 
| 108|0x000000070d800000, 0x000000070da00000, 0x000000070da00000|100%| O|  |TAMS 0x000000070da00000, 0x000000070d800000| Untracked 
| 109|0x000000070da00000, 0x000000070dc00000, 0x000000070dc00000|100%| O|  |TAMS 0x000000070dc00000, 0x000000070da00000| Untracked 
| 110|0x000000070dc00000, 0x000000070de00000, 0x000000070de00000|100%| O|  |TAMS 0x000000070de00000, 0x000000070dc00000| Untracked 
| 111|0x000000070de00000, 0x000000070de00000, 0x000000070e000000|  0%| F|  |TAMS 0x000000070de00000, 0x000000070de00000| Untracked 
| 112|0x000000070e000000, 0x000000070e200000, 0x000000070e200000|100%| O|  |TAMS 0x000000070e200000, 0x000000070e000000| Untracked 
| 113|0x000000070e200000, 0x000000070e200000, 0x000000070e400000|  0%| F|  |TAMS 0x000000070e200000, 0x000000070e200000| Untracked 
| 114|0x000000070e400000, 0x000000070e400000, 0x000000070e600000|  0%| F|  |TAMS 0x000000070e400000, 0x000000070e400000| Untracked 
| 115|0x000000070e600000, 0x000000070e600000, 0x000000070e800000|  0%| F|  |TAMS 0x000000070e600000, 0x000000070e600000| Untracked 
| 116|0x000000070e800000, 0x000000070e800000, 0x000000070ea00000|  0%| F|  |TAMS 0x000000070e800000, 0x000000070e800000| Untracked 
| 117|0x000000070ea00000, 0x000000070ea00000, 0x000000070ec00000|  0%| F|  |TAMS 0x000000070ea00000, 0x000000070ea00000| Untracked 
| 118|0x000000070ec00000, 0x000000070ec00000, 0x000000070ee00000|  0%| F|  |TAMS 0x000000070ec00000, 0x000000070ec00000| Untracked 
| 119|0x000000070ee00000, 0x000000070f000000, 0x000000070f000000|100%| O|  |TAMS 0x000000070ef63600, 0x000000070ee00000| Untracked 
| 120|0x000000070f000000, 0x000000070f000000, 0x000000070f200000|  0%| F|  |TAMS 0x000000070f000000, 0x000000070f000000| Untracked 
| 121|0x000000070f200000, 0x000000070f200000, 0x000000070f400000|  0%| F|  |TAMS 0x000000070f200000, 0x000000070f200000| Untracked 
| 122|0x000000070f400000, 0x000000070f400000, 0x000000070f600000|  0%| F|  |TAMS 0x000000070f400000, 0x000000070f400000| Untracked 
| 123|0x000000070f600000, 0x000000070f600000, 0x000000070f800000|  0%| F|  |TAMS 0x000000070f600000, 0x000000070f600000| Untracked 
| 124|0x000000070f800000, 0x000000070fa00000, 0x000000070fa00000|100%| O|  |TAMS 0x000000070fa00000, 0x000000070f800000| Untracked 
| 125|0x000000070fa00000, 0x000000070fc00000, 0x000000070fc00000|100%| O|  |TAMS 0x000000070fc00000, 0x000000070fa00000| Untracked 
| 126|0x000000070fc00000, 0x000000070fe00000, 0x000000070fe00000|100%| O|  |TAMS 0x000000070fe00000, 0x000000070fc00000| Untracked 
| 127|0x000000070fe00000, 0x0000000710000000, 0x0000000710000000|100%| O|  |TAMS 0x0000000710000000, 0x000000070fe00000| Untracked 
| 128|0x0000000710000000, 0x0000000710200000, 0x0000000710200000|100%| O|  |TAMS 0x0000000710200000, 0x0000000710000000| Untracked 
| 129|0x0000000710200000, 0x0000000710200000, 0x0000000710400000|  0%| F|  |TAMS 0x0000000710200000, 0x0000000710200000| Untracked 
| 130|0x0000000710400000, 0x0000000710400000, 0x0000000710600000|  0%| F|  |TAMS 0x0000000710400000, 0x0000000710400000| Untracked 
| 131|0x0000000710600000, 0x0000000710600000, 0x0000000710800000|  0%| F|  |TAMS 0x0000000710600000, 0x0000000710600000| Untracked 
| 132|0x0000000710800000, 0x0000000710800000, 0x0000000710a00000|  0%| F|  |TAMS 0x0000000710800000, 0x0000000710800000| Untracked 
| 133|0x0000000710a00000, 0x0000000710a00000, 0x0000000710c00000|  0%| F|  |TAMS 0x0000000710a00000, 0x0000000710a00000| Untracked 
| 134|0x0000000710c00000, 0x0000000710c00000, 0x0000000710e00000|  0%| F|  |TAMS 0x0000000710c00000, 0x0000000710c00000| Untracked 
| 135|0x0000000710e00000, 0x0000000710e00000, 0x0000000711000000|  0%| F|  |TAMS 0x0000000710e00000, 0x0000000710e00000| Untracked 
| 136|0x0000000711000000, 0x0000000711000000, 0x0000000711200000|  0%| F|  |TAMS 0x0000000711000000, 0x0000000711000000| Untracked 
| 137|0x0000000711200000, 0x0000000711200000, 0x0000000711400000|  0%| F|  |TAMS 0x0000000711200000, 0x0000000711200000| Untracked 
| 138|0x0000000711400000, 0x0000000711400000, 0x0000000711600000|  0%| F|  |TAMS 0x0000000711400000, 0x0000000711400000| Untracked 
| 139|0x0000000711600000, 0x0000000711600000, 0x0000000711800000|  0%| F|  |TAMS 0x0000000711600000, 0x0000000711600000| Untracked 
| 140|0x0000000711800000, 0x0000000711800000, 0x0000000711a00000|  0%| F|  |TAMS 0x0000000711800000, 0x0000000711800000| Untracked 
| 141|0x0000000711a00000, 0x0000000711a00000, 0x0000000711c00000|  0%| F|  |TAMS 0x0000000711a00000, 0x0000000711a00000| Untracked 
| 142|0x0000000711c00000, 0x0000000711c00000, 0x0000000711e00000|  0%| F|  |TAMS 0x0000000711c00000, 0x0000000711c00000| Untracked 
| 143|0x0000000711e00000, 0x0000000711e00000, 0x0000000712000000|  0%| F|  |TAMS 0x0000000711e00000, 0x0000000711e00000| Untracked 
| 144|0x0000000712000000, 0x0000000712000000, 0x0000000712200000|  0%| F|  |TAMS 0x0000000712000000, 0x0000000712000000| Untracked 
| 145|0x0000000712200000, 0x0000000712200000, 0x0000000712400000|  0%| F|  |TAMS 0x0000000712200000, 0x0000000712200000| Untracked 
| 146|0x0000000712400000, 0x0000000712400000, 0x0000000712600000|  0%| F|  |TAMS 0x0000000712400000, 0x0000000712400000| Untracked 
| 147|0x0000000712600000, 0x0000000712600000, 0x0000000712800000|  0%| F|  |TAMS 0x0000000712600000, 0x0000000712600000| Untracked 
| 148|0x0000000712800000, 0x0000000712800000, 0x0000000712a00000|  0%| F|  |TAMS 0x0000000712800000, 0x0000000712800000| Untracked 
| 149|0x0000000712a00000, 0x0000000712a00000, 0x0000000712c00000|  0%| F|  |TAMS 0x0000000712a00000, 0x0000000712a00000| Untracked 
| 150|0x0000000712c00000, 0x0000000712c00000, 0x0000000712e00000|  0%| F|  |TAMS 0x0000000712c00000, 0x0000000712c00000| Untracked 
| 151|0x0000000712e00000, 0x0000000713000000, 0x0000000713000000|100%| O|  |TAMS 0x0000000713000000, 0x0000000712e00000| Untracked 
| 152|0x0000000713000000, 0x0000000713200000, 0x0000000713200000|100%| O|  |TAMS 0x0000000713200000, 0x0000000713000000| Untracked 
| 153|0x0000000713200000, 0x0000000713400000, 0x0000000713400000|100%| O|  |TAMS 0x0000000713400000, 0x0000000713200000| Untracked 
| 154|0x0000000713400000, 0x0000000713400000, 0x0000000713600000|  0%| F|  |TAMS 0x0000000713400000, 0x0000000713400000| Untracked 
| 155|0x0000000713600000, 0x0000000713600000, 0x0000000713800000|  0%| F|  |TAMS 0x0000000713600000, 0x0000000713600000| Untracked 
| 156|0x0000000713800000, 0x0000000713800000, 0x0000000713a00000|  0%| F|  |TAMS 0x0000000713800000, 0x0000000713800000| Untracked 
| 157|0x0000000713a00000, 0x0000000713a00000, 0x0000000713c00000|  0%| F|  |TAMS 0x0000000713a00000, 0x0000000713a00000| Untracked 
| 158|0x0000000713c00000, 0x0000000713c00000, 0x0000000713e00000|  0%| F|  |TAMS 0x0000000713c00000, 0x0000000713c00000| Untracked 
| 159|0x0000000713e00000, 0x0000000713e00000, 0x0000000714000000|  0%| F|  |TAMS 0x0000000713e00000, 0x0000000713e00000| Untracked 
| 160|0x0000000714000000, 0x0000000714000000, 0x0000000714200000|  0%| F|  |TAMS 0x0000000714000000, 0x0000000714000000| Untracked 
| 161|0x0000000714200000, 0x0000000714200000, 0x0000000714400000|  0%| F|  |TAMS 0x0000000714200000, 0x0000000714200000| Untracked 
| 162|0x0000000714400000, 0x0000000714400000, 0x0000000714600000|  0%| F|  |TAMS 0x0000000714400000, 0x0000000714400000| Untracked 
| 163|0x0000000714600000, 0x0000000714600000, 0x0000000714800000|  0%| F|  |TAMS 0x0000000714600000, 0x0000000714600000| Untracked 
| 164|0x0000000714800000, 0x0000000714800000, 0x0000000714a00000|  0%| F|  |TAMS 0x0000000714800000, 0x0000000714800000| Untracked 
| 165|0x0000000714a00000, 0x0000000714a00000, 0x0000000714c00000|  0%| F|  |TAMS 0x0000000714a00000, 0x0000000714a00000| Untracked 
| 166|0x0000000714c00000, 0x0000000714c00000, 0x0000000714e00000|  0%| F|  |TAMS 0x0000000714c00000, 0x0000000714c00000| Untracked 
| 167|0x0000000714e00000, 0x0000000714e00000, 0x0000000715000000|  0%| F|  |TAMS 0x0000000714e00000, 0x0000000714e00000| Untracked 
| 168|0x0000000715000000, 0x0000000715000000, 0x0000000715200000|  0%| F|  |TAMS 0x0000000715000000, 0x0000000715000000| Untracked 
| 169|0x0000000715200000, 0x0000000715200000, 0x0000000715400000|  0%| F|  |TAMS 0x0000000715200000, 0x0000000715200000| Untracked 
| 170|0x0000000715400000, 0x0000000715400000, 0x0000000715600000|  0%| F|  |TAMS 0x0000000715400000, 0x0000000715400000| Untracked 
| 171|0x0000000715600000, 0x0000000715600000, 0x0000000715800000|  0%| F|  |TAMS 0x0000000715600000, 0x0000000715600000| Untracked 
| 172|0x0000000715800000, 0x0000000715800000, 0x0000000715a00000|  0%| F|  |TAMS 0x0000000715800000, 0x0000000715800000| Untracked 
| 173|0x0000000715a00000, 0x0000000715a00000, 0x0000000715c00000|  0%| F|  |TAMS 0x0000000715a00000, 0x0000000715a00000| Untracked 
| 174|0x0000000715c00000, 0x0000000715c00000, 0x0000000715e00000|  0%| F|  |TAMS 0x0000000715c00000, 0x0000000715c00000| Untracked 
| 175|0x0000000715e00000, 0x0000000715e00000, 0x0000000716000000|  0%| F|  |TAMS 0x0000000715e00000, 0x0000000715e00000| Untracked 
| 176|0x0000000716000000, 0x0000000716000000, 0x0000000716200000|  0%| F|  |TAMS 0x0000000716000000, 0x0000000716000000| Untracked 
| 177|0x0000000716200000, 0x0000000716200000, 0x0000000716400000|  0%| F|  |TAMS 0x0000000716200000, 0x0000000716200000| Untracked 
| 178|0x0000000716400000, 0x0000000716400000, 0x0000000716600000|  0%| F|  |TAMS 0x0000000716400000, 0x0000000716400000| Untracked 
| 179|0x0000000716600000, 0x0000000716600000, 0x0000000716800000|  0%| F|  |TAMS 0x0000000716600000, 0x0000000716600000| Untracked 
| 180|0x0000000716800000, 0x0000000716800000, 0x0000000716a00000|  0%| F|  |TAMS 0x0000000716800000, 0x0000000716800000| Untracked 
| 181|0x0000000716a00000, 0x0000000716a00000, 0x0000000716c00000|  0%| F|  |TAMS 0x0000000716a00000, 0x0000000716a00000| Untracked 
| 182|0x0000000716c00000, 0x0000000716c00000, 0x0000000716e00000|  0%| F|  |TAMS 0x0000000716c00000, 0x0000000716c00000| Untracked 
| 183|0x0000000716e00000, 0x0000000716e00000, 0x0000000717000000|  0%| F|  |TAMS 0x0000000716e00000, 0x0000000716e00000| Untracked 
| 184|0x0000000717000000, 0x0000000717000000, 0x0000000717200000|  0%| F|  |TAMS 0x0000000717000000, 0x0000000717000000| Untracked 
| 185|0x0000000717200000, 0x0000000717200000, 0x0000000717400000|  0%| F|  |TAMS 0x0000000717200000, 0x0000000717200000| Untracked 
| 186|0x0000000717400000, 0x0000000717400000, 0x0000000717600000|  0%| F|  |TAMS 0x0000000717400000, 0x0000000717400000| Untracked 
| 187|0x0000000717600000, 0x0000000717600000, 0x0000000717800000|  0%| F|  |TAMS 0x0000000717600000, 0x0000000717600000| Untracked 
| 188|0x0000000717800000, 0x0000000717800000, 0x0000000717a00000|  0%| F|  |TAMS 0x0000000717800000, 0x0000000717800000| Untracked 
| 189|0x0000000717a00000, 0x0000000717a00000, 0x0000000717c00000|  0%| F|  |TAMS 0x0000000717a00000, 0x0000000717a00000| Untracked 
| 190|0x0000000717c00000, 0x0000000717c00000, 0x0000000717e00000|  0%| F|  |TAMS 0x0000000717c00000, 0x0000000717c00000| Untracked 
| 191|0x0000000717e00000, 0x0000000717e00000, 0x0000000718000000|  0%| F|  |TAMS 0x0000000717e00000, 0x0000000717e00000| Untracked 
| 192|0x0000000718000000, 0x0000000718000000, 0x0000000718200000|  0%| F|  |TAMS 0x0000000718000000, 0x0000000718000000| Untracked 
| 193|0x0000000718200000, 0x0000000718200000, 0x0000000718400000|  0%| F|  |TAMS 0x0000000718200000, 0x0000000718200000| Untracked 
| 194|0x0000000718400000, 0x0000000718400000, 0x0000000718600000|  0%| F|  |TAMS 0x0000000718400000, 0x0000000718400000| Untracked 
| 195|0x0000000718600000, 0x0000000718600000, 0x0000000718800000|  0%| F|  |TAMS 0x0000000718600000, 0x0000000718600000| Untracked 
| 196|0x0000000718800000, 0x0000000718800000, 0x0000000718a00000|  0%| F|  |TAMS 0x0000000718800000, 0x0000000718800000| Untracked 
| 197|0x0000000718a00000, 0x0000000718a00000, 0x0000000718c00000|  0%| F|  |TAMS 0x0000000718a00000, 0x0000000718a00000| Untracked 
| 198|0x0000000718c00000, 0x0000000718c00000, 0x0000000718e00000|  0%| F|  |TAMS 0x0000000718c00000, 0x0000000718c00000| Untracked 
| 199|0x0000000718e00000, 0x0000000718e00000, 0x0000000719000000|  0%| F|  |TAMS 0x0000000718e00000, 0x0000000718e00000| Untracked 
| 200|0x0000000719000000, 0x0000000719000000, 0x0000000719200000|  0%| F|  |TAMS 0x0000000719000000, 0x0000000719000000| Untracked 
| 201|0x0000000719200000, 0x0000000719200000, 0x0000000719400000|  0%| F|  |TAMS 0x0000000719200000, 0x0000000719200000| Untracked 
| 202|0x0000000719400000, 0x0000000719400000, 0x0000000719600000|  0%| F|  |TAMS 0x0000000719400000, 0x0000000719400000| Untracked 
| 203|0x0000000719600000, 0x0000000719600000, 0x0000000719800000|  0%| F|  |TAMS 0x0000000719600000, 0x0000000719600000| Untracked 
| 204|0x0000000719800000, 0x0000000719800000, 0x0000000719a00000|  0%| F|  |TAMS 0x0000000719800000, 0x0000000719800000| Untracked 
| 205|0x0000000719a00000, 0x0000000719a00000, 0x0000000719c00000|  0%| F|  |TAMS 0x0000000719a00000, 0x0000000719a00000| Untracked 
| 206|0x0000000719c00000, 0x0000000719c00000, 0x0000000719e00000|  0%| F|  |TAMS 0x0000000719c00000, 0x0000000719c00000| Untracked 
| 207|0x0000000719e00000, 0x0000000719e00000, 0x000000071a000000|  0%| F|  |TAMS 0x0000000719e00000, 0x0000000719e00000| Untracked 
| 208|0x000000071a000000, 0x000000071a000000, 0x000000071a200000|  0%| F|  |TAMS 0x000000071a000000, 0x000000071a000000| Untracked 
| 209|0x000000071a200000, 0x000000071a200000, 0x000000071a400000|  0%| F|  |TAMS 0x000000071a200000, 0x000000071a200000| Untracked 
| 210|0x000000071a400000, 0x000000071a400000, 0x000000071a600000|  0%| F|  |TAMS 0x000000071a400000, 0x000000071a400000| Untracked 
| 211|0x000000071a600000, 0x000000071a600000, 0x000000071a800000|  0%| F|  |TAMS 0x000000071a600000, 0x000000071a600000| Untracked 
| 212|0x000000071a800000, 0x000000071a800000, 0x000000071aa00000|  0%| F|  |TAMS 0x000000071a800000, 0x000000071a800000| Untracked 
| 213|0x000000071aa00000, 0x000000071aa00000, 0x000000071ac00000|  0%| F|  |TAMS 0x000000071aa00000, 0x000000071aa00000| Untracked 
| 214|0x000000071ac00000, 0x000000071ac00000, 0x000000071ae00000|  0%| F|  |TAMS 0x000000071ac00000, 0x000000071ac00000| Untracked 
| 215|0x000000071ae00000, 0x000000071ae00000, 0x000000071b000000|  0%| F|  |TAMS 0x000000071ae00000, 0x000000071ae00000| Untracked 
| 216|0x000000071b000000, 0x000000071b000000, 0x000000071b200000|  0%| F|  |TAMS 0x000000071b000000, 0x000000071b000000| Untracked 
| 217|0x000000071b200000, 0x000000071b200000, 0x000000071b400000|  0%| F|  |TAMS 0x000000071b200000, 0x000000071b200000| Untracked 
| 218|0x000000071b400000, 0x000000071b400000, 0x000000071b600000|  0%| F|  |TAMS 0x000000071b400000, 0x000000071b400000| Untracked 
| 219|0x000000071b600000, 0x000000071b600000, 0x000000071b800000|  0%| F|  |TAMS 0x000000071b600000, 0x000000071b600000| Untracked 
| 220|0x000000071b800000, 0x000000071b800000, 0x000000071ba00000|  0%| F|  |TAMS 0x000000071b800000, 0x000000071b800000| Untracked 
| 221|0x000000071ba00000, 0x000000071ba00000, 0x000000071bc00000|  0%| F|  |TAMS 0x000000071ba00000, 0x000000071ba00000| Untracked 
| 222|0x000000071bc00000, 0x000000071bc00000, 0x000000071be00000|  0%| F|  |TAMS 0x000000071bc00000, 0x000000071bc00000| Untracked 
| 223|0x000000071be00000, 0x000000071be00000, 0x000000071c000000|  0%| F|  |TAMS 0x000000071be00000, 0x000000071be00000| Untracked 
| 224|0x000000071c000000, 0x000000071c000000, 0x000000071c200000|  0%| F|  |TAMS 0x000000071c000000, 0x000000071c000000| Untracked 
| 225|0x000000071c200000, 0x000000071c200000, 0x000000071c400000|  0%| F|  |TAMS 0x000000071c200000, 0x000000071c200000| Untracked 
| 226|0x000000071c400000, 0x000000071c400000, 0x000000071c600000|  0%| F|  |TAMS 0x000000071c400000, 0x000000071c400000| Untracked 
| 227|0x000000071c600000, 0x000000071c600000, 0x000000071c800000|  0%| F|  |TAMS 0x000000071c600000, 0x000000071c600000| Untracked 
| 228|0x000000071c800000, 0x000000071c800000, 0x000000071ca00000|  0%| F|  |TAMS 0x000000071c800000, 0x000000071c800000| Untracked 
| 229|0x000000071ca00000, 0x000000071ca00000, 0x000000071cc00000|  0%| F|  |TAMS 0x000000071ca00000, 0x000000071ca00000| Untracked 
| 230|0x000000071cc00000, 0x000000071cc00000, 0x000000071ce00000|  0%| F|  |TAMS 0x000000071cc00000, 0x000000071cc00000| Untracked 
| 231|0x000000071ce00000, 0x000000071ce00000, 0x000000071d000000|  0%| F|  |TAMS 0x000000071ce00000, 0x000000071ce00000| Untracked 
| 232|0x000000071d000000, 0x000000071d000000, 0x000000071d200000|  0%| F|  |TAMS 0x000000071d000000, 0x000000071d000000| Untracked 
| 233|0x000000071d200000, 0x000000071d200000, 0x000000071d400000|  0%| F|  |TAMS 0x000000071d200000, 0x000000071d200000| Untracked 
| 234|0x000000071d400000, 0x000000071d600000, 0x000000071d600000|100%| O|  |TAMS 0x000000071d400000, 0x000000071d400000| Untracked 
| 235|0x000000071d600000, 0x000000071d800000, 0x000000071d800000|100%| O|  |TAMS 0x000000071d600000, 0x000000071d600000| Untracked 
| 236|0x000000071d800000, 0x000000071da00000, 0x000000071da00000|100%| O|  |TAMS 0x000000071d800000, 0x000000071d800000| Untracked 
| 237|0x000000071da00000, 0x000000071dc00000, 0x000000071dc00000|100%| O|  |TAMS 0x000000071da00000, 0x000000071da00000| Untracked 
| 238|0x000000071dc00000, 0x000000071de00000, 0x000000071de00000|100%| O|  |TAMS 0x000000071dc00000, 0x000000071dc00000| Untracked 
| 239|0x000000071de00000, 0x000000071e000000, 0x000000071e000000|100%| O|  |TAMS 0x000000071de00000, 0x000000071de00000| Untracked 
| 240|0x000000071e000000, 0x000000071e200000, 0x000000071e200000|100%| O|  |TAMS 0x000000071e000000, 0x000000071e000000| Untracked 
| 241|0x000000071e200000, 0x000000071e400000, 0x000000071e400000|100%| O|  |TAMS 0x000000071e200000, 0x000000071e200000| Untracked 
| 242|0x000000071e400000, 0x000000071e600000, 0x000000071e600000|100%| O|  |TAMS 0x000000071e400000, 0x000000071e400000| Untracked 
| 243|0x000000071e600000, 0x000000071e600000, 0x000000071e800000|  0%| F|  |TAMS 0x000000071e600000, 0x000000071e600000| Untracked 
| 244|0x000000071e800000, 0x000000071e800000, 0x000000071ea00000|  0%| F|  |TAMS 0x000000071e800000, 0x000000071e800000| Untracked 
| 245|0x000000071ea00000, 0x000000071ea00000, 0x000000071ec00000|  0%| F|  |TAMS 0x000000071ea00000, 0x000000071ea00000| Untracked 
| 246|0x000000071ec00000, 0x000000071ec00000, 0x000000071ee00000|  0%| F|  |TAMS 0x000000071ec00000, 0x000000071ec00000| Untracked 
| 247|0x000000071ee00000, 0x000000071ee00000, 0x000000071f000000|  0%| F|  |TAMS 0x000000071ee00000, 0x000000071ee00000| Untracked 
| 248|0x000000071f000000, 0x000000071f000000, 0x000000071f200000|  0%| F|  |TAMS 0x000000071f000000, 0x000000071f000000| Untracked 
| 249|0x000000071f200000, 0x000000071f200000, 0x000000071f400000|  0%| F|  |TAMS 0x000000071f200000, 0x000000071f200000| Untracked 
| 250|0x000000071f400000, 0x000000071f400000, 0x000000071f600000|  0%| F|  |TAMS 0x000000071f400000, 0x000000071f400000| Untracked 
| 251|0x000000071f600000, 0x000000071f600000, 0x000000071f800000|  0%| F|  |TAMS 0x000000071f600000, 0x000000071f600000| Untracked 
| 252|0x000000071f800000, 0x000000071f800000, 0x000000071fa00000|  0%| F|  |TAMS 0x000000071f800000, 0x000000071f800000| Untracked 
| 253|0x000000071fa00000, 0x000000071fa00000, 0x000000071fc00000|  0%| F|  |TAMS 0x000000071fa00000, 0x000000071fa00000| Untracked 
| 254|0x000000071fc00000, 0x000000071fc00000, 0x000000071fe00000|  0%| F|  |TAMS 0x000000071fc00000, 0x000000071fc00000| Untracked 
| 255|0x000000071fe00000, 0x000000071fe00000, 0x0000000720000000|  0%| F|  |TAMS 0x000000071fe00000, 0x000000071fe00000| Untracked 
| 256|0x0000000720000000, 0x0000000720000000, 0x0000000720200000|  0%| F|  |TAMS 0x0000000720000000, 0x0000000720000000| Untracked 
| 257|0x0000000720200000, 0x0000000720200000, 0x0000000720400000|  0%| F|  |TAMS 0x0000000720200000, 0x0000000720200000| Untracked 
| 258|0x0000000720400000, 0x0000000720400000, 0x0000000720600000|  0%| F|  |TAMS 0x0000000720400000, 0x0000000720400000| Untracked 
| 259|0x0000000720600000, 0x0000000720600000, 0x0000000720800000|  0%| F|  |TAMS 0x0000000720600000, 0x0000000720600000| Untracked 
| 260|0x0000000720800000, 0x0000000720800000, 0x0000000720a00000|  0%| F|  |TAMS 0x0000000720800000, 0x0000000720800000| Untracked 
| 261|0x0000000720a00000, 0x0000000720a00000, 0x0000000720c00000|  0%| F|  |TAMS 0x0000000720a00000, 0x0000000720a00000| Untracked 
| 262|0x0000000720c00000, 0x0000000720c00000, 0x0000000720e00000|  0%| F|  |TAMS 0x0000000720c00000, 0x0000000720c00000| Untracked 
| 263|0x0000000720e00000, 0x0000000720e00000, 0x0000000721000000|  0%| F|  |TAMS 0x0000000720e00000, 0x0000000720e00000| Untracked 
| 264|0x0000000721000000, 0x0000000721000000, 0x0000000721200000|  0%| F|  |TAMS 0x0000000721000000, 0x0000000721000000| Untracked 
| 265|0x0000000721200000, 0x0000000721200000, 0x0000000721400000|  0%| F|  |TAMS 0x0000000721200000, 0x0000000721200000| Untracked 
| 266|0x0000000721400000, 0x0000000721400000, 0x0000000721600000|  0%| F|  |TAMS 0x0000000721400000, 0x0000000721400000| Untracked 
| 267|0x0000000721600000, 0x0000000721600000, 0x0000000721800000|  0%| F|  |TAMS 0x0000000721600000, 0x0000000721600000| Untracked 
| 268|0x0000000721800000, 0x0000000721800000, 0x0000000721a00000|  0%| F|  |TAMS 0x0000000721800000, 0x0000000721800000| Untracked 
| 269|0x0000000721a00000, 0x0000000721a00000, 0x0000000721c00000|  0%| F|  |TAMS 0x0000000721a00000, 0x0000000721a00000| Untracked 
| 270|0x0000000721c00000, 0x0000000721c00000, 0x0000000721e00000|  0%| F|  |TAMS 0x0000000721c00000, 0x0000000721c00000| Untracked 
| 271|0x0000000721e00000, 0x0000000721e00000, 0x0000000722000000|  0%| F|  |TAMS 0x0000000721e00000, 0x0000000721e00000| Untracked 
| 272|0x0000000722000000, 0x0000000722000000, 0x0000000722200000|  0%| F|  |TAMS 0x0000000722000000, 0x0000000722000000| Untracked 
| 273|0x0000000722200000, 0x0000000722200000, 0x0000000722400000|  0%| F|  |TAMS 0x0000000722200000, 0x0000000722200000| Untracked 
| 274|0x0000000722400000, 0x0000000722400000, 0x0000000722600000|  0%| F|  |TAMS 0x0000000722400000, 0x0000000722400000| Untracked 
| 275|0x0000000722600000, 0x0000000722600000, 0x0000000722800000|  0%| F|  |TAMS 0x0000000722600000, 0x0000000722600000| Untracked 
| 276|0x0000000722800000, 0x0000000722800000, 0x0000000722a00000|  0%| F|  |TAMS 0x0000000722800000, 0x0000000722800000| Untracked 
| 277|0x0000000722a00000, 0x0000000722ab5f68, 0x0000000722c00000| 35%| S|CS|TAMS 0x0000000722a00000, 0x0000000722a00000| Complete 
| 278|0x0000000722c00000, 0x0000000722e00000, 0x0000000722e00000|100%| S|CS|TAMS 0x0000000722c00000, 0x0000000722c00000| Complete 
| 279|0x0000000722e00000, 0x0000000722e00000, 0x0000000723000000|  0%| F|  |TAMS 0x0000000722e00000, 0x0000000722e00000| Untracked 
| 280|0x0000000723000000, 0x0000000723000000, 0x0000000723200000|  0%| F|  |TAMS 0x0000000723000000, 0x0000000723000000| Untracked 
| 281|0x0000000723200000, 0x0000000723200000, 0x0000000723400000|  0%| F|  |TAMS 0x0000000723200000, 0x0000000723200000| Untracked 
| 282|0x0000000723400000, 0x0000000723400000, 0x0000000723600000|  0%| F|  |TAMS 0x0000000723400000, 0x0000000723400000| Untracked 
| 283|0x0000000723600000, 0x0000000723600000, 0x0000000723800000|  0%| F|  |TAMS 0x0000000723600000, 0x0000000723600000| Untracked 
| 284|0x0000000723800000, 0x0000000723a00000, 0x0000000723a00000|100%| E|CS|TAMS 0x0000000723800000, 0x0000000723800000| Complete 
| 285|0x0000000723a00000, 0x0000000723c00000, 0x0000000723c00000|100%| E|CS|TAMS 0x0000000723a00000, 0x0000000723a00000| Complete 
| 286|0x0000000723c00000, 0x0000000723e00000, 0x0000000723e00000|100%| E|CS|TAMS 0x0000000723c00000, 0x0000000723c00000| Complete 
| 287|0x0000000723e00000, 0x0000000724000000, 0x0000000724000000|100%| E|CS|TAMS 0x0000000723e00000, 0x0000000723e00000| Complete 
| 288|0x0000000724000000, 0x0000000724200000, 0x0000000724200000|100%| E|CS|TAMS 0x0000000724000000, 0x0000000724000000| Complete 
| 289|0x0000000724200000, 0x0000000724400000, 0x0000000724400000|100%| E|CS|TAMS 0x0000000724200000, 0x0000000724200000| Complete 

Card table byte_map: [0x000001e3475b0000,0x000001e347db0000] _byte_map_base: 0x000001e343db0000

Marking Bits (Prev, Next): (CMBitMap*) 0x000001e3343eed30, (CMBitMap*) 0x000001e3343eed70
 Prev Bits: [0x000001e3485b0000, 0x000001e34c5b0000)
 Next Bits: [0x000001e34c5b0000, 0x000001e3505b0000)

Polling page: 0x000001e332300000

Metaspace:

Usage:
  Non-class:     99.80 MB used.
      Class:     15.77 MB used.
       Both:    115.57 MB used.

Virtual space:
  Non-class space:      128.00 MB reserved,     100.69 MB ( 79%) committed,  2 nodes.
      Class space:        1.00 GB reserved,      16.50 MB (  2%) committed,  1 nodes.
             Both:        1.12 GB reserved,     117.19 MB ( 10%) committed. 

Chunk freelists:
   Non-Class:  10.94 MB
       Class:  15.46 MB
        Both:  26.40 MB

MaxMetaspaceSize: 2.00 GB
CompressedClassSpaceSize: 1.00 GB
Initial GC threshold: 21.00 MB
Current GC threshold: 194.94 MB
CDS: off
MetaspaceReclaimPolicy: balanced
 - commit_granule_bytes: 65536.
 - commit_granule_words: 8192.
 - virtual_space_node_default_size: 8388608.
 - enlarge_chunks_in_place: 1.
 - new_chunks_are_fully_committed: 0.
 - uncommit_free_chunks: 1.
 - use_allocation_guard: 0.
 - handle_deallocations: 1.


Internal statistics:

num_allocs_failed_limit: 9.
num_arena_births: 2754.
num_arena_deaths: 16.
num_vsnodes_births: 3.
num_vsnodes_deaths: 0.
num_space_committed: 1875.
num_space_uncommitted: 0.
num_chunks_returned_to_freelist: 33.
num_chunks_taken_from_freelist: 7846.
num_chunk_merges: 19.
num_chunk_splits: 4656.
num_chunks_enlarged: 2475.
num_inconsistent_stats: 0.

CodeHeap 'non-profiled nmethods': size=120000Kb used=17050Kb max_used=17050Kb free=102949Kb
 bounds [0x000001e33f330000, 0x000001e3403e0000, 0x000001e346860000]
CodeHeap 'profiled nmethods': size=120000Kb used=36006Kb max_used=36006Kb free=83993Kb
 bounds [0x000001e337860000, 0x000001e339b90000, 0x000001e33ed90000]
CodeHeap 'non-nmethods': size=5760Kb used=2450Kb max_used=2538Kb free=3309Kb
 bounds [0x000001e33ed90000, 0x000001e33f020000, 0x000001e33f330000]
 total_blobs=19635 nmethods=18640 adapters=906
 compilation: enabled
              stopped_count=0, restarted_count=0
 full_count=0

Compilation events (20 events):
Event: 2985.308 Thread 0x000001e35a87ffa0 nmethod 22635 0x000001e3403c6510 code [0x000001e3403c66a0, 0x000001e3403c6978]
Event: 2985.308 Thread 0x000001e35a87ffa0 22621       4       org.gradle.internal.classloader.CachingClassLoader::equals (33 bytes)
Event: 2985.309 Thread 0x000001e35a87ffa0 nmethod 22621 0x000001e3403c6a90 code [0x000001e3403c6c00, 0x000001e3403c6cb8]
Event: 2985.309 Thread 0x000001e35a87ffa0 22669       4       org.gradle.api.internal.provider.Providers$NoValueProvider::calculateValue (5 bytes)
Event: 2985.309 Thread 0x000001e35a87ffa0 nmethod 22669 0x000001e3403c6d90 code [0x000001e3403c6f00, 0x000001e3403c6f78]
Event: 2985.318 Thread 0x000001e35a87ffa0 22673       4       java.util.Formatter$Flags::contains (22 bytes)
Event: 2985.318 Thread 0x000001e35344ee60 22674       3       java.util.stream.Sink$ChainedInt::<init> (16 bytes)
Event: 2985.318 Thread 0x000001e35344ee60 nmethod 22674 0x000001e339b88c10 code [0x000001e339b88de0, 0x000001e339b89228]
Event: 2985.318 Thread 0x000001e35344ee60 22675       3       java.util.stream.Sink$ChainedInt::end (10 bytes)
Event: 2985.318 Thread 0x000001e35344ee60 nmethod 22675 0x000001e339b89390 code [0x000001e339b89540, 0x000001e339b89728]
Event: 2985.318 Thread 0x000001e35a87ffa0 nmethod 22673 0x000001e3403c7090 code [0x000001e3403c7200, 0x000001e3403c7298]
Event: 2985.318 Thread 0x000001e35a87ffa0 22676       4       org.gradle.api.internal.artifacts.JavaEcosystemSupport$UsageCompatibilityRules::execute (9 bytes)
Event: 2985.319 Thread 0x000001e35344ee60 22678       3       org.gradle.api.internal.artifacts.ivyservice.resolveengine.artifact.LocalFileDependencyBackedArtifactSet$SingletonFileResolvedVariant::startFinalization (1 bytes)
Event: 2985.319 Thread 0x000001e35344ee60 nmethod 22678 0x000001e339b89810 code [0x000001e339b899a0, 0x000001e339b89ab8]
Event: 2985.327 Thread 0x000001e35a87ffa0 nmethod 22676 0x000001e3403c7390 code [0x000001e3403c7560, 0x000001e3403c7dc8]
Event: 2985.328 Thread 0x000001e35a87ffa0 22677       4       org.gradle.api.internal.artifacts.JavaEcosystemSupport$UsageCompatibilityRules::execute (84 bytes)
Event: 2985.328 Thread 0x000001e35344ee60 22680       1       org.gradle.api.internal.initialization.RootScriptDomainObjectContext::isScript (2 bytes)
Event: 2985.328 Thread 0x000001e35344ee60 nmethod 22680 0x000001e3403c8390 code [0x000001e3403c8520, 0x000001e3403c85f8]
Event: 2985.338 Thread 0x000001e35a87ffa0 nmethod 22677 0x000001e3403c8690 code [0x000001e3403c8860, 0x000001e3403c90c8]
Event: 2985.338 Thread 0x000001e35a87ffa0 22681       4       org.gradle.api.internal.artifacts.ivyservice.resolveengine.graph.builder.ModuleResolveState::getVersions (94 bytes)

GC Heap History (20 events):
Event: 2397.959 GC heap before
{Heap before GC invocations=65 (full 0):
 garbage-first heap   total 407552K, used 320471K [0x0000000700000000, 0x0000000800000000)
  region size 2048K, 35 young (71680K), 7 survivors (14336K)
 Metaspace       used 112126K, committed 113536K, reserved 1179648K
  class space    used 15293K, committed 15872K, reserved 1048576K
}
Event: 2397.973 GC heap after
{Heap after GC invocations=66 (full 0):
 garbage-first heap   total 407552K, used 273113K [0x0000000700000000, 0x0000000800000000)
  region size 2048K, 3 young (6144K), 3 survivors (6144K)
 Metaspace       used 112126K, committed 113536K, reserved 1179648K
  class space    used 15293K, committed 15872K, reserved 1048576K
}
Event: 2408.818 GC heap before
{Heap before GC invocations=67 (full 0):
 garbage-first heap   total 540672K, used 379609K [0x0000000700000000, 0x0000000800000000)
  region size 2048K, 35 young (71680K), 3 survivors (6144K)
 Metaspace       used 114589K, committed 116096K, reserved 1179648K
  class space    used 15662K, committed 16320K, reserved 1048576K
}
Event: 2408.840 GC heap after
{Heap after GC invocations=68 (full 0):
 garbage-first heap   total 540672K, used 239972K [0x0000000700000000, 0x0000000800000000)
  region size 2048K, 4 young (8192K), 4 survivors (8192K)
 Metaspace       used 114589K, committed 116096K, reserved 1179648K
  class space    used 15662K, committed 16320K, reserved 1048576K
}
Event: 2409.131 GC heap before
{Heap before GC invocations=68 (full 0):
 garbage-first heap   total 540672K, used 258404K [0x0000000700000000, 0x0000000800000000)
  region size 2048K, 13 young (26624K), 4 survivors (8192K)
 Metaspace       used 114606K, committed 116096K, reserved 1179648K
  class space    used 15665K, committed 16320K, reserved 1048576K
}
Event: 2409.145 GC heap after
{Heap after GC invocations=69 (full 0):
 garbage-first heap   total 540672K, used 211279K [0x0000000700000000, 0x0000000800000000)
  region size 2048K, 2 young (4096K), 2 survivors (4096K)
 Metaspace       used 114606K, committed 116096K, reserved 1179648K
  class space    used 15665K, committed 16320K, reserved 1048576K
}
Event: 2409.709 GC heap before
{Heap before GC invocations=69 (full 0):
 garbage-first heap   total 540672K, used 401743K [0x0000000700000000, 0x0000000800000000)
  region size 2048K, 95 young (194560K), 2 survivors (4096K)
 Metaspace       used 114745K, committed 116288K, reserved 1179648K
  class space    used 15690K, committed 16384K, reserved 1048576K
}
Event: 2409.712 GC heap after
{Heap after GC invocations=70 (full 0):
 garbage-first heap   total 540672K, used 213312K [0x0000000700000000, 0x0000000800000000)
  region size 2048K, 3 young (6144K), 3 survivors (6144K)
 Metaspace       used 114745K, committed 116288K, reserved 1179648K
  class space    used 15690K, committed 16384K, reserved 1048576K
}
Event: 2411.744 GC heap before
{Heap before GC invocations=70 (full 0):
 garbage-first heap   total 540672K, used 383296K [0x0000000700000000, 0x0000000800000000)
  region size 2048K, 54 young (110592K), 3 survivors (6144K)
 Metaspace       used 116862K, committed 118336K, reserved 1179648K
  class space    used 15972K, committed 16640K, reserved 1048576K
}
Event: 2411.754 GC heap after
{Heap after GC invocations=71 (full 0):
 garbage-first heap   total 540672K, used 254905K [0x0000000700000000, 0x0000000800000000)
  region size 2048K, 4 young (8192K), 4 survivors (8192K)
 Metaspace       used 116862K, committed 118336K, reserved 1179648K
  class space    used 15972K, committed 16640K, reserved 1048576K
}
Event: 2412.001 GC heap before
{Heap before GC invocations=71 (full 0):
 garbage-first heap   total 540672K, used 297913K [0x0000000700000000, 0x0000000800000000)
  region size 2048K, 5 young (10240K), 4 survivors (8192K)
 Metaspace       used 116862K, committed 118336K, reserved 1179648K
  class space    used 15972K, committed 16640K, reserved 1048576K
}
Event: 2412.008 GC heap after
{Heap after GC invocations=72 (full 0):
 garbage-first heap   total 540672K, used 256771K [0x0000000700000000, 0x0000000800000000)
  region size 2048K, 4 young (8192K), 4 survivors (8192K)
 Metaspace       used 116862K, committed 118336K, reserved 1179648K
  class space    used 15972K, committed 16640K, reserved 1048576K
}
Event: 2567.282 GC heap before
{Heap before GC invocations=72 (full 0):
 garbage-first heap   total 540672K, used 473859K [0x0000000700000000, 0x0000000800000000)
  region size 2048K, 98 young (200704K), 4 survivors (8192K)
 Metaspace       used 117673K, committed 119232K, reserved 1179648K
  class space    used 16051K, committed 16768K, reserved 1048576K
}
Event: 2567.302 GC heap after
{Heap after GC invocations=73 (full 0):
 garbage-first heap   total 540672K, used 236707K [0x0000000700000000, 0x0000000800000000)
  region size 2048K, 13 young (26624K), 13 survivors (26624K)
 Metaspace       used 117673K, committed 119232K, reserved 1179648K
  class space    used 16051K, committed 16768K, reserved 1048576K
}
Event: 2579.999 GC heap before
{Heap before GC invocations=73 (full 0):
 garbage-first heap   total 540672K, used 437411K [0x0000000700000000, 0x0000000800000000)
  region size 2048K, 93 young (190464K), 13 survivors (26624K)
 Metaspace       used 118127K, committed 119744K, reserved 1179648K
  class space    used 16120K, committed 16832K, reserved 1048576K
}
Event: 2580.032 GC heap after
{Heap after GC invocations=74 (full 0):
 garbage-first heap   total 540672K, used 299541K [0x0000000700000000, 0x0000000800000000)
  region size 2048K, 11 young (22528K), 11 survivors (22528K)
 Metaspace       used 118127K, committed 119744K, reserved 1179648K
  class space    used 16120K, committed 16832K, reserved 1048576K
}
Event: 2751.622 GC heap before
{Heap before GC invocations=75 (full 0):
 garbage-first heap   total 593920K, used 551445K [0x0000000700000000, 0x0000000800000000)
  region size 2048K, 49 young (100352K), 11 survivors (22528K)
 Metaspace       used 118288K, committed 120000K, reserved 1179648K
  class space    used 16142K, committed 16896K, reserved 1048576K
}
Event: 2751.632 GC heap after
{Heap after GC invocations=76 (full 0):
 garbage-first heap   total 593920K, used 260546K [0x0000000700000000, 0x0000000800000000)
  region size 2048K, 3 young (6144K), 3 survivors (6144K)
 Metaspace       used 118288K, committed 120000K, reserved 1179648K
  class space    used 16142K, committed 16896K, reserved 1048576K
}
Event: 2985.300 GC heap before
{Heap before GC invocations=76 (full 0):
 garbage-first heap   total 593920K, used 281026K [0x0000000700000000, 0x0000000800000000)
  region size 2048K, 14 young (28672K), 3 survivors (6144K)
 Metaspace       used 118335K, committed 120000K, reserved 1179648K
  class space    used 16144K, committed 16896K, reserved 1048576K
}
Event: 2985.308 GC heap after
{Heap after GC invocations=77 (full 0):
 garbage-first heap   total 593920K, used 256493K [0x0000000700000000, 0x0000000800000000)
  region size 2048K, 2 young (4096K), 2 survivors (4096K)
 Metaspace       used 118335K, committed 120000K, reserved 1179648K
  class space    used 16144K, committed 16896K, reserved 1048576K
}

Dll operation events (2 events):
Event: 0.007 Loaded shared library C:\Program Files\Android\Android Studio\jbr\bin\java.dll
Event: 0.362 Loaded shared library C:\Program Files\Android\Android Studio\jbr\bin\verify.dll

Deoptimization events (20 events):
Event: 2985.232 Thread 0x000001e359d2d0a0 Uncommon trap: trap_request=0xffffff76 fr.pc=0x000001e3403af4c8 relative=0x00000000000001a8
Event: 2985.232 Thread 0x000001e359d2d0a0 Uncommon trap: reason=predicate action=maybe_recompile pc=0x000001e3403af4c8 method=java.util.LinkedHashMap.valuesToArray([Ljava/lang/Object;)[Ljava/lang/Object; @ 12 c2
Event: 2985.232 Thread 0x000001e359d2d0a0 DEOPT PACKING pc=0x000001e3403af4c8 sp=0x000000bca56f6820
Event: 2985.232 Thread 0x000001e359d2d0a0 DEOPT UNPACKING pc=0x000001e33ede69a3 sp=0x000000bca56f67d8 mode 2
Event: 2985.251 Thread 0x000001e359d2d0a0 Uncommon trap: trap_request=0xffffffbe fr.pc=0x000001e34031be40 relative=0x0000000000000a00
Event: 2985.251 Thread 0x000001e359d2d0a0 Uncommon trap: reason=profile_predicate action=maybe_recompile pc=0x000001e34031be40 method=org.gradle.internal.Actions$CompositeAction.execute(Ljava/lang/Object;)V @ 16 c2
Event: 2985.251 Thread 0x000001e359d2d0a0 DEOPT PACKING pc=0x000001e34031be40 sp=0x000000bca56f8a90
Event: 2985.251 Thread 0x000001e359d2d0a0 DEOPT UNPACKING pc=0x000001e33ede69a3 sp=0x000000bca56f8a60 mode 2
Event: 2985.254 Thread 0x000001e359d2d0a0 Uncommon trap: trap_request=0xffffffbe fr.pc=0x000001e34031be40 relative=0x0000000000000a00
Event: 2985.254 Thread 0x000001e359d2d0a0 Uncommon trap: reason=profile_predicate action=maybe_recompile pc=0x000001e34031be40 method=org.gradle.internal.Actions$CompositeAction.execute(Ljava/lang/Object;)V @ 16 c2
Event: 2985.254 Thread 0x000001e359d2d0a0 DEOPT PACKING pc=0x000001e34031be40 sp=0x000000bca56f8a90
Event: 2985.254 Thread 0x000001e359d2d0a0 DEOPT UNPACKING pc=0x000001e33ede69a3 sp=0x000000bca56f8a60 mode 2
Event: 2985.259 Thread 0x000001e359d2d0a0 Uncommon trap: trap_request=0xffffff66 fr.pc=0x000001e3403c1168 relative=0x00000000000009c8
Event: 2985.259 Thread 0x000001e359d2d0a0 Uncommon trap: reason=speculate_class_check action=maybe_recompile pc=0x000001e3403c1168 method=java.util.regex.Pattern$CharPredicate.lambda$negate$3(I)Z @ 2 c2
Event: 2985.259 Thread 0x000001e359d2d0a0 DEOPT PACKING pc=0x000001e3403c1168 sp=0x000000bca56f8590
Event: 2985.259 Thread 0x000001e359d2d0a0 DEOPT UNPACKING pc=0x000001e33ede69a3 sp=0x000000bca56f83f0 mode 2
Event: 2985.259 Thread 0x000001e359d2d0a0 Uncommon trap: trap_request=0xffffff66 fr.pc=0x000001e3403c1168 relative=0x00000000000009c8
Event: 2985.259 Thread 0x000001e359d2d0a0 Uncommon trap: reason=speculate_class_check action=maybe_recompile pc=0x000001e3403c1168 method=java.util.regex.Pattern$CharPredicate.lambda$negate$3(I)Z @ 2 c2
Event: 2985.259 Thread 0x000001e359d2d0a0 DEOPT PACKING pc=0x000001e3403c1168 sp=0x000000bca56f8590
Event: 2985.259 Thread 0x000001e359d2d0a0 DEOPT UNPACKING pc=0x000001e33ede69a3 sp=0x000000bca56f83f0 mode 2

Classes unloaded (8 events):
Event: 2398.111 Thread 0x000001e3533c8110 Unloading class 0x0000000800e71c00 'java/lang/invoke/LambdaForm$DMH+0x0000000800e71c00'
Event: 2398.111 Thread 0x000001e3533c8110 Unloading class 0x0000000800e72000 'java/lang/invoke/LambdaForm$DMH+0x0000000800e72000'
Event: 2398.111 Thread 0x000001e3533c8110 Unloading class 0x0000000800e71800 'java/lang/invoke/LambdaForm$DMH+0x0000000800e71800'
Event: 2398.111 Thread 0x000001e3533c8110 Unloading class 0x0000000800e71000 'java/lang/invoke/LambdaForm$DMH+0x0000000800e71000'
Event: 2398.111 Thread 0x000001e3533c8110 Unloading class 0x0000000800e70c00 'java/lang/invoke/LambdaForm$DMH+0x0000000800e70c00'
Event: 2398.111 Thread 0x000001e3533c8110 Unloading class 0x0000000800e71400 'java/lang/invoke/LambdaForm$DMH+0x0000000800e71400'
Event: 2398.111 Thread 0x000001e3533c8110 Unloading class 0x0000000800e70400 'java/lang/invoke/LambdaForm$DMH+0x0000000800e70400'
Event: 2398.111 Thread 0x000001e3533c8110 Unloading class 0x0000000800e70000 'java/lang/invoke/LambdaForm$DMH+0x0000000800e70000'

Classes redefined (0 events):
No events

Internal exceptions (20 events):
Event: 2410.345 Thread 0x000001e35ccbd570 Exception <a 'java/lang/NoSuchMethodError'{0x000000071c8ad678}: 'java.lang.Object java.lang.invoke.DirectMethodHandle$Holder.newInvokeSpecial(java.lang.Object, java.lang.Object, java.lang.Object, java.lang.Object, java.lang.Object, java.lang.Object, java.lang.Object, int)'> (0x000000071c8ad678) 
thrown [s\src\hotspot\share\interpreter\linkResolver.cpp, line 771]
Event: 2410.345 Thread 0x000001e35ccbd570 Exception <a 'java/lang/NoSuchMethodError'{0x000000071c8b2e98}: 'java.lang.Object java.lang.invoke.DirectMethodHandle$Holder.invokeSpecial(java.lang.Object, java.lang.Object, java.lang.Object, java.lang.Object, java.lang.Object, java.lang.Object, java.lang.Object, java.lang.Object, int)'> (0x000000071c8b2e98) 
thrown [s\src\hotspot\share\interpreter\linkResolver.cpp, line 771]
Event: 2410.346 Thread 0x000001e35ccbd570 Exception <a 'java/lang/NoSuchMethodError'{0x000000071c8b7e28}: 'java.lang.Object java.lang.invoke.Invokers$Holder.linkToTargetMethod(java.lang.Object, java.lang.Object, java.lang.Object, java.lang.Object, java.lang.Object, java.lang.Object, int, java.lang.Object)'> (0x000000071c8b7e28) 
thrown [s\src\hotspot\share\interpreter\linkResolver.cpp, line 771]
Event: 2410.578 Thread 0x000001e35ccbd570 Exception <a 'java/lang/NoSuchMethodError'{0x000000071c2c3da8}: 'java.lang.Object java.lang.invoke.Invokers$Holder.invoke_MT(java.lang.Object, java.lang.Object, java.lang.Object)'> (0x000000071c2c3da8) 
thrown [s\src\hotspot\share\interpreter\linkResolver.cpp, line 771]
Event: 2410.998 Thread 0x000001e35ccbd570 Implicit null exception at 0x000001e33f7e7996 to 0x000001e33f7e7b0c
Event: 2412.058 Thread 0x000001e35ccbd570 Implicit null exception at 0x000001e33fe07250 to 0x000001e33fe07280
Event: 2412.058 Thread 0x000001e35ccbd570 Implicit null exception at 0x000001e33f509f4e to 0x000001e33f509f74
Event: 2565.959 Thread 0x000001e35ccbe4a0 Implicit null exception at 0x000001e33ffc6faf to 0x000001e33ffca88c
Event: 2566.038 Thread 0x000001e35ccbe4a0 Implicit null exception at 0x000001e33ffc6faf to 0x000001e33ffca88c
Event: 2566.237 Thread 0x000001e35ccbe4a0 Exception <a 'sun/nio/fs/WindowsException'{0x000000071c5f91d8}> (0x000000071c5f91d8) 
thrown [s\src\hotspot\share\prims\jni.cpp, line 531]
Event: 2567.251 Thread 0x000001e35ccbe4a0 Exception <a 'sun/nio/fs/WindowsException'{0x0000000714e8d740}> (0x0000000714e8d740) 
thrown [s\src\hotspot\share\prims\jni.cpp, line 531]
Event: 2567.259 Thread 0x000001e35ccbe4a0 Exception <a 'sun/nio/fs/WindowsException'{0x0000000714f2ab08}> (0x0000000714f2ab08) 
thrown [s\src\hotspot\share\prims\jni.cpp, line 531]
Event: 2567.259 Thread 0x000001e35ccbe4a0 Exception <a 'sun/nio/fs/WindowsException'{0x0000000714f2bd70}> (0x0000000714f2bd70) 
thrown [s\src\hotspot\share\prims\jni.cpp, line 531]
Event: 2567.259 Thread 0x000001e35ccbe4a0 Exception <a 'sun/nio/fs/WindowsException'{0x0000000714f2d028}> (0x0000000714f2d028) 
thrown [s\src\hotspot\share\prims\jni.cpp, line 531]
Event: 2567.259 Thread 0x000001e35ccbe4a0 Exception <a 'sun/nio/fs/WindowsException'{0x0000000714f2e2e0}> (0x0000000714f2e2e0) 
thrown [s\src\hotspot\share\prims\jni.cpp, line 531]
Event: 2567.336 Thread 0x000001e35ccbe4a0 Implicit null exception at 0x000001e33ffc6faf to 0x000001e33ffca88c
Event: 2579.422 Thread 0x000001e35ccca500 Implicit null exception at 0x000001e340300cda to 0x000001e340300de0
Event: 2579.942 Thread 0x000001e359d2bc60 Exception <a 'sun/nio/fs/WindowsException'{0x000000071b95e2e0}> (0x000000071b95e2e0) 
thrown [s\src\hotspot\share\prims\jni.cpp, line 531]
Event: 2579.942 Thread 0x000001e359d2bc60 Exception <a 'sun/nio/fs/WindowsException'{0x000000071b95eb78}> (0x000000071b95eb78) 
thrown [s\src\hotspot\share\prims\jni.cpp, line 531]
Event: 2579.942 Thread 0x000001e359d2bc60 Exception <a 'sun/nio/fs/WindowsException'{0x000000071b95efb8}> (0x000000071b95efb8) 
thrown [s\src\hotspot\share\prims\jni.cpp, line 531]

VM Operations (20 events):
Event: 2580.209 Executing VM operation: G1PauseRemark
Event: 2580.216 Executing VM operation: G1PauseRemark done
Event: 2580.297 Executing VM operation: G1PauseCleanup
Event: 2580.298 Executing VM operation: G1PauseCleanup done
Event: 2582.298 Executing VM operation: Cleanup
Event: 2582.299 Executing VM operation: Cleanup done
Event: 2583.299 Executing VM operation: Cleanup
Event: 2583.299 Executing VM operation: Cleanup done
Event: 2585.477 Executing VM operation: HandshakeAllThreads
Event: 2585.477 Executing VM operation: HandshakeAllThreads done
Event: 2592.479 Executing VM operation: Cleanup
Event: 2592.479 Executing VM operation: Cleanup done
Event: 2700.536 Executing VM operation: Cleanup
Event: 2700.536 Executing VM operation: Cleanup done
Event: 2751.622 Executing VM operation: G1CollectForAllocation
Event: 2751.632 Executing VM operation: G1CollectForAllocation done
Event: 2983.726 Executing VM operation: Cleanup
Event: 2983.726 Executing VM operation: Cleanup done
Event: 2985.299 Executing VM operation: G1CollectForAllocation
Event: 2985.308 Executing VM operation: G1CollectForAllocation done

Events (20 events):
Event: 2985.272 Thread 0x000001e359d2ef00 Thread added: 0x000001e359d2ef00
Event: 2985.272 Thread 0x000001e359d2f410 Thread added: 0x000001e359d2f410
Event: 2985.272 Thread 0x000001e359d2f920 Thread added: 0x000001e359d2f920
Event: 2985.272 Thread 0x000001e359d2fe30 Thread added: 0x000001e359d2fe30
Event: 2985.272 Thread 0x000001e359d289c0 Thread added: 0x000001e359d289c0
Event: 2985.272 Thread 0x000001e359d30340 Thread added: 0x000001e359d30340
Event: 2985.272 Thread 0x000001e359d28ed0 Thread added: 0x000001e359d28ed0
Event: 2985.272 Thread 0x000001e359d34000 Thread added: 0x000001e359d34000
Event: 2985.275 Thread 0x000001e359d35950 Thread added: 0x000001e359d35950
Event: 2985.283 Thread 0x000001e35a87ffa0 Thread added: 0x000001e35a87ffa0
Event: 2985.311 Thread 0x000001e359d30850 Thread added: 0x000001e359d30850
Event: 2985.311 Thread 0x000001e359d36880 Thread added: 0x000001e359d36880
Event: 2985.311 Thread 0x000001e359d31270 Thread added: 0x000001e359d31270
Event: 2985.311 Thread 0x000001e359d30d60 Thread added: 0x000001e359d30d60
Event: 2985.311 Thread 0x000001e359d31780 Thread added: 0x000001e359d31780
Event: 2985.311 Thread 0x000001e359d34510 Thread added: 0x000001e359d34510
Event: 2985.312 Thread 0x000001e359d35e60 Thread added: 0x000001e359d35e60
Event: 2985.312 Thread 0x000001e359d31c90 Thread added: 0x000001e359d31c90
Event: 2985.312 Thread 0x000001e359d36370 Thread added: 0x000001e359d36370
Event: 2985.312 Thread 0x000001e359d321a0 Thread added: 0x000001e359d321a0


Dynamic libraries:
0x00007ff72f150000 - 0x00007ff72f15a000 	C:\Program Files\Android\Android Studio\jbr\bin\java.exe
0x00007ffcd23b0000 - 0x00007ffcd25a8000 	C:\WINDOWS\SYSTEM32\ntdll.dll
0x00007ffcd0b80000 - 0x00007ffcd0c41000 	C:\WINDOWS\System32\KERNEL32.DLL
0x00007ffccff80000 - 0x00007ffcd027d000 	C:\WINDOWS\System32\KERNELBASE.dll
0x00007ffccfe80000 - 0x00007ffccff80000 	C:\WINDOWS\System32\ucrtbase.dll
0x00007ffca95a0000 - 0x00007ffca95b7000 	C:\Program Files\Android\Android Studio\jbr\bin\jli.dll
0x00007ffcb0580000 - 0x00007ffcb059b000 	C:\Program Files\Android\Android Studio\jbr\bin\VCRUNTIME140.dll
0x00007ffcd0ff0000 - 0x00007ffcd118d000 	C:\WINDOWS\System32\USER32.dll
0x00007ffccfba0000 - 0x00007ffccfbc2000 	C:\WINDOWS\System32\win32u.dll
0x00007ffcaf920000 - 0x00007ffcafbba000 	C:\WINDOWS\WinSxS\amd64_microsoft.windows.common-controls_6595b64144ccf1df_6.0.19041.4355_none_60b8b9eb71f62e16\COMCTL32.dll
0x00007ffcd03e0000 - 0x00007ffcd040b000 	C:\WINDOWS\System32\GDI32.dll
0x00007ffcd12d0000 - 0x00007ffcd136e000 	C:\WINDOWS\System32\msvcrt.dll
0x00007ffccfbd0000 - 0x00007ffccfce7000 	C:\WINDOWS\System32\gdi32full.dll
0x00007ffcd02f0000 - 0x00007ffcd038d000 	C:\WINDOWS\System32\msvcp_win.dll
0x00007ffcd0d80000 - 0x00007ffcd0daf000 	C:\WINDOWS\System32\IMM32.DLL
0x00007ffcafde0000 - 0x00007ffcafdec000 	C:\Program Files\Android\Android Studio\jbr\bin\vcruntime140_1.dll
0x00007ffc53a50000 - 0x00007ffc53add000 	C:\Program Files\Android\Android Studio\jbr\bin\msvcp140.dll
0x00007ffc5d400000 - 0x00007ffc5e083000 	C:\Program Files\Android\Android Studio\jbr\bin\server\jvm.dll
0x00007ffcd1510000 - 0x00007ffcd15c0000 	C:\WINDOWS\System32\ADVAPI32.dll
0x00007ffcd0e10000 - 0x00007ffcd0eb0000 	C:\WINDOWS\System32\sechost.dll
0x00007ffcd0ec0000 - 0x00007ffcd0fe3000 	C:\WINDOWS\System32\RPCRT4.dll
0x00007ffccfe50000 - 0x00007ffccfe77000 	C:\WINDOWS\System32\bcrypt.dll
0x00007ffcaa4e0000 - 0x00007ffcaa4e9000 	C:\WINDOWS\SYSTEM32\WSOCK32.dll
0x00007ffcc6260000 - 0x00007ffcc6287000 	C:\WINDOWS\SYSTEM32\WINMM.dll
0x00007ffccf440000 - 0x00007ffccf48b000 	C:\WINDOWS\SYSTEM32\POWRPROF.dll
0x00007ffcc8e50000 - 0x00007ffcc8e5a000 	C:\WINDOWS\SYSTEM32\VERSION.dll
0x00007ffcd1250000 - 0x00007ffcd12bb000 	C:\WINDOWS\System32\WS2_32.dll
0x00007ffccf420000 - 0x00007ffccf432000 	C:\WINDOWS\SYSTEM32\UMPDC.dll
0x00007ffccd900000 - 0x00007ffccd912000 	C:\WINDOWS\SYSTEM32\kernel.appcore.dll
0x00007ffcaa4b0000 - 0x00007ffcaa4ba000 	C:\Program Files\Android\Android Studio\jbr\bin\jimage.dll
0x00007ffcc9740000 - 0x00007ffcc9924000 	C:\WINDOWS\SYSTEM32\DBGHELP.DLL
0x00007ffcbfa90000 - 0x00007ffcbfac4000 	C:\WINDOWS\SYSTEM32\dbgcore.DLL
0x00007ffccfa60000 - 0x00007ffccfae2000 	C:\WINDOWS\System32\bcryptPrimitives.dll
0x00007ffcaa480000 - 0x00007ffcaa4a5000 	C:\Program Files\Android\Android Studio\jbr\bin\java.dll
0x00007ffcaa460000 - 0x00007ffcaa478000 	C:\Program Files\Android\Android Studio\jbr\bin\zip.dll
0x00007ffcd0410000 - 0x00007ffcd0b7f000 	C:\WINDOWS\System32\SHELL32.dll
0x00007ffccdb00000 - 0x00007ffcce2a3000 	C:\WINDOWS\SYSTEM32\windows.storage.dll
0x00007ffcd2010000 - 0x00007ffcd2363000 	C:\WINDOWS\System32\combase.dll
0x00007ffccf490000 - 0x00007ffccf4be000 	C:\WINDOWS\SYSTEM32\Wldp.dll
0x00007ffcd1e60000 - 0x00007ffcd1f2d000 	C:\WINDOWS\System32\OLEAUT32.dll
0x00007ffcd11a0000 - 0x00007ffcd124d000 	C:\WINDOWS\System32\SHCORE.dll
0x00007ffcd0db0000 - 0x00007ffcd0e05000 	C:\WINDOWS\System32\shlwapi.dll
0x00007ffccf990000 - 0x00007ffccf9b4000 	C:\WINDOWS\SYSTEM32\profapi.dll
0x00007ffcaa440000 - 0x00007ffcaa459000 	C:\Program Files\Android\Android Studio\jbr\bin\net.dll
0x00007ffcc93a0000 - 0x00007ffcc94ad000 	C:\WINDOWS\SYSTEM32\WINHTTP.dll
0x00007ffccf120000 - 0x00007ffccf18a000 	C:\WINDOWS\system32\mswsock.dll
0x00007ffcaa420000 - 0x00007ffcaa436000 	C:\Program Files\Android\Android Studio\jbr\bin\nio.dll
0x00007ffca9f30000 - 0x00007ffca9f40000 	C:\Program Files\Android\Android Studio\jbr\bin\verify.dll
0x00007ffc8cef0000 - 0x00007ffc8cf17000 	C:\Users\DAVID\.gradle\native\c067742578af261105cb4f569cf0c3c89f3d7b1fecec35dd04571415982c5e48\windows-amd64\native-platform.dll
0x00007ffc53900000 - 0x00007ffc53a44000 	C:\Users\DAVID\.gradle\native\38dada09dfb8b06ba9b0570ebf7e218e3eb74d4ef43ca46872605cf95ebc2f47\windows-amd64\native-platform-file-events.dll
0x00007ffcaa0b0000 - 0x00007ffcaa0b9000 	C:\Program Files\Android\Android Studio\jbr\bin\management.dll
0x00007ffcaa0a0000 - 0x00007ffcaa0ab000 	C:\Program Files\Android\Android Studio\jbr\bin\management_ext.dll
0x00007ffcd1190000 - 0x00007ffcd1198000 	C:\WINDOWS\System32\PSAPI.DLL
0x00007ffccf380000 - 0x00007ffccf398000 	C:\WINDOWS\SYSTEM32\CRYPTSP.dll
0x00007ffccea40000 - 0x00007ffccea74000 	C:\WINDOWS\system32\rsaenh.dll
0x00007ffccf910000 - 0x00007ffccf93e000 	C:\WINDOWS\SYSTEM32\USERENV.dll
0x00007ffccf370000 - 0x00007ffccf37c000 	C:\WINDOWS\SYSTEM32\CRYPTBASE.dll
0x00007ffccee00000 - 0x00007ffccee3b000 	C:\WINDOWS\SYSTEM32\IPHLPAPI.DLL
0x00007ffcd0eb0000 - 0x00007ffcd0eb8000 	C:\WINDOWS\System32\NSI.dll
0x00007ffccb8d0000 - 0x00007ffccb8e7000 	C:\WINDOWS\SYSTEM32\dhcpcsvc6.DLL
0x00007ffccac20000 - 0x00007ffccac3d000 	C:\WINDOWS\SYSTEM32\dhcpcsvc.DLL
0x00007ffccee40000 - 0x00007ffccef0a000 	C:\WINDOWS\SYSTEM32\DNSAPI.dll
0x00007ffcaa2e0000 - 0x00007ffcaa2e9000 	C:\Program Files\Android\Android Studio\jbr\bin\extnet.dll
0x00007ffcaa2f0000 - 0x00007ffcaa2f7000 	C:\WINDOWS\system32\wshunix.dll
0x00007ffccc9d0000 - 0x00007ffccc9ee000 	C:\Users\DAVID\AppData\Local\Temp\native-platform5504899028451665132dir\native-platform.dll
0x00007ffccc9c0000 - 0x00007ffccc9c7000 	C:\Program Files\Android\Android Studio\jbr\bin\rmi.dll

dbghelp: loaded successfully - version: 4.0.5 - missing functions: none
symbol engine: initialized successfully - sym options: 0x614 - pdb path: .;C:\Program Files\Android\Android Studio\jbr\bin;C:\WINDOWS\SYSTEM32;C:\WINDOWS\WinSxS\amd64_microsoft.windows.common-controls_6595b64144ccf1df_6.0.19041.4355_none_60b8b9eb71f62e16;C:\Program Files\Android\Android Studio\jbr\bin\server;C:\Users\DAVID\.gradle\native\c067742578af261105cb4f569cf0c3c89f3d7b1fecec35dd04571415982c5e48\windows-amd64;C:\Users\DAVID\.gradle\native\38dada09dfb8b06ba9b0570ebf7e218e3eb74d4ef43ca46872605cf95ebc2f47\windows-amd64;C:\Users\DAVID\AppData\Local\Temp\native-platform5504899028451665132dir

VM Arguments:
jvm_args: -XX:MaxMetaspaceSize=2G -XX:+HeapDumpOnOutOfMemoryError --add-opens=java.base/java.util=ALL-UNNAMED --add-opens=java.base/java.lang=ALL-UNNAMED --add-opens=java.base/java.lang.invoke=ALL-UNNAMED --add-opens=java.prefs/java.util.prefs=ALL-UNNAMED --add-opens=java.base/java.nio.charset=ALL-UNNAMED --add-opens=java.base/java.net=ALL-UNNAMED --add-opens=java.base/java.util.concurrent.atomic=ALL-UNNAMED -Xmx4G -Dfile.encoding=windows-1252 -Duser.country=BR -Duser.language=pt -Duser.variant 
java_command: org.gradle.launcher.daemon.bootstrap.GradleDaemon 7.6.3
java_class_path (initial): C:\Users\DAVID\.gradle\wrapper\dists\gradle-7.6.3-all\aocdy2d2z8kodnny3rsumj8i8\gradle-7.6.3\lib\gradle-launcher-7.6.3.jar
Launcher Type: SUN_STANDARD

[Global flags]
     intx CICompilerCount                        