#
# There is insufficient memory for the Java Runtime Environment to continue.
# Native memory allocation (malloc) failed to allocate 58496 bytes. Error detail: Chunk::new
# Possible reasons:
#   The system is out of physical RAM or swap space
#   This process is running with CompressedOops enabled, and the Java Heap may be blocking the growth of the native heap
# Possible solutions:
#   Reduce memory load on the system
#   Increase physical memory or swap space
#   Check if swap backing store is full
#   Decrease Java heap size (-Xmx/-Xms)
#   Decrease number of Java threads
#   Decrease Java thread stack sizes (-Xss)
#   Set larger code cache with -XX:ReservedCodeCacheSize=
#   JVM is running with Zero Based Compressed Oops mode in which the Java heap is
#     placed in the first 32GB address space. The Java Heap base address is the
#     maximum limit for the native heap growth. Please use -XX:HeapBaseMinAddress
#     to set the Java Heap base and to place the Java Heap above 32GB virtual address.
# This output file may be truncated or incomplete.
#
#  Out of Memory Error (arena.cpp:191), pid=13460, tid=13624
#
# JRE version: OpenJDK Runtime Environment (17.0.11) (build 17.0.11+0--11852314)
# Java VM: OpenJDK 64-Bit Server VM (17.0.11+0--11852314, mixed mode, tiered, compressed oops, compressed class ptrs, g1 gc, windows-amd64)
# No core dump will be written. Minidumps are not enabled by default on client versions of Windows
#

---------------  S U M M A R Y ------------

Command Line: -Dorg.gradle.appname=gradlew org.gradle.wrapper.GradleWrapperMain -q -Ptarget-platform=android-x64 -Ptarget=D:\DOCUMENTOS\PROJETO_FLUTTER\dmega\lib\main.dart -Pbase-application-name=android.app.Application -Pdart-obfuscation=false -Ptrack-widget-creation=true -Ptree-shake-icons=false -Pfilesystem-scheme=org-dartlang-root assembleDebug

Host: AMD Ryzen 5 1600 Six-Core Processor            , 12 cores, 15G,  Windows 10 , 64 bit Build 19041 (10.0.19041.4842)
Time: Sat Sep 21 21:20:35 2024 Hora oficial do Brasil elapsed time: 0.418730 seconds (0d 0h 0m 0s)

---------------  T H R E A D  ---------------

Current thread (0x0000025e21094da0):  JavaThread "C2 CompilerThread2" daemon [_thread_in_native, id=13624, stack(0x000000f779d00000,0x000000f779e00000)]


Current CompileTask:
C2:    418  616       4       java.lang.StringLatin1::replace (198 bytes)

Stack: [0x000000f779d00000,0x000000f779e00000]
Native frames: (J=compiled Java code, j=interpreted, Vv=VM code, C=native code)
V  [jvm.dll+0x687bb9]
V  [jvm.dll+0x84142a]
V  [jvm.dll+0x8430ae]
V  [jvm.dll+0x843713]
V  [jvm.dll+0x24a35f]
V  [jvm.dll+0xac544]
V  [jvm.dll+0xacb8c]
V  [jvm.dll+0x2b194f]
V  [jvm.dll+0x58eba7]
V  [jvm.dll+0x2247e2]
V  [jvm.dll+0x21d99f]
V  [jvm.dll+0x21b201]
V  [jvm.dll+0x1a63ed]
V  [jvm.dll+0x22b1ee]
V  [jvm.dll+0x229375]
V  [jvm.dll+0x7f5647]
V  [jvm.dll+0x7efa4a]
V  [jvm.dll+0x686a35]
C  [ucrtbase.dll+0x21bb2]
C  [KERNEL32.DLL+0x17374]
C  [ntdll.dll+0x4cc91]


---------------  P R O C E S S  ---------------

Threads class SMR info:
_java_thread_list=0x0000025e21025ff0, length=14, elements={
0x0000025e7a9deaa0, 0x0000025e1c3f3c70, 0x0000025e1c3f4af0, 0x0000025e1c42d9d0,
0x0000025e1c4525d0, 0x0000025e1c452f90, 0x0000025e1c446c10, 0x0000025e1c4479b0,
0x0000025e1c44bb70, 0x0000025e1c4618f0, 0x0000025e1c5d1ae0, 0x0000025e1c5d2670,
0x0000025e210a1450, 0x0000025e21094da0
}

Java Threads: ( => current thread )
  0x0000025e7a9deaa0 JavaThread "main" [_thread_in_vm, id=13636, stack(0x000000f778900000,0x000000f778a00000)]
  0x0000025e1c3f3c70 JavaThread "Reference Handler" daemon [_thread_blocked, id=13844, stack(0x000000f779000000,0x000000f779100000)]
  0x0000025e1c3f4af0 JavaThread "Finalizer" daemon [_thread_blocked, id=7632, stack(0x000000f779100000,0x000000f779200000)]
  0x0000025e1c42d9d0 JavaThread "Signal Dispatcher" daemon [_thread_blocked, id=14008, stack(0x000000f779200000,0x000000f779300000)]
  0x0000025e1c4525d0 JavaThread "Attach Listener" daemon [_thread_blocked, id=13440, stack(0x000000f779300000,0x000000f779400000)]
  0x0000025e1c452f90 JavaThread "Service Thread" daemon [_thread_blocked, id=13168, stack(0x000000f779400000,0x000000f779500000)]
  0x0000025e1c446c10 JavaThread "Monitor Deflation Thread" daemon [_thread_blocked, id=13908, stack(0x000000f779500000,0x000000f779600000)]
  0x0000025e1c4479b0 JavaThread "C2 CompilerThread0" daemon [_thread_in_native, id=6188, stack(0x000000f779600000,0x000000f779700000)]
  0x0000025e1c44bb70 JavaThread "C1 CompilerThread0" daemon [_thread_blocked, id=4912, stack(0x000000f779700000,0x000000f779800000)]
  0x0000025e1c4618f0 JavaThread "Sweeper thread" daemon [_thread_blocked, id=12380, stack(0x000000f779800000,0x000000f779900000)]
  0x0000025e1c5d1ae0 JavaThread "Notification Thread" daemon [_thread_blocked, id=12360, stack(0x000000f779900000,0x000000f779a00000)]
  0x0000025e1c5d2670 JavaThread "Common-Cleaner" daemon [_thread_blocked, id=11084, stack(0x000000f779b00000,0x000000f779c00000)]
  0x0000025e210a1450 JavaThread "C2 CompilerThread1" daemon [_thread_in_native, id=12436, stack(0x000000f779c00000,0x000000f779d00000)]
=>0x0000025e21094da0 JavaThread "C2 CompilerThread2" daemon [_thread_in_native, id=13624, stack(0x000000f779d00000,0x000000f779e00000)]

Other Threads:
  0x0000025e7f6aec30 VMThread "VM Thread" [stack: 0x000000f778f00000,0x000000f779000000] [id=7236]
  0x0000025e1c5d23d0 WatcherThread [stack: 0x000000f779a00000,0x000000f779b00000] [id=2344]
  0x0000025e7cc3b870 GCTaskThread "GC Thread#0" [stack: 0x000000f778a00000,0x000000f778b00000] [id=13016]
  0x0000025e7cc4c690 ConcurrentGCThread "G1 Main Marker" [stack: 0x000000f778b00000,0x000000f778c00000] [id=548]
  0x0000025e7cc4d850 ConcurrentGCThread "G1 Conc#0" [stack: 0x000000f778c00000,0x000000f778d00000] [id=13412]
  0x0000025e7cc8db70 ConcurrentGCThread "G1 Refine#0" [stack: 0x000000f778d00000,0x000000f778e00000] [id=10636]
  0x0000025e7cc8e5a0 ConcurrentGCThread "G1 Service" [stack: 0x000000f778e00000,0x000000f778f00000] [id=11972]

Threads with active compile tasks:
C2 CompilerThread0      438  626       4       java.lang.String::substring (58 bytes)
C2 CompilerThread1      438  608       4       java.util.HashMap::putVal (300 bytes)
C2 CompilerThread2      438  616       4       java.lang.StringLatin1::replace (198 bytes)

VM state: not at safepoint (normal execution)

VM Mutex/Monitor currently owned by a thread:  ([mutex/lock_event])
[0x0000025e7a91a9a0] Metaspace_lock - owner thread: 0x0000025e7a9deaa0

OutOfMemory and StackOverflow Exception counts:
OutOfMemoryError java_heap_errors=2
LinkageErrors=1

Heap address: 0x0000000701200000, size: 4078 MB, Compressed Oops mode: Zero based, Oop shift amount: 3

CDS archive(s) not mapped
Compressed class space mapped at: 0x0000000800000000-0x0000000840000000, reserved size: 1073741824
Narrow klass base: 0x0000000800000000, Narrow klass shift: 0, Narrow klass range: 0x40000000

GC Precious Log:
 CPUs: 12 total, 12 available
 Memory: 16308M
 Large Page Support: Disabled
 NUMA Support: Disabled
 Compressed Oops: Enabled (Zero based)
 Heap Region Size: 2M
 Heap Min Capacity: 8M
 Heap Initial Capacity: 256M
 Heap Max Capacity: 4078M
 Pre-touch: Disabled
 Parallel Workers: 10
 Concurrent Workers: 3
 Concurrent Refinement Workers: 10
 Periodic GC: Disabled

Heap:
 garbage-first heap   total 262144K, used 12288K [0x0000000701200000, 0x0000000800000000)
  region size 2048K, 8 young (16384K), 0 survivors (0K)
 Metaspace       used 8764K, committed 8896K, reserved 1114112K
  class space    used 786K, committed 896K, reserved 1048576K

Heap Regions: E=young(eden), S=young(survivor), O=old, HS=humongous(starts), HC=humongous(continues), CS=collection set, F=free, OA=open archive, CA=closed archive, TAMS=top-at-mark-start (previous, next)
|   0|0x0000000701200000, 0x0000000701200000, 0x0000000701400000|  0%| F|  |TAMS 0x0000000701200000, 0x0000000701200000| Untracked 
|   1|0x0000000701400000, 0x0000000701400000, 0x0000000701600000|  0%| F|  |TAMS 0x0000000701400000, 0x0000000701400000| Untracked 
|   2|0x0000000701600000, 0x0000000701600000, 0x0000000701800000|  0%| F|  |TAMS 0x0000000701600000, 0x0000000701600000| Untracked 
|   3|0x0000000701800000, 0x0000000701800000, 0x0000000701a00000|  0%| F|  |TAMS 0x0000000701800000, 0x0000000701800000| Untracked 
|   4|0x0000000701a00000, 0x0000000701a00000, 0x0000000701c00000|  0%| F|  |TAMS 0x0000000701a00000, 0x0000000701a00000| Untracked 
|   5|0x0000000701c00000, 0x0000000701c00000, 0x0000000701e00000|  0%| F|  |TAMS 0x0000000701c00000, 0x0000000701c00000| Untracked 
|   6|0x0000000701e00000, 0x0000000701e00000, 0x0000000702000000|  0%| F|  |TAMS 0x0000000701e00000, 0x0000000701e00000| Untracked 
|   7|0x0000000702000000, 0x0000000702000000, 0x0000000702200000|  0%| F|  |TAMS 0x0000000702000000, 0x0000000702000000| Untracked 
|   8|0x0000000702200000, 0x0000000702200000, 0x0000000702400000|  0%| F|  |TAMS 0x0000000702200000, 0x0000000702200000| Untracked 
|   9|0x0000000702400000, 0x0000000702400000, 0x0000000702600000|  0%| F|  |TAMS 0x0000000702400000, 0x0000000702400000| Untracked 
|  10|0x0000000702600000, 0x0000000702600000, 0x0000000702800000|  0%| F|  |TAMS 0x0000000702600000, 0x0000000702600000| Untracked 
|  11|0x0000000702800000, 0x0000000702800000, 0x0000000702a00000|  0%| F|  |TAMS 0x0000000702800000, 0x0000000702800000| Untracked 
|  12|0x0000000702a00000, 0x0000000702a00000, 0x0000000702c00000|  0%| F|  |TAMS 0x0000000702a00000, 0x0000000702a00000| Untracked 
|  13|0x0000000702c00000, 0x0000000702c00000, 0x0000000702e00000|  0%| F|  |TAMS 0x0000000702c00000, 0x0000000702c00000| Untracked 
|  14|0x0000000702e00000, 0x0000000702e00000, 0x0000000703000000|  0%| F|  |TAMS 0x0000000702e00000, 0x0000000702e00000| Untracked 
|  15|0x0000000703000000, 0x0000000703000000, 0x0000000703200000|  0%| F|  |TAMS 0x0000000703000000, 0x0000000703000000| Untracked 
|  16|0x0000000703200000, 0x0000000703200000, 0x0000000703400000|  0%| F|  |TAMS 0x0000000703200000, 0x0000000703200000| Untracked 
|  17|0x0000000703400000, 0x0000000703400000, 0x0000000703600000|  0%| F|  |TAMS 0x0000000703400000, 0x0000000703400000| Untracked 
|  18|0x0000000703600000, 0x0000000703600000, 0x0000000703800000|  0%| F|  |TAMS 0x0000000703600000, 0x0000000703600000| Untracked 
|  19|0x0000000703800000, 0x0000000703800000, 0x0000000703a00000|  0%| F|  |TAMS 0x0000000703800000, 0x0000000703800000| Untracked 
|  20|0x0000000703a00000, 0x0000000703a00000, 0x0000000703c00000|  0%| F|  |TAMS 0x0000000703a00000, 0x0000000703a00000| Untracked 
|  21|0x0000000703c00000, 0x0000000703c00000, 0x0000000703e00000|  0%| F|  |TAMS 0x0000000703c00000, 0x0000000703c00000| Untracked 
|  22|0x0000000703e00000, 0x0000000703e00000, 0x0000000704000000|  0%| F|  |TAMS 0x0000000703e00000, 0x0000000703e00000| Untracked 
|  23|0x0000000704000000, 0x0000000704000000, 0x0000000704200000|  0%| F|  |TAMS 0x0000000704000000, 0x0000000704000000| Untracked 
|  24|0x0000000704200000, 0x0000000704200000, 0x0000000704400000|  0%| F|  |TAMS 0x0000000704200000, 0x0000000704200000| Untracked 
|  25|0x0000000704400000, 0x0000000704400000, 0x0000000704600000|  0%| F|  |TAMS 0x0000000704400000, 0x0000000704400000| Untracked 
|  26|0x0000000704600000, 0x0000000704600000, 0x0000000704800000|  0%| F|  |TAMS 0x0000000704600000, 0x0000000704600000| Untracked 
|  27|0x0000000704800000, 0x0000000704800000, 0x0000000704a00000|  0%| F|  |TAMS 0x0000000704800000, 0x0000000704800000| Untracked 
|  28|0x0000000704a00000, 0x0000000704a00000, 0x0000000704c00000|  0%| F|  |TAMS 0x0000000704a00000, 0x0000000704a00000| Untracked 
|  29|0x0000000704c00000, 0x0000000704c00000, 0x0000000704e00000|  0%| F|  |TAMS 0x0000000704c00000, 0x0000000704c00000| Untracked 
|  30|0x0000000704e00000, 0x0000000704e00000, 0x0000000705000000|  0%| F|  |TAMS 0x0000000704e00000, 0x0000000704e00000| Untracked 
|  31|0x0000000705000000, 0x0000000705000000, 0x0000000705200000|  0%| F|  |TAMS 0x0000000705000000, 0x0000000705000000| Untracked 
|  32|0x0000000705200000, 0x0000000705200000, 0x0000000705400000|  0%| F|  |TAMS 0x0000000705200000, 0x0000000705200000| Untracked 
|  33|0x0000000705400000, 0x0000000705400000, 0x0000000705600000|  0%| F|  |TAMS 0x0000000705400000, 0x0000000705400000| Untracked 
|  34|0x0000000705600000, 0x0000000705600000, 0x0000000705800000|  0%| F|  |TAMS 0x0000000705600000, 0x0000000705600000| Untracked 
|  35|0x0000000705800000, 0x0000000705800000, 0x0000000705a00000|  0%| F|  |TAMS 0x0000000705800000, 0x0000000705800000| Untracked 
|  36|0x0000000705a00000, 0x0000000705a00000, 0x0000000705c00000|  0%| F|  |TAMS 0x0000000705a00000, 0x0000000705a00000| Untracked 
|  37|0x0000000705c00000, 0x0000000705c00000, 0x0000000705e00000|  0%| F|  |TAMS 0x0000000705c00000, 0x0000000705c00000| Untracked 
|  38|0x0000000705e00000, 0x0000000705e00000, 0x0000000706000000|  0%| F|  |TAMS 0x0000000705e00000, 0x0000000705e00000| Untracked 
|  39|0x0000000706000000, 0x0000000706000000, 0x0000000706200000|  0%| F|  |TAMS 0x0000000706000000, 0x0000000706000000| Untracked 
|  40|0x0000000706200000, 0x0000000706200000, 0x0000000706400000|  0%| F|  |TAMS 0x0000000706200000, 0x0000000706200000| Untracked 
|  41|0x0000000706400000, 0x0000000706400000, 0x0000000706600000|  0%| F|  |TAMS 0x0000000706400000, 0x0000000706400000| Untracked 
|  42|0x0000000706600000, 0x0000000706600000, 0x0000000706800000|  0%| F|  |TAMS 0x0000000706600000, 0x0000000706600000| Untracked 
|  43|0x0000000706800000, 0x0000000706800000, 0x0000000706a00000|  0%| F|  |TAMS 0x0000000706800000, 0x0000000706800000| Untracked 
|  44|0x0000000706a00000, 0x0000000706a00000, 0x0000000706c00000|  0%| F|  |TAMS 0x0000000706a00000, 0x0000000706a00000| Untracked 
|  45|0x0000000706c00000, 0x0000000706c00000, 0x0000000706e00000|  0%| F|  |TAMS 0x0000000706c00000, 0x0000000706c00000| Untracked 
|  46|0x0000000706e00000, 0x0000000706e00000, 0x0000000707000000|  0%| F|  |TAMS 0x0000000706e00000, 0x0000000706e00000| Untracked 
|  47|0x0000000707000000, 0x0000000707000000, 0x0000000707200000|  0%| F|  |TAMS 0x0000000707000000, 0x0000000707000000| Untracked 
|  48|0x0000000707200000, 0x0000000707200000, 0x0000000707400000|  0%| F|  |TAMS 0x0000000707200000, 0x0000000707200000| Untracked 
|  49|0x0000000707400000, 0x0000000707400000, 0x0000000707600000|  0%| F|  |TAMS 0x0000000707400000, 0x0000000707400000| Untracked 
|  50|0x0000000707600000, 0x0000000707600000, 0x0000000707800000|  0%| F|  |TAMS 0x0000000707600000, 0x0000000707600000| Untracked 
|  51|0x0000000707800000, 0x0000000707800000, 0x0000000707a00000|  0%| F|  |TAMS 0x0000000707800000, 0x0000000707800000| Untracked 
|  52|0x0000000707a00000, 0x0000000707a00000, 0x0000000707c00000|  0%| F|  |TAMS 0x0000000707a00000, 0x0000000707a00000| Untracked 
|  53|0x0000000707c00000, 0x0000000707c00000, 0x0000000707e00000|  0%| F|  |TAMS 0x0000000707c00000, 0x0000000707c00000| Untracked 
|  54|0x0000000707e00000, 0x0000000707e00000, 0x0000000708000000|  0%| F|  |TAMS 0x0000000707e00000, 0x0000000707e00000| Untracked 
|  55|0x0000000708000000, 0x0000000708000000, 0x0000000708200000|  0%| F|  |TAMS 0x0000000708000000, 0x0000000708000000| Untracked 
|  56|0x0000000708200000, 0x0000000708200000, 0x0000000708400000|  0%| F|  |TAMS 0x0000000708200000, 0x0000000708200000| Untracked 
|  57|0x0000000708400000, 0x0000000708400000, 0x0000000708600000|  0%| F|  |TAMS 0x0000000708400000, 0x0000000708400000| Untracked 
|  58|0x0000000708600000, 0x0000000708600000, 0x0000000708800000|  0%| F|  |TAMS 0x0000000708600000, 0x0000000708600000| Untracked 
|  59|0x0000000708800000, 0x0000000708800000, 0x0000000708a00000|  0%| F|  |TAMS 0x0000000708800000, 0x0000000708800000| Untracked 
|  60|0x0000000708a00000, 0x0000000708a00000, 0x0000000708c00000|  0%| F|  |TAMS 0x0000000708a00000, 0x0000000708a00000| Untracked 
|  61|0x0000000708c00000, 0x0000000708c00000, 0x0000000708e00000|  0%| F|  |TAMS 0x0000000708c00000, 0x0000000708c00000| Untracked 
|  62|0x0000000708e00000, 0x0000000708e00000, 0x0000000709000000|  0%| F|  |TAMS 0x0000000708e00000, 0x0000000708e00000| Untracked 
|  63|0x0000000709000000, 0x0000000709000000, 0x0000000709200000|  0%| F|  |TAMS 0x0000000709000000, 0x0000000709000000| Untracked 
|  64|0x0000000709200000, 0x0000000709200000, 0x0000000709400000|  0%| F|  |TAMS 0x0000000709200000, 0x0000000709200000| Untracked 
|  65|0x0000000709400000, 0x0000000709400000, 0x0000000709600000|  0%| F|  |TAMS 0x0000000709400000, 0x0000000709400000| Untracked 
|  66|0x0000000709600000, 0x0000000709600000, 0x0000000709800000|  0%| F|  |TAMS 0x0000000709600000, 0x0000000709600000| Untracked 
|  67|0x0000000709800000, 0x0000000709800000, 0x0000000709a00000|  0%| F|  |TAMS 0x0000000709800000, 0x0000000709800000| Untracked 
|  68|0x0000000709a00000, 0x0000000709a00000, 0x0000000709c00000|  0%| F|  |TAMS 0x0000000709a00000, 0x0000000709a00000| Untracked 
|  69|0x0000000709c00000, 0x0000000709c00000, 0x0000000709e00000|  0%| F|  |TAMS 0x0000000709c00000, 0x0000000709c00000| Untracked 
|  70|0x0000000709e00000, 0x0000000709e00000, 0x000000070a000000|  0%| F|  |TAMS 0x0000000709e00000, 0x0000000709e00000| Untracked 
|  71|0x000000070a000000, 0x000000070a000000, 0x000000070a200000|  0%| F|  |TAMS 0x000000070a000000, 0x000000070a000000| Untracked 
|  72|0x000000070a200000, 0x000000070a200000, 0x000000070a400000|  0%| F|  |TAMS 0x000000070a200000, 0x000000070a200000| Untracked 
|  73|0x000000070a400000, 0x000000070a400000, 0x000000070a600000|  0%| F|  |TAMS 0x000000070a400000, 0x000000070a400000| Untracked 
|  74|0x000000070a600000, 0x000000070a600000, 0x000000070a800000|  0%| F|  |TAMS 0x000000070a600000, 0x000000070a600000| Untracked 
|  75|0x000000070a800000, 0x000000070a800000, 0x000000070aa00000|  0%| F|  |TAMS 0x000000070a800000, 0x000000070a800000| Untracked 
|  76|0x000000070aa00000, 0x000000070aa00000, 0x000000070ac00000|  0%| F|  |TAMS 0x000000070aa00000, 0x000000070aa00000| Untracked 
|  77|0x000000070ac00000, 0x000000070ac00000, 0x000000070ae00000|  0%| F|  |TAMS 0x000000070ac00000, 0x000000070ac00000| Untracked 
|  78|0x000000070ae00000, 0x000000070ae00000, 0x000000070b000000|  0%| F|  |TAMS 0x000000070ae00000, 0x000000070ae00000| Untracked 
|  79|0x000000070b000000, 0x000000070b000000, 0x000000070b200000|  0%| F|  |TAMS 0x000000070b000000, 0x000000070b000000| Untracked 
|  80|0x000000070b200000, 0x000000070b200000, 0x000000070b400000|  0%| F|  |TAMS 0x000000070b200000, 0x000000070b200000| Untracked 
|  81|0x000000070b400000, 0x000000070b400000, 0x000000070b600000|  0%| F|  |TAMS 0x000000070b400000, 0x000000070b400000| Untracked 
|  82|0x000000070b600000, 0x000000070b600000, 0x000000070b800000|  0%| F|  |TAMS 0x000000070b600000, 0x000000070b600000| Untracked 
|  83|0x000000070b800000, 0x000000070b800000, 0x000000070ba00000|  0%| F|  |TAMS 0x000000070b800000, 0x000000070b800000| Untracked 
|  84|0x000000070ba00000, 0x000000070ba00000, 0x000000070bc00000|  0%| F|  |TAMS 0x000000070ba00000, 0x000000070ba00000| Untracked 
|  85|0x000000070bc00000, 0x000000070bc00000, 0x000000070be00000|  0%| F|  |TAMS 0x000000070bc00000, 0x000000070bc00000| Untracked 
|  86|0x000000070be00000, 0x000000070be00000, 0x000000070c000000|  0%| F|  |TAMS 0x000000070be00000, 0x000000070be00000| Untracked 
|  87|0x000000070c000000, 0x000000070c000000, 0x000000070c200000|  0%| F|  |TAMS 0x000000070c000000, 0x000000070c000000| Untracked 
|  88|0x000000070c200000, 0x000000070c200000, 0x000000070c400000|  0%| F|  |TAMS 0x000000070c200000, 0x000000070c200000| Untracked 
|  89|0x000000070c400000, 0x000000070c400000, 0x000000070c600000|  0%| F|  |TAMS 0x000000070c400000, 0x000000070c400000| Untracked 
|  90|0x000000070c600000, 0x000000070c600000, 0x000000070c800000|  0%| F|  |TAMS 0x000000070c600000, 0x000000070c600000| Untracked 
|  91|0x000000070c800000, 0x000000070c800000, 0x000000070ca00000|  0%| F|  |TAMS 0x000000070c800000, 0x000000070c800000| Untracked 
|  92|0x000000070ca00000, 0x000000070ca00000, 0x000000070cc00000|  0%| F|  |TAMS 0x000000070ca00000, 0x000000070ca00000| Untracked 
|  93|0x000000070cc00000, 0x000000070cc00000, 0x000000070ce00000|  0%| F|  |TAMS 0x000000070cc00000, 0x000000070cc00000| Untracked 
|  94|0x000000070ce00000, 0x000000070ce00000, 0x000000070d000000|  0%| F|  |TAMS 0x000000070ce00000, 0x000000070ce00000| Untracked 
|  95|0x000000070d000000, 0x000000070d000000, 0x000000070d200000|  0%| F|  |TAMS 0x000000070d000000, 0x000000070d000000| Untracked 
|  96|0x000000070d200000, 0x000000070d200000, 0x000000070d400000|  0%| F|  |TAMS 0x000000070d200000, 0x000000070d200000| Untracked 
|  97|0x000000070d400000, 0x000000070d400000, 0x000000070d600000|  0%| F|  |TAMS 0x000000070d400000, 0x000000070d400000| Untracked 
|  98|0x000000070d600000, 0x000000070d600000, 0x000000070d800000|  0%| F|  |TAMS 0x000000070d600000, 0x000000070d600000| Untracked 
|  99|0x000000070d800000, 0x000000070d800000, 0x000000070da00000|  0%| F|  |TAMS 0x000000070d800000, 0x000000070d800000| Untracked 
| 100|0x000000070da00000, 0x000000070da00000, 0x000000070dc00000|  0%| F|  |TAMS 0x000000070da00000, 0x000000070da00000| Untracked 
| 101|0x000000070dc00000, 0x000000070dc00000, 0x000000070de00000|  0%| F|  |TAMS 0x000000070dc00000, 0x000000070dc00000| Untracked 
| 102|0x000000070de00000, 0x000000070de00000, 0x000000070e000000|  0%| F|  |TAMS 0x000000070de00000, 0x000000070de00000| Untracked 
| 103|0x000000070e000000, 0x000000070e000000, 0x000000070e200000|  0%| F|  |TAMS 0x000000070e000000, 0x000000070e000000| Untracked 
| 104|0x000000070e200000, 0x000000070e200000, 0x000000070e400000|  0%| F|  |TAMS 0x000000070e200000, 0x000000070e200000| Untracked 
| 105|0x000000070e400000, 0x000000070e400000, 0x000000070e600000|  0%| F|  |TAMS 0x000000070e400000, 0x000000070e400000| Untracked 
| 106|0x000000070e600000, 0x000000070e600000, 0x000000070e800000|  0%| F|  |TAMS 0x000000070e600000, 0x000000070e600000| Untracked 
| 107|0x000000070e800000, 0x000000070e800000, 0x000000070ea00000|  0%| F|  |TAMS 0x000000070e800000, 0x000000070e800000| Untracked 
| 108|0x000000070ea00000, 0x000000070ea00000, 0x000000070ec00000|  0%| F|  |TAMS 0x000000070ea00000, 0x000000070ea00000| Untracked 
| 109|0x000000070ec00000, 0x000000070ec00000, 0x000000070ee00000|  0%| F|  |TAMS 0x000000070ec00000, 0x000000070ec00000| Untracked 
| 110|0x000000070ee00000, 0x000000070ee00000, 0x000000070f000000|  0%| F|  |TAMS 0x000000070ee00000, 0x000000070ee00000| Untracked 
| 111|0x000000070f000000, 0x000000070f000000, 0x000000070f200000|  0%| F|  |TAMS 0x000000070f000000, 0x000000070f000000| Untracked 
| 112|0x000000070f200000, 0x000000070f200000, 0x000000070f400000|  0%| F|  |TAMS 0x000000070f200000, 0x000000070f200000| Untracked 
| 113|0x000000070f400000, 0x000000070f400000, 0x000000070f600000|  0%| F|  |TAMS 0x000000070f400000, 0x000000070f400000| Untracked 
| 114|0x000000070f600000, 0x000000070f600000, 0x000000070f800000|  0%| F|  |TAMS 0x000000070f600000, 0x000000070f600000| Untracked 
| 115|0x000000070f800000, 0x000000070f800000, 0x000000070fa00000|  0%| F|  |TAMS 0x000000070f800000, 0x000000070f800000| Untracked 
| 116|0x000000070fa00000, 0x000000070fa00000, 0x000000070fc00000|  0%| F|  |TAMS 0x000000070fa00000, 0x000000070fa00000| Untracked 
| 117|0x000000070fc00000, 0x000000070fc00000, 0x000000070fe00000|  0%| F|  |TAMS 0x000000070fc00000, 0x000000070fc00000| Untracked 
| 118|0x000000070fe00000, 0x000000070fe00000, 0x0000000710000000|  0%| F|  |TAMS 0x000000070fe00000, 0x000000070fe00000| Untracked 
| 119|0x0000000710000000, 0x0000000710000000, 0x0000000710200000|  0%| F|  |TAMS 0x0000000710000000, 0x0000000710000000| Untracked 
| 120|0x0000000710200000, 0x000000071035de48, 0x0000000710400000| 68%| E|  |TAMS 0x0000000710200000, 0x0000000710200000| Complete 
| 121|0x0000000710400000, 0x0000000710600000, 0x0000000710600000|100%| E|CS|TAMS 0x0000000710400000, 0x0000000710400000| Complete 
| 122|0x0000000710600000, 0x0000000710800000, 0x0000000710800000|100%| E|  |TAMS 0x0000000710600000, 0x0000000710600000| Complete 
| 123|0x0000000710800000, 0x0000000710a00000, 0x0000000710a00000|100%| E|CS|TAMS 0x0000000710800000, 0x0000000710800000| Complete 
| 124|0x0000000710a00000, 0x0000000710c00000, 0x0000000710c00000|100%| E|CS|TAMS 0x0000000710a00000, 0x0000000710a00000| Complete 
| 125|0x0000000710c00000, 0x0000000710e00000, 0x0000000710e00000|100%| E|CS|TAMS 0x0000000710c00000, 0x0000000710c00000| Complete 
| 126|0x0000000710e00000, 0x0000000711000000, 0x0000000711000000|100%| E|CS|TAMS 0x0000000710e00000, 0x0000000710e00000| Complete 
| 127|0x0000000711000000, 0x0000000711200000, 0x0000000711200000|100%| E|CS|TAMS 0x0000000711000000, 0x0000000711000000| Complete 

Card table byte_map: [0x0000025e7d9f0000,0x0000025e7e1f0000] _byte_map_base: 0x0000025e7a1e7000

Marking Bits (Prev, Next): (CMBitMap*) 0x0000025e7cc3be90, (CMBitMap*) 0x0000025e7cc3bed0
 Prev Bits: [0x0000025e12420000, 0x0000025e163d8000)
 Next Bits: [0x0000025e163e0000, 0x0000025e1a398000)

Polling page: 0x0000025e7abd0000

Metaspace:

Usage:
  Non-class:      7.79 MB used.
      Class:    786.16 KB used.
       Both:      8.56 MB used.

Virtual space:
  Non-class space:       64.00 MB reserved,       7.81 MB ( 12%) committed,  1 nodes.
      Class space:        1.00 GB reserved,     896.00 KB ( <1%) committed,  1 nodes.
             Both:        1.06 GB reserved,       8.69 MB ( <1%) committed. 

Chunk freelists:
   Non-Class:  8.17 MB
       Class:  15.16 MB
        Both:  23.33 MB

MaxMetaspaceSize: unlimited
CompressedClassSpaceSize: 1.00 GB
Initial GC threshold: 21.00 MB
Current GC threshold: 21.00 MB
CDS: off
MetaspaceReclaimPolicy: balanced
 - commit_granule_bytes: 65536.
 - commit_granule_words: 8192.
 - virtual_space_node_default_size: 8388608.
 - enlarge_chunks_in_place: 1.
 - new_chunks_are_fully_committed: 0.
 - uncommit_free_chunks: 1.
 - use_allocation_guard: 0.
 - handle_deallocations: 1.


Internal statistics:

num_allocs_failed_limit: 0.
num_arena_births: 14.
num_arena_deaths: 0.
num_vsnodes_births: 2.
num_vsnodes_deaths: 0.
num_space_committed: 139.
num_space_uncommitted: 0.
num_chunks_returned_to_freelist: 0.
num_chunks_taken_from_freelist: 63.
num_chunk_merges: 0.
num_chunk_splits: 33.
num_chunks_enlarged: 28.
num_inconsistent_stats: 0.

CodeHeap 'non-profiled nmethods': size=120000Kb used=199Kb max_used=199Kb free=119800Kb
 bounds [0x0000025e0aef0000, 0x0000025e0b160000, 0x0000025e12420000]
CodeHeap 'profiled nmethods': size=120000Kb used=1029Kb max_used=1029Kb free=118970Kb
 bounds [0x0000025e03420000, 0x0000025e03690000, 0x0000025e0a950000]
CodeHeap 'non-nmethods': size=5760Kb used=1126Kb max_used=1141Kb free=4633Kb
 bounds [0x0000025e0a950000, 0x0000025e0abc0000, 0x0000025e0aef0000]
 total_blobs=1034 nmethods=625 adapters=322
 compilation: enabled
              stopped_count=0, restarted_count=0
 full_count=0

Compilation events (20 events):
Event: 0.412 Thread 0x0000025e1c44bb70  607       3       java.nio.file.attribute.FileTime::from (18 bytes)
Event: 0.413 Thread 0x0000025e1c44bb70 nmethod 607 0x0000025e03516890 code [0x0000025e03516a60, 0x0000025e03516e48]
Event: 0.413 Thread 0x0000025e210a1450  608       4       java.util.HashMap::putVal (300 bytes)
Event: 0.414 Thread 0x0000025e1c44bb70  609   !   3       java.security.AccessController::doPrivileged (26 bytes)
Event: 0.415 Thread 0x0000025e1c44bb70 nmethod 609 0x0000025e03517010 code [0x0000025e03517220, 0x0000025e03517708]
Event: 0.415 Thread 0x0000025e1c44bb70  610       3       java.lang.Runtime$Version::feature (17 bytes)
Event: 0.415 Thread 0x0000025e1c44bb70 nmethod 610 0x0000025e03517990 code [0x0000025e03517b40, 0x0000025e03517e48]
Event: 0.415 Thread 0x0000025e21094da0  611       4       java.nio.DirectLongBufferU::ix (10 bytes)
Event: 0.415 Thread 0x0000025e1c44bb70  612       1       sun.nio.fs.WindowsFileSystem::provider (5 bytes)
Event: 0.415 Thread 0x0000025e21094da0 nmethod 611 0x0000025e0af21110 code [0x0000025e0af21280, 0x0000025e0af212f8]
Event: 0.415 Thread 0x0000025e1c44bb70 nmethod 612 0x0000025e0af21410 code [0x0000025e0af215a0, 0x0000025e0af21678]
Event: 0.415 Thread 0x0000025e1c44bb70  613       3       sun.nio.fs.NativeBuffers::getNativeBufferFromCache (51 bytes)
Event: 0.416 Thread 0x0000025e21094da0  616       4       java.lang.StringLatin1::replace (198 bytes)
Event: 0.416 Thread 0x0000025e1c44bb70 nmethod 613 0x0000025e03517f90 code [0x0000025e03518180, 0x0000025e035187e8]
Event: 0.416 Thread 0x0000025e1c44bb70  615       3       jdk.internal.misc.Unsafe::getLong (7 bytes)
Event: 0.416 Thread 0x0000025e1c44bb70 nmethod 615 0x0000025e03518a10 code [0x0000025e03518ba0, 0x0000025e03518cb8]
Event: 0.416 Thread 0x0000025e1c44bb70  614       3       jdk.internal.misc.Unsafe::checkPrimitivePointer (19 bytes)
Event: 0.416 Thread 0x0000025e1c44bb70 nmethod 614 0x0000025e03518d90 code [0x0000025e03518fa0, 0x0000025e035195c8]
Event: 0.416 Thread 0x0000025e1c44bb70  617       1       sun.nio.fs.NativeBuffer::owner (5 bytes)
Event: 0.416 Thread 0x0000025e1c44bb70 nmethod 617 0x0000025e0af21710 code [0x0000025e0af218a0, 0x0000025e0af21978]

GC Heap History (0 events):
No events

Dll operation events (2 events):
Event: 0.005 Loaded shared library C:\Program Files\Android\Android Studio\jbr\bin\java.dll
Event: 0.093 Loaded shared library C:\Program Files\Android\Android Studio\jbr\bin\verify.dll

Deoptimization events (20 events):
Event: 0.371 Thread 0x0000025e7a9deaa0 DEOPT PACKING pc=0x0000025e0af0fb14 sp=0x000000f7789f8d50
Event: 0.371 Thread 0x0000025e7a9deaa0 DEOPT UNPACKING pc=0x0000025e0a9a69a3 sp=0x000000f7789f8cf8 mode 2
Event: 0.376 Thread 0x0000025e7a9deaa0 Uncommon trap: trap_request=0xffffffde fr.pc=0x0000025e0af15ab8 relative=0x0000000000000e38
Event: 0.376 Thread 0x0000025e7a9deaa0 Uncommon trap: reason=class_check action=maybe_recompile pc=0x0000025e0af15ab8 method=java.util.HashMap.putVal(ILjava/lang/Object;Ljava/lang/Object;ZZ)Ljava/lang/Object; @ 91 c2
Event: 0.376 Thread 0x0000025e7a9deaa0 DEOPT PACKING pc=0x0000025e0af15ab8 sp=0x000000f7789f9660
Event: 0.376 Thread 0x0000025e7a9deaa0 DEOPT UNPACKING pc=0x0000025e0a9a69a3 sp=0x000000f7789f95f0 mode 2
Event: 0.387 Thread 0x0000025e7a9deaa0 Uncommon trap: trap_request=0xffffffde fr.pc=0x0000025e0af15ab8 relative=0x0000000000000e38
Event: 0.387 Thread 0x0000025e7a9deaa0 Uncommon trap: reason=class_check action=maybe_recompile pc=0x0000025e0af15ab8 method=java.util.HashMap.putVal(ILjava/lang/Object;Ljava/lang/Object;ZZ)Ljava/lang/Object; @ 91 c2
Event: 0.387 Thread 0x0000025e7a9deaa0 DEOPT PACKING pc=0x0000025e0af15ab8 sp=0x000000f7789f9660
Event: 0.387 Thread 0x0000025e7a9deaa0 DEOPT UNPACKING pc=0x0000025e0a9a69a3 sp=0x000000f7789f95f0 mode 2
Event: 0.388 Thread 0x0000025e7a9deaa0 Uncommon trap: trap_request=0xffffffde fr.pc=0x0000025e0af15ab8 relative=0x0000000000000e38
Event: 0.388 Thread 0x0000025e7a9deaa0 Uncommon trap: reason=class_check action=maybe_recompile pc=0x0000025e0af15ab8 method=java.util.HashMap.putVal(ILjava/lang/Object;Ljava/lang/Object;ZZ)Ljava/lang/Object; @ 91 c2
Event: 0.388 Thread 0x0000025e7a9deaa0 DEOPT PACKING pc=0x0000025e0af15ab8 sp=0x000000f7789f9660
Event: 0.388 Thread 0x0000025e7a9deaa0 DEOPT UNPACKING pc=0x0000025e0a9a69a3 sp=0x000000f7789f95f0 mode 2
Event: 0.411 Thread 0x0000025e7a9deaa0 Uncommon trap: trap_request=0xffffffde fr.pc=0x0000025e0af15ab8 relative=0x0000000000000e38
Event: 0.411 Thread 0x0000025e7a9deaa0 Uncommon trap: reason=class_check action=maybe_recompile pc=0x0000025e0af15ab8 method=java.util.HashMap.putVal(ILjava/lang/Object;Ljava/lang/Object;ZZ)Ljava/lang/Object; @ 91 c2
Event: 0.411 Thread 0x0000025e7a9deaa0 DEOPT PACKING pc=0x0000025e0af15ab8 sp=0x000000f7789fbb70
Event: 0.411 Thread 0x0000025e7a9deaa0 DEOPT UNPACKING pc=0x0000025e0a9a69a3 sp=0x000000f7789fbb00 mode 2
Event: 0.416 Thread 0x0000025e7a9deaa0 DEOPT PACKING pc=0x0000025e0345ef50 sp=0x000000f7789fb590
Event: 0.416 Thread 0x0000025e7a9deaa0 DEOPT UNPACKING pc=0x0000025e0a9a7143 sp=0x000000f7789faa50 mode 0

Classes unloaded (0 events):
No events

Classes redefined (0 events):
No events

Internal exceptions (1 events):
Event: 0.189 Thread 0x0000025e7a9deaa0 Exception <a 'java/lang/NoSuchMethodError'{0x0000000710f80b48}: 'int java.lang.invoke.DirectMethodHandle$Holder.invokeStaticInit(java.lang.Object, java.lang.Object)'> (0x0000000710f80b48) 
thrown [s\src\hotspot\share\interpreter\linkResolver.cpp, line 771]

VM Operations (2 events):
Event: 0.090 Executing VM operation: HandshakeAllThreads
Event: 0.090 Executing VM operation: HandshakeAllThreads done

Events (20 events):
Event: 0.405 loading class java/util/concurrent/locks/AbstractQueuedSynchronizer$ConditionObject
Event: 0.405 loading class java/util/concurrent/locks/Condition
Event: 0.405 loading class java/util/concurrent/locks/Condition done
Event: 0.405 loading class java/util/concurrent/locks/AbstractQueuedSynchronizer$ConditionObject done
Event: 0.405 loading class java/util/concurrent/LinkedBlockingQueue$Node
Event: 0.405 loading class java/util/concurrent/LinkedBlockingQueue$Node done
Event: 0.406 loading class java/lang/SecurityException
Event: 0.406 loading class java/lang/SecurityException done
Event: 0.406 loading class java/util/Collections$EmptyEnumeration
Event: 0.406 loading class java/util/Collections$EmptyEnumeration done
Event: 0.406 loading class jdk/internal/loader/BuiltinClassLoader$1
Event: 0.406 loading class jdk/internal/loader/BuiltinClassLoader$1 done
Event: 0.407 loading class java/lang/CompoundEnumeration
Event: 0.407 loading class java/lang/CompoundEnumeration done
Event: 0.407 loading class jdk/internal/loader/URLClassPath$1
Event: 0.407 loading class jdk/internal/loader/URLClassPath$1 done
Event: 0.407 loading class java/net/URLClassLoader$3
Event: 0.407 loading class java/net/URLClassLoader$3 done
Event: 0.407 loading class java/net/URLClassLoader$3$1
Event: 0.407 loading class java/net/URLClassLoader$3$1 done


Dynamic libraries:
0x00007ff679b70000 - 0x00007ff679b7a000 	C:\Program Files\Android\Android Studio\jbr\bin\java.exe
0x00007ffe1f1b0000 - 0x00007ffe1f3a8000 	C:\WINDOWS\SYSTEM32\ntdll.dll
0x00007ffe1d440000 - 0x00007ffe1d501000 	C:\WINDOWS\System32\KERNEL32.DLL
0x00007ffe1ceb0000 - 0x00007ffe1d1ad000 	C:\WINDOWS\System32\KERNELBASE.dll
0x00007ffe1cac0000 - 0x00007ffe1cbc0000 	C:\WINDOWS\System32\ucrtbase.dll
0x00007ffe19d60000 - 0x00007ffe19d77000 	C:\Program Files\Android\Android Studio\jbr\bin\jli.dll
0x00007ffde3c70000 - 0x00007ffde3c8b000 	C:\Program Files\Android\Android Studio\jbr\bin\VCRUNTIME140.dll
0x00007ffe1d2a0000 - 0x00007ffe1d43d000 	C:\WINDOWS\System32\USER32.dll
0x00007ffe1d1b0000 - 0x00007ffe1d1d2000 	C:\WINDOWS\System32\win32u.dll
0x00007ffe083c0000 - 0x00007ffe0865a000 	C:\WINDOWS\WinSxS\amd64_microsoft.windows.common-controls_6595b64144ccf1df_6.0.19041.4355_none_60b8b9eb71f62e16\COMCTL32.dll
0x00007ffe1db60000 - 0x00007ffe1db8b000 	C:\WINDOWS\System32\GDI32.dll
0x00007ffe1d720000 - 0x00007ffe1d7be000 	C:\WINDOWS\System32\msvcrt.dll
0x00007ffe1c860000 - 0x00007ffe1c977000 	C:\WINDOWS\System32\gdi32full.dll
0x00007ffe1c9b0000 - 0x00007ffe1ca4d000 	C:\WINDOWS\System32\msvcp_win.dll
0x00007ffe1ee50000 - 0x00007ffe1ee7f000 	C:\WINDOWS\System32\IMM32.DLL
0x00007ffe197d0000 - 0x00007ffe197dc000 	C:\Program Files\Android\Android Studio\jbr\bin\vcruntime140_1.dll
0x00007ffdbf090000 - 0x00007ffdbf11d000 	C:\Program Files\Android\Android Studio\jbr\bin\msvcp140.dll
0x00007ffdba850000 - 0x00007ffdbb4d3000 	C:\Program Files\Android\Android Studio\jbr\bin\server\jvm.dll
0x00007ffe1d600000 - 0x00007ffe1d6b0000 	C:\WINDOWS\System32\ADVAPI32.dll
0x00007ffe1d1e0000 - 0x00007ffe1d280000 	C:\WINDOWS\System32\sechost.dll
0x00007ffe1d850000 - 0x00007ffe1d973000 	C:\WINDOWS\System32\RPCRT4.dll
0x00007ffe1c980000 - 0x00007ffe1c9a7000 	C:\WINDOWS\System32\bcrypt.dll
0x00007ffdfdf40000 - 0x00007ffdfdf49000 	C:\WINDOWS\SYSTEM32\WSOCK32.dll
0x00007ffe12de0000 - 0x00007ffe12e07000 	C:\WINDOWS\SYSTEM32\WINMM.dll
0x00007ffe1c2b0000 - 0x00007ffe1c2fb000 	C:\WINDOWS\SYSTEM32\POWRPROF.dll
0x00007ffe1ef00000 - 0x00007ffe1ef6b000 	C:\WINDOWS\System32\WS2_32.dll
0x00007ffe16470000 - 0x00007ffe1647a000 	C:\WINDOWS\SYSTEM32\VERSION.dll
0x00007ffe1c250000 - 0x00007ffe1c262000 	C:\WINDOWS\SYSTEM32\UMPDC.dll
0x00007ffe1a700000 - 0x00007ffe1a712000 	C:\WINDOWS\SYSTEM32\kernel.appcore.dll
0x00007ffde3c60000 - 0x00007ffde3c6a000 	C:\Program Files\Android\Android Studio\jbr\bin\jimage.dll
0x00007ffe17090000 - 0x00007ffe17274000 	C:\WINDOWS\SYSTEM32\DBGHELP.DLL
0x00007ffe0c980000 - 0x00007ffe0c9b4000 	C:\WINDOWS\SYSTEM32\dbgcore.DLL
0x00007ffe1ce20000 - 0x00007ffe1cea2000 	C:\WINDOWS\System32\bcryptPrimitives.dll
0x00007ffde3c30000 - 0x00007ffde3c55000 	C:\Program Files\Android\Android Studio\jbr\bin\java.dll
0x00007ffde3c10000 - 0x00007ffde3c28000 	C:\Program Files\Android\Android Studio\jbr\bin\zip.dll
0x00007ffe1db90000 - 0x00007ffe1e2ff000 	C:\WINDOWS\System32\SHELL32.dll
0x00007ffe1a900000 - 0x00007ffe1b0a3000 	C:\WINDOWS\SYSTEM32\windows.storage.dll
0x00007ffe1eaf0000 - 0x00007ffe1ee43000 	C:\WINDOWS\System32\combase.dll
0x00007ffe1c220000 - 0x00007ffe1c24e000 	C:\WINDOWS\SYSTEM32\Wldp.dll
0x00007ffe1ef70000 - 0x00007ffe1f03d000 	C:\WINDOWS\System32\OLEAUT32.dll
0x00007ffe1d980000 - 0x00007ffe1da2d000 	C:\WINDOWS\System32\SHCORE.dll
0x00007ffe1ea90000 - 0x00007ffe1eae5000 	C:\WINDOWS\System32\shlwapi.dll
0x00007ffe1c790000 - 0x00007ffe1c7b4000 	C:\WINDOWS\SYSTEM32\profapi.dll
0x00007ffdbf070000 - 0x00007ffdbf089000 	C:\Program Files\Android\Android Studio\jbr\bin\net.dll
0x00007ffe16140000 - 0x00007ffe1624d000 	C:\WINDOWS\SYSTEM32\WINHTTP.dll
0x00007ffe1bf20000 - 0x00007ffe1bf8a000 	C:\WINDOWS\system32\mswsock.dll
0x00007ffdbf050000 - 0x00007ffdbf066000 	C:\Program Files\Android\Android Studio\jbr\bin\nio.dll
0x00007ffde3bc0000 - 0x00007ffde3bd0000 	C:\Program Files\Android\Android Studio\jbr\bin\verify.dll

dbghelp: loaded successfully - version: 4.0.5 - missing functions: none
symbol engine: initialized successfully - sym options: 0x614 - pdb path: .;C:\Program Files\Android\Android Studio\jbr\bin;C:\WINDOWS\SYSTEM32;C:\WINDOWS\WinSxS\amd64_microsoft.windows.common-controls_6595b64144ccf1df_6.0.19041.4355_none_60b8b9eb71f62e16;C:\Program Files\Android\Android Studio\jbr\bin\server

VM Arguments:
jvm_args: -Dorg.gradle.appname=gradlew 
java_command: org.gradle.wrapper.GradleWrapperMain -q -Ptarget-platform=android-x64 -Ptarget=D:\DOCUMENTOS\PROJETO_FLUTTER\dmega\lib\main.dart -Pbase-application-name=android.app.Application -Pdart-obfuscation=false -Ptrack-widget-creation=true -Ptree-shake-icons=false -Pfilesystem-scheme=org-dartlang-root assembleDebug
java_class_path (initial): D:\DOCUMENTOS\PROJETO_FLUTTER\dmega\android\\gradle\wrapper\gradle-wrapper.jar
Launcher Type: SUN_STANDARD

[Global flags]
     intx CICompilerCount                          = 4                                         {product} {ergonomic}
     uint ConcGCThreads                            = 3                                         {product} {ergonomic}
     uint G1ConcRefinementThreads                  = 10                                        {product} {ergonomic}
   size_t G1HeapRegionSize                         = 2097152                                   {product} {ergonomic}
    uintx GCDrainStackTargetSize                   = 64                                        {product} {ergonomic}
   size_t InitialHeapSize                          = 268435456                                 {product} {ergonomic}
   size_t MarkStackSize                            = 4194304                                   {product} {ergonomic}
   size_t MaxHeapSize                              = 4276092928                                {product} {ergonomic}
   size_t MaxNewSize                               = 2564816896                                {product} {ergonomic}
   size_t MinHeapDeltaBytes                        = 2097152                                   {product} {ergonomic}
   size_t MinHeapSize                              = 8388608                                   {product} {ergonomic}
    uintx NonNMethodCodeHeapSize                   = 5839372                                {pd product} {ergonomic}
    uintx NonProfiledCodeHeapSize                  = 122909434                              {pd product} {ergonomic}
    uintx ProfiledCodeHeapSize                     = 122909434                              {pd product} {ergonomic}
    uintx ReservedCodeCacheSize                    = 251658240                              {pd product} {ergonomic}
     bool SegmentedCodeCache                       = true                                      {product} {ergonomic}
   size_t SoftMaxHeapSize                          = 4276092928                             {manageable} {ergonomic}
     bool UseCompressedClassPointers               = true                           {product lp64_product} {ergonomic}
     bool UseCompressedOops                        = true                           {product lp64_product} {ergonomic}
     bool UseG1GC                                  = true                                      {product} {ergonomic}
     bool UseLargePagesIndividualAllocation        = false                                  {pd product} {ergonomic}

Logging:
Log output configuration:
 #0: stdout all=warning uptime,level,tags
 #1: stderr all=off uptime,level,tags

Environment Variables:
JAVA_HOME=C:\Program Files\Android\Android Studio\jbr
CLASSPATH=D:\DOCUMENTOS\PROJETO_FLUTTER\dmega\android\\gradle\wrapper\gradle-wrapper.jar
PATH=C:\Program Files\Android\Android Studio\jbr\bin;C:\WINDOWS\system32;C:\WINDOWS;C:\WINDOWS\System32\Wbem;C:\WINDOWS\System32\WindowsPowerShell\v1.0\;C:\WINDOWS\System32\OpenSSH\;C:\Program Files\Git\cmd;C:\Users\DAVID\AppData\Local\Microsoft\WindowsApps;C:\Users\DAVID\AppData\Local\Programs\Microsoft VS Code\bin;C:\src\flutter\bin;;C:\src\flutter\bin\mingit\cmd;C:\src\flutter\bin\mingit\cmd
USERNAME=DAVID
OS=Windows_NT
PROCESSOR_IDENTIFIER=AMD64 Family 23 Model 8 Stepping 2, AuthenticAMD
TMP=C:\Users\DAVID\AppData\Local\Temp
TEMP=C:\Users\DAVID\AppData\Local\Temp



Periodic native trim disabled

JNI global refs:
JNI global refs: 8, weak refs: 0

JNI global refs memory usage: 843, weak refs: 841

Process memory usage:
Resident Set Size: 60260K (0% of 16699980K total physical memory with 3828720K free physical memory)

OOME stack traces (most recent first):
Classloader memory used:
